# Logfile created on 2026-09-25 16:48:16 +0200 by logger.rb/v1.5.3
2026-09-25 16:48:16 +0200: Memory Usage (456656K) : Starting running SG13G2 Klayout LVS runset on /foss/designs/unicasss-tools/SG13G2_2.4GHz_LC_VCO_FPLL/gds/blocks/LOOP_FILTER.gds
2026-09-25 16:48:16 +0200: Memory Usage (456656K) : Ruby Version for klayout: 3.2.3
2026-09-25 16:48:16 +0200: Memory Usage (457424K) : Loading database to memory is complete.
2026-09-25 16:48:16 +0200: Memory Usage (457424K) : SG13G2 Klayout LVS runset output at: /foss/designs/unicasss-tools/SG13G2_2.4GHz_LC_VCO_FPLL/lvs/lvs_run_LOOP_FILTER/LOOP_FILTER.lvsdb
2026-09-25 16:48:16 +0200: Memory Usage (457424K) : Evaluate switches.
2026-09-25 16:48:16 +0200: Memory Usage (457424K) : Extracted netlist with net names: true
2026-09-25 16:48:16 +0200: Memory Usage (457424K) : Extracted netlist with comments in details: false
2026-09-25 16:48:16 +0200: Memory Usage (457424K) : Selected NET_ONLY option: false
2026-09-25 16:48:16 +0200: Memory Usage (457424K) : Selected LAYOUT_NETLIST option: (none)
2026-09-25 16:48:16 +0200: Memory Usage (457424K) : Selected IGNORE_TOP_PORTS_MISMATCH option: 
2026-09-25 16:48:16 +0200: Memory Usage (457424K) : Selected IMPLICIT_NETS option: (none)
2026-09-25 16:48:16 +0200: Memory Usage (457424K) : Selected TOP_LVL_PINS option: false
2026-09-25 16:48:16 +0200: Memory Usage (457424K) : Selected COMBINE DEVICES option: false
2026-09-25 16:48:16 +0200: Memory Usage (457424K) : Selected PURGE option: false
2026-09-25 16:48:16 +0200: Memory Usage (457424K) : Selected PURGE_NETS option: false
2026-09-25 16:48:16 +0200: Memory Usage (457424K) : Selected SIMPLIFY option: true
2026-09-25 16:48:16 +0200: Memory Usage (457424K) : Selected SERIES_RES option: true
2026-09-25 16:48:16 +0200: Memory Usage (457424K) : Selected PARALLEL_RES option: true
2026-09-25 16:48:16 +0200: Memory Usage (457424K) : Selected DISABLE_TAP_EXTRACTION option: false
2026-09-25 16:48:16 +0200: Memory Usage (457424K) : deep  mode is enabled.
2026-09-25 16:48:16 +0200: Memory Usage (458832K) : Netlist file: /foss/designs/unicasss-tools/SG13G2_2.4GHz_LC_VCO_FPLL/spice/LOOP_FILTER.spice
2026-09-25 16:48:16 +0200: Memory Usage (458832K) : LVS extracted netlist at: /foss/designs/unicasss-tools/SG13G2_2.4GHz_LC_VCO_FPLL/lvs/lvs_run_LOOP_FILTER/LOOP_FILTER_extracted.cir
2026-09-25 16:48:16 +0200: Memory Usage (458832K) : Applying SRAM integration support.
2026-09-25 16:48:16 +0200: Memory Usage (458832K) : Starting SG13G2 LVS runset
2026-09-25 16:48:16 +0200: Memory Usage (458832K) : Read in polygons from layers.
2026-09-25 16:48:16 +0200: Memory Usage (460112K) : activ_drw has 15 polygons
2026-09-25 16:48:16 +0200: Memory Usage (460112K) : activ_filler has 0 polygons
2026-09-25 16:48:16 +0200: Memory Usage (460112K) : activ has 15 polygons
2026-09-25 16:48:16 +0200: Memory Usage (460112K) : activ_pin has 0 polygons
2026-09-25 16:48:16 +0200: Memory Usage (460112K) : activ_mask has 0 polygons
2026-09-25 16:48:16 +0200: Memory Usage (460112K) : activ_nofill has 0 polygons
2026-09-25 16:48:16 +0200: Memory Usage (460112K) : activ_OPC has 0 polygons
2026-09-25 16:48:16 +0200: Memory Usage (460112K) : activ_iOPC has 0 polygons
2026-09-25 16:48:16 +0200: Memory Usage (460112K) : activ_noqrc has 0 polygons
2026-09-25 16:48:16 +0200: Memory Usage (460112K) : biwind_drw has 0 polygons
2026-09-25 16:48:16 +0200: Memory Usage (460112K) : biwind_OPC has 0 polygons
2026-09-25 16:48:16 +0200: Memory Usage (460112K) : gatpoly_drw has 80 polygons
2026-09-25 16:48:16 +0200: Memory Usage (460240K) : gatpoly_filler has 0 polygons
2026-09-25 16:48:16 +0200: Memory Usage (460240K) : gatpoly has 80 polygons
2026-09-25 16:48:16 +0200: Memory Usage (460368K) : gatpoly_pin has 0 polygons
2026-09-25 16:48:16 +0200: Memory Usage (460368K) : gatpoly_nofill has 0 polygons
2026-09-25 16:48:16 +0200: Memory Usage (460496K) : gatpoly_OPC has 0 polygons
2026-09-25 16:48:16 +0200: Memory Usage (460496K) : gatpoly_iOPC has 0 polygons
2026-09-25 16:48:16 +0200: Memory Usage (461008K) : gatpoly_noqrc has 0 polygons
2026-09-25 16:48:16 +0200: Memory Usage (461008K) : cont_drw has 953 polygons
2026-09-25 16:48:16 +0200: Memory Usage (461008K) : cont_OPC has 0 polygons
2026-09-25 16:48:16 +0200: Memory Usage (461136K) : nsd_drw has 0 polygons
2026-09-25 16:48:16 +0200: Memory Usage (461136K) : nsd_block has 0 polygons
2026-09-25 16:48:16 +0200: Memory Usage (461136K) : metal1_drw has 147 polygons
2026-09-25 16:48:16 +0200: Memory Usage (461136K) : metal1_filler has 0 polygons
2026-09-25 16:48:16 +0200: Memory Usage (461136K) : metal1_slit has 0 polygons
2026-09-25 16:48:16 +0200: Memory Usage (461392K) : metal1 has 147 polygons
2026-09-25 16:48:16 +0200: Memory Usage (461392K) : metal1_pin has 40 polygons
2026-09-25 16:48:16 +0200: Memory Usage (461520K) : metal1_mask has 0 polygons
2026-09-25 16:48:16 +0200: Memory Usage (461648K) : metal1_nofill has 0 polygons
2026-09-25 16:48:16 +0200: Memory Usage (461776K) : metal1_text has 1 polygons
2026-09-25 16:48:16 +0200: Memory Usage (461904K) : metal1_OPC has 0 polygons
2026-09-25 16:48:16 +0200: Memory Usage (461904K) : metal1_noqrc has 0 polygons
2026-09-25 16:48:16 +0200: Memory Usage (462032K) : metal1_res has 0 polygons
2026-09-25 16:48:16 +0200: Memory Usage (462032K) : metal1_iprobe has 0 polygons
2026-09-25 16:48:16 +0200: Memory Usage (462160K) : metal1_diffprb has 0 polygons
2026-09-25 16:48:16 +0200: Memory Usage (462160K) : passiv_drw has 0 polygons
2026-09-25 16:48:16 +0200: Memory Usage (462160K) : passiv_pin has 0 polygons
2026-09-25 16:48:16 +0200: Memory Usage (462288K) : passiv_sbump has 0 polygons
2026-09-25 16:48:16 +0200: Memory Usage (462288K) : passiv_pillar has 0 polygons
2026-09-25 16:48:16 +0200: Memory Usage (462416K) : passiv_pdl has 0 polygons
2026-09-25 16:48:16 +0200: Memory Usage (462416K) : metal2_drw has 16 polygons
2026-09-25 16:48:16 +0200: Memory Usage (462416K) : metal2_filler has 0 polygons
2026-09-25 16:48:16 +0200: Memory Usage (462544K) : metal2_slit has 0 polygons
2026-09-25 16:48:16 +0200: Memory Usage (462672K) : metal2 has 16 polygons
2026-09-25 16:48:16 +0200: Memory Usage (462800K) : metal2_pin has 1 polygons
2026-09-25 16:48:16 +0200: Memory Usage (462800K) : metal2_mask has 0 polygons
2026-09-25 16:48:16 +0200: Memory Usage (462928K) : metal2_nofill has 0 polygons
2026-09-25 16:48:16 +0200: Memory Usage (462928K) : metal2_text has 1 polygons
2026-09-25 16:48:16 +0200: Memory Usage (463056K) : metal2_OPC has 0 polygons
2026-09-25 16:48:16 +0200: Memory Usage (463056K) : metal2_noqrc has 0 polygons
2026-09-25 16:48:16 +0200: Memory Usage (463184K) : metal2_res has 0 polygons
2026-09-25 16:48:16 +0200: Memory Usage (463312K) : metal2_iprobe has 0 polygons
2026-09-25 16:48:16 +0200: Memory Usage (463312K) : metal2_diffprb has 0 polygons
2026-09-25 16:48:16 +0200: Memory Usage (463440K) : baspoly_drw has 0 polygons
2026-09-25 16:48:16 +0200: Memory Usage (463440K) : baspoly_pin has 0 polygons
2026-09-25 16:48:16 +0200: Memory Usage (463568K) : psd_drw has 75 polygons
2026-09-25 16:48:16 +0200: Memory Usage (463568K) : nldb_drw has 0 polygons
2026-09-25 16:48:16 +0200: Memory Usage (463696K) : digibnd_drw has 0 polygons
2026-09-25 16:48:16 +0200: Memory Usage (463824K) : via1_drw has 6360 polygons
2026-09-25 16:48:16 +0200: Memory Usage (463952K) : backmetal1_drw has 0 polygons
2026-09-25 16:48:16 +0200: Memory Usage (464080K) : backmetal1_pin has 0 polygons
2026-09-25 16:48:16 +0200: Memory Usage (464080K) : backmetal1_mask has 0 polygons
2026-09-25 16:48:16 +0200: Memory Usage (464208K) : backmetal1_filler has 0 polygons
2026-09-25 16:48:16 +0200: Memory Usage (464208K) : backmetal1_nofill has 0 polygons
2026-09-25 16:48:16 +0200: Memory Usage (464336K) : backmetal1_slit has 0 polygons
2026-09-25 16:48:16 +0200: Memory Usage (464336K) : backmetal1_text has 0 polygons
2026-09-25 16:48:16 +0200: Memory Usage (464336K) : backmetal1_OPC has 0 polygons
2026-09-25 16:48:16 +0200: Memory Usage (464336K) : backmetal1_noqrc has 0 polygons
2026-09-25 16:48:16 +0200: Memory Usage (464336K) : backmetal1_res has 0 polygons
2026-09-25 16:48:17 +0200: Memory Usage (464464K) : backmetal1_iprobe has 0 polygons
2026-09-25 16:48:17 +0200: Memory Usage (464464K) : backmetal1_diffprb has 0 polygons
2026-09-25 16:48:17 +0200: Memory Usage (464464K) : backpassiv_drw has 0 polygons
2026-09-25 16:48:17 +0200: Memory Usage (464592K) : res_drw has 0 polygons
2026-09-25 16:48:17 +0200: Memory Usage (464592K) : sram_drw has 0 polygons
2026-09-25 16:48:17 +0200: Memory Usage (464720K) : trans_drw has 0 polygons
2026-09-25 16:48:17 +0200: Memory Usage (464720K) : ind_drw has 0 polygons
2026-09-25 16:48:17 +0200: Memory Usage (464720K) : ind_pin has 0 polygons
2026-09-25 16:48:17 +0200: Memory Usage (464848K) : ind_text has 0 polygons
2026-09-25 16:48:17 +0200: Memory Usage (464976K) : salblock_drw has 20 polygons
2026-09-25 16:48:17 +0200: Memory Usage (464976K) : via2_drw has 6360 polygons
2026-09-25 16:48:17 +0200: Memory Usage (465232K) : metal3_drw has 17 polygons
2026-09-25 16:48:17 +0200: Memory Usage (465232K) : metal3_filler has 0 polygons
2026-09-25 16:48:17 +0200: Memory Usage (465360K) : metal3_slit has 0 polygons
2026-09-25 16:48:17 +0200: Memory Usage (465488K) : metal3 has 17 polygons
2026-09-25 16:48:17 +0200: Memory Usage (465488K) : metal3_pin has 1 polygons
2026-09-25 16:48:17 +0200: Memory Usage (465616K) : metal3_mask has 0 polygons
2026-09-25 16:48:17 +0200: Memory Usage (465616K) : metal3_nofill has 0 polygons
2026-09-25 16:48:17 +0200: Memory Usage (465744K) : metal3_text has 1 polygons
2026-09-25 16:48:17 +0200: Memory Usage (465744K) : metal3_OPC has 0 polygons
2026-09-25 16:48:17 +0200: Memory Usage (465872K) : metal3_noqrc has 0 polygons
2026-09-25 16:48:17 +0200: Memory Usage (465872K) : metal3_res has 0 polygons
2026-09-25 16:48:17 +0200: Memory Usage (466000K) : metal3_iprobe has 0 polygons
2026-09-25 16:48:17 +0200: Memory Usage (466000K) : metal3_diffprb has 0 polygons
2026-09-25 16:48:17 +0200: Memory Usage (466128K) : nwell_drw has 0 polygons
2026-09-25 16:48:17 +0200: Memory Usage (466128K) : nwell_pin has 0 polygons
2026-09-25 16:48:17 +0200: Memory Usage (466256K) : nwell_text has 0 polygons
2026-09-25 16:48:17 +0200: Memory Usage (466256K) : nbulay_drw has 0 polygons
2026-09-25 16:48:17 +0200: Memory Usage (466384K) : nbulay_pin has 0 polygons
2026-09-25 16:48:17 +0200: Memory Usage (466512K) : nbulay_block has 0 polygons
2026-09-25 16:48:17 +0200: Memory Usage (466512K) : emwind_drw has 0 polygons
2026-09-25 16:48:17 +0200: Memory Usage (466640K) : emwind_OPC has 0 polygons
2026-09-25 16:48:17 +0200: Memory Usage (466640K) : deepco_drw has 0 polygons
2026-09-25 16:48:17 +0200: Memory Usage (466640K) : mim_drw has 20 polygons
2026-09-25 16:48:17 +0200: Memory Usage (466640K) : edgeseal_drw has 0 polygons
2026-09-25 16:48:17 +0200: Memory Usage (466640K) : substrate_drw has 14 polygons
2026-09-25 16:48:17 +0200: Memory Usage (466768K) : substrate_text has 0 polygons
2026-09-25 16:48:17 +0200: Memory Usage (466896K) : dfpad_drw has 0 polygons
2026-09-25 16:48:17 +0200: Memory Usage (466896K) : dfpad_pillar has 0 polygons
2026-09-25 16:48:17 +0200: Memory Usage (467024K) : dfpad_sbump has 0 polygons
2026-09-25 16:48:17 +0200: Memory Usage (467024K) : thickgateox_drw has 0 polygons
2026-09-25 16:48:17 +0200: Memory Usage (467152K) : pldb_drw has 0 polygons
2026-09-25 16:48:17 +0200: Memory Usage (467152K) : pwell_drw has 0 polygons
2026-09-25 16:48:17 +0200: Memory Usage (467280K) : pwell_pin has 0 polygons
2026-09-25 16:48:17 +0200: Memory Usage (467408K) : pwell_block has 0 polygons
2026-09-25 16:48:17 +0200: Memory Usage (467408K) : ic_drw has 0 polygons
2026-09-25 16:48:17 +0200: Memory Usage (467536K) : via3_drw has 6312 polygons
2026-09-25 16:48:17 +0200: Memory Usage (467664K) : metal4_drw has 12 polygons
2026-09-25 16:48:17 +0200: Memory Usage (467792K) : metal4_filler has 0 polygons
2026-09-25 16:48:17 +0200: Memory Usage (467920K) : metal4_slit has 0 polygons
2026-09-25 16:48:17 +0200: Memory Usage (468048K) : metal4 has 12 polygons
2026-09-25 16:48:17 +0200: Memory Usage (468048K) : metal4_pin has 0 polygons
2026-09-25 16:48:17 +0200: Memory Usage (468176K) : metal4_mask has 0 polygons
2026-09-25 16:48:17 +0200: Memory Usage (468304K) : metal4_nofill has 0 polygons
2026-09-25 16:48:17 +0200: Memory Usage (468304K) : metal4_text has 0 polygons
2026-09-25 16:48:17 +0200: Memory Usage (468432K) : metal4_OPC has 0 polygons
2026-09-25 16:48:17 +0200: Memory Usage (468432K) : metal4_noqrc has 0 polygons
2026-09-25 16:48:17 +0200: Memory Usage (468560K) : metal4_res has 0 polygons
2026-09-25 16:48:17 +0200: Memory Usage (468560K) : metal4_iprobe has 0 polygons
2026-09-25 16:48:17 +0200: Memory Usage (468560K) : metal4_diffprb has 0 polygons
2026-09-25 16:48:17 +0200: Memory Usage (468560K) : heattrans_drw has 0 polygons
2026-09-25 16:48:17 +0200: Memory Usage (468560K) : heatres_drw has 20 polygons
2026-09-25 16:48:17 +0200: Memory Usage (468560K) : fbe_drw has 0 polygons
2026-09-25 16:48:17 +0200: Memory Usage (468560K) : empoly_drw has 0 polygons
2026-09-25 16:48:17 +0200: Memory Usage (468560K) : digisub_drw has 0 polygons
2026-09-25 16:48:17 +0200: Memory Usage (468560K) : text_drw has 22 polygons
2026-09-25 16:48:17 +0200: Memory Usage (468560K) : via4_drw has 6312 polygons
2026-09-25 16:48:17 +0200: Memory Usage (468560K) : metal5_drw has 62 polygons
2026-09-25 16:48:17 +0200: Memory Usage (468560K) : metal5_filler has 0 polygons
2026-09-25 16:48:17 +0200: Memory Usage (468560K) : metal5_slit has 0 polygons
2026-09-25 16:48:17 +0200: Memory Usage (468560K) : metal5 has 62 polygons
2026-09-25 16:48:17 +0200: Memory Usage (468560K) : metal5_pin has 1 polygons
2026-09-25 16:48:17 +0200: Memory Usage (468560K) : metal5_mask has 0 polygons
2026-09-25 16:48:17 +0200: Memory Usage (468560K) : metal5_nofill has 0 polygons
2026-09-25 16:48:17 +0200: Memory Usage (468560K) : metal5_text has 1 polygons
2026-09-25 16:48:17 +0200: Memory Usage (468560K) : metal5_OPC has 0 polygons
2026-09-25 16:48:17 +0200: Memory Usage (468560K) : metal5_noqrc has 0 polygons
2026-09-25 16:48:17 +0200: Memory Usage (468560K) : metal5_res has 0 polygons
2026-09-25 16:48:17 +0200: Memory Usage (468560K) : metal5_iprobe has 0 polygons
2026-09-25 16:48:17 +0200: Memory Usage (468560K) : metal5_diffprb has 0 polygons
2026-09-25 16:48:17 +0200: Memory Usage (468560K) : radhard_drw has 0 polygons
2026-09-25 16:48:17 +0200: Memory Usage (468560K) : memcap_drw has 0 polygons
2026-09-25 16:48:17 +0200: Memory Usage (468560K) : varicap_drw has 0 polygons
2026-09-25 16:48:17 +0200: Memory Usage (468560K) : intbondvia_drw has 0 polygons
2026-09-25 16:48:17 +0200: Memory Usage (468560K) : intbondmet_drw has 0 polygons
2026-09-25 16:48:17 +0200: Memory Usage (468560K) : devbondvia_drw has 0 polygons
2026-09-25 16:48:17 +0200: Memory Usage (468560K) : devbondmet_drw has 0 polygons
2026-09-25 16:48:17 +0200: Memory Usage (468560K) : devtrench_drw has 0 polygons
2026-09-25 16:48:17 +0200: Memory Usage (468560K) : redist_drw has 0 polygons
2026-09-25 16:48:17 +0200: Memory Usage (468560K) : graphbot_drw has 0 polygons
2026-09-25 16:48:17 +0200: Memory Usage (468560K) : graphtop_drw has 0 polygons
2026-09-25 16:48:17 +0200: Memory Usage (468560K) : antvia1_drw has 0 polygons
2026-09-25 16:48:17 +0200: Memory Usage (468560K) : antmetal2_drw has 0 polygons
2026-09-25 16:48:17 +0200: Memory Usage (468560K) : graphcont_drw has 0 polygons
2026-09-25 16:48:17 +0200: Memory Usage (468560K) : siwg_drw has 0 polygons
2026-09-25 16:48:17 +0200: Memory Usage (468560K) : siwg_filler has 0 polygons
2026-09-25 16:48:17 +0200: Memory Usage (468560K) : siwg_nofill has 0 polygons
2026-09-25 16:48:17 +0200: Memory Usage (468560K) : sigrating_drw has 0 polygons
2026-09-25 16:48:17 +0200: Memory Usage (468560K) : singrating_drw has 0 polygons
2026-09-25 16:48:17 +0200: Memory Usage (468560K) : graphpas_drw has 0 polygons
2026-09-25 16:48:17 +0200: Memory Usage (468560K) : emwind3_drw has 0 polygons
2026-09-25 16:48:17 +0200: Memory Usage (468560K) : emwihv3_drw has 0 polygons
2026-09-25 16:48:17 +0200: Memory Usage (468560K) : redbulay_drw has 0 polygons
2026-09-25 16:48:17 +0200: Memory Usage (468560K) : smos_drw has 0 polygons
2026-09-25 16:48:17 +0200: Memory Usage (468560K) : graphpad_drw has 0 polygons
2026-09-25 16:48:17 +0200: Memory Usage (468560K) : polimide_drw has 0 polygons
2026-09-25 16:48:17 +0200: Memory Usage (468560K) : polimide_pin has 0 polygons
2026-09-25 16:48:17 +0200: Memory Usage (468560K) : recog_drw has 0 polygons
2026-09-25 16:48:17 +0200: Memory Usage (468560K) : recog_pin has 0 polygons
2026-09-25 16:48:17 +0200: Memory Usage (468560K) : recog_esd has 0 polygons
2026-09-25 16:48:17 +0200: Memory Usage (468560K) : recog_diode has 0 polygons
2026-09-25 16:48:17 +0200: Memory Usage (468560K) : recog_tsv has 0 polygons
2026-09-25 16:48:17 +0200: Memory Usage (468560K) : recog_iprobe has 0 polygons
2026-09-25 16:48:17 +0200: Memory Usage (468560K) : recog_diffprb has 0 polygons
2026-09-25 16:48:17 +0200: Memory Usage (468560K) : recog_pillar has 0 polygons
2026-09-25 16:48:17 +0200: Memory Usage (468560K) : recog_sbump has 0 polygons
2026-09-25 16:48:17 +0200: Memory Usage (468560K) : recog_otp has 0 polygons
2026-09-25 16:48:17 +0200: Memory Usage (468560K) : recog_pdiode has 0 polygons
2026-09-25 16:48:17 +0200: Memory Usage (468560K) : recog_mom has 0 polygons
2026-09-25 16:48:17 +0200: Memory Usage (468560K) : recog_momf has 0 polygons
2026-09-25 16:48:17 +0200: Memory Usage (468560K) : recog_pcm has 0 polygons
2026-09-25 16:48:17 +0200: Memory Usage (468560K) : colopen_drw has 0 polygons
2026-09-25 16:48:17 +0200: Memory Usage (468560K) : graphmetal1_drw has 0 polygons
2026-09-25 16:48:17 +0200: Memory Usage (468560K) : graphmetal1_filler has 0 polygons
2026-09-25 16:48:17 +0200: Memory Usage (468560K) : graphmetal1_nofill has 0 polygons
2026-09-25 16:48:17 +0200: Memory Usage (468560K) : graphmetal1_slit has 0 polygons
2026-09-25 16:48:17 +0200: Memory Usage (468560K) : graphmetal1_OPC has 0 polygons
2026-09-25 16:48:17 +0200: Memory Usage (468560K) : graphmet1l_drw has 0 polygons
2026-09-25 16:48:17 +0200: Memory Usage (468560K) : graphmet1l_filler has 0 polygons
2026-09-25 16:48:17 +0200: Memory Usage (468560K) : graphmet1l_nofill has 0 polygons
2026-09-25 16:48:17 +0200: Memory Usage (468560K) : graphmet1l_slit has 0 polygons
2026-09-25 16:48:17 +0200: Memory Usage (468560K) : graphmet1l_OPC has 0 polygons
2026-09-25 16:48:17 +0200: Memory Usage (468560K) : extblock_drw has 60 polygons
2026-09-25 16:48:17 +0200: Memory Usage (468560K) : nldd_drw has 0 polygons
2026-09-25 16:48:17 +0200: Memory Usage (468560K) : pldd_drw has 0 polygons
2026-09-25 16:48:17 +0200: Memory Usage (468560K) : next_drw has 0 polygons
2026-09-25 16:48:17 +0200: Memory Usage (468560K) : pext_drw has 0 polygons
2026-09-25 16:48:17 +0200: Memory Usage (468560K) : nexthv_drw has 0 polygons
2026-09-25 16:48:17 +0200: Memory Usage (468560K) : pexthv_drw has 0 polygons
2026-09-25 16:48:17 +0200: Memory Usage (468560K) : graphgate_drw has 0 polygons
2026-09-25 16:48:17 +0200: Memory Usage (468560K) : sinwg_drw has 0 polygons
2026-09-25 16:48:17 +0200: Memory Usage (468560K) : sinwg_filler has 0 polygons
2026-09-25 16:48:17 +0200: Memory Usage (468560K) : sinwg_nofill has 0 polygons
2026-09-25 16:48:17 +0200: Memory Usage (468560K) : mempad_drw has 0 polygons
2026-09-25 16:48:17 +0200: Memory Usage (468560K) : topvia1_drw has 1804 polygons
2026-09-25 16:48:17 +0200: Memory Usage (468560K) : topmetal1_drw has 44 polygons
2026-09-25 16:48:17 +0200: Memory Usage (468560K) : topmetal1_filler has 0 polygons
2026-09-25 16:48:17 +0200: Memory Usage (468560K) : topmetal1_slit has 0 polygons
2026-09-25 16:48:17 +0200: Memory Usage (468560K) : topmetal1 has 44 polygons
2026-09-25 16:48:17 +0200: Memory Usage (468560K) : topmetal1_pin has 0 polygons
2026-09-25 16:48:17 +0200: Memory Usage (468560K) : topmetal1_mask has 0 polygons
2026-09-25 16:48:17 +0200: Memory Usage (468560K) : topmetal1_nofill has 0 polygons
2026-09-25 16:48:17 +0200: Memory Usage (468560K) : topmetal1_text has 0 polygons
2026-09-25 16:48:17 +0200: Memory Usage (468560K) : topmetal1_noqrc has 0 polygons
2026-09-25 16:48:17 +0200: Memory Usage (468560K) : topmetal1_res has 0 polygons
2026-09-25 16:48:17 +0200: Memory Usage (468560K) : topmetal1_iprobe has 0 polygons
2026-09-25 16:48:17 +0200: Memory Usage (468560K) : topmetal1_diffprb has 0 polygons
2026-09-25 16:48:17 +0200: Memory Usage (468560K) : inldpwl_drw has 0 polygons
2026-09-25 16:48:17 +0200: Memory Usage (468560K) : polyres_drw has 20 polygons
2026-09-25 16:48:17 +0200: Memory Usage (468560K) : polyres_pin has 0 polygons
2026-09-25 16:48:17 +0200: Memory Usage (468560K) : vmim_drw has 23888 polygons
2026-09-25 16:48:17 +0200: Memory Usage (468560K) : nbulaycut_drw has 0 polygons
2026-09-25 16:48:17 +0200: Memory Usage (468560K) : antmetal1_drw has 0 polygons
2026-09-25 16:48:17 +0200: Memory Usage (468560K) : topvia2_drw has 0 polygons
2026-09-25 16:48:17 +0200: Memory Usage (468560K) : topmetal2_drw has 0 polygons
2026-09-25 16:48:17 +0200: Memory Usage (468560K) : topmetal2_filler has 0 polygons
2026-09-25 16:48:17 +0200: Memory Usage (468560K) : topmetal2_slit has 0 polygons
2026-09-25 16:48:17 +0200: Memory Usage (468560K) : topmetal2 has 0 polygons
2026-09-25 16:48:17 +0200: Memory Usage (468560K) : topmetal2_pin has 0 polygons
2026-09-25 16:48:17 +0200: Memory Usage (468560K) : topmetal2_mask has 0 polygons
2026-09-25 16:48:17 +0200: Memory Usage (468560K) : topmetal2_nofill has 0 polygons
2026-09-25 16:48:17 +0200: Memory Usage (468560K) : topmetal2_text has 0 polygons
2026-09-25 16:48:17 +0200: Memory Usage (468560K) : topmetal2_noqrc has 0 polygons
2026-09-25 16:48:17 +0200: Memory Usage (468560K) : topmetal2_res has 0 polygons
2026-09-25 16:48:17 +0200: Memory Usage (468560K) : topmetal2_iprobe has 0 polygons
2026-09-25 16:48:17 +0200: Memory Usage (468560K) : topmetal2_diffprb has 0 polygons
2026-09-25 16:48:17 +0200: Memory Usage (468560K) : snsring_drw has 0 polygons
2026-09-25 16:48:17 +0200: Memory Usage (468560K) : sensor_drw has 0 polygons
2026-09-25 16:48:17 +0200: Memory Usage (468560K) : snsarms_drw has 0 polygons
2026-09-25 16:48:17 +0200: Memory Usage (468560K) : snscmosvia_drw has 0 polygons
2026-09-25 16:48:17 +0200: Memory Usage (468560K) : colwind_drw has 0 polygons
2026-09-25 16:48:17 +0200: Memory Usage (468560K) : flm_drw has 0 polygons
2026-09-25 16:48:17 +0200: Memory Usage (468688K) : hafniumox_drw has 0 polygons
2026-09-25 16:48:17 +0200: Memory Usage (468688K) : memvia_drw has 0 polygons
2026-09-25 16:48:17 +0200: Memory Usage (468816K) : thinfilmres_drw has 0 polygons
2026-09-25 16:48:17 +0200: Memory Usage (468944K) : rfmem_drw has 0 polygons
2026-09-25 16:48:17 +0200: Memory Usage (468944K) : norcx_drw has 0 polygons
2026-09-25 16:48:17 +0200: Memory Usage (469072K) : norcx_m2m3 has 0 polygons
2026-09-25 16:48:17 +0200: Memory Usage (469072K) : norcx_m2m4 has 0 polygons
2026-09-25 16:48:17 +0200: Memory Usage (469200K) : norcx_m2m5 has 0 polygons
2026-09-25 16:48:17 +0200: Memory Usage (469200K) : norcx_m2tm1 has 0 polygons
2026-09-25 16:48:17 +0200: Memory Usage (469328K) : norcx_m2tm2 has 0 polygons
2026-09-25 16:48:17 +0200: Memory Usage (469328K) : norcx_m3m4 has 0 polygons
2026-09-25 16:48:17 +0200: Memory Usage (469456K) : norcx_m3m5 has 0 polygons
2026-09-25 16:48:17 +0200: Memory Usage (469456K) : norcx_m3tm1 has 0 polygons
2026-09-25 16:48:17 +0200: Memory Usage (469584K) : norcx_m3tm2 has 0 polygons
2026-09-25 16:48:17 +0200: Memory Usage (469712K) : norcx_m4m5 has 0 polygons
2026-09-25 16:48:17 +0200: Memory Usage (469712K) : norcx_m4tm1 has 0 polygons
2026-09-25 16:48:17 +0200: Memory Usage (469712K) : norcx_m4tm2 has 0 polygons
2026-09-25 16:48:17 +0200: Memory Usage (469840K) : norcx_m5tm1 has 0 polygons
2026-09-25 16:48:17 +0200: Memory Usage (469840K) : norcx_m5tm2 has 0 polygons
2026-09-25 16:48:17 +0200: Memory Usage (469968K) : norcx_tm1tm2 has 0 polygons
2026-09-25 16:48:17 +0200: Memory Usage (469968K) : norcx_m1sub has 0 polygons
2026-09-25 16:48:17 +0200: Memory Usage (470096K) : norcx_m2sub has 0 polygons
2026-09-25 16:48:17 +0200: Memory Usage (470224K) : norcx_m3sub has 0 polygons
2026-09-25 16:48:17 +0200: Memory Usage (470224K) : norcx_m4sub has 0 polygons
2026-09-25 16:48:17 +0200: Memory Usage (470352K) : norcx_m5sub has 0 polygons
2026-09-25 16:48:17 +0200: Memory Usage (470352K) : norcx_tm1sub has 0 polygons
2026-09-25 16:48:17 +0200: Memory Usage (470352K) : norcx_tm2sub has 0 polygons
2026-09-25 16:48:17 +0200: Memory Usage (470480K) : snsbotvia_drw has 0 polygons
2026-09-25 16:48:17 +0200: Memory Usage (470480K) : snstopvia_drw has 0 polygons
2026-09-25 16:48:17 +0200: Memory Usage (470608K) : deepvia_drw has 0 polygons
2026-09-25 16:48:17 +0200: Memory Usage (470608K) : fgetch_drw has 0 polygons
2026-09-25 16:48:17 +0200: Memory Usage (470736K) : ctrgat_drw has 0 polygons
2026-09-25 16:48:17 +0200: Memory Usage (470864K) : fgimp_drw has 0 polygons
2026-09-25 16:48:17 +0200: Memory Usage (470864K) : emwihv_drw has 0 polygons
2026-09-25 16:48:17 +0200: Memory Usage (470992K) : lbe_drw has 0 polygons
2026-09-25 16:48:17 +0200: Memory Usage (470992K) : alcustop_drw has 0 polygons
2026-09-25 16:48:17 +0200: Memory Usage (471120K) : nometfiller_drw has 0 polygons
2026-09-25 16:48:17 +0200: Memory Usage (471248K) : prboundary_drw has 0 polygons
2026-09-25 16:48:17 +0200: Memory Usage (471248K) : exchange0_drw has 0 polygons
2026-09-25 16:48:17 +0200: Memory Usage (471376K) : exchange0_pin has 0 polygons
2026-09-25 16:48:17 +0200: Memory Usage (471376K) : exchange0_text has 0 polygons
2026-09-25 16:48:17 +0200: Memory Usage (471504K) : exchange1_drw has 0 polygons
2026-09-25 16:48:17 +0200: Memory Usage (471504K) : exchange1_pin has 0 polygons
2026-09-25 16:48:17 +0200: Memory Usage (471504K) : exchange1_text has 0 polygons
2026-09-25 16:48:17 +0200: Memory Usage (471632K) : exchange2_drw has 0 polygons
2026-09-25 16:48:17 +0200: Memory Usage (471632K) : exchange2_pin has 0 polygons
2026-09-25 16:48:17 +0200: Memory Usage (471760K) : exchange2_text has 0 polygons
2026-09-25 16:48:17 +0200: Memory Usage (471760K) : exchange3_drw has 0 polygons
2026-09-25 16:48:17 +0200: Memory Usage (471888K) : exchange3_pin has 0 polygons
2026-09-25 16:48:17 +0200: Memory Usage (471888K) : exchange3_text has 0 polygons
2026-09-25 16:48:17 +0200: Memory Usage (471888K) : exchange4_drw has 0 polygons
2026-09-25 16:48:17 +0200: Memory Usage (472016K) : exchange4_pin has 0 polygons
2026-09-25 16:48:17 +0200: Memory Usage (472016K) : exchange4_text has 0 polygons
2026-09-25 16:48:17 +0200: Memory Usage (472144K) : isonwell_drw has 0 polygons
2026-09-25 16:48:17 +0200: Memory Usage (472144K) : Total no. of polygons in the design is 52680
2026-09-25 16:48:17 +0200: Memory Usage (472144K) : Starting base layers derivations
2026-09-25 16:48:17 +0200: Memory Usage (472144K) : Starting general LVS derivations
2026-09-25 16:48:17 +0200: Memory Usage (477520K) : Starting MOSFET DERIVATIONS
2026-09-25 16:48:17 +0200: Memory Usage (477648K) : Starting NMOS DERIVATIONS
2026-09-25 16:48:17 +0200: Memory Usage (477648K) : Starting PMOS DERIVATIONS
2026-09-25 16:48:17 +0200: Memory Usage (477648K) : Starting RF-MOSFET DERIVATIONS
2026-09-25 16:48:17 +0200: Memory Usage (477648K) : Starting RF-NMOS DERIVATIONS
2026-09-25 16:48:17 +0200: Memory Usage (477648K) : Starting RF-PMOS DERIVATIONS
2026-09-25 16:48:17 +0200: Memory Usage (477648K) : Starting BJT DERIVATIONS
2026-09-25 16:48:17 +0200: Memory Usage (477648K) : Starting NPN-BJT DERIVATIONS
2026-09-25 16:48:18 +0200: Memory Usage (477648K) : Starting PNP-BJT DERIVATIONS
2026-09-25 16:48:18 +0200: Memory Usage (477776K) : Starting DIODE DERIVATIONS
2026-09-25 16:48:18 +0200: Memory Usage (477776K) : Starting RESISTOR DERIVATIONS
2026-09-25 16:48:18 +0200: Memory Usage (478160K) : Starting CAP DERIVATIONS
2026-09-25 16:48:18 +0200: Memory Usage (478544K) : Starting CAP_CMOM DERIVATIONS
2026-09-25 16:48:18 +0200: Memory Usage (478544K) : Starting CAP_CMOMF DERIVATIONS
2026-09-25 16:48:18 +0200: Memory Usage (478544K) : Starting ESD DERIVATIONS
2026-09-25 16:48:19 +0200: Memory Usage (478544K) : Starting Inductor DERIVATIONS
2026-09-25 16:48:19 +0200: Memory Usage (479696K) : Starting Taps DERIVATIONS
2026-09-25 16:48:19 +0200: Memory Usage (480976K) : Starting SG13G2 LVS connectivity setup
2026-09-25 16:48:19 +0200: Memory Usage (480976K) : Starting SG13G2 LVS connectivity setup (Inter-layer)
2026-09-25 16:48:19 +0200: Memory Usage (481104K) : Starting SG13G2 LVS connectivity setup (Global)
2026-09-25 16:48:19 +0200: Memory Usage (481104K) : Starting LVS MOSFET CONNECTIONS
2026-09-25 16:48:19 +0200: Memory Usage (481104K) : Starting LVS RF-MOSFET CONNECTIONS
2026-09-25 16:48:19 +0200: Memory Usage (481104K) : Starting LVS BJT CONNECTIONS
2026-09-25 16:48:19 +0200: Memory Usage (481104K) : Starting LVS DIODE CONNECTIONS
2026-09-25 16:48:19 +0200: Memory Usage (481104K) : Starting RESISTOR CONNECTIONS
2026-09-25 16:48:19 +0200: Memory Usage (481104K) : Starting LVS CAP CONNECTIONS
2026-09-25 16:48:19 +0200: Memory Usage (481104K) : Starting CAP_CMOM CONNECTIONS
2026-09-25 16:48:19 +0200: Memory Usage (481104K) : Starting CAP_CMOMF CONNECTIONS
2026-09-25 16:48:19 +0200: Memory Usage (481104K) : Starting ESD CONNECTIONS
2026-09-25 16:48:19 +0200: Memory Usage (481104K) : Starting Inductor CONNECTIONS
2026-09-25 16:48:19 +0200: Memory Usage (481104K) : Starting LVS Taps CONNECTIONS
2026-09-25 16:48:19 +0200: Memory Usage (481104K) : Starting SG13G2 LVS DEVICES EXTRACTION
2026-09-25 16:48:19 +0200: Memory Usage (481104K) : Starting MOSFET EXTRACTION
2026-09-25 16:48:19 +0200: Memory Usage (481104K) : Starting NMOS EXTRACTION
2026-09-25 16:48:19 +0200: Memory Usage (481104K) : Extraction of NMOS-LV transistor
2026-09-25 16:48:19 +0200: Memory Usage (481232K) : Extraction of NMOS-HV transistor
2026-09-25 16:48:19 +0200: Memory Usage (481232K) : Starting PMOS EXTRACTION
2026-09-25 16:48:19 +0200: Memory Usage (481232K) : Extraction of PMOS-LV transistor
2026-09-25 16:48:19 +0200: Memory Usage (481232K) : Extraction of PMOS-HV transistor
2026-09-25 16:48:19 +0200: Memory Usage (481232K) : Starting RF-MOSFET EXTRACTION
2026-09-25 16:48:19 +0200: Memory Usage (481232K) : Extraction of RF-NMOS-LV transistor
2026-09-25 16:48:19 +0200: Memory Usage (481232K) : Extraction of RF-NMOS-HV transistor
2026-09-25 16:48:19 +0200: Memory Usage (481232K) : Extraction of RF-PMOS-LV transistor
2026-09-25 16:48:19 +0200: Memory Usage (481232K) : Extraction of RF-PMOS-HV transistor
2026-09-25 16:48:19 +0200: Memory Usage (481232K) : Starting BJT EXTRACTION
2026-09-25 16:48:19 +0200: Memory Usage (481232K) : Starting NPN-BJT EXTRACTION
2026-09-25 16:48:19 +0200: Memory Usage (481232K) : Extraction of npn13G2 BJT transistor
2026-09-25 16:48:19 +0200: Memory Usage (481232K) : Extraction of npn13G2L BJT transistor
2026-09-25 16:48:19 +0200: Memory Usage (481232K) : Extraction of npn13G2V BJT transistor
2026-09-25 16:48:19 +0200: Memory Usage (481232K) : Starting PNP-BJT EXTRACTION
2026-09-25 16:48:19 +0200: Memory Usage (481232K) : Extracting pnpMPA BJT
2026-09-25 16:48:19 +0200: Memory Usage (481232K) : Starting DIODE EXTRACTION
2026-09-25 16:48:19 +0200: Memory Usage (481232K) : Extracting dantenna diode
2026-09-25 16:48:19 +0200: Memory Usage (481232K) : Extracting dpantenna diode
2026-09-25 16:48:19 +0200: Memory Usage (481232K) : Extracting schottky_nbl1 diode
2026-09-25 16:48:19 +0200: Memory Usage (481232K) : Extracting isolbox diode
2026-09-25 16:48:19 +0200: Memory Usage (481232K) : Starting RESISTOR EXTRACTION
2026-09-25 16:48:19 +0200: Memory Usage (481232K) : Extracting rsil resistor
2026-09-25 16:48:19 +0200: Memory Usage (481232K) : Extracting rppd resistor
2026-09-25 16:48:19 +0200: Memory Usage (481488K) : Extracting rhigh resistor
2026-09-25 16:48:19 +0200: Memory Usage (481488K) : Extracting res_metal1 resistor
2026-09-25 16:48:19 +0200: Memory Usage (481488K) : Extracting res_metal2 resistor
2026-09-25 16:48:19 +0200: Memory Usage (481488K) : Extracting res_metal3 resistor
2026-09-25 16:48:19 +0200: Memory Usage (481488K) : Extracting res_metal4 resistor
2026-09-25 16:48:19 +0200: Memory Usage (481488K) : Extracting res_metal5 resistor
2026-09-25 16:48:19 +0200: Memory Usage (481488K) : Extracting res_topmetal1 resistor
2026-09-25 16:48:19 +0200: Memory Usage (481488K) : Extracting res_topmetal2 resistor
2026-09-25 16:48:19 +0200: Memory Usage (481488K) : Starting CAP EXTRACTION
2026-09-25 16:48:19 +0200: Memory Usage (481488K) : Extracting cap_cmim device
2026-09-25 16:48:19 +0200: Memory Usage (481488K) : Extracting rfcmim device
2026-09-25 16:48:19 +0200: Memory Usage (481488K) : Extracting sg13_hv_svaricap varactor
2026-09-25 16:48:19 +0200: Memory Usage (481488K) : Extracting cap_cmomi device
2026-09-25 16:48:19 +0200: Memory Usage (481488K) : Extracting cap_cmomf device
2026-09-25 16:48:19 +0200: Memory Usage (481488K) : Extracting sg13_moscap_n capacitor
2026-09-25 16:48:19 +0200: Memory Usage (481488K) : Extracting sg13_moscap_p capacitor
2026-09-25 16:48:19 +0200: Memory Usage (481488K) : Starting ESD EXTRACTION
2026-09-25 16:48:19 +0200: Memory Usage (481488K) : Extracting diodevdd_2kv ESD device
2026-09-25 16:48:19 +0200: Memory Usage (481488K) : Extracting diodevdd_4kv ESD device
2026-09-25 16:48:19 +0200: Memory Usage (481488K) : Extracting diodevss_2kv ESD device
2026-09-25 16:48:19 +0200: Memory Usage (481488K) : Extracting diodevss_4kv ESD device
2026-09-25 16:48:19 +0200: Memory Usage (481488K) : Extracting idiodevdd_2kv ESD device
2026-09-25 16:48:19 +0200: Memory Usage (481488K) : Extracting idiodevdd_4kv ESD device
2026-09-25 16:48:19 +0200: Memory Usage (481488K) : Extracting idiodevss_2kv ESD device
2026-09-25 16:48:19 +0200: Memory Usage (481488K) : Extracting idiodevss_4kv ESD device
2026-09-25 16:48:19 +0200: Memory Usage (481488K) : Extracting nmoscl_2 ESD device
2026-09-25 16:48:19 +0200: Memory Usage (481488K) : Extracting nmoscl_4 ESD device
2026-09-25 16:48:19 +0200: Memory Usage (481488K) : Starting Inductor EXTRACTION
2026-09-25 16:48:19 +0200: Memory Usage (481488K) : Extracting Inductor2 device
2026-09-25 16:48:19 +0200: Memory Usage (481488K) : Extracting Inductor3 device
2026-09-25 16:48:19 +0200: Memory Usage (481488K) : Starting Taps EXTRACTION
2026-09-25 16:48:19 +0200: Memory Usage (481488K) : Extracting ntap1 device
2026-09-25 16:48:19 +0200: Memory Usage (481488K) : Extracting ptap1 device
2026-09-25 16:48:19 +0200: Memory Usage (481488K) : Starting SG13G2 LVS RF MOS Model Mapping
2026-09-25 16:48:19 +0200: Memory Usage (481488K) : [layout_netlist] Apply RF MOS model mapping and rfmode parameter.
2026-09-25 16:48:19 +0200: Memory Usage (481488K) : Starting SG13G2 LVS Options Preparations
2026-09-25 16:48:19 +0200: Memory Usage (481488K) : SG13G2 LVS flow: extraction -> alignment -> option preparation -> comparison.
2026-09-25 16:48:19 +0200: Memory Usage (481488K) : Starting SG13G2 LVS Alignment
2026-09-25 16:48:19 +0200: Memory Usage (481616K) : Starting SG13G2 LVS Simplification
2026-09-25 16:48:19 +0200: Memory Usage (481616K) : [layout_netlist] simplify: ENABLED
2026-09-25 16:48:19 +0200: Memory Usage (481616K) : [layout_netlist] make_top_level_pins: SKIPPED
2026-09-25 16:48:19 +0200: Memory Usage (481616K) : [layout_netlist] combine_devices: SKIPPED
2026-09-25 16:48:19 +0200: Memory Usage (481616K) : [layout_netlist] purge: SKIPPED
2026-09-25 16:48:19 +0200: Memory Usage (481616K) : [layout_netlist] purge_nets: SKIPPED
2026-09-25 16:48:19 +0200: Memory Usage (481616K) : [schematic_netlist] simplify: ENABLED
2026-09-25 16:48:19 +0200: Memory Usage (481616K) : [schematic_netlist] make_top_level_pins: SKIPPED
2026-09-25 16:48:19 +0200: Memory Usage (481616K) : [schematic_netlist] combine_devices: SKIPPED
2026-09-25 16:48:19 +0200: Memory Usage (481616K) : [schematic_netlist] purge: SKIPPED
2026-09-25 16:48:19 +0200: Memory Usage (481616K) : [schematic_netlist] purge_nets: SKIPPED
2026-09-25 16:48:19 +0200: Memory Usage (481616K) : Starting SG13G2 LVS Comparison in strict port mode.
2026-09-25 16:48:19 +0200: Memory Usage (481616K) : flag_missing_ports enabled: missing/mislabeled top-level ports are treated as errors.
2026-09-25 16:48:19 +0200: Memory Usage (481744K) : ==========================================
2026-09-25 16:48:19 +0200: Memory Usage (481744K) : INFO : Congratulations! Netlists match.
2026-09-25 16:48:19 +0200: Memory Usage (481744K) : ==========================================
2026-09-25 16:48:19 +0200: Memory Usage (481744K) : LVS Total Run time 3.021057 seconds
