# Logfile created on 2026-09-25 16:57:05 +0200 by logger.rb/v1.5.3
2026-09-25 16:57:05 +0200: Memory Usage (456608K) : Starting running IHP-SG13G2 KLayout DRC runset on /foss/designs/unicasss-tools/SG13G2_2.4GHz_LC_VCO_FPLL/gds/blocks/CHARGE_PUMP_V2.gds
2026-09-25 16:57:05 +0200: Memory Usage (456608K) : Ruby Version for klayout: 3.2.3
2026-09-25 16:57:05 +0200: Memory Usage (457632K) : Loading database to memory is complete.
2026-09-25 16:57:05 +0200: Memory Usage (457632K) : IHP-SG13G2 KLayout DRC runset output at: /foss/designs/unicasss-tools/SG13G2_2.4GHz_LC_VCO_FPLL/drc/drc_run_CHARGE_PUMP/CHARGE_PUMP_V2_CHARGE_PUMP_main.lyrdb
2026-09-25 16:57:05 +0200: Memory Usage (457760K) : Evaluate switches.
2026-09-25 16:57:05 +0200: Memory Usage (457760K) : tables selected: main
2026-09-25 16:57:05 +0200: Memory Usage (457760K) : KLayout will use 12 thread(s) in tiling mode.
2026-09-25 16:57:05 +0200: Memory Usage (457760K) : deep mode is enabled.
2026-09-25 16:57:05 +0200: Memory Usage (457760K) : FEOL enabled: true
2026-09-25 16:57:05 +0200: Memory Usage (457760K) : BEOL enabled: true
2026-09-25 16:57:05 +0200: Memory Usage (457760K) : OFFGRID enabled: true
2026-09-25 16:57:05 +0200: Memory Usage (457760K) : ANGLE enabled: true
2026-09-25 16:57:05 +0200: Memory Usage (457760K) : PIN enabled: true
2026-09-25 16:57:05 +0200: Memory Usage (457760K) : FORBIDDEN enabled: true
2026-09-25 16:57:05 +0200: Memory Usage (457760K) : RECOMMENDED enabled: true
2026-09-25 16:57:05 +0200: Memory Usage (457760K) : PreCheck DRC enabled: false
2026-09-25 16:57:05 +0200: Memory Usage (457760K) : CONNECTIVITY_RULES enabled: true.
2026-09-25 16:57:05 +0200: Memory Usage (457760K) : Read in polygons from layers.
2026-09-25 16:57:05 +0200: Memory Usage (459040K) : activ_drw has 147 polygons
2026-09-25 16:57:05 +0200: Memory Usage (459040K) : activ_pin has 0 polygons
2026-09-25 16:57:05 +0200: Memory Usage (459040K) : activ_mask has 0 polygons
2026-09-25 16:57:05 +0200: Memory Usage (459040K) : activ_filler has 0 polygons
2026-09-25 16:57:05 +0200: Memory Usage (459040K) : activ_nofill has 0 polygons
2026-09-25 16:57:05 +0200: Memory Usage (459040K) : activ_opc has 0 polygons
2026-09-25 16:57:05 +0200: Memory Usage (459040K) : activ_iopc has 0 polygons
2026-09-25 16:57:05 +0200: Memory Usage (459168K) : activ_noqrc has 0 polygons
2026-09-25 16:57:05 +0200: Memory Usage (459168K) : biwind_drw has 0 polygons
2026-09-25 16:57:05 +0200: Memory Usage (459168K) : biwind_opc has 0 polygons
2026-09-25 16:57:05 +0200: Memory Usage (459168K) : pemwind_drw has 0 polygons
2026-09-25 16:57:05 +0200: Memory Usage (459296K) : gatpoly_drw has 360 polygons
2026-09-25 16:57:05 +0200: Memory Usage (459296K) : gatpoly_pin has 5 polygons
2026-09-25 16:57:05 +0200: Memory Usage (459424K) : gatpoly_filler has 0 polygons
2026-09-25 16:57:05 +0200: Memory Usage (459424K) : gatpoly_nofill has 0 polygons
2026-09-25 16:57:05 +0200: Memory Usage (459424K) : gatpoly_opc has 0 polygons
2026-09-25 16:57:05 +0200: Memory Usage (459424K) : gatpoly_iopc has 0 polygons
2026-09-25 16:57:05 +0200: Memory Usage (459424K) : gatpoly_noqrc has 0 polygons
2026-09-25 16:57:05 +0200: Memory Usage (459424K) : cont_drw has 4247 polygons
2026-09-25 16:57:05 +0200: Memory Usage (459552K) : cont_opc has 0 polygons
2026-09-25 16:57:05 +0200: Memory Usage (459552K) : nsd_drw has 0 polygons
2026-09-25 16:57:05 +0200: Memory Usage (459680K) : nsd_block has 0 polygons
2026-09-25 16:57:05 +0200: Memory Usage (459680K) : metal1_drw has 1006 polygons
2026-09-25 16:57:05 +0200: Memory Usage (459808K) : metal1_pin has 10 polygons
2026-09-25 16:57:05 +0200: Memory Usage (459936K) : metal1_mask has 0 polygons
2026-09-25 16:57:05 +0200: Memory Usage (459936K) : metal1_filler has 0 polygons
2026-09-25 16:57:05 +0200: Memory Usage (459936K) : metal1_nofill has 0 polygons
2026-09-25 16:57:05 +0200: Memory Usage (460064K) : metal1_slit has 0 polygons
2026-09-25 16:57:05 +0200: Memory Usage (460320K) : metal1_text has 2 polygons
2026-09-25 16:57:05 +0200: Memory Usage (460448K) : metal1_opc has 0 polygons
2026-09-25 16:57:05 +0200: Memory Usage (460448K) : metal1_noqrc has 0 polygons
2026-09-25 16:57:05 +0200: Memory Usage (460448K) : metal1_res has 0 polygons
2026-09-25 16:57:05 +0200: Memory Usage (460576K) : metal1_iprobe has 0 polygons
2026-09-25 16:57:05 +0200: Memory Usage (460576K) : metal1_diffprb has 0 polygons
2026-09-25 16:57:05 +0200: Memory Usage (460576K) : passiv_drw has 0 polygons
2026-09-25 16:57:05 +0200: Memory Usage (460576K) : passiv_pin has 0 polygons
2026-09-25 16:57:05 +0200: Memory Usage (460576K) : passiv_sbump has 0 polygons
2026-09-25 16:57:05 +0200: Memory Usage (460576K) : passiv_pillar has 0 polygons
2026-09-25 16:57:05 +0200: Memory Usage (460576K) : passiv_pdl has 0 polygons
2026-09-25 16:57:05 +0200: Memory Usage (460704K) : metal2_drw has 190 polygons
2026-09-25 16:57:05 +0200: Memory Usage (460704K) : metal2_pin has 4 polygons
2026-09-25 16:57:05 +0200: Memory Usage (460704K) : metal2_mask has 0 polygons
2026-09-25 16:57:05 +0200: Memory Usage (460704K) : metal2_filler has 0 polygons
2026-09-25 16:57:05 +0200: Memory Usage (460704K) : metal2_nofill has 0 polygons
2026-09-25 16:57:05 +0200: Memory Usage (460832K) : metal2_slit has 0 polygons
2026-09-25 16:57:05 +0200: Memory Usage (460832K) : metal2_text has 5 polygons
2026-09-25 16:57:05 +0200: Memory Usage (460960K) : metal2_opc has 0 polygons
2026-09-25 16:57:05 +0200: Memory Usage (460960K) : metal2_noqrc has 0 polygons
2026-09-25 16:57:05 +0200: Memory Usage (460960K) : metal2_res has 0 polygons
2026-09-25 16:57:05 +0200: Memory Usage (461088K) : metal2_iprobe has 0 polygons
2026-09-25 16:57:05 +0200: Memory Usage (461088K) : metal2_diffprb has 0 polygons
2026-09-25 16:57:05 +0200: Memory Usage (461216K) : baspoly_drw has 0 polygons
2026-09-25 16:57:05 +0200: Memory Usage (461216K) : baspoly_pin has 0 polygons
2026-09-25 16:57:05 +0200: Memory Usage (461344K) : psd_drw has 29 polygons
2026-09-25 16:57:05 +0200: Memory Usage (461344K) : nldb_drw has 0 polygons
2026-09-25 16:57:05 +0200: Memory Usage (461344K) : digibnd_drw has 0 polygons
2026-09-25 16:57:05 +0200: Memory Usage (461472K) : via1_drw has 875 polygons
2026-09-25 16:57:05 +0200: Memory Usage (461472K) : backmetal1_drw has 0 polygons
2026-09-25 16:57:05 +0200: Memory Usage (461600K) : backmetal1_pin has 0 polygons
2026-09-25 16:57:05 +0200: Memory Usage (461728K) : backmetal1_mask has 0 polygons
2026-09-25 16:57:05 +0200: Memory Usage (461728K) : backmetal1_filler has 0 polygons
2026-09-25 16:57:05 +0200: Memory Usage (461856K) : backmetal1_nofill has 0 polygons
2026-09-25 16:57:05 +0200: Memory Usage (461856K) : backmetal1_slit has 0 polygons
2026-09-25 16:57:05 +0200: Memory Usage (461856K) : backmetal1_text has 0 polygons
2026-09-25 16:57:05 +0200: Memory Usage (461984K) : backmetal1_opc has 0 polygons
2026-09-25 16:57:05 +0200: Memory Usage (462112K) : backmetal1_noqrc has 0 polygons
2026-09-25 16:57:05 +0200: Memory Usage (462112K) : backmetal1_res has 0 polygons
2026-09-25 16:57:05 +0200: Memory Usage (462240K) : backmetal1_iprobe has 0 polygons
2026-09-25 16:57:05 +0200: Memory Usage (462240K) : backmetal1_diffprb has 0 polygons
2026-09-25 16:57:05 +0200: Memory Usage (462368K) : backpassiv_drw has 0 polygons
2026-09-25 16:57:05 +0200: Memory Usage (462368K) : res_drw has 0 polygons
2026-09-25 16:57:05 +0200: Memory Usage (462368K) : sram_drw has 0 polygons
2026-09-25 16:57:05 +0200: Memory Usage (462496K) : trans_drw has 0 polygons
2026-09-25 16:57:05 +0200: Memory Usage (462496K) : ind_drw has 0 polygons
2026-09-25 16:57:05 +0200: Memory Usage (462496K) : ind_pin has 0 polygons
2026-09-25 16:57:05 +0200: Memory Usage (462624K) : ind_text has 0 polygons
2026-09-25 16:57:05 +0200: Memory Usage (462624K) : salblock_drw has 0 polygons
2026-09-25 16:57:05 +0200: Memory Usage (462624K) : via2_drw has 91 polygons
2026-09-25 16:57:05 +0200: Memory Usage (462752K) : metal3_drw has 13 polygons
2026-09-25 16:57:05 +0200: Memory Usage (462752K) : metal3_pin has 2 polygons
2026-09-25 16:57:05 +0200: Memory Usage (462752K) : metal3_mask has 0 polygons
2026-09-25 16:57:05 +0200: Memory Usage (462752K) : metal3_filler has 0 polygons
2026-09-25 16:57:05 +0200: Memory Usage (462880K) : metal3_nofill has 0 polygons
2026-09-25 16:57:05 +0200: Memory Usage (462880K) : metal3_slit has 0 polygons
2026-09-25 16:57:05 +0200: Memory Usage (462880K) : metal3_text has 2 polygons
2026-09-25 16:57:05 +0200: Memory Usage (463008K) : metal3_opc has 0 polygons
2026-09-25 16:57:05 +0200: Memory Usage (463008K) : metal3_noqrc has 0 polygons
2026-09-25 16:57:05 +0200: Memory Usage (463008K) : metal3_res has 0 polygons
2026-09-25 16:57:05 +0200: Memory Usage (463136K) : metal3_iprobe has 0 polygons
2026-09-25 16:57:05 +0200: Memory Usage (463136K) : metal3_diffprb has 0 polygons
2026-09-25 16:57:05 +0200: Memory Usage (463136K) : nwell_drw has 8 polygons
2026-09-25 16:57:05 +0200: Memory Usage (463264K) : nwell_pin has 0 polygons
2026-09-25 16:57:05 +0200: Memory Usage (463264K) : nbulay_drw has 14 polygons
2026-09-25 16:57:05 +0200: Memory Usage (463264K) : nbulay_pin has 0 polygons
2026-09-25 16:57:05 +0200: Memory Usage (463392K) : nbulay_block has 0 polygons
2026-09-25 16:57:05 +0200: Memory Usage (463392K) : emwind_drw has 0 polygons
2026-09-25 16:57:05 +0200: Memory Usage (463520K) : emwind_opc has 0 polygons
2026-09-25 16:57:05 +0200: Memory Usage (463520K) : deepco_drw has 0 polygons
2026-09-25 16:57:05 +0200: Memory Usage (463648K) : deepco_drw has 0 polygons
2026-09-25 16:57:05 +0200: Memory Usage (463648K) : mim_drw has 0 polygons
2026-09-25 16:57:05 +0200: Memory Usage (463648K) : edgeseal_drw has 0 polygons
2026-09-25 16:57:05 +0200: Memory Usage (463776K) : edgeseal_bound has 0 polygons
2026-09-25 16:57:05 +0200: Memory Usage (463776K) : substrate_drw has 28 polygons
2026-09-25 16:57:05 +0200: Memory Usage (463904K) : substrate_text has 0 polygons
2026-09-25 16:57:05 +0200: Memory Usage (463904K) : dfpad_drw has 0 polygons
2026-09-25 16:57:05 +0200: Memory Usage (464032K) : dfpad_pillar has 0 polygons
2026-09-25 16:57:05 +0200: Memory Usage (464032K) : dfpad_sbump has 0 polygons
2026-09-25 16:57:05 +0200: Memory Usage (464160K) : thickgateox_drw has 0 polygons
2026-09-25 16:57:05 +0200: Memory Usage (464160K) : pldb_drw has 0 polygons
2026-09-25 16:57:05 +0200: Memory Usage (464160K) : pwell_drw has 0 polygons
2026-09-25 16:57:05 +0200: Memory Usage (464288K) : pwell_pin has 0 polygons
2026-09-25 16:57:05 +0200: Memory Usage (464288K) : pwell_block has 0 polygons
2026-09-25 16:57:05 +0200: Memory Usage (464416K) : ic_drw has 0 polygons
2026-09-25 16:57:05 +0200: Memory Usage (464416K) : via3_drw has 64 polygons
2026-09-25 16:57:05 +0200: Memory Usage (464416K) : metal4_drw has 7 polygons
2026-09-25 16:57:05 +0200: Memory Usage (464416K) : metal4_pin has 0 polygons
2026-09-25 16:57:05 +0200: Memory Usage (464544K) : metal4_mask has 0 polygons
2026-09-25 16:57:05 +0200: Memory Usage (464544K) : metal4_filler has 0 polygons
2026-09-25 16:57:05 +0200: Memory Usage (464544K) : metal4_nofill has 0 polygons
2026-09-25 16:57:05 +0200: Memory Usage (464672K) : metal4_slit has 0 polygons
2026-09-25 16:57:05 +0200: Memory Usage (464672K) : metal4_text has 0 polygons
2026-09-25 16:57:05 +0200: Memory Usage (464672K) : metal4_opc has 0 polygons
2026-09-25 16:57:05 +0200: Memory Usage (464800K) : metal4_noqrc has 0 polygons
2026-09-25 16:57:05 +0200: Memory Usage (464800K) : metal4_res has 0 polygons
2026-09-25 16:57:05 +0200: Memory Usage (464928K) : metal4_iprobe has 0 polygons
2026-09-25 16:57:05 +0200: Memory Usage (464928K) : metal4_diffprb has 0 polygons
2026-09-25 16:57:05 +0200: Memory Usage (465056K) : heattrans_drw has 88 polygons
2026-09-25 16:57:05 +0200: Memory Usage (465056K) : heatres_drw has 0 polygons
2026-09-25 16:57:05 +0200: Memory Usage (465056K) : pempoly_drw has 0 polygons
2026-09-25 16:57:05 +0200: Memory Usage (465184K) : fbe_drw has 0 polygons
2026-09-25 16:57:05 +0200: Memory Usage (465184K) : empoly_drw has 0 polygons
2026-09-25 16:57:05 +0200: Memory Usage (465312K) : ldmos_drw has 0 polygons
2026-09-25 16:57:05 +0200: Memory Usage (465312K) : pbiwind_drw has 0 polygons
2026-09-25 16:57:05 +0200: Memory Usage (465440K) : digisub_drw has 0 polygons
2026-09-25 16:57:05 +0200: Memory Usage (465440K) : nodrc_drw has 0 polygons
2026-09-25 16:57:05 +0200: Memory Usage (465440K) : text_drw has 16 polygons
2026-09-25 16:57:05 +0200: Memory Usage (465568K) : via4_drw has 64 polygons
2026-09-25 16:57:05 +0200: Memory Usage (465568K) : metal5_drw has 7 polygons
2026-09-25 16:57:05 +0200: Memory Usage (465696K) : metal5_pin has 0 polygons
2026-09-25 16:57:05 +0200: Memory Usage (465696K) : metal5_mask has 0 polygons
2026-09-25 16:57:05 +0200: Memory Usage (465824K) : metal5_filler has 0 polygons
2026-09-25 16:57:05 +0200: Memory Usage (465824K) : metal5_nofill has 0 polygons
2026-09-25 16:57:05 +0200: Memory Usage (465824K) : metal5_slit has 0 polygons
2026-09-25 16:57:05 +0200: Memory Usage (465952K) : metal5_text has 0 polygons
2026-09-25 16:57:05 +0200: Memory Usage (465952K) : metal5_opc has 0 polygons
2026-09-25 16:57:05 +0200: Memory Usage (466080K) : metal5_noqrc has 0 polygons
2026-09-25 16:57:05 +0200: Memory Usage (466080K) : metal5_res has 0 polygons
2026-09-25 16:57:05 +0200: Memory Usage (466080K) : metal5_iprobe has 0 polygons
2026-09-25 16:57:05 +0200: Memory Usage (466208K) : metal5_diffprb has 0 polygons
2026-09-25 16:57:05 +0200: Memory Usage (466208K) : radhard_drw has 0 polygons
2026-09-25 16:57:05 +0200: Memory Usage (466336K) : memcap_drw has 0 polygons
2026-09-25 16:57:05 +0200: Memory Usage (466336K) : varicap_drw has 0 polygons
2026-09-25 16:57:05 +0200: Memory Usage (466336K) : flash_drw has 0 polygons
2026-09-25 16:57:05 +0200: Memory Usage (466464K) : intbondvia_drw has 0 polygons
2026-09-25 16:57:05 +0200: Memory Usage (466464K) : intbondmet_drw has 0 polygons
2026-09-25 16:57:05 +0200: Memory Usage (466464K) : devbondvia_drw has 0 polygons
2026-09-25 16:57:05 +0200: Memory Usage (466592K) : devbondmet_drw has 0 polygons
2026-09-25 16:57:05 +0200: Memory Usage (466592K) : devtrench_drw has 0 polygons
2026-09-25 16:57:05 +0200: Memory Usage (466592K) : redist_drw has 0 polygons
2026-09-25 16:57:05 +0200: Memory Usage (466720K) : graphbot_drw has 0 polygons
2026-09-25 16:57:05 +0200: Memory Usage (466720K) : graphtop_drw has 0 polygons
2026-09-25 16:57:05 +0200: Memory Usage (466848K) : antvia1_drw has 0 polygons
2026-09-25 16:57:05 +0200: Memory Usage (466848K) : antmetal2_drw has 0 polygons
2026-09-25 16:57:05 +0200: Memory Usage (466976K) : graphcont_drw has 0 polygons
2026-09-25 16:57:05 +0200: Memory Usage (466976K) : siwg_drw has 0 polygons
2026-09-25 16:57:05 +0200: Memory Usage (466976K) : siwg_filler has 0 polygons
2026-09-25 16:57:05 +0200: Memory Usage (467104K) : siwg_nofill has 0 polygons
2026-09-25 16:57:05 +0200: Memory Usage (467104K) : sigrating_drw has 0 polygons
2026-09-25 16:57:05 +0200: Memory Usage (467232K) : singrating_drw has 0 polygons
2026-09-25 16:57:05 +0200: Memory Usage (467232K) : graphpas_drw has 0 polygons
2026-09-25 16:57:05 +0200: Memory Usage (467360K) : emwind3_drw has 0 polygons
2026-09-25 16:57:05 +0200: Memory Usage (467360K) : emwihv3_drw has 0 polygons
2026-09-25 16:57:05 +0200: Memory Usage (467360K) : redbulay_drw has 0 polygons
2026-09-25 16:57:05 +0200: Memory Usage (467488K) : smos_drw has 0 polygons
2026-09-25 16:57:05 +0200: Memory Usage (467488K) : graphpad_drw has 0 polygons
2026-09-25 16:57:05 +0200: Memory Usage (467616K) : polimide_drw has 0 polygons
2026-09-25 16:57:05 +0200: Memory Usage (467616K) : polimide_pin has 0 polygons
2026-09-25 16:57:05 +0200: Memory Usage (467616K) : recog_drw has 0 polygons
2026-09-25 16:57:05 +0200: Memory Usage (467744K) : recog_pin has 0 polygons
2026-09-25 16:57:05 +0200: Memory Usage (467744K) : recog_esd has 0 polygons
2026-09-25 16:57:05 +0200: Memory Usage (467872K) : recog_diode has 0 polygons
2026-09-25 16:57:05 +0200: Memory Usage (467872K) : recog_tsv has 0 polygons
2026-09-25 16:57:05 +0200: Memory Usage (468000K) : recog_iprobe has 0 polygons
2026-09-25 16:57:05 +0200: Memory Usage (468000K) : recog_diffprb has 0 polygons
2026-09-25 16:57:05 +0200: Memory Usage (468000K) : recog_pillar has 0 polygons
2026-09-25 16:57:05 +0200: Memory Usage (468000K) : recog_sbump has 0 polygons
2026-09-25 16:57:05 +0200: Memory Usage (468000K) : recog_otp has 0 polygons
2026-09-25 16:57:05 +0200: Memory Usage (468128K) : recog_pdiode has 0 polygons
2026-09-25 16:57:05 +0200: Memory Usage (468128K) : recog_mom has 0 polygons
2026-09-25 16:57:05 +0200: Memory Usage (468128K) : recog_momf has 0 polygons
2026-09-25 16:57:05 +0200: Memory Usage (468256K) : recog_pcm has 0 polygons
2026-09-25 16:57:05 +0200: Memory Usage (468256K) : colopen_drw has 0 polygons
2026-09-25 16:57:05 +0200: Memory Usage (468384K) : graphmetal1_drw has 0 polygons
2026-09-25 16:57:05 +0200: Memory Usage (468384K) : graphmetal1_filler has 0 polygons
2026-09-25 16:57:05 +0200: Memory Usage (468512K) : graphmetal1_nofill has 0 polygons
2026-09-25 16:57:05 +0200: Memory Usage (468512K) : graphmetal1_slit has 0 polygons
2026-09-25 16:57:05 +0200: Memory Usage (468512K) : graphmetal1_opc has 0 polygons
2026-09-25 16:57:05 +0200: Memory Usage (468640K) : graphmet1l_drw has 0 polygons
2026-09-25 16:57:05 +0200: Memory Usage (468640K) : graphmet1l_filler has 0 polygons
2026-09-25 16:57:05 +0200: Memory Usage (468768K) : graphmet1l_nofill has 0 polygons
2026-09-25 16:57:05 +0200: Memory Usage (468768K) : graphmet1l_slit has 0 polygons
2026-09-25 16:57:05 +0200: Memory Usage (468896K) : graphmet1l_opc has 0 polygons
2026-09-25 16:57:05 +0200: Memory Usage (468896K) : extblock_drw has 0 polygons
2026-09-25 16:57:05 +0200: Memory Usage (468896K) : nldd_drw has 0 polygons
2026-09-25 16:57:05 +0200: Memory Usage (469024K) : pldd_drw has 0 polygons
2026-09-25 16:57:05 +0200: Memory Usage (469024K) : next_drw has 0 polygons
2026-09-25 16:57:05 +0200: Memory Usage (469152K) : pext_drw has 0 polygons
2026-09-25 16:57:05 +0200: Memory Usage (469152K) : nexthv_drw has 0 polygons
2026-09-25 16:57:05 +0200: Memory Usage (469280K) : pexthv_drw has 0 polygons
2026-09-25 16:57:05 +0200: Memory Usage (469280K) : graphgate_drw has 0 polygons
2026-09-25 16:57:05 +0200: Memory Usage (469280K) : sinwg_drw has 0 polygons
2026-09-25 16:57:05 +0200: Memory Usage (469408K) : sinwg_filler has 0 polygons
2026-09-25 16:57:05 +0200: Memory Usage (469408K) : sinwg_nofill has 0 polygons
2026-09-25 16:57:05 +0200: Memory Usage (469536K) : mempad_drw has 0 polygons
2026-09-25 16:57:05 +0200: Memory Usage (469536K) : topvia1_drw has 16 polygons
2026-09-25 16:57:05 +0200: Memory Usage (469536K) : topmetal1_drw has 4 polygons
2026-09-25 16:57:05 +0200: Memory Usage (469664K) : topmetal1_pin has 0 polygons
2026-09-25 16:57:05 +0200: Memory Usage (469664K) : topmetal1_mask has 0 polygons
2026-09-25 16:57:05 +0200: Memory Usage (469792K) : topmetal1_filler has 0 polygons
2026-09-25 16:57:05 +0200: Memory Usage (469792K) : topmetal1_nofill has 0 polygons
2026-09-25 16:57:05 +0200: Memory Usage (469792K) : topmetal1_slit has 0 polygons
2026-09-25 16:57:05 +0200: Memory Usage (469792K) : topmetal1_text has 0 polygons
2026-09-25 16:57:05 +0200: Memory Usage (469792K) : topmetal1_noqrc has 0 polygons
2026-09-25 16:57:05 +0200: Memory Usage (469792K) : topmetal1_res has 0 polygons
2026-09-25 16:57:05 +0200: Memory Usage (469792K) : topmetal1_iprobe has 0 polygons
2026-09-25 16:57:05 +0200: Memory Usage (469920K) : topmetal1_diffprb has 0 polygons
2026-09-25 16:57:05 +0200: Memory Usage (469920K) : inldpwl_drw has 0 polygons
2026-09-25 16:57:05 +0200: Memory Usage (470048K) : polyres_drw has 0 polygons
2026-09-25 16:57:05 +0200: Memory Usage (470048K) : polyres_pin has 0 polygons
2026-09-25 16:57:05 +0200: Memory Usage (470048K) : vmim_drw has 0 polygons
2026-09-25 16:57:05 +0200: Memory Usage (470176K) : nbulaycut_drw has 0 polygons
2026-09-25 16:57:05 +0200: Memory Usage (470176K) : antmetal1_drw has 0 polygons
2026-09-25 16:57:05 +0200: Memory Usage (470304K) : topvia2_drw has 0 polygons
2026-09-25 16:57:05 +0200: Memory Usage (470304K) : topmetal2_drw has 0 polygons
2026-09-25 16:57:05 +0200: Memory Usage (470432K) : topmetal2_pin has 0 polygons
2026-09-25 16:57:05 +0200: Memory Usage (470432K) : topmetal2_mask has 0 polygons
2026-09-25 16:57:05 +0200: Memory Usage (470432K) : topmetal2_filler has 0 polygons
2026-09-25 16:57:05 +0200: Memory Usage (470560K) : topmetal2_nofill has 0 polygons
2026-09-25 16:57:05 +0200: Memory Usage (470560K) : topmetal2_slit has 0 polygons
2026-09-25 16:57:05 +0200: Memory Usage (470688K) : topmetal2_text has 0 polygons
2026-09-25 16:57:05 +0200: Memory Usage (470688K) : topmetal2_noqrc has 0 polygons
2026-09-25 16:57:05 +0200: Memory Usage (470816K) : topmetal2_res has 0 polygons
2026-09-25 16:57:05 +0200: Memory Usage (470816K) : topmetal2_iprobe has 0 polygons
2026-09-25 16:57:05 +0200: Memory Usage (470816K) : topmetal2_diffprb has 0 polygons
2026-09-25 16:57:05 +0200: Memory Usage (470944K) : snsring_drw has 0 polygons
2026-09-25 16:57:05 +0200: Memory Usage (470944K) : sensor_drw has 0 polygons
2026-09-25 16:57:05 +0200: Memory Usage (471072K) : snsarms_drw has 0 polygons
2026-09-25 16:57:05 +0200: Memory Usage (471072K) : snscmosvia_drw has 0 polygons
2026-09-25 16:57:05 +0200: Memory Usage (471200K) : colwind_drw has 0 polygons
2026-09-25 16:57:05 +0200: Memory Usage (471200K) : flm_drw has 0 polygons
2026-09-25 16:57:05 +0200: Memory Usage (471200K) : hafniumox_drw has 0 polygons
2026-09-25 16:57:05 +0200: Memory Usage (471328K) : memvia_drw has 0 polygons
2026-09-25 16:57:05 +0200: Memory Usage (471328K) : thinfilmres_drw has 0 polygons
2026-09-25 16:57:05 +0200: Memory Usage (471456K) : rfmem_drw has 0 polygons
2026-09-25 16:57:05 +0200: Memory Usage (471456K) : norcx_drw has 0 polygons
2026-09-25 16:57:05 +0200: Memory Usage (471456K) : norcx_m2m3 has 0 polygons
2026-09-25 16:57:05 +0200: Memory Usage (471584K) : norcx_m2m4 has 0 polygons
2026-09-25 16:57:05 +0200: Memory Usage (471584K) : norcx_m2m5 has 0 polygons
2026-09-25 16:57:05 +0200: Memory Usage (471712K) : norcx_m2tm1 has 0 polygons
2026-09-25 16:57:05 +0200: Memory Usage (471712K) : norcx_m2tm2 has 0 polygons
2026-09-25 16:57:05 +0200: Memory Usage (471840K) : norcx_m3m4 has 0 polygons
2026-09-25 16:57:05 +0200: Memory Usage (471840K) : norcx_m3m5 has 0 polygons
2026-09-25 16:57:05 +0200: Memory Usage (471840K) : norcx_m3tm1 has 0 polygons
2026-09-25 16:57:05 +0200: Memory Usage (471968K) : norcx_m3tm2 has 0 polygons
2026-09-25 16:57:05 +0200: Memory Usage (471968K) : norcx_m4m5 has 0 polygons
2026-09-25 16:57:05 +0200: Memory Usage (472096K) : norcx_m4tm1 has 0 polygons
2026-09-25 16:57:05 +0200: Memory Usage (472096K) : norcx_m4tm2 has 0 polygons
2026-09-25 16:57:05 +0200: Memory Usage (472096K) : norcx_m5tm1 has 0 polygons
2026-09-25 16:57:05 +0200: Memory Usage (472224K) : norcx_m5tm2 has 0 polygons
2026-09-25 16:57:05 +0200: Memory Usage (472224K) : norcx_tm1tm2 has 0 polygons
2026-09-25 16:57:05 +0200: Memory Usage (472224K) : norcx_m1sub has 0 polygons
2026-09-25 16:57:05 +0200: Memory Usage (472224K) : norcx_m2sub has 0 polygons
2026-09-25 16:57:05 +0200: Memory Usage (472224K) : norcx_m3sub has 0 polygons
2026-09-25 16:57:05 +0200: Memory Usage (472224K) : norcx_m4sub has 0 polygons
2026-09-25 16:57:05 +0200: Memory Usage (472352K) : norcx_m5sub has 0 polygons
2026-09-25 16:57:05 +0200: Memory Usage (472352K) : norcx_tm1sub has 0 polygons
2026-09-25 16:57:05 +0200: Memory Usage (472352K) : norcx_tm2sub has 0 polygons
2026-09-25 16:57:05 +0200: Memory Usage (472352K) : snsbotvia_drw has 0 polygons
2026-09-25 16:57:05 +0200: Memory Usage (472480K) : snstopvia_drw has 0 polygons
2026-09-25 16:57:05 +0200: Memory Usage (472480K) : deepvia_drw has 0 polygons
2026-09-25 16:57:05 +0200: Memory Usage (472608K) : fgetch_drw has 0 polygons
2026-09-25 16:57:05 +0200: Memory Usage (472608K) : ctrgat_drw has 0 polygons
2026-09-25 16:57:05 +0200: Memory Usage (472608K) : fgimp_drw has 0 polygons
2026-09-25 16:57:05 +0200: Memory Usage (472736K) : emwihv_drw has 0 polygons
2026-09-25 16:57:05 +0200: Memory Usage (472736K) : lbe_drw has 0 polygons
2026-09-25 16:57:05 +0200: Memory Usage (472864K) : alcustop_drw has 0 polygons
2026-09-25 16:57:05 +0200: Memory Usage (472992K) : nometfiller_drw has 0 polygons
2026-09-25 16:57:05 +0200: Memory Usage (472992K) : prboundary_drw has 0 polygons
2026-09-25 16:57:05 +0200: Memory Usage (472992K) : exchange0_drw has 0 polygons
2026-09-25 16:57:05 +0200: Memory Usage (472992K) : exchange0_pin has 0 polygons
2026-09-25 16:57:05 +0200: Memory Usage (472992K) : exchange0_text has 0 polygons
2026-09-25 16:57:05 +0200: Memory Usage (472992K) : exchange1_drw has 0 polygons
2026-09-25 16:57:05 +0200: Memory Usage (472992K) : exchange1_pin has 0 polygons
2026-09-25 16:57:05 +0200: Memory Usage (472992K) : exchange1_text has 0 polygons
2026-09-25 16:57:05 +0200: Memory Usage (472992K) : exchange2_drw has 0 polygons
2026-09-25 16:57:05 +0200: Memory Usage (472992K) : exchange2_pin has 0 polygons
2026-09-25 16:57:05 +0200: Memory Usage (472992K) : exchange2_text has 0 polygons
2026-09-25 16:57:05 +0200: Memory Usage (472992K) : exchange3_drw has 0 polygons
2026-09-25 16:57:05 +0200: Memory Usage (472992K) : exchange3_pin has 0 polygons
2026-09-25 16:57:05 +0200: Memory Usage (472992K) : exchange3_text has 0 polygons
2026-09-25 16:57:05 +0200: Memory Usage (472992K) : exchange4_drw has 0 polygons
2026-09-25 16:57:05 +0200: Memory Usage (472992K) : exchange4_pin has 0 polygons
2026-09-25 16:57:05 +0200: Memory Usage (472992K) : exchange4_text has 0 polygons
2026-09-25 16:57:05 +0200: Memory Usage (472992K) : isonwell_drw has 0 polygons
2026-09-25 16:57:05 +0200: Memory Usage (472992K) : Total no. of polygons in the design is 7304
2026-09-25 16:57:05 +0200: Memory Usage (472992K) : Loaded TECH DRC rules values from /foss/pdks/ihp-sg13g2/libs.tech/klayout/python/sg13g2_pycell_lib/sg13g2_tech_mod.json
2026-09-25 16:57:05 +0200: Memory Usage (472992K) : Loaded default DRC rules values from /foss/pdks/ihp-sg13g2/libs.tech/klayout/tech/drc/rule_decks/sg13g2_tech_default.json
2026-09-25 16:57:05 +0200: Memory Usage (472992K) : The following rules values were missing in tech json and default values were used:
2026-09-25 16:57:05 +0200: Memory Usage (472992K) :   - NW_f1_digibnd
2026-09-25 16:57:05 +0200: Memory Usage (472992K) :   - Cnt_c_digibnd
2026-09-25 16:57:05 +0200: Memory Usage (472992K) :   - Cnt_c_sram
2026-09-25 16:57:05 +0200: Memory Usage (472992K) :   - Sdiod_b
2026-09-25 16:57:05 +0200: Memory Usage (472992K) :   - Sdiod_c
2026-09-25 16:57:05 +0200: Memory Usage (473888K) : Total area of the design is 4219.9214999999995 um^2.
2026-09-25 16:57:05 +0200: Memory Usage (473888K) : The design dimensions are 45.3 µm * 93.155 µm.
2026-09-25 16:57:05 +0200: Memory Usage (473888K) : Starting general IHP-SG13G2 derivations.
2026-09-25 16:57:05 +0200: Memory Usage (473888K) : Starting Pwell derivations
2026-09-25 16:57:05 +0200: Memory Usage (475808K) : Starting n-Activ derivations
2026-09-25 16:57:05 +0200: Memory Usage (476192K) : Starting p-Activ derivations
2026-09-25 16:57:05 +0200: Memory Usage (476320K) : Starting ptap derivations
2026-09-25 16:57:05 +0200: Memory Usage (476448K) : Starting ntap derivations
2026-09-25 16:57:05 +0200: Memory Usage (476704K) : Starting pact FET derivations
2026-09-25 16:57:05 +0200: Memory Usage (476704K) : Starting nact FET derivations
2026-09-25 16:57:05 +0200: Memory Usage (476704K) : Starting Gate derivations
2026-09-25 16:57:05 +0200: Memory Usage (476704K) : Starting cont/contbar general derivations
2026-09-25 16:57:05 +0200: Memory Usage (476832K) : Starting pad general derivations
2026-09-25 16:57:05 +0200: Memory Usage (476832K) : Starting schottky_nbl general derivations
2026-09-25 16:57:05 +0200: Memory Usage (476960K) : Starting SVaricap general derivations
2026-09-25 16:57:05 +0200: Memory Usage (477344K) : Starting HBT general derivations
2026-09-25 16:57:05 +0200: Memory Usage (477984K) : Starting IHP-SG13G2 DRC connectivity related derivations.
2026-09-25 16:57:05 +0200: Memory Usage (477984K) : Starting IHP-SG13G2 DRC connectivity setup
2026-09-25 16:57:05 +0200: Memory Usage (478240K) : Starting IHP-SG13G2 DRC rules.
2026-09-25 16:57:05 +0200: Memory Usage (478240K) : Running all FEOL rules
2026-09-25 16:57:05 +0200: Memory Usage (478240K) : Running all BEOL rules
2026-09-25 16:57:05 +0200: Memory Usage (478240K) : Running all PIN rules
2026-09-25 16:57:05 +0200: Memory Usage (478240K) : Running all FORBIDDEN rules
2026-09-25 16:57:05 +0200: Memory Usage (478240K) : Starting 5.1 NWell table
2026-09-25 16:57:05 +0200: Memory Usage (478240K) : Executing rule NW.b
2026-09-25 16:57:05 +0200: Memory Usage (478624K) : Executing rule NW.b1
2026-09-25 16:57:05 +0200: Memory Usage (478752K) : Executing rule NW.f1
2026-09-25 16:57:05 +0200: Memory Usage (478752K) : Executing rule NW.f1.digibnd
2026-09-25 16:57:05 +0200: Memory Usage (478752K) : Starting 5.2 PWell:block
2026-09-25 16:57:05 +0200: Memory Usage (478752K) : Executing rule PWB.e
2026-09-25 16:57:05 +0200: Memory Usage (478752K) : Executing rule PWB.e1
2026-09-25 16:57:05 +0200: Memory Usage (478752K) : Executing rule PWB.f
2026-09-25 16:57:05 +0200: Memory Usage (478752K) : Executing rule PWB.f1
2026-09-25 16:57:05 +0200: Memory Usage (478752K) : Starting 5.3 nBuLay table
2026-09-25 16:57:05 +0200: Memory Usage (478752K) : Executing rule NBL.b
2026-09-25 16:57:05 +0200: Memory Usage (478752K) : Executing rule NBL.c
2026-09-25 16:57:05 +0200: Memory Usage (478752K) : Executing rule NBL.d
2026-09-25 16:57:05 +0200: Memory Usage (478880K) : Executing rule NBL.e
2026-09-25 16:57:05 +0200: Memory Usage (478748K) : Executing rule NBL.f
2026-09-25 16:57:05 +0200: Memory Usage (478748K) : Starting 5.5. Activ table
2026-09-25 16:57:05 +0200: Memory Usage (478748K) : Executing rule Act.a
2026-09-25 16:57:05 +0200: Memory Usage (478748K) : Executing rule Act.b
2026-09-25 16:57:05 +0200: Memory Usage (479004K) : Starting 5.6 Activ:filler table
2026-09-25 16:57:05 +0200: Memory Usage (479004K) : Executing rule AFil.c1
2026-09-25 16:57:05 +0200: Memory Usage (479004K) : Executing rule AFil.c
2026-09-25 16:57:05 +0200: Memory Usage (479004K) : Executing rule AFil.d
2026-09-25 16:57:05 +0200: Memory Usage (479004K) : Executing rule AFil.e
2026-09-25 16:57:05 +0200: Memory Usage (479004K) : Executing rule AFil.j
2026-09-25 16:57:05 +0200: Memory Usage (479004K) : Starting 5.7. ThickGateOx table
2026-09-25 16:57:05 +0200: Memory Usage (479004K) : Executing rule TGO.f
2026-09-25 16:57:05 +0200: Memory Usage (479004K) : Starting 5.8. GatPoly table
2026-09-25 16:57:05 +0200: Memory Usage (479004K) : Executing rule Gat.a
2026-09-25 16:57:05 +0200: Memory Usage (479004K) : Executing rule Gat.b
2026-09-25 16:57:05 +0200: Memory Usage (479260K) : Executing rule Gat.d
2026-09-25 16:57:05 +0200: Memory Usage (479516K) : Executing rule Gat.a1
2026-09-25 16:57:05 +0200: Memory Usage (480028K) : Executing rule Gat.a2
2026-09-25 16:57:05 +0200: Memory Usage (480156K) : Executing rule Gat.g
2026-09-25 16:57:05 +0200: Memory Usage (480152K) : Starting 5.9 GatPoly:filler
2026-09-25 16:57:05 +0200: Memory Usage (480152K) : Executing rule GFil.d
2026-09-25 16:57:05 +0200: Memory Usage (480152K) : Executing rule GFil.e
2026-09-25 16:57:05 +0200: Memory Usage (480152K) : Executing rule GFil.i
2026-09-25 16:57:05 +0200: Memory Usage (480152K) : Starting 5.10 pSD table
2026-09-25 16:57:05 +0200: Memory Usage (480152K) : Executing rule pSD.c1
2026-09-25 16:57:05 +0200: Memory Usage (480024K) : Starting 5.14. Cont table
2026-09-25 16:57:05 +0200: Memory Usage (480024K) : Executing rule Cnt.a
2026-09-25 16:57:05 +0200: Memory Usage (480024K) : Executing rule Cnt.b
2026-09-25 16:57:05 +0200: Memory Usage (480152K) : Executing rule Cnt.c
2026-09-25 16:57:05 +0200: Memory Usage (480664K) : Executing rule Cnt.c.digibnd
2026-09-25 16:57:05 +0200: Memory Usage (480664K) : Executing rule Cnt.c.SRAM
2026-09-25 16:57:05 +0200: Memory Usage (480664K) : Executing rule Cnt.d
2026-09-25 16:57:05 +0200: Memory Usage (480664K) : Executing rule Cnt.e
2026-09-25 16:57:05 +0200: Memory Usage (480792K) : Executing rule Cnt.g1
2026-09-25 16:57:05 +0200: Memory Usage (481048K) : Executing rule Cnt.g2
2026-09-25 16:57:05 +0200: Memory Usage (481432K) : Starting 5.15. ContBar table
2026-09-25 16:57:05 +0200: Memory Usage (481432K) : Executing rule CntB.a
2026-09-25 16:57:05 +0200: Memory Usage (481432K) : Executing rule CntB.a1
2026-09-25 16:57:05 +0200: Memory Usage (481432K) : Executing rule CntB.b1
2026-09-25 16:57:05 +0200: Memory Usage (481432K) : Executing rule CntB.h1
2026-09-25 16:57:05 +0200: Memory Usage (481432K) : Starting 6.1.3 NPN Substrate-Tie table
2026-09-25 16:57:05 +0200: Memory Usage (481432K) : Executing rule npn13G2.bR 
2026-09-25 16:57:05 +0200: Memory Usage (481432K) : Executing rule npn13G2L.cR 
2026-09-25 16:57:05 +0200: Memory Usage (481432K) : Executing rule npn13G2V.cR 
2026-09-25 16:57:05 +0200: Memory Usage (481432K) : Starting 6.7 Schottky diode table
2026-09-25 16:57:05 +0200: Memory Usage (481432K) : Executing rule Sdiod.b
2026-09-25 16:57:05 +0200: Memory Usage (481432K) : Executing rule Sdiod.c
2026-09-25 16:57:05 +0200: Memory Usage (481432K) : Executing rule Sdiod.d
2026-09-25 16:57:05 +0200: Memory Usage (481432K) : Executing rule Sdiod.e
2026-09-25 16:57:05 +0200: Memory Usage (481432K) : Starting 7.2 Latch-up table
2026-09-25 16:57:05 +0200: Memory Usage (481432K) : Executing rule LU.b
2026-09-25 16:57:06 +0200: Memory Usage (481432K) : Starting 5.16. Metal1 table
2026-09-25 16:57:06 +0200: Memory Usage (481432K) : Executing rule M1.a
2026-09-25 16:57:06 +0200: Memory Usage (481432K) : Executing rule M1.b
2026-09-25 16:57:06 +0200: Memory Usage (481944K) : Executing rule M1.e
2026-09-25 16:57:06 +0200: Memory Usage (482072K) : Executing rule M1.f
2026-09-25 16:57:06 +0200: Memory Usage (482072K) : Executing rule M1.g
2026-09-25 16:57:06 +0200: Memory Usage (482072K) : Executing rule M1.i
2026-09-25 16:57:06 +0200: Memory Usage (482072K) : Starting 5.17 Metaln table
2026-09-25 16:57:06 +0200: Memory Usage (482072K) : Executing rule M2.a
2026-09-25 16:57:06 +0200: Memory Usage (482072K) : Executing rule M2.b
2026-09-25 16:57:06 +0200: Memory Usage (482072K) : Executing rule M2.e
2026-09-25 16:57:06 +0200: Memory Usage (482200K) : Executing rule M2.f
2026-09-25 16:57:06 +0200: Memory Usage (482200K) : Executing rule M2.g
2026-09-25 16:57:06 +0200: Memory Usage (482200K) : Executing rule M2.i
2026-09-25 16:57:06 +0200: Memory Usage (482072K) : Executing rule M3.a
2026-09-25 16:57:06 +0200: Memory Usage (482072K) : Executing rule M3.b
2026-09-25 16:57:06 +0200: Memory Usage (482072K) : Executing rule M3.e
2026-09-25 16:57:06 +0200: Memory Usage (482072K) : Executing rule M3.f
2026-09-25 16:57:06 +0200: Memory Usage (482072K) : Executing rule M3.g
2026-09-25 16:57:06 +0200: Memory Usage (482072K) : Executing rule M3.i
2026-09-25 16:57:06 +0200: Memory Usage (482200K) : Executing rule M4.a
2026-09-25 16:57:06 +0200: Memory Usage (482200K) : Executing rule M4.b
2026-09-25 16:57:06 +0200: Memory Usage (482068K) : Executing rule M4.e
2026-09-25 16:57:06 +0200: Memory Usage (482196K) : Executing rule M4.f
2026-09-25 16:57:06 +0200: Memory Usage (482196K) : Executing rule M4.g
2026-09-25 16:57:06 +0200: Memory Usage (482196K) : Executing rule M4.i
2026-09-25 16:57:06 +0200: Memory Usage (482196K) : Executing rule M5.a
2026-09-25 16:57:06 +0200: Memory Usage (482196K) : Executing rule M5.b
2026-09-25 16:57:06 +0200: Memory Usage (482196K) : Executing rule M5.e
2026-09-25 16:57:06 +0200: Memory Usage (482196K) : Executing rule M5.f
2026-09-25 16:57:06 +0200: Memory Usage (482196K) : Executing rule M5.g
2026-09-25 16:57:06 +0200: Memory Usage (482324K) : Executing rule M5.i
2026-09-25 16:57:06 +0200: Memory Usage (482324K) : Starting 5.18 Metaln:filler table
2026-09-25 16:57:06 +0200: Memory Usage (482324K) : Executing rule M1Fil.c
2026-09-25 16:57:06 +0200: Memory Usage (482324K) : Executing rule M1Fil.a2
2026-09-25 16:57:06 +0200: Memory Usage (482324K) : Executing rule M2Fil.c
2026-09-25 16:57:06 +0200: Memory Usage (482324K) : Executing rule M2Fil.a2
2026-09-25 16:57:06 +0200: Memory Usage (482324K) : Executing rule M3Fil.c
2026-09-25 16:57:06 +0200: Memory Usage (482324K) : Executing rule M3Fil.a2
2026-09-25 16:57:06 +0200: Memory Usage (482324K) : Executing rule M4Fil.c
2026-09-25 16:57:06 +0200: Memory Usage (482324K) : Executing rule M4Fil.a2
2026-09-25 16:57:06 +0200: Memory Usage (482324K) : Executing rule M5Fil.c
2026-09-25 16:57:06 +0200: Memory Usage (482324K) : Executing rule M5Fil.a2
2026-09-25 16:57:06 +0200: Memory Usage (482324K) : Starting 5.19. Via1 table
2026-09-25 16:57:06 +0200: Memory Usage (482324K) : Starting 5.19. Via1 table derivations
2026-09-25 16:57:06 +0200: Memory Usage (482324K) : Executing rule V1.a
2026-09-25 16:57:06 +0200: Memory Usage (482324K) : Executing rule V1.b
2026-09-25 16:57:06 +0200: Memory Usage (482324K) : Executing rule V1.c
2026-09-25 16:57:06 +0200: Memory Usage (482324K) : Starting 5.20. Vian table
2026-09-25 16:57:06 +0200: Memory Usage (482324K) : Executing rule V2.a
2026-09-25 16:57:06 +0200: Memory Usage (482324K) : Executing rule V2.b
2026-09-25 16:57:06 +0200: Memory Usage (482324K) : Executing rule V2.c
2026-09-25 16:57:06 +0200: Memory Usage (482452K) : Executing rule V3.a
2026-09-25 16:57:06 +0200: Memory Usage (482452K) : Executing rule V3.b
2026-09-25 16:57:06 +0200: Memory Usage (482452K) : Executing rule V3.c
2026-09-25 16:57:06 +0200: Memory Usage (482324K) : Executing rule V4.a
2026-09-25 16:57:06 +0200: Memory Usage (482324K) : Executing rule V4.b
2026-09-25 16:57:06 +0200: Memory Usage (482324K) : Executing rule V4.c
2026-09-25 16:57:06 +0200: Memory Usage (482324K) : Starting 5.21. TopVia1 table
2026-09-25 16:57:06 +0200: Memory Usage (482324K) : Executing rule TV1.a
2026-09-25 16:57:06 +0200: Memory Usage (482324K) : Executing rule TV1.b
2026-09-25 16:57:06 +0200: Memory Usage (482324K) : Executing rule TV1.c
2026-09-25 16:57:06 +0200: Memory Usage (482452K) : Executing rule TV1.d
2026-09-25 16:57:06 +0200: Memory Usage (482580K) : Starting 5.22. TopMetal1 table
2026-09-25 16:57:06 +0200: Memory Usage (482580K) : Executing rule TM1.a
2026-09-25 16:57:06 +0200: Memory Usage (482580K) : Executing rule TM1.b
2026-09-25 16:57:06 +0200: Memory Usage (482580K) : Starting 5.23 TopMetal1:filler table
2026-09-25 16:57:06 +0200: Memory Usage (482580K) : Executing rule TM1Fil.c
2026-09-25 16:57:06 +0200: Memory Usage (482580K) : Executing rule TM1Fil.a1
2026-09-25 16:57:06 +0200: Memory Usage (482580K) : Starting 5.24. TopVia2 table
2026-09-25 16:57:06 +0200: Memory Usage (482580K) : Executing rule TV2.a
2026-09-25 16:57:06 +0200: Memory Usage (482580K) : Executing rule TV2.b
2026-09-25 16:57:06 +0200: Memory Usage (482580K) : Executing rule TV2.c
2026-09-25 16:57:06 +0200: Memory Usage (482580K) : Executing rule TV2.d
2026-09-25 16:57:06 +0200: Memory Usage (482580K) : Starting 5.25. TopMetal2 table
2026-09-25 16:57:06 +0200: Memory Usage (482580K) : Executing rule TM2.a
2026-09-25 16:57:06 +0200: Memory Usage (482580K) : Executing rule TM2.b
2026-09-25 16:57:06 +0200: Memory Usage (482580K) : Executing rule TM2.bR
2026-09-25 16:57:06 +0200: Memory Usage (482580K) : Starting 5.26 TopMetal2:filler table
2026-09-25 16:57:06 +0200: Memory Usage (482580K) : Executing rule TM2Fil.c
2026-09-25 16:57:06 +0200: Memory Usage (482580K) : Executing rule TM2Fil.a1
2026-09-25 16:57:06 +0200: Memory Usage (482580K) : Starting 5.27. Passiv table
2026-09-25 16:57:06 +0200: Memory Usage (482580K) : Executing rule Pas.a
2026-09-25 16:57:06 +0200: Memory Usage (482580K) : Executing rule Pas.b
2026-09-25 16:57:06 +0200: Memory Usage (482580K) : Executing rule Pas.c
2026-09-25 16:57:06 +0200: Memory Usage (482580K) : Starting 6.9.2 Copper Pillar table
2026-09-25 16:57:06 +0200: Memory Usage (482580K) : Executing rule Padc.a
2026-09-25 16:57:06 +0200: Memory Usage (482580K) : Executing rule Padc.b
2026-09-25 16:57:06 +0200: Memory Usage (482580K) : Executing rule Padc.c
2026-09-25 16:57:06 +0200: Memory Usage (482580K) : Executing rule Padb.f
2026-09-25 16:57:06 +0200: Memory Usage (482580K) : Starting 6.9 Pad table
2026-09-25 16:57:06 +0200: Memory Usage (482580K) : Executing rule Pad.m
2026-09-25 16:57:06 +0200: Memory Usage (482580K) : Executing rule Pad.fR_M1
2026-09-25 16:57:06 +0200: Memory Usage (482708K) : Executing rule Pad.fR_M2
2026-09-25 16:57:06 +0200: Memory Usage (482708K) : Executing rule Pad.fR_M3
2026-09-25 16:57:06 +0200: Memory Usage (482708K) : Executing rule Pad.fR_M4
2026-09-25 16:57:06 +0200: Memory Usage (482708K) : Executing rule Pad.fR_M5
2026-09-25 16:57:06 +0200: Memory Usage (482708K) : Executing rule Pad.fR_TM1
2026-09-25 16:57:06 +0200: Memory Usage (482708K) : Executing rule Pad.fR_TM2
2026-09-25 16:57:06 +0200: Memory Usage (482708K) : Executing rule Pad.i
2026-09-25 16:57:06 +0200: Memory Usage (482708K) : Starting 6.9.1 Solder Bump
2026-09-25 16:57:06 +0200: Memory Usage (482708K) : Executing rule Padb.a
2026-09-25 16:57:06 +0200: Memory Usage (482708K) : Executing rule Padb.b
2026-09-25 16:57:06 +0200: Memory Usage (482708K) : Executing rule Padb.c
2026-09-25 16:57:06 +0200: Memory Usage (482708K) : Executing rule Padb.f
2026-09-25 16:57:06 +0200: Memory Usage (482708K) : Executing rule Padb.d
2026-09-25 16:57:06 +0200: Memory Usage (482708K) : Starting 6.10 Sealring table
2026-09-25 16:57:06 +0200: Memory Usage (482708K) : Executing rule Seal.l
2026-09-25 16:57:06 +0200: Memory Usage (482708K) : Executing rule Seal.n
2026-09-25 16:57:06 +0200: Memory Usage (482708K) : Executing rule seal.b_metal1
2026-09-25 16:57:06 +0200: Memory Usage (482708K) : Executing rule seal.b_metal2
2026-09-25 16:57:06 +0200: Memory Usage (482708K) : Executing rule seal.b_metal3
2026-09-25 16:57:06 +0200: Memory Usage (482708K) : Executing rule seal.b_metal4
2026-09-25 16:57:06 +0200: Memory Usage (482708K) : Executing rule seal.b_metal5
2026-09-25 16:57:06 +0200: Memory Usage (482708K) : Executing rule seal.b_topmetal1
2026-09-25 16:57:06 +0200: Memory Usage (482708K) : Executing rule seal.b_topmetal2
2026-09-25 16:57:06 +0200: Memory Usage (482708K) : Executing rule seal.b_activ
2026-09-25 16:57:06 +0200: Memory Usage (482708K) : Executing rule seal.b_psd
2026-09-25 16:57:06 +0200: Memory Usage (482708K) : Executing rule Seal.k
2026-09-25 16:57:06 +0200: Memory Usage (482708K) : Executing rule Seal.m
2026-09-25 16:57:06 +0200: Memory Usage (482708K) : Starting 6.11 MIM table
2026-09-25 16:57:06 +0200: Memory Usage (482708K) : Executing rule MIM.c
2026-09-25 16:57:06 +0200: Memory Usage (482708K) : Executing rule MIM.d
2026-09-25 16:57:06 +0200: Memory Usage (482708K) : Executing rule MIM.gR
2026-09-25 16:57:06 +0200: Memory Usage (482708K) : Starting 7.3 Metal Slits table
2026-09-25 16:57:06 +0200: Memory Usage (482708K) : Executing rule Slt.e1_M1
2026-09-25 16:57:06 +0200: Memory Usage (482708K) : Executing rule Slt.e1_M2
2026-09-25 16:57:06 +0200: Memory Usage (482708K) : Executing rule Slt.e1_M3
2026-09-25 16:57:06 +0200: Memory Usage (482708K) : Executing rule Slt.e1_M4
2026-09-25 16:57:06 +0200: Memory Usage (482708K) : Executing rule Slt.e1_M5
2026-09-25 16:57:06 +0200: Memory Usage (482708K) : Executing rule Slt.e1_TM1
2026-09-25 16:57:06 +0200: Memory Usage (482708K) : Executing rule Slt.e1_TM2
2026-09-25 16:57:06 +0200: Memory Usage (482708K) : Starting 9.1. LBE table
2026-09-25 16:57:06 +0200: Memory Usage (482708K) : Executing rule LBE.a
2026-09-25 16:57:06 +0200: Memory Usage (482708K) : Executing rule LBE.b
2026-09-25 16:57:06 +0200: Memory Usage (482708K) : Executing rule LBE.b1
2026-09-25 16:57:06 +0200: Memory Usage (482708K) : Executing rule LBE.c
2026-09-25 16:57:06 +0200: Memory Usage (482708K) : Executing rule LBE.d
2026-09-25 16:57:06 +0200: Memory Usage (482708K) : Executing rule LBE.h
2026-09-25 16:57:06 +0200: Memory Usage (482708K) : Starting 7.4. PIN table
2026-09-25 16:57:06 +0200: Memory Usage (482708K) : Executing rule Pin.a
2026-09-25 16:57:06 +0200: Memory Usage (482708K) : Executing rule Pin.b
2026-09-25 16:57:06 +0200: Memory Usage (482708K) : Executing rule Pin.e
2026-09-25 16:57:06 +0200: Memory Usage (482708K) : Executing rule Pin.f_M2
2026-09-25 16:57:06 +0200: Memory Usage (482836K) : Executing rule Pin.f_M3
2026-09-25 16:57:06 +0200: Memory Usage (482836K) : Executing rule Pin.f_M4
2026-09-25 16:57:06 +0200: Memory Usage (482836K) : Executing rule Pin.f_M5
2026-09-25 16:57:06 +0200: Memory Usage (482836K) : Executing rule Pin.g
2026-09-25 16:57:06 +0200: Memory Usage (482836K) : Executing rule Pin.h
2026-09-25 16:57:06 +0200: Memory Usage (482836K) : Starting 3.1. offgrid table
2026-09-25 16:57:06 +0200: Memory Usage (482836K) : Executing rule activ_drw_Offgrid
2026-09-25 16:57:06 +0200: Memory Usage (482836K) : Executing rule activ_mask_Offgrid
2026-09-25 16:57:06 +0200: Memory Usage (482836K) : Executing rule activ_filler_Offgrid
2026-09-25 16:57:06 +0200: Memory Usage (482836K) : Executing rule activ_opc_Offgrid
2026-09-25 16:57:06 +0200: Memory Usage (482836K) : Executing rule activ_iopc_Offgrid
2026-09-25 16:57:06 +0200: Memory Usage (482836K) : Executing rule biwind_drw_Offgrid
2026-09-25 16:57:06 +0200: Memory Usage (482836K) : Executing rule biwind_opc_Offgrid
2026-09-25 16:57:06 +0200: Memory Usage (482836K) : Executing rule pemwind_drw_Offgrid
2026-09-25 16:57:06 +0200: Memory Usage (482836K) : Executing rule gatpoly_drw_Offgrid
2026-09-25 16:57:06 +0200: Memory Usage (482836K) : Executing rule gatpoly_filler_Offgrid
2026-09-25 16:57:06 +0200: Memory Usage (482836K) : Executing rule gatpoly_opc_Offgrid
2026-09-25 16:57:06 +0200: Memory Usage (482836K) : Executing rule gatpoly_iopc_Offgrid
2026-09-25 16:57:06 +0200: Memory Usage (482964K) : Executing rule gatpoly_noqrc_Offgrid
2026-09-25 16:57:06 +0200: Memory Usage (483476K) : Executing rule cont_drw_Offgrid
2026-09-25 16:57:06 +0200: Memory Usage (487956K) : Executing rule cont_opc_Offgrid
2026-09-25 16:57:06 +0200: Memory Usage (487956K) : Executing rule nsd_drw_Offgrid
2026-09-25 16:57:06 +0200: Memory Usage (488084K) : Executing rule nsd_block_Offgrid
2026-09-25 16:57:06 +0200: Memory Usage (488212K) : Executing rule metal1_drw_Offgrid
2026-09-25 16:57:06 +0200: Memory Usage (488212K) : Executing rule metal1_mask_Offgrid
2026-09-25 16:57:06 +0200: Memory Usage (488340K) : Executing rule metal1_filler_Offgrid
2026-09-25 16:57:06 +0200: Memory Usage (488596K) : Executing rule metal1_slit_Offgrid
2026-09-25 16:57:06 +0200: Memory Usage (488852K) : Executing rule metal1_opc_Offgrid
2026-09-25 16:57:06 +0200: Memory Usage (488852K) : Executing rule metal1_noqrc_Offgrid
2026-09-25 16:57:06 +0200: Memory Usage (488852K) : Executing rule metal1_res_Offgrid
2026-09-25 16:57:06 +0200: Memory Usage (488852K) : Executing rule metal1_iprobe_Offgrid
2026-09-25 16:57:06 +0200: Memory Usage (488852K) : Executing rule metal1_diffprb_Offgrid
2026-09-25 16:57:06 +0200: Memory Usage (488852K) : Executing rule passiv_drw_Offgrid
2026-09-25 16:57:06 +0200: Memory Usage (488852K) : Executing rule passiv_pillar_Offgrid
2026-09-25 16:57:06 +0200: Memory Usage (488852K) : Executing rule passiv_sbump_Offgrid
2026-09-25 16:57:06 +0200: Memory Usage (488852K) : Executing rule passiv_pdl_Offgrid
2026-09-25 16:57:06 +0200: Memory Usage (488852K) : Executing rule metal2_drw_Offgrid
2026-09-25 16:57:06 +0200: Memory Usage (488852K) : Executing rule metal2_mask_Offgrid
2026-09-25 16:57:06 +0200: Memory Usage (488852K) : Executing rule metal2_filler_Offgrid
2026-09-25 16:57:06 +0200: Memory Usage (488852K) : Executing rule metal2_slit_Offgrid
2026-09-25 16:57:06 +0200: Memory Usage (488852K) : Executing rule metal2_opc_Offgrid
2026-09-25 16:57:06 +0200: Memory Usage (488852K) : Executing rule metal2_noqrc_Offgrid
2026-09-25 16:57:06 +0200: Memory Usage (488852K) : Executing rule metal2_res_Offgrid
2026-09-25 16:57:06 +0200: Memory Usage (488852K) : Executing rule metal2_iprobe_Offgrid
2026-09-25 16:57:06 +0200: Memory Usage (488852K) : Executing rule metal2_diffprb_Offgrid
2026-09-25 16:57:06 +0200: Memory Usage (488852K) : Executing rule baspoly_drw_Offgrid
2026-09-25 16:57:06 +0200: Memory Usage (488852K) : Executing rule psd_drw_Offgrid
2026-09-25 16:57:06 +0200: Memory Usage (488852K) : Executing rule nldb_drw_Offgrid
2026-09-25 16:57:06 +0200: Memory Usage (488852K) : Executing rule via1_drw_Offgrid
2026-09-25 16:57:06 +0200: Memory Usage (488852K) : Executing rule backmetal1_drw_Offgrid
2026-09-25 16:57:07 +0200: Memory Usage (488852K) : Executing rule backmetal1_mask_Offgrid
2026-09-25 16:57:07 +0200: Memory Usage (488852K) : Executing rule backmetal1_filler_Offgrid
2026-09-25 16:57:07 +0200: Memory Usage (488852K) : Executing rule backmetal1_slit_Offgrid
2026-09-25 16:57:07 +0200: Memory Usage (488852K) : Executing rule backmetal1_opc_Offgrid
2026-09-25 16:57:07 +0200: Memory Usage (488852K) : Executing rule backmetal1_noqrc_Offgrid
2026-09-25 16:57:07 +0200: Memory Usage (488852K) : Executing rule backmetal1_res_Offgrid
2026-09-25 16:57:07 +0200: Memory Usage (488852K) : Executing rule backmetal1_iprobe_Offgrid
2026-09-25 16:57:07 +0200: Memory Usage (488852K) : Executing rule backmetal1_diffprb_Offgrid
2026-09-25 16:57:07 +0200: Memory Usage (488852K) : Executing rule backpassiv_drw_Offgrid
2026-09-25 16:57:07 +0200: Memory Usage (488852K) : Executing rule salblock_drw_Offgrid
2026-09-25 16:57:07 +0200: Memory Usage (488852K) : Executing rule via2_drw_Offgrid
2026-09-25 16:57:07 +0200: Memory Usage (488852K) : Executing rule metal3_drw_Offgrid
2026-09-25 16:57:07 +0200: Memory Usage (488852K) : Executing rule metal3_mask_Offgrid
2026-09-25 16:57:07 +0200: Memory Usage (488852K) : Executing rule metal3_filler_Offgrid
2026-09-25 16:57:07 +0200: Memory Usage (488852K) : Executing rule metal3_slit_Offgrid
2026-09-25 16:57:07 +0200: Memory Usage (488852K) : Executing rule metal3_opc_Offgrid
2026-09-25 16:57:07 +0200: Memory Usage (488852K) : Executing rule metal3_noqrc_Offgrid
2026-09-25 16:57:07 +0200: Memory Usage (488852K) : Executing rule metal3_res_Offgrid
2026-09-25 16:57:07 +0200: Memory Usage (488852K) : Executing rule metal3_iprobe_Offgrid
2026-09-25 16:57:07 +0200: Memory Usage (488852K) : Executing rule metal3_diffprb_Offgrid
2026-09-25 16:57:07 +0200: Memory Usage (488852K) : Executing rule nwell_drw_Offgrid
2026-09-25 16:57:07 +0200: Memory Usage (488852K) : Executing rule nbulay_drw_Offgrid
2026-09-25 16:57:07 +0200: Memory Usage (488852K) : Executing rule nbulay_block_Offgrid
2026-09-25 16:57:07 +0200: Memory Usage (488852K) : Executing rule pwell_drw_Offgrid
2026-09-25 16:57:07 +0200: Memory Usage (488852K) : Executing rule pwell_block_Offgrid
2026-09-25 16:57:07 +0200: Memory Usage (488852K) : Executing rule emwind_drw_Offgrid
2026-09-25 16:57:07 +0200: Memory Usage (488852K) : Executing rule emwind_opc_Offgrid
2026-09-25 16:57:07 +0200: Memory Usage (488852K) : Executing rule deepco_drw_Offgrid
2026-09-25 16:57:07 +0200: Memory Usage (488852K) : Executing rule mim_drw_Offgrid
2026-09-25 16:57:07 +0200: Memory Usage (488852K) : Executing rule substrate_drw_Offgrid
2026-09-25 16:57:07 +0200: Memory Usage (488852K) : Executing rule ic_drw_Offgrid
2026-09-25 16:57:07 +0200: Memory Usage (488852K) : Executing rule via3_drw_Offgrid
2026-09-25 16:57:07 +0200: Memory Usage (488852K) : Executing rule pldb_drw_Offgrid
2026-09-25 16:57:07 +0200: Memory Usage (488852K) : Executing rule metal4_drw_Offgrid
2026-09-25 16:57:07 +0200: Memory Usage (488852K) : Executing rule metal4_mask_Offgrid
2026-09-25 16:57:07 +0200: Memory Usage (488852K) : Executing rule metal4_filler_Offgrid
2026-09-25 16:57:07 +0200: Memory Usage (488852K) : Executing rule metal4_slit_Offgrid
2026-09-25 16:57:07 +0200: Memory Usage (488852K) : Executing rule metal4_opc_Offgrid
2026-09-25 16:57:07 +0200: Memory Usage (488852K) : Executing rule metal4_noqrc_Offgrid
2026-09-25 16:57:07 +0200: Memory Usage (488852K) : Executing rule metal4_res_Offgrid
2026-09-25 16:57:07 +0200: Memory Usage (488852K) : Executing rule metal4_iprobe_Offgrid
2026-09-25 16:57:07 +0200: Memory Usage (488852K) : Executing rule metal4_diffprb_Offgrid
2026-09-25 16:57:07 +0200: Memory Usage (488852K) : Executing rule via4_drw_Offgrid
2026-09-25 16:57:07 +0200: Memory Usage (488852K) : Executing rule metal5_drw_Offgrid
2026-09-25 16:57:07 +0200: Memory Usage (488852K) : Executing rule metal5_mask_Offgrid
2026-09-25 16:57:07 +0200: Memory Usage (488852K) : Executing rule metal5_filler_Offgrid
2026-09-25 16:57:07 +0200: Memory Usage (488852K) : Executing rule metal5_slit_Offgrid
2026-09-25 16:57:07 +0200: Memory Usage (488852K) : Executing rule metal5_opc_Offgrid
2026-09-25 16:57:07 +0200: Memory Usage (488852K) : Executing rule metal5_noqrc_Offgrid
2026-09-25 16:57:07 +0200: Memory Usage (488852K) : Executing rule metal5_res_Offgrid
2026-09-25 16:57:07 +0200: Memory Usage (489108K) : Executing rule metal5_iprobe_Offgrid
2026-09-25 16:57:07 +0200: Memory Usage (489492K) : Executing rule metal5_diffprb_Offgrid
2026-09-25 16:57:07 +0200: Memory Usage (490004K) : Executing rule prboundary_drw_Offgrid
2026-09-25 16:57:07 +0200: Memory Usage (490516K) : Executing rule exchange0_drw_Offgrid
2026-09-25 16:57:07 +0200: Memory Usage (491028K) : Executing rule exchange1_drw_Offgrid
2026-09-25 16:57:07 +0200: Memory Usage (491540K) : Executing rule exchange2_drw_Offgrid
2026-09-25 16:57:07 +0200: Memory Usage (492052K) : Executing rule exchange3_drw_Offgrid
2026-09-25 16:57:07 +0200: Memory Usage (492308K) : Executing rule exchange4_drw_Offgrid
2026-09-25 16:57:07 +0200: Memory Usage (492308K) : Executing rule isonwell_drw_Offgrid
2026-09-25 16:57:07 +0200: Memory Usage (492308K) : Executing rule thickgateox_drw_Offgrid
2026-09-25 16:57:07 +0200: Memory Usage (492308K) : Executing rule pempoly_drw_Offgrid
2026-09-25 16:57:07 +0200: Memory Usage (492308K) : Executing rule fbe_drw_Offgrid
2026-09-25 16:57:07 +0200: Memory Usage (492308K) : Executing rule empoly_drw_Offgrid
2026-09-25 16:57:07 +0200: Memory Usage (492308K) : Executing rule ldmos_drw_Offgrid
2026-09-25 16:57:07 +0200: Memory Usage (492308K) : Executing rule pbiwind_drw_Offgrid
2026-09-25 16:57:07 +0200: Memory Usage (492308K) : Executing rule colopen_drw_Offgrid
2026-09-25 16:57:07 +0200: Memory Usage (492308K) : Executing rule extblock_drw_Offgrid
2026-09-25 16:57:07 +0200: Memory Usage (492308K) : Executing rule nldd_drw_Offgrid
2026-09-25 16:57:07 +0200: Memory Usage (492308K) : Executing rule pldd_drw_Offgrid
2026-09-25 16:57:07 +0200: Memory Usage (492308K) : Executing rule next_drw_Offgrid
2026-09-25 16:57:07 +0200: Memory Usage (492308K) : Executing rule pext_drw_Offgrid
2026-09-25 16:57:07 +0200: Memory Usage (492308K) : Executing rule nexthv_drw_Offgrid
2026-09-25 16:57:07 +0200: Memory Usage (492308K) : Executing rule pexthv_drw_Offgrid
2026-09-25 16:57:07 +0200: Memory Usage (492308K) : Executing rule graphgate_drw_Offgrid
2026-09-25 16:57:07 +0200: Memory Usage (492308K) : Executing rule mempad_drw_Offgrid
2026-09-25 16:57:07 +0200: Memory Usage (492308K) : Executing rule topvia1_drw_Offgrid
2026-09-25 16:57:07 +0200: Memory Usage (492308K) : Executing rule topmetal1_drw_Offgrid
2026-09-25 16:57:07 +0200: Memory Usage (492308K) : Executing rule topmetal1_mask_Offgrid
2026-09-25 16:57:07 +0200: Memory Usage (492308K) : Executing rule topmetal1_filler_Offgrid
2026-09-25 16:57:07 +0200: Memory Usage (492308K) : Executing rule topmetal1_slit_Offgrid
2026-09-25 16:57:07 +0200: Memory Usage (492308K) : Executing rule topmetal1_noqrc_Offgrid
2026-09-25 16:57:07 +0200: Memory Usage (492308K) : Executing rule topmetal1_res_Offgrid
2026-09-25 16:57:07 +0200: Memory Usage (492308K) : Executing rule topmetal1_iprobe_Offgrid
2026-09-25 16:57:07 +0200: Memory Usage (492308K) : Executing rule topmetal1_diffprb_Offgrid
2026-09-25 16:57:07 +0200: Memory Usage (492308K) : Executing rule inldpwl_drw_Offgrid
2026-09-25 16:57:07 +0200: Memory Usage (492308K) : Executing rule polyres_drw_Offgrid
2026-09-25 16:57:07 +0200: Memory Usage (492308K) : Executing rule vmim_drw_Offgrid
2026-09-25 16:57:07 +0200: Memory Usage (492308K) : Executing rule nbulaycut_drw_Offgrid
2026-09-25 16:57:07 +0200: Memory Usage (492308K) : Executing rule antmetal1_drw_Offgrid
2026-09-25 16:57:07 +0200: Memory Usage (492308K) : Executing rule topvia2_drw_Offgrid
2026-09-25 16:57:07 +0200: Memory Usage (492308K) : Executing rule topmetal2_drw_Offgrid
2026-09-25 16:57:07 +0200: Memory Usage (492308K) : Executing rule topmetal2_mask_Offgrid
2026-09-25 16:57:07 +0200: Memory Usage (492308K) : Executing rule topmetal2_filler_Offgrid
2026-09-25 16:57:07 +0200: Memory Usage (492308K) : Executing rule topmetal2_slit_Offgrid
2026-09-25 16:57:07 +0200: Memory Usage (492308K) : Executing rule topmetal2_noqrc_Offgrid
2026-09-25 16:57:07 +0200: Memory Usage (492308K) : Executing rule topmetal2_res_Offgrid
2026-09-25 16:57:07 +0200: Memory Usage (492308K) : Executing rule topmetal2_iprobe_Offgrid
2026-09-25 16:57:07 +0200: Memory Usage (492308K) : Executing rule topmetal2_diffprb_Offgrid
2026-09-25 16:57:07 +0200: Memory Usage (492308K) : Executing rule snsring_drw_Offgrid
2026-09-25 16:57:07 +0200: Memory Usage (492308K) : Executing rule sensor_drw_Offgrid
2026-09-25 16:57:07 +0200: Memory Usage (492308K) : Executing rule snsarms_drw_Offgrid
2026-09-25 16:57:07 +0200: Memory Usage (492308K) : Executing rule snscmosvia_drw_Offgrid
2026-09-25 16:57:07 +0200: Memory Usage (492308K) : Executing rule colwind_drw_Offgrid
2026-09-25 16:57:07 +0200: Memory Usage (492308K) : Executing rule flm_drw_Offgrid
2026-09-25 16:57:07 +0200: Memory Usage (492308K) : Executing rule hafniumox_drw_Offgrid
2026-09-25 16:57:07 +0200: Memory Usage (492308K) : Executing rule memvia_drw_Offgrid
2026-09-25 16:57:07 +0200: Memory Usage (492308K) : Executing rule thinfilmres_drw_Offgrid
2026-09-25 16:57:07 +0200: Memory Usage (492308K) : Executing rule rfmem_drw_Offgrid
2026-09-25 16:57:07 +0200: Memory Usage (492308K) : Executing rule snsbotvia_drw_Offgrid
2026-09-25 16:57:07 +0200: Memory Usage (492308K) : Executing rule snstopvia_drw_Offgrid
2026-09-25 16:57:07 +0200: Memory Usage (492308K) : Executing rule deepvia_drw_Offgrid
2026-09-25 16:57:07 +0200: Memory Usage (492308K) : Executing rule fgetch_drw_Offgrid
2026-09-25 16:57:07 +0200: Memory Usage (492308K) : Executing rule ctrgat_drw_Offgrid
2026-09-25 16:57:07 +0200: Memory Usage (492308K) : Executing rule fgimp_drw_Offgrid
2026-09-25 16:57:07 +0200: Memory Usage (492308K) : Executing rule emwihv_drw_Offgrid
2026-09-25 16:57:07 +0200: Memory Usage (492308K) : Executing rule lbe_drw_Offgrid
2026-09-25 16:57:07 +0200: Memory Usage (492308K) : Executing rule alcustop_drw_Offgrid
2026-09-25 16:57:07 +0200: Memory Usage (492308K) : Starting 3.2. angle table
2026-09-25 16:57:07 +0200: Memory Usage (492308K) : Executing rule activ_drw_Acute
2026-09-25 16:57:07 +0200: Memory Usage (492308K) : Executing rule activ_pin_Acute
2026-09-25 16:57:07 +0200: Memory Usage (492308K) : Executing rule activ_mask_Acute
2026-09-25 16:57:07 +0200: Memory Usage (492308K) : Executing rule activ_filler_Acute
2026-09-25 16:57:07 +0200: Memory Usage (492308K) : Executing rule activ_nofill_Acute
2026-09-25 16:57:07 +0200: Memory Usage (492308K) : Executing rule activ_opc_Acute
2026-09-25 16:57:07 +0200: Memory Usage (492308K) : Executing rule activ_iopc_Acute
2026-09-25 16:57:07 +0200: Memory Usage (492308K) : Executing rule activ_noqrc_Acute
2026-09-25 16:57:07 +0200: Memory Usage (492308K) : Executing rule biwind_drw_Acute
2026-09-25 16:57:07 +0200: Memory Usage (492308K) : Executing rule biwind_opc_Acute
2026-09-25 16:57:07 +0200: Memory Usage (492308K) : Executing rule pemwind_drw_Acute
2026-09-25 16:57:07 +0200: Memory Usage (492308K) : Executing rule gatpoly_drw_Acute
2026-09-25 16:57:07 +0200: Memory Usage (492308K) : Executing rule gatpoly_pin_Acute
2026-09-25 16:57:07 +0200: Memory Usage (492308K) : Executing rule gatpoly_filler_Acute
2026-09-25 16:57:07 +0200: Memory Usage (492308K) : Executing rule gatpoly_nofill_Acute
2026-09-25 16:57:07 +0200: Memory Usage (492308K) : Executing rule gatpoly_opc_Acute
2026-09-25 16:57:07 +0200: Memory Usage (492308K) : Executing rule gatpoly_iopc_Acute
2026-09-25 16:57:07 +0200: Memory Usage (492308K) : Executing rule gatpoly_noqrc_Acute
2026-09-25 16:57:07 +0200: Memory Usage (492308K) : Executing rule cont_drw_Acute
2026-09-25 16:57:07 +0200: Memory Usage (495252K) : Executing rule cont_opc_Acute
2026-09-25 16:57:07 +0200: Memory Usage (495380K) : Executing rule nsd_drw_Acute
2026-09-25 16:57:07 +0200: Memory Usage (495380K) : Executing rule nsd_block_Acute
2026-09-25 16:57:07 +0200: Memory Usage (496020K) : Executing rule metal1_drw_Acute
2026-09-25 16:57:07 +0200: Memory Usage (496916K) : Executing rule metal1_pin_Acute
2026-09-25 16:57:07 +0200: Memory Usage (497172K) : Executing rule metal1_mask_Acute
2026-09-25 16:57:07 +0200: Memory Usage (497684K) : Executing rule metal1_filler_Acute
2026-09-25 16:57:07 +0200: Memory Usage (498324K) : Executing rule metal1_nofill_Acute
2026-09-25 16:57:07 +0200: Memory Usage (498964K) : Executing rule metal1_slit_Acute
2026-09-25 16:57:07 +0200: Memory Usage (499476K) : Executing rule metal1_opc_Acute
2026-09-25 16:57:07 +0200: Memory Usage (499604K) : Executing rule metal1_noqrc_Acute
2026-09-25 16:57:07 +0200: Memory Usage (499604K) : Executing rule metal1_res_Acute
2026-09-25 16:57:07 +0200: Memory Usage (499604K) : Executing rule metal1_iprobe_Acute
2026-09-25 16:57:07 +0200: Memory Usage (499604K) : Executing rule metal1_diffprb_Acute
2026-09-25 16:57:07 +0200: Memory Usage (499604K) : Executing rule passiv_drw_Acute
2026-09-25 16:57:07 +0200: Memory Usage (499604K) : Executing rule passiv_pin_Acute
2026-09-25 16:57:07 +0200: Memory Usage (499604K) : Executing rule passiv_pillar_Acute
2026-09-25 16:57:07 +0200: Memory Usage (499604K) : Executing rule passiv_sbump_Acute
2026-09-25 16:57:07 +0200: Memory Usage (499604K) : Executing rule passiv_pdl_Acute
2026-09-25 16:57:07 +0200: Memory Usage (499604K) : Executing rule metal2_drw_Acute
2026-09-25 16:57:08 +0200: Memory Usage (499604K) : Executing rule metal2_pin_Acute
2026-09-25 16:57:08 +0200: Memory Usage (499604K) : Executing rule metal2_mask_Acute
2026-09-25 16:57:08 +0200: Memory Usage (499604K) : Executing rule metal2_filler_Acute
2026-09-25 16:57:08 +0200: Memory Usage (499604K) : Executing rule metal2_nofill_Acute
2026-09-25 16:57:08 +0200: Memory Usage (499604K) : Executing rule metal2_slit_Acute
2026-09-25 16:57:08 +0200: Memory Usage (499604K) : Executing rule metal2_opc_Acute
2026-09-25 16:57:08 +0200: Memory Usage (499604K) : Executing rule metal2_noqrc_Acute
2026-09-25 16:57:08 +0200: Memory Usage (499604K) : Executing rule metal2_res_Acute
2026-09-25 16:57:08 +0200: Memory Usage (499604K) : Executing rule metal2_iprobe_Acute
2026-09-25 16:57:08 +0200: Memory Usage (499604K) : Executing rule metal2_diffprb_Acute
2026-09-25 16:57:08 +0200: Memory Usage (499604K) : Executing rule baspoly_drw_Acute
2026-09-25 16:57:08 +0200: Memory Usage (499604K) : Executing rule baspoly_pin_Acute
2026-09-25 16:57:08 +0200: Memory Usage (499604K) : Executing rule psd_drw_Acute
2026-09-25 16:57:08 +0200: Memory Usage (499604K) : Executing rule nldb_drw_Acute
2026-09-25 16:57:08 +0200: Memory Usage (499604K) : Executing rule via1_drw_Acute
2026-09-25 16:57:08 +0200: Memory Usage (499604K) : Executing rule backmetal1_drw_Acute
2026-09-25 16:57:08 +0200: Memory Usage (499604K) : Executing rule backmetal1_pin_Acute
2026-09-25 16:57:08 +0200: Memory Usage (499604K) : Executing rule backmetal1_mask_Acute
2026-09-25 16:57:08 +0200: Memory Usage (499604K) : Executing rule backmetal1_filler_Acute
2026-09-25 16:57:08 +0200: Memory Usage (499604K) : Executing rule backmetal1_nofill_Acute
2026-09-25 16:57:08 +0200: Memory Usage (499604K) : Executing rule backmetal1_slit_Acute
2026-09-25 16:57:08 +0200: Memory Usage (499604K) : Executing rule backmetal1_opc_Acute
2026-09-25 16:57:08 +0200: Memory Usage (499604K) : Executing rule backmetal1_noqrc_Acute
2026-09-25 16:57:08 +0200: Memory Usage (499604K) : Executing rule backmetal1_res_Acute
2026-09-25 16:57:08 +0200: Memory Usage (499604K) : Executing rule backmetal1_iprobe_Acute
2026-09-25 16:57:08 +0200: Memory Usage (499604K) : Executing rule backmetal1_diffprb_Acute
2026-09-25 16:57:08 +0200: Memory Usage (499604K) : Executing rule backpassiv_drw_Acute
2026-09-25 16:57:08 +0200: Memory Usage (499604K) : Executing rule salblock_drw_Acute
2026-09-25 16:57:08 +0200: Memory Usage (499604K) : Executing rule via2_drw_Acute
2026-09-25 16:57:08 +0200: Memory Usage (499604K) : Executing rule metal3_drw_Acute
2026-09-25 16:57:08 +0200: Memory Usage (499604K) : Executing rule metal3_pin_Acute
2026-09-25 16:57:08 +0200: Memory Usage (499604K) : Executing rule metal3_mask_Acute
2026-09-25 16:57:08 +0200: Memory Usage (499604K) : Executing rule metal3_filler_Acute
2026-09-25 16:57:08 +0200: Memory Usage (499604K) : Executing rule metal3_nofill_Acute
2026-09-25 16:57:08 +0200: Memory Usage (499604K) : Executing rule metal3_slit_Acute
2026-09-25 16:57:08 +0200: Memory Usage (499604K) : Executing rule metal3_opc_Acute
2026-09-25 16:57:08 +0200: Memory Usage (499604K) : Executing rule metal3_noqrc_Acute
2026-09-25 16:57:08 +0200: Memory Usage (499604K) : Executing rule metal3_res_Acute
2026-09-25 16:57:08 +0200: Memory Usage (499604K) : Executing rule metal3_iprobe_Acute
2026-09-25 16:57:08 +0200: Memory Usage (499604K) : Executing rule metal3_diffprb_Acute
2026-09-25 16:57:08 +0200: Memory Usage (499604K) : Executing rule nwell_drw_Acute
2026-09-25 16:57:08 +0200: Memory Usage (499604K) : Executing rule nwell_pin_Acute
2026-09-25 16:57:08 +0200: Memory Usage (499604K) : Executing rule nbulay_drw_Acute
2026-09-25 16:57:08 +0200: Memory Usage (499604K) : Executing rule nbulay_pin_Acute
2026-09-25 16:57:08 +0200: Memory Usage (499604K) : Executing rule nbulay_block_Acute
2026-09-25 16:57:08 +0200: Memory Usage (499604K) : Executing rule pwell_drw_Acute
2026-09-25 16:57:08 +0200: Memory Usage (499604K) : Executing rule pwell_pin_Acute
2026-09-25 16:57:08 +0200: Memory Usage (499604K) : Executing rule pwell_block_Acute
2026-09-25 16:57:08 +0200: Memory Usage (499604K) : Executing rule emwind_drw_Acute
2026-09-25 16:57:08 +0200: Memory Usage (499604K) : Executing rule emwind_opc_Acute
2026-09-25 16:57:08 +0200: Memory Usage (499604K) : Executing rule deepco_drw_Acute
2026-09-25 16:57:08 +0200: Memory Usage (499604K) : Executing rule mim_drw_Acute
2026-09-25 16:57:08 +0200: Memory Usage (499604K) : Executing rule substrate_drw_Acute
2026-09-25 16:57:08 +0200: Memory Usage (499604K) : Executing rule ic_drw_Acute
2026-09-25 16:57:08 +0200: Memory Usage (499604K) : Executing rule via3_drw_Acute
2026-09-25 16:57:08 +0200: Memory Usage (499604K) : Executing rule pldb_drw_Acute
2026-09-25 16:57:08 +0200: Memory Usage (499604K) : Executing rule metal4_drw_Acute
2026-09-25 16:57:08 +0200: Memory Usage (499604K) : Executing rule metal4_pin_Acute
2026-09-25 16:57:08 +0200: Memory Usage (499604K) : Executing rule metal4_mask_Acute
2026-09-25 16:57:08 +0200: Memory Usage (499604K) : Executing rule metal4_filler_Acute
2026-09-25 16:57:08 +0200: Memory Usage (499604K) : Executing rule metal4_nofill_Acute
2026-09-25 16:57:08 +0200: Memory Usage (499604K) : Executing rule metal4_slit_Acute
2026-09-25 16:57:08 +0200: Memory Usage (499604K) : Executing rule metal4_opc_Acute
2026-09-25 16:57:08 +0200: Memory Usage (499604K) : Executing rule metal4_noqrc_Acute
2026-09-25 16:57:08 +0200: Memory Usage (499604K) : Executing rule metal4_res_Acute
2026-09-25 16:57:08 +0200: Memory Usage (499604K) : Executing rule metal4_iprobe_Acute
2026-09-25 16:57:08 +0200: Memory Usage (499604K) : Executing rule metal4_diffprb_Acute
2026-09-25 16:57:08 +0200: Memory Usage (499604K) : Executing rule via4_drw_Acute
2026-09-25 16:57:08 +0200: Memory Usage (499604K) : Executing rule metal5_drw_Acute
2026-09-25 16:57:08 +0200: Memory Usage (499604K) : Executing rule metal5_pin_Acute
2026-09-25 16:57:08 +0200: Memory Usage (499604K) : Executing rule metal5_mask_Acute
2026-09-25 16:57:08 +0200: Memory Usage (499604K) : Executing rule metal5_filler_Acute
2026-09-25 16:57:08 +0200: Memory Usage (499604K) : Executing rule metal5_nofill_Acute
2026-09-25 16:57:08 +0200: Memory Usage (499604K) : Executing rule metal5_slit_Acute
2026-09-25 16:57:08 +0200: Memory Usage (499604K) : Executing rule metal5_opc_Acute
2026-09-25 16:57:08 +0200: Memory Usage (499604K) : Executing rule metal5_noqrc_Acute
2026-09-25 16:57:08 +0200: Memory Usage (499604K) : Executing rule metal5_res_Acute
2026-09-25 16:57:08 +0200: Memory Usage (499604K) : Executing rule metal5_iprobe_Acute
2026-09-25 16:57:08 +0200: Memory Usage (499604K) : Executing rule metal5_diffprb_Acute
2026-09-25 16:57:08 +0200: Memory Usage (499604K) : Executing rule prboundary_drw_Acute
2026-09-25 16:57:08 +0200: Memory Usage (499604K) : Executing rule exchange0_drw_Acute
2026-09-25 16:57:08 +0200: Memory Usage (499604K) : Executing rule exchange0_pin_Acute
2026-09-25 16:57:08 +0200: Memory Usage (499604K) : Executing rule exchange1_drw_Acute
2026-09-25 16:57:08 +0200: Memory Usage (499604K) : Executing rule exchange1_pin_Acute
2026-09-25 16:57:08 +0200: Memory Usage (499604K) : Executing rule exchange2_drw_Acute
2026-09-25 16:57:08 +0200: Memory Usage (499604K) : Executing rule exchange2_pin_Acute
2026-09-25 16:57:08 +0200: Memory Usage (499604K) : Executing rule exchange3_drw_Acute
2026-09-25 16:57:08 +0200: Memory Usage (499604K) : Executing rule exchange3_pin_Acute
2026-09-25 16:57:08 +0200: Memory Usage (499604K) : Executing rule exchange4_drw_Acute
2026-09-25 16:57:08 +0200: Memory Usage (499604K) : Executing rule exchange4_pin_Acute
2026-09-25 16:57:08 +0200: Memory Usage (499604K) : Executing rule isonwell_drw_Acute
2026-09-25 16:57:08 +0200: Memory Usage (499604K) : Executing rule thickgateox_drw_Acute
2026-09-25 16:57:08 +0200: Memory Usage (499604K) : Executing rule pempoly_drw_Acute
2026-09-25 16:57:08 +0200: Memory Usage (499604K) : Executing rule fbe_drw_Acute
2026-09-25 16:57:08 +0200: Memory Usage (499604K) : Executing rule empoly_drw_Acute
2026-09-25 16:57:08 +0200: Memory Usage (499604K) : Executing rule ldmos_drw_Acute
2026-09-25 16:57:08 +0200: Memory Usage (499604K) : Executing rule pbiwind_drw_Acute
2026-09-25 16:57:08 +0200: Memory Usage (499604K) : Executing rule colopen_drw_Acute
2026-09-25 16:57:08 +0200: Memory Usage (499604K) : Executing rule extblock_drw_Acute
2026-09-25 16:57:08 +0200: Memory Usage (499604K) : Executing rule nldd_drw_Acute
2026-09-25 16:57:08 +0200: Memory Usage (499604K) : Executing rule pldd_drw_Acute
2026-09-25 16:57:08 +0200: Memory Usage (499604K) : Executing rule next_drw_Acute
2026-09-25 16:57:08 +0200: Memory Usage (499604K) : Executing rule pext_drw_Acute
2026-09-25 16:57:08 +0200: Memory Usage (499604K) : Executing rule nexthv_drw_Acute
2026-09-25 16:57:08 +0200: Memory Usage (499604K) : Executing rule pexthv_drw_Acute
2026-09-25 16:57:08 +0200: Memory Usage (499604K) : Executing rule graphgate_drw_Acute
2026-09-25 16:57:08 +0200: Memory Usage (499604K) : Executing rule mempad_drw_Acute
2026-09-25 16:57:08 +0200: Memory Usage (499604K) : Executing rule topvia1_drw_Acute
2026-09-25 16:57:08 +0200: Memory Usage (499604K) : Executing rule topmetal1_drw_Acute
2026-09-25 16:57:08 +0200: Memory Usage (499604K) : Executing rule topmetal1_pin_Acute
2026-09-25 16:57:08 +0200: Memory Usage (499604K) : Executing rule topmetal1_mask_Acute
2026-09-25 16:57:08 +0200: Memory Usage (499604K) : Executing rule topmetal1_filler_Acute
2026-09-25 16:57:08 +0200: Memory Usage (499604K) : Executing rule topmetal1_nofill_Acute
2026-09-25 16:57:08 +0200: Memory Usage (499604K) : Executing rule topmetal1_slit_Acute
2026-09-25 16:57:08 +0200: Memory Usage (499604K) : Executing rule topmetal1_noqrc_Acute
2026-09-25 16:57:08 +0200: Memory Usage (499604K) : Executing rule topmetal1_res_Acute
2026-09-25 16:57:08 +0200: Memory Usage (499604K) : Executing rule topmetal1_iprobe_Acute
2026-09-25 16:57:08 +0200: Memory Usage (499604K) : Executing rule topmetal1_diffprb_Acute
2026-09-25 16:57:08 +0200: Memory Usage (499604K) : Executing rule inldpwl_drw_Acute
2026-09-25 16:57:08 +0200: Memory Usage (499604K) : Executing rule polyres_drw_Acute
2026-09-25 16:57:08 +0200: Memory Usage (499604K) : Executing rule polyres_pin_Acute
2026-09-25 16:57:08 +0200: Memory Usage (499604K) : Executing rule vmim_drw_Acute
2026-09-25 16:57:08 +0200: Memory Usage (499604K) : Executing rule nbulaycut_drw_Acute
2026-09-25 16:57:08 +0200: Memory Usage (499604K) : Executing rule antmetal1_drw_Acute
2026-09-25 16:57:08 +0200: Memory Usage (499604K) : Executing rule topvia2_drw_Acute
2026-09-25 16:57:08 +0200: Memory Usage (499604K) : Executing rule topmetal2_drw_Acute
2026-09-25 16:57:08 +0200: Memory Usage (499604K) : Executing rule topmetal2_pin_Acute
2026-09-25 16:57:08 +0200: Memory Usage (499604K) : Executing rule topmetal2_mask_Acute
2026-09-25 16:57:08 +0200: Memory Usage (499604K) : Executing rule topmetal2_filler_Acute
2026-09-25 16:57:08 +0200: Memory Usage (499604K) : Executing rule topmetal2_nofill_Acute
2026-09-25 16:57:08 +0200: Memory Usage (499604K) : Executing rule topmetal2_slit_Acute
2026-09-25 16:57:08 +0200: Memory Usage (499604K) : Executing rule topmetal2_noqrc_Acute
2026-09-25 16:57:08 +0200: Memory Usage (499604K) : Executing rule topmetal2_res_Acute
2026-09-25 16:57:08 +0200: Memory Usage (499604K) : Executing rule topmetal2_iprobe_Acute
2026-09-25 16:57:08 +0200: Memory Usage (499604K) : Executing rule topmetal2_diffprb_Acute
2026-09-25 16:57:08 +0200: Memory Usage (499604K) : Executing rule snsring_drw_Acute
2026-09-25 16:57:08 +0200: Memory Usage (499604K) : Executing rule sensor_drw_Acute
2026-09-25 16:57:08 +0200: Memory Usage (499604K) : Executing rule snsarms_drw_Acute
2026-09-25 16:57:08 +0200: Memory Usage (499604K) : Executing rule snscmosvia_drw_Acute
2026-09-25 16:57:08 +0200: Memory Usage (499604K) : Executing rule colwind_drw_Acute
2026-09-25 16:57:08 +0200: Memory Usage (499604K) : Executing rule flm_drw_Acute
2026-09-25 16:57:08 +0200: Memory Usage (499604K) : Executing rule hafniumox_drw_Acute
2026-09-25 16:57:08 +0200: Memory Usage (499604K) : Executing rule memvia_drw_Acute
2026-09-25 16:57:08 +0200: Memory Usage (499604K) : Executing rule thinfilmres_drw_Acute
2026-09-25 16:57:08 +0200: Memory Usage (499604K) : Executing rule rfmem_drw_Acute
2026-09-25 16:57:08 +0200: Memory Usage (499604K) : Executing rule snsbotvia_drw_Acute
2026-09-25 16:57:09 +0200: Memory Usage (499604K) : Executing rule snstopvia_drw_Acute
2026-09-25 16:57:09 +0200: Memory Usage (499604K) : Executing rule deepvia_drw_Acute
2026-09-25 16:57:09 +0200: Memory Usage (499604K) : Executing rule fgetch_drw_Acute
2026-09-25 16:57:09 +0200: Memory Usage (499604K) : Executing rule ctrgat_drw_Acute
2026-09-25 16:57:09 +0200: Memory Usage (499604K) : Executing rule fgimp_drw_Acute
2026-09-25 16:57:09 +0200: Memory Usage (499604K) : Executing rule emwihv_drw_Acute
2026-09-25 16:57:09 +0200: Memory Usage (499604K) : Executing rule lbe_drw_Acute
2026-09-25 16:57:09 +0200: Memory Usage (499604K) : Executing rule alcustop_drw_Acute
2026-09-25 16:57:09 +0200: Memory Usage (499604K) : Executing rule cont_drw_Angle90
2026-09-25 16:57:09 +0200: Memory Usage (500500K) : Executing rule via1_drw_Angle90
2026-09-25 16:57:09 +0200: Memory Usage (500372K) : Executing rule via2_drw_Angle90
2026-09-25 16:57:09 +0200: Memory Usage (500372K) : Executing rule via3_drw_Angle90
2026-09-25 16:57:09 +0200: Memory Usage (500372K) : Executing rule via4_drw_Angle90
2026-09-25 16:57:09 +0200: Memory Usage (500372K) : Executing rule vmim_drw_Angle90
2026-09-25 16:57:09 +0200: Memory Usage (500372K) : Executing rule topvia1_drw_Angle90
2026-09-25 16:57:09 +0200: Memory Usage (500372K) : Executing rule topvia2_drw_Angle90
2026-09-25 16:57:09 +0200: Memory Usage (500372K) : Executing rule gatpoly_drw_Angle45
2026-09-25 16:57:09 +0200: Memory Usage (500628K) : Executing rule activ_drw_Angle45
2026-09-25 16:57:09 +0200: Memory Usage (500756K) : Executing rule metal1_drw_Angle45
2026-09-25 16:57:09 +0200: Memory Usage (501140K) : Executing rule metal2_drw_Angle45
2026-09-25 16:57:09 +0200: Memory Usage (501268K) : Executing rule metal3_drw_Angle45
2026-09-25 16:57:09 +0200: Memory Usage (501136K) : Executing rule metal4_drw_Angle45
2026-09-25 16:57:09 +0200: Memory Usage (501264K) : Executing rule metal5_drw_Angle45
2026-09-25 16:57:09 +0200: Memory Usage (501264K) : Executing rule topmetal1_drw_Angle45
2026-09-25 16:57:09 +0200: Memory Usage (501392K) : Executing rule topmetal2_drw_Angle45
2026-09-25 16:57:09 +0200: Memory Usage (501392K) : Starting 3.2. FORBIDDEN table
2026-09-25 16:57:09 +0200: Memory Usage (501392K) : Executing rule forbidden.biwind
2026-09-25 16:57:09 +0200: Memory Usage (501392K) : Executing rule forbidden.pemwind
2026-09-25 16:57:09 +0200: Memory Usage (501392K) : Executing rule forbidden.baspoly
2026-09-25 16:57:09 +0200: Memory Usage (501392K) : Executing rule forbidden.deepco
2026-09-25 16:57:09 +0200: Memory Usage (501392K) : Executing rule forbidden.pempoly
2026-09-25 16:57:09 +0200: Memory Usage (501392K) : Executing rule forbidden.empoly
2026-09-25 16:57:09 +0200: Memory Usage (501392K) : Executing rule forbidden.ldmos
2026-09-25 16:57:09 +0200: Memory Usage (501392K) : Executing rule forbidden.pbiwind
2026-09-25 16:57:09 +0200: Memory Usage (501392K) : Executing rule forbidden.nodrc
2026-09-25 16:57:09 +0200: Memory Usage (501392K) : Executing rule forbidden.flash
2026-09-25 16:57:09 +0200: Memory Usage (501392K) : Executing rule forbidden.colwind
2026-09-25 16:57:09 +0200: Memory Usage (501392K) : KLayout DRC run for tables 'main' completed in 4.51 seconds
