# Logfile created on 2026-09-25 16:50:06 +0200 by logger.rb/v1.5.3
2026-09-25 16:50:06 +0200: Memory Usage (456996K) : Starting running SG13G2 Klayout LVS runset on /foss/designs/unicasss-tools/SG13G2_2.4GHz_LC_VCO_FPLL/gds/blocks/CHARGE_PUMP_V2.gds
2026-09-25 16:50:06 +0200: Memory Usage (456996K) : Ruby Version for klayout: 3.2.3
2026-09-25 16:50:06 +0200: Memory Usage (458020K) : Loading database to memory is complete.
2026-09-25 16:50:06 +0200: Memory Usage (458020K) : SG13G2 Klayout LVS runset output at: /foss/designs/unicasss-tools/SG13G2_2.4GHz_LC_VCO_FPLL/lvs/lvs_run_CHARGE_PUMP/CHARGE_PUMP_V2.lvsdb
2026-09-25 16:50:06 +0200: Memory Usage (458020K) : Evaluate switches.
2026-09-25 16:50:06 +0200: Memory Usage (458020K) : Extracted netlist with net names: true
2026-09-25 16:50:06 +0200: Memory Usage (458020K) : Extracted netlist with comments in details: false
2026-09-25 16:50:06 +0200: Memory Usage (458020K) : Selected NET_ONLY option: false
2026-09-25 16:50:06 +0200: Memory Usage (458020K) : Selected LAYOUT_NETLIST option: (none)
2026-09-25 16:50:06 +0200: Memory Usage (458020K) : Selected IGNORE_TOP_PORTS_MISMATCH option: 
2026-09-25 16:50:06 +0200: Memory Usage (458020K) : Selected IMPLICIT_NETS option: (none)
2026-09-25 16:50:06 +0200: Memory Usage (458020K) : Selected TOP_LVL_PINS option: false
2026-09-25 16:50:06 +0200: Memory Usage (458020K) : Selected COMBINE DEVICES option: false
2026-09-25 16:50:06 +0200: Memory Usage (458020K) : Selected PURGE option: false
2026-09-25 16:50:06 +0200: Memory Usage (458020K) : Selected PURGE_NETS option: false
2026-09-25 16:50:06 +0200: Memory Usage (458020K) : Selected SIMPLIFY option: true
2026-09-25 16:50:06 +0200: Memory Usage (458020K) : Selected SERIES_RES option: true
2026-09-25 16:50:06 +0200: Memory Usage (458020K) : Selected PARALLEL_RES option: true
2026-09-25 16:50:06 +0200: Memory Usage (458020K) : Selected DISABLE_TAP_EXTRACTION option: false
2026-09-25 16:50:06 +0200: Memory Usage (458020K) : deep  mode is enabled.
2026-09-25 16:50:06 +0200: Memory Usage (459300K) : Netlist file: /foss/designs/unicasss-tools/SG13G2_2.4GHz_LC_VCO_FPLL/spice/CHARGE_PUMP.spice
2026-09-25 16:50:06 +0200: Memory Usage (459300K) : LVS extracted netlist at: /foss/designs/unicasss-tools/SG13G2_2.4GHz_LC_VCO_FPLL/lvs/lvs_run_CHARGE_PUMP/CHARGE_PUMP_V2_extracted.cir
2026-09-25 16:50:06 +0200: Memory Usage (459300K) : Applying SRAM integration support.
2026-09-25 16:50:06 +0200: Memory Usage (459300K) : Starting SG13G2 LVS runset
2026-09-25 16:50:06 +0200: Memory Usage (459300K) : Read in polygons from layers.
2026-09-25 16:50:06 +0200: Memory Usage (460580K) : activ_drw has 147 polygons
2026-09-25 16:50:06 +0200: Memory Usage (460580K) : activ_filler has 0 polygons
2026-09-25 16:50:06 +0200: Memory Usage (460708K) : activ has 147 polygons
2026-09-25 16:50:06 +0200: Memory Usage (460708K) : activ_pin has 0 polygons
2026-09-25 16:50:06 +0200: Memory Usage (460708K) : activ_mask has 0 polygons
2026-09-25 16:50:06 +0200: Memory Usage (460708K) : activ_nofill has 0 polygons
2026-09-25 16:50:06 +0200: Memory Usage (460708K) : activ_OPC has 0 polygons
2026-09-25 16:50:06 +0200: Memory Usage (460708K) : activ_iOPC has 0 polygons
2026-09-25 16:50:06 +0200: Memory Usage (460708K) : activ_noqrc has 0 polygons
2026-09-25 16:50:06 +0200: Memory Usage (460708K) : biwind_drw has 0 polygons
2026-09-25 16:50:06 +0200: Memory Usage (460708K) : biwind_OPC has 0 polygons
2026-09-25 16:50:06 +0200: Memory Usage (460836K) : gatpoly_drw has 360 polygons
2026-09-25 16:50:06 +0200: Memory Usage (460964K) : gatpoly_filler has 0 polygons
2026-09-25 16:50:06 +0200: Memory Usage (460964K) : gatpoly has 360 polygons
2026-09-25 16:50:06 +0200: Memory Usage (460964K) : gatpoly_pin has 5 polygons
2026-09-25 16:50:06 +0200: Memory Usage (460964K) : gatpoly_nofill has 0 polygons
2026-09-25 16:50:06 +0200: Memory Usage (460964K) : gatpoly_OPC has 0 polygons
2026-09-25 16:50:06 +0200: Memory Usage (460964K) : gatpoly_iOPC has 0 polygons
2026-09-25 16:50:06 +0200: Memory Usage (460964K) : gatpoly_noqrc has 0 polygons
2026-09-25 16:50:06 +0200: Memory Usage (460964K) : cont_drw has 4247 polygons
2026-09-25 16:50:06 +0200: Memory Usage (460964K) : cont_OPC has 0 polygons
2026-09-25 16:50:06 +0200: Memory Usage (461092K) : nsd_drw has 0 polygons
2026-09-25 16:50:06 +0200: Memory Usage (461220K) : nsd_block has 0 polygons
2026-09-25 16:50:06 +0200: Memory Usage (461220K) : metal1_drw has 1006 polygons
2026-09-25 16:50:06 +0200: Memory Usage (461348K) : metal1_filler has 0 polygons
2026-09-25 16:50:06 +0200: Memory Usage (461348K) : metal1_slit has 0 polygons
2026-09-25 16:50:06 +0200: Memory Usage (461732K) : metal1 has 1006 polygons
2026-09-25 16:50:06 +0200: Memory Usage (461860K) : metal1_pin has 10 polygons
2026-09-25 16:50:06 +0200: Memory Usage (461860K) : metal1_mask has 0 polygons
2026-09-25 16:50:06 +0200: Memory Usage (461860K) : metal1_nofill has 0 polygons
2026-09-25 16:50:06 +0200: Memory Usage (462116K) : metal1_text has 2 polygons
2026-09-25 16:50:06 +0200: Memory Usage (462116K) : metal1_OPC has 0 polygons
2026-09-25 16:50:06 +0200: Memory Usage (462244K) : metal1_noqrc has 0 polygons
2026-09-25 16:50:06 +0200: Memory Usage (462244K) : metal1_res has 0 polygons
2026-09-25 16:50:06 +0200: Memory Usage (462372K) : metal1_iprobe has 0 polygons
2026-09-25 16:50:06 +0200: Memory Usage (462372K) : metal1_diffprb has 0 polygons
2026-09-25 16:50:06 +0200: Memory Usage (462500K) : passiv_drw has 0 polygons
2026-09-25 16:50:06 +0200: Memory Usage (462628K) : passiv_pin has 0 polygons
2026-09-25 16:50:06 +0200: Memory Usage (462756K) : passiv_sbump has 0 polygons
2026-09-25 16:50:06 +0200: Memory Usage (462756K) : passiv_pillar has 0 polygons
2026-09-25 16:50:06 +0200: Memory Usage (462884K) : passiv_pdl has 0 polygons
2026-09-25 16:50:06 +0200: Memory Usage (462884K) : metal2_drw has 190 polygons
2026-09-25 16:50:06 +0200: Memory Usage (463012K) : metal2_filler has 0 polygons
2026-09-25 16:50:06 +0200: Memory Usage (463012K) : metal2_slit has 0 polygons
2026-09-25 16:50:06 +0200: Memory Usage (463140K) : metal2 has 190 polygons
2026-09-25 16:50:06 +0200: Memory Usage (463268K) : metal2_pin has 4 polygons
2026-09-25 16:50:06 +0200: Memory Usage (463268K) : metal2_mask has 0 polygons
2026-09-25 16:50:06 +0200: Memory Usage (463268K) : metal2_nofill has 0 polygons
2026-09-25 16:50:06 +0200: Memory Usage (463396K) : metal2_text has 5 polygons
2026-09-25 16:50:06 +0200: Memory Usage (463524K) : metal2_OPC has 0 polygons
2026-09-25 16:50:06 +0200: Memory Usage (463524K) : metal2_noqrc has 0 polygons
2026-09-25 16:50:06 +0200: Memory Usage (463652K) : metal2_res has 0 polygons
2026-09-25 16:50:06 +0200: Memory Usage (463780K) : metal2_iprobe has 0 polygons
2026-09-25 16:50:06 +0200: Memory Usage (463780K) : metal2_diffprb has 0 polygons
2026-09-25 16:50:06 +0200: Memory Usage (463908K) : baspoly_drw has 0 polygons
2026-09-25 16:50:06 +0200: Memory Usage (464036K) : baspoly_pin has 0 polygons
2026-09-25 16:50:06 +0200: Memory Usage (464036K) : psd_drw has 29 polygons
2026-09-25 16:50:06 +0200: Memory Usage (464164K) : nldb_drw has 0 polygons
2026-09-25 16:50:06 +0200: Memory Usage (464164K) : digibnd_drw has 0 polygons
2026-09-25 16:50:06 +0200: Memory Usage (464292K) : via1_drw has 875 polygons
2026-09-25 16:50:06 +0200: Memory Usage (464292K) : backmetal1_drw has 0 polygons
2026-09-25 16:50:06 +0200: Memory Usage (464420K) : backmetal1_pin has 0 polygons
2026-09-25 16:50:06 +0200: Memory Usage (464420K) : backmetal1_mask has 0 polygons
2026-09-25 16:50:06 +0200: Memory Usage (464548K) : backmetal1_filler has 0 polygons
2026-09-25 16:50:06 +0200: Memory Usage (464548K) : backmetal1_nofill has 0 polygons
2026-09-25 16:50:06 +0200: Memory Usage (464548K) : backmetal1_slit has 0 polygons
2026-09-25 16:50:06 +0200: Memory Usage (464548K) : backmetal1_text has 0 polygons
2026-09-25 16:50:06 +0200: Memory Usage (464676K) : backmetal1_OPC has 0 polygons
2026-09-25 16:50:06 +0200: Memory Usage (464676K) : backmetal1_noqrc has 0 polygons
2026-09-25 16:50:06 +0200: Memory Usage (464676K) : backmetal1_res has 0 polygons
2026-09-25 16:50:06 +0200: Memory Usage (464804K) : backmetal1_iprobe has 0 polygons
2026-09-25 16:50:06 +0200: Memory Usage (464804K) : backmetal1_diffprb has 0 polygons
2026-09-25 16:50:06 +0200: Memory Usage (464804K) : backpassiv_drw has 0 polygons
2026-09-25 16:50:06 +0200: Memory Usage (464932K) : res_drw has 0 polygons
2026-09-25 16:50:06 +0200: Memory Usage (464932K) : sram_drw has 0 polygons
2026-09-25 16:50:06 +0200: Memory Usage (464932K) : trans_drw has 0 polygons
2026-09-25 16:50:06 +0200: Memory Usage (465060K) : ind_drw has 0 polygons
2026-09-25 16:50:06 +0200: Memory Usage (465188K) : ind_pin has 0 polygons
2026-09-25 16:50:06 +0200: Memory Usage (465188K) : ind_text has 0 polygons
2026-09-25 16:50:06 +0200: Memory Usage (465316K) : salblock_drw has 0 polygons
2026-09-25 16:50:06 +0200: Memory Usage (465316K) : via2_drw has 91 polygons
2026-09-25 16:50:06 +0200: Memory Usage (465444K) : metal3_drw has 13 polygons
2026-09-25 16:50:06 +0200: Memory Usage (465444K) : metal3_filler has 0 polygons
2026-09-25 16:50:06 +0200: Memory Usage (465572K) : metal3_slit has 0 polygons
2026-09-25 16:50:06 +0200: Memory Usage (465700K) : metal3 has 13 polygons
2026-09-25 16:50:06 +0200: Memory Usage (465700K) : metal3_pin has 2 polygons
2026-09-25 16:50:06 +0200: Memory Usage (465828K) : metal3_mask has 0 polygons
2026-09-25 16:50:06 +0200: Memory Usage (465828K) : metal3_nofill has 0 polygons
2026-09-25 16:50:06 +0200: Memory Usage (465956K) : metal3_text has 2 polygons
2026-09-25 16:50:06 +0200: Memory Usage (465956K) : metal3_OPC has 0 polygons
2026-09-25 16:50:06 +0200: Memory Usage (466084K) : metal3_noqrc has 0 polygons
2026-09-25 16:50:06 +0200: Memory Usage (466084K) : metal3_res has 0 polygons
2026-09-25 16:50:06 +0200: Memory Usage (466212K) : metal3_iprobe has 0 polygons
2026-09-25 16:50:06 +0200: Memory Usage (466212K) : metal3_diffprb has 0 polygons
2026-09-25 16:50:06 +0200: Memory Usage (466340K) : nwell_drw has 8 polygons
2026-09-25 16:50:06 +0200: Memory Usage (466340K) : nwell_pin has 0 polygons
2026-09-25 16:50:06 +0200: Memory Usage (466468K) : nwell_text has 0 polygons
2026-09-25 16:50:06 +0200: Memory Usage (466596K) : nbulay_drw has 14 polygons
2026-09-25 16:50:06 +0200: Memory Usage (466596K) : nbulay_pin has 0 polygons
2026-09-25 16:50:06 +0200: Memory Usage (466596K) : nbulay_block has 0 polygons
2026-09-25 16:50:06 +0200: Memory Usage (466724K) : emwind_drw has 0 polygons
2026-09-25 16:50:06 +0200: Memory Usage (466724K) : emwind_OPC has 0 polygons
2026-09-25 16:50:06 +0200: Memory Usage (466724K) : deepco_drw has 0 polygons
2026-09-25 16:50:06 +0200: Memory Usage (466724K) : mim_drw has 0 polygons
2026-09-25 16:50:06 +0200: Memory Usage (466852K) : edgeseal_drw has 0 polygons
2026-09-25 16:50:06 +0200: Memory Usage (466852K) : substrate_drw has 28 polygons
2026-09-25 16:50:06 +0200: Memory Usage (466980K) : substrate_text has 0 polygons
2026-09-25 16:50:06 +0200: Memory Usage (466980K) : dfpad_drw has 0 polygons
2026-09-25 16:50:06 +0200: Memory Usage (467108K) : dfpad_pillar has 0 polygons
2026-09-25 16:50:06 +0200: Memory Usage (467108K) : dfpad_sbump has 0 polygons
2026-09-25 16:50:06 +0200: Memory Usage (467236K) : thickgateox_drw has 0 polygons
2026-09-25 16:50:06 +0200: Memory Usage (467364K) : pldb_drw has 0 polygons
2026-09-25 16:50:06 +0200: Memory Usage (467364K) : pwell_drw has 0 polygons
2026-09-25 16:50:06 +0200: Memory Usage (467492K) : pwell_pin has 0 polygons
2026-09-25 16:50:06 +0200: Memory Usage (467492K) : pwell_block has 0 polygons
2026-09-25 16:50:06 +0200: Memory Usage (467620K) : ic_drw has 0 polygons
2026-09-25 16:50:06 +0200: Memory Usage (467620K) : via3_drw has 64 polygons
2026-09-25 16:50:06 +0200: Memory Usage (467748K) : metal4_drw has 7 polygons
2026-09-25 16:50:06 +0200: Memory Usage (467748K) : metal4_filler has 0 polygons
2026-09-25 16:50:06 +0200: Memory Usage (467876K) : metal4_slit has 0 polygons
2026-09-25 16:50:06 +0200: Memory Usage (468004K) : metal4 has 7 polygons
2026-09-25 16:50:06 +0200: Memory Usage (468004K) : metal4_pin has 0 polygons
2026-09-25 16:50:06 +0200: Memory Usage (468132K) : metal4_mask has 0 polygons
2026-09-25 16:50:06 +0200: Memory Usage (468132K) : metal4_nofill has 0 polygons
2026-09-25 16:50:06 +0200: Memory Usage (468260K) : metal4_text has 0 polygons
2026-09-25 16:50:06 +0200: Memory Usage (468388K) : metal4_OPC has 0 polygons
2026-09-25 16:50:06 +0200: Memory Usage (468388K) : metal4_noqrc has 0 polygons
2026-09-25 16:50:06 +0200: Memory Usage (468516K) : metal4_res has 0 polygons
2026-09-25 16:50:06 +0200: Memory Usage (468516K) : metal4_iprobe has 0 polygons
2026-09-25 16:50:06 +0200: Memory Usage (468644K) : metal4_diffprb has 0 polygons
2026-09-25 16:50:06 +0200: Memory Usage (468644K) : heattrans_drw has 88 polygons
2026-09-25 16:50:06 +0200: Memory Usage (468772K) : heatres_drw has 0 polygons
2026-09-25 16:50:06 +0200: Memory Usage (468772K) : fbe_drw has 0 polygons
2026-09-25 16:50:06 +0200: Memory Usage (468900K) : empoly_drw has 0 polygons
2026-09-25 16:50:06 +0200: Memory Usage (468900K) : digisub_drw has 0 polygons
2026-09-25 16:50:06 +0200: Memory Usage (469028K) : text_drw has 16 polygons
2026-09-25 16:50:06 +0200: Memory Usage (469028K) : via4_drw has 64 polygons
2026-09-25 16:50:06 +0200: Memory Usage (469028K) : metal5_drw has 7 polygons
2026-09-25 16:50:06 +0200: Memory Usage (469156K) : metal5_filler has 0 polygons
2026-09-25 16:50:06 +0200: Memory Usage (469156K) : metal5_slit has 0 polygons
2026-09-25 16:50:06 +0200: Memory Usage (469284K) : metal5 has 7 polygons
2026-09-25 16:50:06 +0200: Memory Usage (469284K) : metal5_pin has 0 polygons
2026-09-25 16:50:06 +0200: Memory Usage (469412K) : metal5_mask has 0 polygons
2026-09-25 16:50:06 +0200: Memory Usage (469540K) : metal5_nofill has 0 polygons
2026-09-25 16:50:06 +0200: Memory Usage (469540K) : metal5_text has 0 polygons
2026-09-25 16:50:06 +0200: Memory Usage (469668K) : metal5_OPC has 0 polygons
2026-09-25 16:50:06 +0200: Memory Usage (469668K) : metal5_noqrc has 0 polygons
2026-09-25 16:50:06 +0200: Memory Usage (469796K) : metal5_res has 0 polygons
2026-09-25 16:50:06 +0200: Memory Usage (469796K) : metal5_iprobe has 0 polygons
2026-09-25 16:50:06 +0200: Memory Usage (469924K) : metal5_diffprb has 0 polygons
2026-09-25 16:50:06 +0200: Memory Usage (469924K) : radhard_drw has 0 polygons
2026-09-25 16:50:06 +0200: Memory Usage (470052K) : memcap_drw has 0 polygons
2026-09-25 16:50:06 +0200: Memory Usage (470052K) : varicap_drw has 0 polygons
2026-09-25 16:50:06 +0200: Memory Usage (470180K) : intbondvia_drw has 0 polygons
2026-09-25 16:50:06 +0200: Memory Usage (470180K) : intbondmet_drw has 0 polygons
2026-09-25 16:50:06 +0200: Memory Usage (470308K) : devbondvia_drw has 0 polygons
2026-09-25 16:50:06 +0200: Memory Usage (470436K) : devbondmet_drw has 0 polygons
2026-09-25 16:50:06 +0200: Memory Usage (470436K) : devtrench_drw has 0 polygons
2026-09-25 16:50:06 +0200: Memory Usage (470564K) : redist_drw has 0 polygons
2026-09-25 16:50:06 +0200: Memory Usage (470564K) : graphbot_drw has 0 polygons
2026-09-25 16:50:06 +0200: Memory Usage (470692K) : graphtop_drw has 0 polygons
2026-09-25 16:50:06 +0200: Memory Usage (470692K) : antvia1_drw has 0 polygons
2026-09-25 16:50:06 +0200: Memory Usage (470820K) : antmetal2_drw has 0 polygons
2026-09-25 16:50:06 +0200: Memory Usage (470820K) : graphcont_drw has 0 polygons
2026-09-25 16:50:06 +0200: Memory Usage (470948K) : siwg_drw has 0 polygons
2026-09-25 16:50:06 +0200: Memory Usage (470948K) : siwg_filler has 0 polygons
2026-09-25 16:50:06 +0200: Memory Usage (471076K) : siwg_nofill has 0 polygons
2026-09-25 16:50:06 +0200: Memory Usage (471204K) : sigrating_drw has 0 polygons
2026-09-25 16:50:06 +0200: Memory Usage (471204K) : singrating_drw has 0 polygons
2026-09-25 16:50:06 +0200: Memory Usage (471204K) : graphpas_drw has 0 polygons
2026-09-25 16:50:06 +0200: Memory Usage (471204K) : emwind3_drw has 0 polygons
2026-09-25 16:50:06 +0200: Memory Usage (471332K) : emwihv3_drw has 0 polygons
2026-09-25 16:50:06 +0200: Memory Usage (471332K) : redbulay_drw has 0 polygons
2026-09-25 16:50:06 +0200: Memory Usage (471460K) : smos_drw has 0 polygons
2026-09-25 16:50:06 +0200: Memory Usage (471460K) : graphpad_drw has 0 polygons
2026-09-25 16:50:06 +0200: Memory Usage (471588K) : polimide_drw has 0 polygons
2026-09-25 16:50:06 +0200: Memory Usage (471716K) : polimide_pin has 0 polygons
2026-09-25 16:50:06 +0200: Memory Usage (471716K) : recog_drw has 0 polygons
2026-09-25 16:50:06 +0200: Memory Usage (471844K) : recog_pin has 0 polygons
2026-09-25 16:50:06 +0200: Memory Usage (471844K) : recog_esd has 0 polygons
2026-09-25 16:50:06 +0200: Memory Usage (471972K) : recog_diode has 0 polygons
2026-09-25 16:50:06 +0200: Memory Usage (471972K) : recog_tsv has 0 polygons
2026-09-25 16:50:06 +0200: Memory Usage (472100K) : recog_iprobe has 0 polygons
2026-09-25 16:50:06 +0200: Memory Usage (472100K) : recog_diffprb has 0 polygons
2026-09-25 16:50:06 +0200: Memory Usage (472228K) : recog_pillar has 0 polygons
2026-09-25 16:50:06 +0200: Memory Usage (472228K) : recog_sbump has 0 polygons
2026-09-25 16:50:06 +0200: Memory Usage (472356K) : recog_otp has 0 polygons
2026-09-25 16:50:06 +0200: Memory Usage (472484K) : recog_pdiode has 0 polygons
2026-09-25 16:50:06 +0200: Memory Usage (472484K) : recog_mom has 0 polygons
2026-09-25 16:50:06 +0200: Memory Usage (472612K) : recog_momf has 0 polygons
2026-09-25 16:50:06 +0200: Memory Usage (472612K) : recog_pcm has 0 polygons
2026-09-25 16:50:06 +0200: Memory Usage (472740K) : colopen_drw has 0 polygons
2026-09-25 16:50:06 +0200: Memory Usage (472740K) : graphmetal1_drw has 0 polygons
2026-09-25 16:50:06 +0200: Memory Usage (472868K) : graphmetal1_filler has 0 polygons
2026-09-25 16:50:06 +0200: Memory Usage (472868K) : graphmetal1_nofill has 0 polygons
2026-09-25 16:50:06 +0200: Memory Usage (472996K) : graphmetal1_slit has 0 polygons
2026-09-25 16:50:06 +0200: Memory Usage (472996K) : graphmetal1_OPC has 0 polygons
2026-09-25 16:50:06 +0200: Memory Usage (473124K) : graphmet1l_drw has 0 polygons
2026-09-25 16:50:06 +0200: Memory Usage (473252K) : graphmet1l_filler has 0 polygons
2026-09-25 16:50:06 +0200: Memory Usage (473252K) : graphmet1l_nofill has 0 polygons
2026-09-25 16:50:06 +0200: Memory Usage (473380K) : graphmet1l_slit has 0 polygons
2026-09-25 16:50:06 +0200: Memory Usage (473380K) : graphmet1l_OPC has 0 polygons
2026-09-25 16:50:06 +0200: Memory Usage (473508K) : extblock_drw has 0 polygons
2026-09-25 16:50:06 +0200: Memory Usage (473508K) : nldd_drw has 0 polygons
2026-09-25 16:50:06 +0200: Memory Usage (473508K) : pldd_drw has 0 polygons
2026-09-25 16:50:06 +0200: Memory Usage (473508K) : next_drw has 0 polygons
2026-09-25 16:50:06 +0200: Memory Usage (473508K) : pext_drw has 0 polygons
2026-09-25 16:50:06 +0200: Memory Usage (473636K) : nexthv_drw has 0 polygons
2026-09-25 16:50:06 +0200: Memory Usage (473636K) : pexthv_drw has 0 polygons
2026-09-25 16:50:06 +0200: Memory Usage (473764K) : graphgate_drw has 0 polygons
2026-09-25 16:50:06 +0200: Memory Usage (473764K) : sinwg_drw has 0 polygons
2026-09-25 16:50:06 +0200: Memory Usage (473892K) : sinwg_filler has 0 polygons
2026-09-25 16:50:06 +0200: Memory Usage (473892K) : sinwg_nofill has 0 polygons
2026-09-25 16:50:06 +0200: Memory Usage (474020K) : mempad_drw has 0 polygons
2026-09-25 16:50:06 +0200: Memory Usage (474020K) : topvia1_drw has 16 polygons
2026-09-25 16:50:06 +0200: Memory Usage (474148K) : topmetal1_drw has 4 polygons
2026-09-25 16:50:06 +0200: Memory Usage (474276K) : topmetal1_filler has 0 polygons
2026-09-25 16:50:06 +0200: Memory Usage (474276K) : topmetal1_slit has 0 polygons
2026-09-25 16:50:06 +0200: Memory Usage (474404K) : topmetal1 has 4 polygons
2026-09-25 16:50:06 +0200: Memory Usage (474532K) : topmetal1_pin has 0 polygons
2026-09-25 16:50:06 +0200: Memory Usage (474532K) : topmetal1_mask has 0 polygons
2026-09-25 16:50:06 +0200: Memory Usage (474660K) : topmetal1_nofill has 0 polygons
2026-09-25 16:50:06 +0200: Memory Usage (474660K) : topmetal1_text has 0 polygons
2026-09-25 16:50:06 +0200: Memory Usage (474788K) : topmetal1_noqrc has 0 polygons
2026-09-25 16:50:06 +0200: Memory Usage (474788K) : topmetal1_res has 0 polygons
2026-09-25 16:50:06 +0200: Memory Usage (474916K) : topmetal1_iprobe has 0 polygons
2026-09-25 16:50:06 +0200: Memory Usage (474916K) : topmetal1_diffprb has 0 polygons
2026-09-25 16:50:06 +0200: Memory Usage (475044K) : inldpwl_drw has 0 polygons
2026-09-25 16:50:06 +0200: Memory Usage (475044K) : polyres_drw has 0 polygons
2026-09-25 16:50:06 +0200: Memory Usage (475172K) : polyres_pin has 0 polygons
2026-09-25 16:50:06 +0200: Memory Usage (475172K) : vmim_drw has 0 polygons
2026-09-25 16:50:06 +0200: Memory Usage (475300K) : nbulaycut_drw has 0 polygons
2026-09-25 16:50:06 +0200: Memory Usage (475428K) : antmetal1_drw has 0 polygons
2026-09-25 16:50:06 +0200: Memory Usage (475428K) : topvia2_drw has 0 polygons
2026-09-25 16:50:06 +0200: Memory Usage (475556K) : topmetal2_drw has 0 polygons
2026-09-25 16:50:06 +0200: Memory Usage (475556K) : topmetal2_filler has 0 polygons
2026-09-25 16:50:06 +0200: Memory Usage (475684K) : topmetal2_slit has 0 polygons
2026-09-25 16:50:06 +0200: Memory Usage (475812K) : topmetal2 has 0 polygons
2026-09-25 16:50:06 +0200: Memory Usage (475812K) : topmetal2_pin has 0 polygons
2026-09-25 16:50:06 +0200: Memory Usage (475940K) : topmetal2_mask has 0 polygons
2026-09-25 16:50:06 +0200: Memory Usage (475940K) : topmetal2_nofill has 0 polygons
2026-09-25 16:50:06 +0200: Memory Usage (475940K) : topmetal2_text has 0 polygons
2026-09-25 16:50:06 +0200: Memory Usage (475940K) : topmetal2_noqrc has 0 polygons
2026-09-25 16:50:06 +0200: Memory Usage (475940K) : topmetal2_res has 0 polygons
2026-09-25 16:50:06 +0200: Memory Usage (475940K) : topmetal2_iprobe has 0 polygons
2026-09-25 16:50:06 +0200: Memory Usage (475940K) : topmetal2_diffprb has 0 polygons
2026-09-25 16:50:06 +0200: Memory Usage (475940K) : snsring_drw has 0 polygons
2026-09-25 16:50:06 +0200: Memory Usage (475940K) : sensor_drw has 0 polygons
2026-09-25 16:50:06 +0200: Memory Usage (475940K) : snsarms_drw has 0 polygons
2026-09-25 16:50:06 +0200: Memory Usage (475940K) : snscmosvia_drw has 0 polygons
2026-09-25 16:50:06 +0200: Memory Usage (475940K) : colwind_drw has 0 polygons
2026-09-25 16:50:06 +0200: Memory Usage (475940K) : flm_drw has 0 polygons
2026-09-25 16:50:06 +0200: Memory Usage (475940K) : hafniumox_drw has 0 polygons
2026-09-25 16:50:06 +0200: Memory Usage (475940K) : memvia_drw has 0 polygons
2026-09-25 16:50:06 +0200: Memory Usage (475940K) : thinfilmres_drw has 0 polygons
2026-09-25 16:50:06 +0200: Memory Usage (475940K) : rfmem_drw has 0 polygons
2026-09-25 16:50:06 +0200: Memory Usage (475940K) : norcx_drw has 0 polygons
2026-09-25 16:50:06 +0200: Memory Usage (475940K) : norcx_m2m3 has 0 polygons
2026-09-25 16:50:06 +0200: Memory Usage (475940K) : norcx_m2m4 has 0 polygons
2026-09-25 16:50:06 +0200: Memory Usage (475940K) : norcx_m2m5 has 0 polygons
2026-09-25 16:50:06 +0200: Memory Usage (475940K) : norcx_m2tm1 has 0 polygons
2026-09-25 16:50:06 +0200: Memory Usage (475940K) : norcx_m2tm2 has 0 polygons
2026-09-25 16:50:06 +0200: Memory Usage (475940K) : norcx_m3m4 has 0 polygons
2026-09-25 16:50:06 +0200: Memory Usage (475940K) : norcx_m3m5 has 0 polygons
2026-09-25 16:50:06 +0200: Memory Usage (475940K) : norcx_m3tm1 has 0 polygons
2026-09-25 16:50:06 +0200: Memory Usage (475940K) : norcx_m3tm2 has 0 polygons
2026-09-25 16:50:06 +0200: Memory Usage (475940K) : norcx_m4m5 has 0 polygons
2026-09-25 16:50:06 +0200: Memory Usage (475940K) : norcx_m4tm1 has 0 polygons
2026-09-25 16:50:06 +0200: Memory Usage (475940K) : norcx_m4tm2 has 0 polygons
2026-09-25 16:50:06 +0200: Memory Usage (475940K) : norcx_m5tm1 has 0 polygons
2026-09-25 16:50:06 +0200: Memory Usage (475940K) : norcx_m5tm2 has 0 polygons
2026-09-25 16:50:06 +0200: Memory Usage (475940K) : norcx_tm1tm2 has 0 polygons
2026-09-25 16:50:06 +0200: Memory Usage (475940K) : norcx_m1sub has 0 polygons
2026-09-25 16:50:06 +0200: Memory Usage (475940K) : norcx_m2sub has 0 polygons
2026-09-25 16:50:06 +0200: Memory Usage (475940K) : norcx_m3sub has 0 polygons
2026-09-25 16:50:06 +0200: Memory Usage (475940K) : norcx_m4sub has 0 polygons
2026-09-25 16:50:06 +0200: Memory Usage (475940K) : norcx_m5sub has 0 polygons
2026-09-25 16:50:06 +0200: Memory Usage (475940K) : norcx_tm1sub has 0 polygons
2026-09-25 16:50:06 +0200: Memory Usage (475940K) : norcx_tm2sub has 0 polygons
2026-09-25 16:50:06 +0200: Memory Usage (475940K) : snsbotvia_drw has 0 polygons
2026-09-25 16:50:06 +0200: Memory Usage (475940K) : snstopvia_drw has 0 polygons
2026-09-25 16:50:06 +0200: Memory Usage (475940K) : deepvia_drw has 0 polygons
2026-09-25 16:50:06 +0200: Memory Usage (475940K) : fgetch_drw has 0 polygons
2026-09-25 16:50:06 +0200: Memory Usage (475940K) : ctrgat_drw has 0 polygons
2026-09-25 16:50:06 +0200: Memory Usage (475940K) : fgimp_drw has 0 polygons
2026-09-25 16:50:06 +0200: Memory Usage (475940K) : emwihv_drw has 0 polygons
2026-09-25 16:50:06 +0200: Memory Usage (475940K) : lbe_drw has 0 polygons
2026-09-25 16:50:06 +0200: Memory Usage (475940K) : alcustop_drw has 0 polygons
2026-09-25 16:50:06 +0200: Memory Usage (475940K) : nometfiller_drw has 0 polygons
2026-09-25 16:50:06 +0200: Memory Usage (475940K) : prboundary_drw has 0 polygons
2026-09-25 16:50:06 +0200: Memory Usage (475940K) : exchange0_drw has 0 polygons
2026-09-25 16:50:06 +0200: Memory Usage (475940K) : exchange0_pin has 0 polygons
2026-09-25 16:50:06 +0200: Memory Usage (475940K) : exchange0_text has 0 polygons
2026-09-25 16:50:06 +0200: Memory Usage (475940K) : exchange1_drw has 0 polygons
2026-09-25 16:50:06 +0200: Memory Usage (475940K) : exchange1_pin has 0 polygons
2026-09-25 16:50:06 +0200: Memory Usage (475940K) : exchange1_text has 0 polygons
2026-09-25 16:50:06 +0200: Memory Usage (475940K) : exchange2_drw has 0 polygons
2026-09-25 16:50:06 +0200: Memory Usage (475940K) : exchange2_pin has 0 polygons
2026-09-25 16:50:06 +0200: Memory Usage (475940K) : exchange2_text has 0 polygons
2026-09-25 16:50:06 +0200: Memory Usage (475940K) : exchange3_drw has 0 polygons
2026-09-25 16:50:06 +0200: Memory Usage (475940K) : exchange3_pin has 0 polygons
2026-09-25 16:50:06 +0200: Memory Usage (475940K) : exchange3_text has 0 polygons
2026-09-25 16:50:06 +0200: Memory Usage (475940K) : exchange4_drw has 0 polygons
2026-09-25 16:50:06 +0200: Memory Usage (475940K) : exchange4_pin has 0 polygons
2026-09-25 16:50:06 +0200: Memory Usage (475940K) : exchange4_text has 0 polygons
2026-09-25 16:50:06 +0200: Memory Usage (475940K) : isonwell_drw has 0 polygons
2026-09-25 16:50:06 +0200: Memory Usage (475940K) : Total no. of polygons in the design is 7304
2026-09-25 16:50:06 +0200: Memory Usage (475940K) : Starting base layers derivations
2026-09-25 16:50:06 +0200: Memory Usage (475940K) : Starting general LVS derivations
2026-09-25 16:50:06 +0200: Memory Usage (480036K) : Starting MOSFET DERIVATIONS
2026-09-25 16:50:06 +0200: Memory Usage (480548K) : Starting NMOS DERIVATIONS
2026-09-25 16:50:06 +0200: Memory Usage (480548K) : Starting PMOS DERIVATIONS
2026-09-25 16:50:07 +0200: Memory Usage (480548K) : Starting RF-MOSFET DERIVATIONS
2026-09-25 16:50:07 +0200: Memory Usage (480548K) : Starting RF-NMOS DERIVATIONS
2026-09-25 16:50:07 +0200: Memory Usage (480548K) : Starting RF-PMOS DERIVATIONS
2026-09-25 16:50:07 +0200: Memory Usage (480548K) : Starting BJT DERIVATIONS
2026-09-25 16:50:07 +0200: Memory Usage (480548K) : Starting NPN-BJT DERIVATIONS
2026-09-25 16:50:07 +0200: Memory Usage (480548K) : Starting PNP-BJT DERIVATIONS
2026-09-25 16:50:07 +0200: Memory Usage (480548K) : Starting DIODE DERIVATIONS
2026-09-25 16:50:07 +0200: Memory Usage (480548K) : Starting RESISTOR DERIVATIONS
2026-09-25 16:50:07 +0200: Memory Usage (480548K) : Starting CAP DERIVATIONS
2026-09-25 16:50:07 +0200: Memory Usage (481316K) : Starting CAP_CMOM DERIVATIONS
2026-09-25 16:50:07 +0200: Memory Usage (481316K) : Starting CAP_CMOMF DERIVATIONS
2026-09-25 16:50:07 +0200: Memory Usage (481316K) : Starting ESD DERIVATIONS
2026-09-25 16:50:08 +0200: Memory Usage (481316K) : Starting Inductor DERIVATIONS
2026-09-25 16:50:08 +0200: Memory Usage (481316K) : Starting Taps DERIVATIONS
2026-09-25 16:50:08 +0200: Memory Usage (481316K) : Starting SG13G2 LVS connectivity setup
2026-09-25 16:50:08 +0200: Memory Usage (481316K) : Starting SG13G2 LVS connectivity setup (Inter-layer)
2026-09-25 16:50:08 +0200: Memory Usage (481444K) : Starting SG13G2 LVS connectivity setup (Global)
2026-09-25 16:50:08 +0200: Memory Usage (481444K) : Starting LVS MOSFET CONNECTIONS
2026-09-25 16:50:08 +0200: Memory Usage (481444K) : Starting LVS RF-MOSFET CONNECTIONS
2026-09-25 16:50:08 +0200: Memory Usage (481444K) : Starting LVS BJT CONNECTIONS
2026-09-25 16:50:08 +0200: Memory Usage (481444K) : Starting LVS DIODE CONNECTIONS
2026-09-25 16:50:08 +0200: Memory Usage (481444K) : Starting RESISTOR CONNECTIONS
2026-09-25 16:50:08 +0200: Memory Usage (481444K) : Starting LVS CAP CONNECTIONS
2026-09-25 16:50:08 +0200: Memory Usage (481444K) : Starting CAP_CMOM CONNECTIONS
2026-09-25 16:50:08 +0200: Memory Usage (481444K) : Starting CAP_CMOMF CONNECTIONS
2026-09-25 16:50:08 +0200: Memory Usage (481444K) : Starting ESD CONNECTIONS
2026-09-25 16:50:08 +0200: Memory Usage (481444K) : Starting Inductor CONNECTIONS
2026-09-25 16:50:08 +0200: Memory Usage (481444K) : Starting LVS Taps CONNECTIONS
2026-09-25 16:50:08 +0200: Memory Usage (481444K) : Starting SG13G2 LVS DEVICES EXTRACTION
2026-09-25 16:50:08 +0200: Memory Usage (481444K) : Starting MOSFET EXTRACTION
2026-09-25 16:50:08 +0200: Memory Usage (481444K) : Starting NMOS EXTRACTION
2026-09-25 16:50:08 +0200: Memory Usage (481444K) : Extraction of NMOS-LV transistor
2026-09-25 16:50:08 +0200: Memory Usage (481700K) : Extraction of NMOS-HV transistor
2026-09-25 16:50:08 +0200: Memory Usage (481700K) : Starting PMOS EXTRACTION
2026-09-25 16:50:08 +0200: Memory Usage (481700K) : Extraction of PMOS-LV transistor
2026-09-25 16:50:08 +0200: Memory Usage (481700K) : Extraction of PMOS-HV transistor
2026-09-25 16:50:08 +0200: Memory Usage (481700K) : Starting RF-MOSFET EXTRACTION
2026-09-25 16:50:08 +0200: Memory Usage (481700K) : Extraction of RF-NMOS-LV transistor
2026-09-25 16:50:08 +0200: Memory Usage (481700K) : Extraction of RF-NMOS-HV transistor
2026-09-25 16:50:08 +0200: Memory Usage (481700K) : Extraction of RF-PMOS-LV transistor
2026-09-25 16:50:08 +0200: Memory Usage (481700K) : Extraction of RF-PMOS-HV transistor
2026-09-25 16:50:08 +0200: Memory Usage (481700K) : Starting BJT EXTRACTION
2026-09-25 16:50:08 +0200: Memory Usage (481700K) : Starting NPN-BJT EXTRACTION
2026-09-25 16:50:08 +0200: Memory Usage (481700K) : Extraction of npn13G2 BJT transistor
2026-09-25 16:50:08 +0200: Memory Usage (481700K) : Extraction of npn13G2L BJT transistor
2026-09-25 16:50:08 +0200: Memory Usage (481700K) : Extraction of npn13G2V BJT transistor
2026-09-25 16:50:08 +0200: Memory Usage (481700K) : Starting PNP-BJT EXTRACTION
2026-09-25 16:50:08 +0200: Memory Usage (481700K) : Extracting pnpMPA BJT
2026-09-25 16:50:08 +0200: Memory Usage (481700K) : Starting DIODE EXTRACTION
2026-09-25 16:50:08 +0200: Memory Usage (481700K) : Extracting dantenna diode
2026-09-25 16:50:08 +0200: Memory Usage (481700K) : Extracting dpantenna diode
2026-09-25 16:50:08 +0200: Memory Usage (481700K) : Extracting schottky_nbl1 diode
2026-09-25 16:50:08 +0200: Memory Usage (481700K) : Extracting isolbox diode
2026-09-25 16:50:08 +0200: Memory Usage (481700K) : Starting RESISTOR EXTRACTION
2026-09-25 16:50:08 +0200: Memory Usage (481700K) : Extracting rsil resistor
2026-09-25 16:50:08 +0200: Memory Usage (481700K) : Extracting rppd resistor
2026-09-25 16:50:08 +0200: Memory Usage (481700K) : Extracting rhigh resistor
2026-09-25 16:50:08 +0200: Memory Usage (481700K) : Extracting res_metal1 resistor
2026-09-25 16:50:08 +0200: Memory Usage (481700K) : Extracting res_metal2 resistor
2026-09-25 16:50:08 +0200: Memory Usage (481700K) : Extracting res_metal3 resistor
2026-09-25 16:50:08 +0200: Memory Usage (481700K) : Extracting res_metal4 resistor
2026-09-25 16:50:08 +0200: Memory Usage (481700K) : Extracting res_metal5 resistor
2026-09-25 16:50:08 +0200: Memory Usage (481700K) : Extracting res_topmetal1 resistor
2026-09-25 16:50:08 +0200: Memory Usage (481700K) : Extracting res_topmetal2 resistor
2026-09-25 16:50:08 +0200: Memory Usage (481700K) : Starting CAP EXTRACTION
2026-09-25 16:50:08 +0200: Memory Usage (481700K) : Extracting cap_cmim device
2026-09-25 16:50:08 +0200: Memory Usage (481700K) : Extracting rfcmim device
2026-09-25 16:50:08 +0200: Memory Usage (481700K) : Extracting sg13_hv_svaricap varactor
2026-09-25 16:50:08 +0200: Memory Usage (481700K) : Extracting cap_cmomi device
2026-09-25 16:50:08 +0200: Memory Usage (481700K) : Extracting cap_cmomf device
2026-09-25 16:50:08 +0200: Memory Usage (481700K) : Extracting sg13_moscap_n capacitor
2026-09-25 16:50:08 +0200: Memory Usage (481700K) : Extracting sg13_moscap_p capacitor
2026-09-25 16:50:08 +0200: Memory Usage (481700K) : Starting ESD EXTRACTION
2026-09-25 16:50:08 +0200: Memory Usage (481700K) : Extracting diodevdd_2kv ESD device
2026-09-25 16:50:08 +0200: Memory Usage (481700K) : Extracting diodevdd_4kv ESD device
2026-09-25 16:50:08 +0200: Memory Usage (481700K) : Extracting diodevss_2kv ESD device
2026-09-25 16:50:08 +0200: Memory Usage (481700K) : Extracting diodevss_4kv ESD device
2026-09-25 16:50:08 +0200: Memory Usage (481700K) : Extracting idiodevdd_2kv ESD device
2026-09-25 16:50:08 +0200: Memory Usage (481700K) : Extracting idiodevdd_4kv ESD device
2026-09-25 16:50:08 +0200: Memory Usage (481700K) : Extracting idiodevss_2kv ESD device
2026-09-25 16:50:08 +0200: Memory Usage (481700K) : Extracting idiodevss_4kv ESD device
2026-09-25 16:50:08 +0200: Memory Usage (481700K) : Extracting nmoscl_2 ESD device
2026-09-25 16:50:08 +0200: Memory Usage (481700K) : Extracting nmoscl_4 ESD device
2026-09-25 16:50:08 +0200: Memory Usage (481700K) : Starting Inductor EXTRACTION
2026-09-25 16:50:08 +0200: Memory Usage (481700K) : Extracting Inductor2 device
2026-09-25 16:50:08 +0200: Memory Usage (481700K) : Extracting Inductor3 device
2026-09-25 16:50:08 +0200: Memory Usage (481700K) : Starting Taps EXTRACTION
2026-09-25 16:50:08 +0200: Memory Usage (481700K) : Extracting ntap1 device
2026-09-25 16:50:08 +0200: Memory Usage (481956K) : Extracting ptap1 device
2026-09-25 16:50:08 +0200: Memory Usage (481956K) : Starting SG13G2 LVS RF MOS Model Mapping
2026-09-25 16:50:08 +0200: Memory Usage (481956K) : [layout_netlist] Apply RF MOS model mapping and rfmode parameter.
2026-09-25 16:50:08 +0200: Memory Usage (481956K) : Starting SG13G2 LVS Options Preparations
2026-09-25 16:50:08 +0200: Memory Usage (481956K) : SG13G2 LVS flow: extraction -> alignment -> option preparation -> comparison.
2026-09-25 16:50:08 +0200: Memory Usage (481956K) : Starting SG13G2 LVS Alignment
2026-09-25 16:50:08 +0200: Memory Usage (482084K) : Starting SG13G2 LVS Simplification
2026-09-25 16:50:08 +0200: Memory Usage (482084K) : [layout_netlist] simplify: ENABLED
2026-09-25 16:50:08 +0200: Memory Usage (482084K) : [layout_netlist] make_top_level_pins: SKIPPED
2026-09-25 16:50:08 +0200: Memory Usage (482084K) : [layout_netlist] combine_devices: SKIPPED
2026-09-25 16:50:08 +0200: Memory Usage (482084K) : [layout_netlist] purge: SKIPPED
2026-09-25 16:50:08 +0200: Memory Usage (482084K) : [layout_netlist] purge_nets: SKIPPED
2026-09-25 16:50:08 +0200: Memory Usage (482084K) : [schematic_netlist] simplify: ENABLED
2026-09-25 16:50:08 +0200: Memory Usage (482084K) : [schematic_netlist] make_top_level_pins: SKIPPED
2026-09-25 16:50:08 +0200: Memory Usage (482084K) : [schematic_netlist] combine_devices: SKIPPED
2026-09-25 16:50:08 +0200: Memory Usage (482084K) : [schematic_netlist] purge: SKIPPED
2026-09-25 16:50:08 +0200: Memory Usage (482084K) : [schematic_netlist] purge_nets: SKIPPED
2026-09-25 16:50:08 +0200: Memory Usage (482084K) : Starting SG13G2 LVS Comparison in strict port mode.
2026-09-25 16:50:08 +0200: Memory Usage (482084K) : flag_missing_ports enabled: missing/mislabeled top-level ports are treated as errors.
2026-09-25 16:50:08 +0200: Memory Usage (482212K) : ==========================================
2026-09-25 16:50:08 +0200: Memory Usage (482212K) : INFO : Congratulations! Netlists match.
2026-09-25 16:50:08 +0200: Memory Usage (482212K) : ==========================================
2026-09-25 16:50:08 +0200: Memory Usage (482212K) : LVS Total Run time 2.523229 seconds
