# Logfile created on 2026-09-25 16:58:21 +0200 by logger.rb/v1.5.3
2026-09-25 16:58:21 +0200: Memory Usage (455360K) : Starting running IHP-SG13G2 KLayout DRC runset on /foss/designs/unicasss-tools/SG13G2_2.4GHz_LC_VCO_FPLL/gds/blocks/LC_VCO.gds
2026-09-25 16:58:21 +0200: Memory Usage (455360K) : Ruby Version for klayout: 3.2.3
2026-09-25 16:58:22 +0200: Memory Usage (459456K) : Loading database to memory is complete.
2026-09-25 16:58:22 +0200: Memory Usage (459456K) : IHP-SG13G2 KLayout DRC runset output at: /foss/designs/unicasss-tools/SG13G2_2.4GHz_LC_VCO_FPLL/drc/drc_run_LC_VCO/LC_VCO_LC_VCO_main.lyrdb
2026-09-25 16:58:22 +0200: Memory Usage (459456K) : Evaluate switches.
2026-09-25 16:58:22 +0200: Memory Usage (459456K) : tables selected: main
2026-09-25 16:58:22 +0200: Memory Usage (459456K) : KLayout will use 12 thread(s) in tiling mode.
2026-09-25 16:58:22 +0200: Memory Usage (459456K) : deep mode is enabled.
2026-09-25 16:58:22 +0200: Memory Usage (459456K) : FEOL enabled: true
2026-09-25 16:58:22 +0200: Memory Usage (459456K) : BEOL enabled: true
2026-09-25 16:58:22 +0200: Memory Usage (459456K) : OFFGRID enabled: true
2026-09-25 16:58:22 +0200: Memory Usage (459456K) : ANGLE enabled: true
2026-09-25 16:58:22 +0200: Memory Usage (459456K) : PIN enabled: true
2026-09-25 16:58:22 +0200: Memory Usage (459456K) : FORBIDDEN enabled: true
2026-09-25 16:58:22 +0200: Memory Usage (459456K) : RECOMMENDED enabled: true
2026-09-25 16:58:22 +0200: Memory Usage (459456K) : PreCheck DRC enabled: false
2026-09-25 16:58:22 +0200: Memory Usage (459456K) : CONNECTIVITY_RULES enabled: true.
2026-09-25 16:58:22 +0200: Memory Usage (459456K) : Read in polygons from layers.
2026-09-25 16:58:22 +0200: Memory Usage (461120K) : activ_drw has 371 polygons
2026-09-25 16:58:22 +0200: Memory Usage (461248K) : activ_pin has 0 polygons
2026-09-25 16:58:22 +0200: Memory Usage (461248K) : activ_mask has 0 polygons
2026-09-25 16:58:22 +0200: Memory Usage (461376K) : activ_filler has 0 polygons
2026-09-25 16:58:22 +0200: Memory Usage (461376K) : activ_nofill has 1 polygons
2026-09-25 16:58:22 +0200: Memory Usage (461504K) : activ_opc has 0 polygons
2026-09-25 16:58:22 +0200: Memory Usage (461504K) : activ_iopc has 0 polygons
2026-09-25 16:58:22 +0200: Memory Usage (461632K) : activ_noqrc has 1 polygons
2026-09-25 16:58:22 +0200: Memory Usage (461632K) : biwind_drw has 0 polygons
2026-09-25 16:58:22 +0200: Memory Usage (461632K) : biwind_opc has 0 polygons
2026-09-25 16:58:22 +0200: Memory Usage (461632K) : pemwind_drw has 0 polygons
2026-09-25 16:58:22 +0200: Memory Usage (461760K) : gatpoly_drw has 308 polygons
2026-09-25 16:58:22 +0200: Memory Usage (461760K) : gatpoly_pin has 6 polygons
2026-09-25 16:58:22 +0200: Memory Usage (461888K) : gatpoly_filler has 0 polygons
2026-09-25 16:58:22 +0200: Memory Usage (461888K) : gatpoly_nofill has 1 polygons
2026-09-25 16:58:22 +0200: Memory Usage (461888K) : gatpoly_opc has 0 polygons
2026-09-25 16:58:22 +0200: Memory Usage (461888K) : gatpoly_iopc has 0 polygons
2026-09-25 16:58:22 +0200: Memory Usage (462016K) : gatpoly_noqrc has 0 polygons
2026-09-25 16:58:22 +0200: Memory Usage (464960K) : cont_drw has 175447 polygons
2026-09-25 16:58:22 +0200: Memory Usage (465088K) : cont_opc has 0 polygons
2026-09-25 16:58:22 +0200: Memory Usage (465216K) : nsd_drw has 0 polygons
2026-09-25 16:58:22 +0200: Memory Usage (465216K) : nsd_block has 0 polygons
2026-09-25 16:58:22 +0200: Memory Usage (465344K) : metal1_drw has 686 polygons
2026-09-25 16:58:22 +0200: Memory Usage (465344K) : metal1_pin has 20 polygons
2026-09-25 16:58:22 +0200: Memory Usage (465472K) : metal1_mask has 0 polygons
2026-09-25 16:58:22 +0200: Memory Usage (465472K) : metal1_filler has 0 polygons
2026-09-25 16:58:22 +0200: Memory Usage (465600K) : metal1_nofill has 1 polygons
2026-09-25 16:58:22 +0200: Memory Usage (465600K) : metal1_slit has 0 polygons
2026-09-25 16:58:22 +0200: Memory Usage (465856K) : metal1_text has 0 polygons
2026-09-25 16:58:22 +0200: Memory Usage (465856K) : metal1_opc has 0 polygons
2026-09-25 16:58:22 +0200: Memory Usage (465856K) : metal1_noqrc has 1 polygons
2026-09-25 16:58:22 +0200: Memory Usage (465984K) : metal1_res has 0 polygons
2026-09-25 16:58:22 +0200: Memory Usage (465984K) : metal1_iprobe has 0 polygons
2026-09-25 16:58:22 +0200: Memory Usage (466112K) : metal1_diffprb has 0 polygons
2026-09-25 16:58:22 +0200: Memory Usage (466240K) : passiv_drw has 0 polygons
2026-09-25 16:58:22 +0200: Memory Usage (466240K) : passiv_pin has 0 polygons
2026-09-25 16:58:22 +0200: Memory Usage (466240K) : passiv_sbump has 0 polygons
2026-09-25 16:58:22 +0200: Memory Usage (466368K) : passiv_pillar has 0 polygons
2026-09-25 16:58:22 +0200: Memory Usage (466368K) : passiv_pdl has 0 polygons
2026-09-25 16:58:22 +0200: Memory Usage (466496K) : metal2_drw has 142 polygons
2026-09-25 16:58:22 +0200: Memory Usage (466496K) : metal2_pin has 2 polygons
2026-09-25 16:58:22 +0200: Memory Usage (466624K) : metal2_mask has 0 polygons
2026-09-25 16:58:22 +0200: Memory Usage (466624K) : metal2_filler has 0 polygons
2026-09-25 16:58:22 +0200: Memory Usage (466752K) : metal2_nofill has 1 polygons
2026-09-25 16:58:22 +0200: Memory Usage (466752K) : metal2_slit has 0 polygons
2026-09-25 16:58:22 +0200: Memory Usage (466880K) : metal2_text has 4 polygons
2026-09-25 16:58:22 +0200: Memory Usage (467008K) : metal2_opc has 0 polygons
2026-09-25 16:58:22 +0200: Memory Usage (467008K) : metal2_noqrc has 1 polygons
2026-09-25 16:58:22 +0200: Memory Usage (467136K) : metal2_res has 0 polygons
2026-09-25 16:58:22 +0200: Memory Usage (467136K) : metal2_iprobe has 0 polygons
2026-09-25 16:58:22 +0200: Memory Usage (467264K) : metal2_diffprb has 0 polygons
2026-09-25 16:58:22 +0200: Memory Usage (467264K) : baspoly_drw has 0 polygons
2026-09-25 16:58:22 +0200: Memory Usage (467264K) : baspoly_pin has 0 polygons
2026-09-25 16:58:22 +0200: Memory Usage (467392K) : psd_drw has 218 polygons
2026-09-25 16:58:22 +0200: Memory Usage (467392K) : nldb_drw has 0 polygons
2026-09-25 16:58:22 +0200: Memory Usage (467520K) : digibnd_drw has 0 polygons
2026-09-25 16:58:22 +0200: Memory Usage (467520K) : via1_drw has 1004 polygons
2026-09-25 16:58:22 +0200: Memory Usage (467648K) : backmetal1_drw has 0 polygons
2026-09-25 16:58:22 +0200: Memory Usage (467648K) : backmetal1_pin has 0 polygons
2026-09-25 16:58:22 +0200: Memory Usage (467776K) : backmetal1_mask has 0 polygons
2026-09-25 16:58:22 +0200: Memory Usage (467904K) : backmetal1_filler has 0 polygons
2026-09-25 16:58:22 +0200: Memory Usage (467904K) : backmetal1_nofill has 0 polygons
2026-09-25 16:58:22 +0200: Memory Usage (468032K) : backmetal1_slit has 0 polygons
2026-09-25 16:58:22 +0200: Memory Usage (468032K) : backmetal1_text has 0 polygons
2026-09-25 16:58:22 +0200: Memory Usage (468032K) : backmetal1_opc has 0 polygons
2026-09-25 16:58:22 +0200: Memory Usage (468160K) : backmetal1_noqrc has 0 polygons
2026-09-25 16:58:22 +0200: Memory Usage (468288K) : backmetal1_res has 0 polygons
2026-09-25 16:58:22 +0200: Memory Usage (468288K) : backmetal1_iprobe has 0 polygons
2026-09-25 16:58:22 +0200: Memory Usage (468416K) : backmetal1_diffprb has 0 polygons
2026-09-25 16:58:22 +0200: Memory Usage (468416K) : backpassiv_drw has 0 polygons
2026-09-25 16:58:22 +0200: Memory Usage (468544K) : res_drw has 0 polygons
2026-09-25 16:58:22 +0200: Memory Usage (468544K) : sram_drw has 0 polygons
2026-09-25 16:58:22 +0200: Memory Usage (468544K) : trans_drw has 0 polygons
2026-09-25 16:58:22 +0200: Memory Usage (468672K) : ind_drw has 1 polygons
2026-09-25 16:58:22 +0200: Memory Usage (468672K) : ind_pin has 2 polygons
2026-09-25 16:58:22 +0200: Memory Usage (468672K) : ind_text has 2 polygons
2026-09-25 16:58:22 +0200: Memory Usage (468672K) : salblock_drw has 0 polygons
2026-09-25 16:58:22 +0200: Memory Usage (468800K) : via2_drw has 853 polygons
2026-09-25 16:58:22 +0200: Memory Usage (468800K) : metal3_drw has 113 polygons
2026-09-25 16:58:22 +0200: Memory Usage (468800K) : metal3_pin has 3 polygons
2026-09-25 16:58:22 +0200: Memory Usage (468928K) : metal3_mask has 0 polygons
2026-09-25 16:58:22 +0200: Memory Usage (468928K) : metal3_filler has 0 polygons
2026-09-25 16:58:22 +0200: Memory Usage (468928K) : metal3_nofill has 1 polygons
2026-09-25 16:58:22 +0200: Memory Usage (468928K) : metal3_slit has 0 polygons
2026-09-25 16:58:22 +0200: Memory Usage (469056K) : metal3_text has 4 polygons
2026-09-25 16:58:22 +0200: Memory Usage (469056K) : metal3_opc has 0 polygons
2026-09-25 16:58:22 +0200: Memory Usage (469056K) : metal3_noqrc has 1 polygons
2026-09-25 16:58:22 +0200: Memory Usage (469184K) : metal3_res has 0 polygons
2026-09-25 16:58:22 +0200: Memory Usage (469184K) : metal3_iprobe has 0 polygons
2026-09-25 16:58:22 +0200: Memory Usage (469184K) : metal3_diffprb has 0 polygons
2026-09-25 16:58:22 +0200: Memory Usage (469312K) : nwell_drw has 15 polygons
2026-09-25 16:58:22 +0200: Memory Usage (469312K) : nwell_pin has 0 polygons
2026-09-25 16:58:22 +0200: Memory Usage (469440K) : nbulay_drw has 26 polygons
2026-09-25 16:58:22 +0200: Memory Usage (469440K) : nbulay_pin has 0 polygons
2026-09-25 16:58:22 +0200: Memory Usage (469568K) : nbulay_block has 0 polygons
2026-09-25 16:58:22 +0200: Memory Usage (469568K) : emwind_drw has 0 polygons
2026-09-25 16:58:22 +0200: Memory Usage (469568K) : emwind_opc has 0 polygons
2026-09-25 16:58:22 +0200: Memory Usage (469696K) : deepco_drw has 0 polygons
2026-09-25 16:58:22 +0200: Memory Usage (469696K) : deepco_drw has 0 polygons
2026-09-25 16:58:22 +0200: Memory Usage (469824K) : mim_drw has 1 polygons
2026-09-25 16:58:22 +0200: Memory Usage (469824K) : edgeseal_drw has 0 polygons
2026-09-25 16:58:22 +0200: Memory Usage (469952K) : edgeseal_bound has 0 polygons
2026-09-25 16:58:22 +0200: Memory Usage (469952K) : substrate_drw has 197 polygons
2026-09-25 16:58:22 +0200: Memory Usage (469952K) : substrate_text has 0 polygons
2026-09-25 16:58:22 +0200: Memory Usage (470080K) : dfpad_drw has 0 polygons
2026-09-25 16:58:22 +0200: Memory Usage (470080K) : dfpad_pillar has 0 polygons
2026-09-25 16:58:22 +0200: Memory Usage (470208K) : dfpad_sbump has 0 polygons
2026-09-25 16:58:22 +0200: Memory Usage (470208K) : thickgateox_drw has 2 polygons
2026-09-25 16:58:22 +0200: Memory Usage (470336K) : pldb_drw has 0 polygons
2026-09-25 16:58:22 +0200: Memory Usage (470336K) : pwell_drw has 0 polygons
2026-09-25 16:58:22 +0200: Memory Usage (470464K) : pwell_pin has 0 polygons
2026-09-25 16:58:22 +0200: Memory Usage (470464K) : pwell_block has 2 polygons
2026-09-25 16:58:22 +0200: Memory Usage (470464K) : ic_drw has 0 polygons
2026-09-25 16:58:22 +0200: Memory Usage (470592K) : via3_drw has 2675 polygons
2026-09-25 16:58:22 +0200: Memory Usage (470592K) : metal4_drw has 34 polygons
2026-09-25 16:58:22 +0200: Memory Usage (470592K) : metal4_pin has 0 polygons
2026-09-25 16:58:22 +0200: Memory Usage (470720K) : metal4_mask has 0 polygons
2026-09-25 16:58:22 +0200: Memory Usage (470720K) : metal4_filler has 0 polygons
2026-09-25 16:58:22 +0200: Memory Usage (470720K) : metal4_nofill has 1 polygons
2026-09-25 16:58:22 +0200: Memory Usage (470848K) : metal4_slit has 0 polygons
2026-09-25 16:58:22 +0200: Memory Usage (470848K) : metal4_text has 0 polygons
2026-09-25 16:58:22 +0200: Memory Usage (470976K) : metal4_opc has 0 polygons
2026-09-25 16:58:22 +0200: Memory Usage (470976K) : metal4_noqrc has 1 polygons
2026-09-25 16:58:22 +0200: Memory Usage (470976K) : metal4_res has 0 polygons
2026-09-25 16:58:22 +0200: Memory Usage (471104K) : metal4_iprobe has 0 polygons
2026-09-25 16:58:22 +0200: Memory Usage (471104K) : metal4_diffprb has 0 polygons
2026-09-25 16:58:22 +0200: Memory Usage (471232K) : heattrans_drw has 91 polygons
2026-09-25 16:58:22 +0200: Memory Usage (471232K) : heatres_drw has 0 polygons
2026-09-25 16:58:22 +0200: Memory Usage (471232K) : pempoly_drw has 0 polygons
2026-09-25 16:58:22 +0200: Memory Usage (471360K) : fbe_drw has 0 polygons
2026-09-25 16:58:22 +0200: Memory Usage (471360K) : empoly_drw has 0 polygons
2026-09-25 16:58:22 +0200: Memory Usage (471488K) : ldmos_drw has 0 polygons
2026-09-25 16:58:22 +0200: Memory Usage (471488K) : pbiwind_drw has 0 polygons
2026-09-25 16:58:22 +0200: Memory Usage (471616K) : digisub_drw has 0 polygons
2026-09-25 16:58:22 +0200: Memory Usage (471616K) : nodrc_drw has 0 polygons
2026-09-25 16:58:22 +0200: Memory Usage (471616K) : text_drw has 58 polygons
2026-09-25 16:58:22 +0200: Memory Usage (471744K) : via4_drw has 2636 polygons
2026-09-25 16:58:22 +0200: Memory Usage (471744K) : metal5_drw has 21 polygons
2026-09-25 16:58:22 +0200: Memory Usage (471872K) : metal5_pin has 3 polygons
2026-09-25 16:58:22 +0200: Memory Usage (472000K) : metal5_mask has 0 polygons
2026-09-25 16:58:22 +0200: Memory Usage (472000K) : metal5_filler has 0 polygons
2026-09-25 16:58:22 +0200: Memory Usage (472000K) : metal5_nofill has 1 polygons
2026-09-25 16:58:22 +0200: Memory Usage (472128K) : metal5_slit has 0 polygons
2026-09-25 16:58:22 +0200: Memory Usage (472128K) : metal5_text has 2 polygons
2026-09-25 16:58:22 +0200: Memory Usage (472128K) : metal5_opc has 0 polygons
2026-09-25 16:58:22 +0200: Memory Usage (472128K) : metal5_noqrc has 1 polygons
2026-09-25 16:58:22 +0200: Memory Usage (472128K) : metal5_res has 0 polygons
2026-09-25 16:58:22 +0200: Memory Usage (472128K) : metal5_iprobe has 0 polygons
2026-09-25 16:58:22 +0200: Memory Usage (472128K) : metal5_diffprb has 0 polygons
2026-09-25 16:58:22 +0200: Memory Usage (472128K) : radhard_drw has 0 polygons
2026-09-25 16:58:22 +0200: Memory Usage (472128K) : memcap_drw has 0 polygons
2026-09-25 16:58:22 +0200: Memory Usage (472128K) : varicap_drw has 0 polygons
2026-09-25 16:58:22 +0200: Memory Usage (472128K) : flash_drw has 0 polygons
2026-09-25 16:58:22 +0200: Memory Usage (472128K) : intbondvia_drw has 0 polygons
2026-09-25 16:58:22 +0200: Memory Usage (472128K) : intbondmet_drw has 0 polygons
2026-09-25 16:58:22 +0200: Memory Usage (472128K) : devbondvia_drw has 0 polygons
2026-09-25 16:58:22 +0200: Memory Usage (472128K) : devbondmet_drw has 0 polygons
2026-09-25 16:58:22 +0200: Memory Usage (472128K) : devtrench_drw has 0 polygons
2026-09-25 16:58:22 +0200: Memory Usage (472128K) : redist_drw has 0 polygons
2026-09-25 16:58:22 +0200: Memory Usage (472128K) : graphbot_drw has 0 polygons
2026-09-25 16:58:22 +0200: Memory Usage (472128K) : graphtop_drw has 0 polygons
2026-09-25 16:58:22 +0200: Memory Usage (472128K) : antvia1_drw has 0 polygons
2026-09-25 16:58:22 +0200: Memory Usage (472128K) : antmetal2_drw has 0 polygons
2026-09-25 16:58:22 +0200: Memory Usage (472128K) : graphcont_drw has 0 polygons
2026-09-25 16:58:22 +0200: Memory Usage (472128K) : siwg_drw has 0 polygons
2026-09-25 16:58:22 +0200: Memory Usage (472128K) : siwg_filler has 0 polygons
2026-09-25 16:58:22 +0200: Memory Usage (472128K) : siwg_nofill has 0 polygons
2026-09-25 16:58:22 +0200: Memory Usage (472128K) : sigrating_drw has 0 polygons
2026-09-25 16:58:22 +0200: Memory Usage (472128K) : singrating_drw has 0 polygons
2026-09-25 16:58:22 +0200: Memory Usage (472128K) : graphpas_drw has 0 polygons
2026-09-25 16:58:22 +0200: Memory Usage (472128K) : emwind3_drw has 0 polygons
2026-09-25 16:58:22 +0200: Memory Usage (472128K) : emwihv3_drw has 0 polygons
2026-09-25 16:58:22 +0200: Memory Usage (472128K) : redbulay_drw has 0 polygons
2026-09-25 16:58:22 +0200: Memory Usage (472128K) : smos_drw has 0 polygons
2026-09-25 16:58:22 +0200: Memory Usage (472128K) : graphpad_drw has 0 polygons
2026-09-25 16:58:22 +0200: Memory Usage (472128K) : polimide_drw has 0 polygons
2026-09-25 16:58:22 +0200: Memory Usage (472128K) : polimide_pin has 0 polygons
2026-09-25 16:58:22 +0200: Memory Usage (472128K) : recog_drw has 0 polygons
2026-09-25 16:58:22 +0200: Memory Usage (472128K) : recog_pin has 0 polygons
2026-09-25 16:58:22 +0200: Memory Usage (472128K) : recog_esd has 0 polygons
2026-09-25 16:58:22 +0200: Memory Usage (472128K) : recog_diode has 0 polygons
2026-09-25 16:58:22 +0200: Memory Usage (472128K) : recog_tsv has 0 polygons
2026-09-25 16:58:22 +0200: Memory Usage (472128K) : recog_iprobe has 0 polygons
2026-09-25 16:58:22 +0200: Memory Usage (472128K) : recog_diffprb has 0 polygons
2026-09-25 16:58:22 +0200: Memory Usage (472128K) : recog_pillar has 0 polygons
2026-09-25 16:58:22 +0200: Memory Usage (472128K) : recog_sbump has 0 polygons
2026-09-25 16:58:22 +0200: Memory Usage (472128K) : recog_otp has 0 polygons
2026-09-25 16:58:22 +0200: Memory Usage (472128K) : recog_pdiode has 0 polygons
2026-09-25 16:58:22 +0200: Memory Usage (472128K) : recog_mom has 0 polygons
2026-09-25 16:58:22 +0200: Memory Usage (472128K) : recog_momf has 0 polygons
2026-09-25 16:58:22 +0200: Memory Usage (472128K) : recog_pcm has 0 polygons
2026-09-25 16:58:22 +0200: Memory Usage (472128K) : colopen_drw has 0 polygons
2026-09-25 16:58:22 +0200: Memory Usage (472128K) : graphmetal1_drw has 0 polygons
2026-09-25 16:58:22 +0200: Memory Usage (472128K) : graphmetal1_filler has 0 polygons
2026-09-25 16:58:22 +0200: Memory Usage (472128K) : graphmetal1_nofill has 0 polygons
2026-09-25 16:58:22 +0200: Memory Usage (472128K) : graphmetal1_slit has 0 polygons
2026-09-25 16:58:22 +0200: Memory Usage (472128K) : graphmetal1_opc has 0 polygons
2026-09-25 16:58:22 +0200: Memory Usage (472128K) : graphmet1l_drw has 0 polygons
2026-09-25 16:58:22 +0200: Memory Usage (472128K) : graphmet1l_filler has 0 polygons
2026-09-25 16:58:22 +0200: Memory Usage (472128K) : graphmet1l_nofill has 0 polygons
2026-09-25 16:58:22 +0200: Memory Usage (472128K) : graphmet1l_slit has 0 polygons
2026-09-25 16:58:22 +0200: Memory Usage (472128K) : graphmet1l_opc has 0 polygons
2026-09-25 16:58:22 +0200: Memory Usage (472128K) : extblock_drw has 0 polygons
2026-09-25 16:58:22 +0200: Memory Usage (472128K) : nldd_drw has 0 polygons
2026-09-25 16:58:22 +0200: Memory Usage (472128K) : pldd_drw has 0 polygons
2026-09-25 16:58:22 +0200: Memory Usage (472128K) : next_drw has 0 polygons
2026-09-25 16:58:22 +0200: Memory Usage (472128K) : pext_drw has 0 polygons
2026-09-25 16:58:22 +0200: Memory Usage (472128K) : nexthv_drw has 0 polygons
2026-09-25 16:58:22 +0200: Memory Usage (472128K) : pexthv_drw has 0 polygons
2026-09-25 16:58:22 +0200: Memory Usage (472128K) : graphgate_drw has 0 polygons
2026-09-25 16:58:22 +0200: Memory Usage (472128K) : sinwg_drw has 0 polygons
2026-09-25 16:58:22 +0200: Memory Usage (472128K) : sinwg_filler has 0 polygons
2026-09-25 16:58:22 +0200: Memory Usage (472128K) : sinwg_nofill has 0 polygons
2026-09-25 16:58:22 +0200: Memory Usage (472128K) : mempad_drw has 0 polygons
2026-09-25 16:58:22 +0200: Memory Usage (472128K) : topvia1_drw has 534 polygons
2026-09-25 16:58:22 +0200: Memory Usage (472128K) : topmetal1_drw has 22 polygons
2026-09-25 16:58:22 +0200: Memory Usage (472128K) : topmetal1_pin has 3 polygons
2026-09-25 16:58:22 +0200: Memory Usage (472128K) : topmetal1_mask has 0 polygons
2026-09-25 16:58:22 +0200: Memory Usage (472128K) : topmetal1_filler has 0 polygons
2026-09-25 16:58:22 +0200: Memory Usage (472128K) : topmetal1_nofill has 1 polygons
2026-09-25 16:58:22 +0200: Memory Usage (472128K) : topmetal1_slit has 0 polygons
2026-09-25 16:58:22 +0200: Memory Usage (472128K) : topmetal1_text has 2 polygons
2026-09-25 16:58:22 +0200: Memory Usage (472128K) : topmetal1_noqrc has 1 polygons
2026-09-25 16:58:22 +0200: Memory Usage (472128K) : topmetal1_res has 0 polygons
2026-09-25 16:58:22 +0200: Memory Usage (472128K) : topmetal1_iprobe has 0 polygons
2026-09-25 16:58:22 +0200: Memory Usage (472128K) : topmetal1_diffprb has 0 polygons
2026-09-25 16:58:22 +0200: Memory Usage (472128K) : inldpwl_drw has 0 polygons
2026-09-25 16:58:22 +0200: Memory Usage (472128K) : polyres_drw has 0 polygons
2026-09-25 16:58:22 +0200: Memory Usage (472128K) : polyres_pin has 0 polygons
2026-09-25 16:58:22 +0200: Memory Usage (472128K) : vmim_drw has 576 polygons
2026-09-25 16:58:22 +0200: Memory Usage (472128K) : nbulaycut_drw has 0 polygons
2026-09-25 16:58:22 +0200: Memory Usage (472128K) : antmetal1_drw has 0 polygons
2026-09-25 16:58:22 +0200: Memory Usage (472128K) : topvia2_drw has 990 polygons
2026-09-25 16:58:22 +0200: Memory Usage (472128K) : topmetal2_drw has 23 polygons
2026-09-25 16:58:22 +0200: Memory Usage (472128K) : topmetal2_pin has 2 polygons
2026-09-25 16:58:22 +0200: Memory Usage (472128K) : topmetal2_mask has 0 polygons
2026-09-25 16:58:22 +0200: Memory Usage (472128K) : topmetal2_filler has 0 polygons
2026-09-25 16:58:22 +0200: Memory Usage (472128K) : topmetal2_nofill has 1 polygons
2026-09-25 16:58:22 +0200: Memory Usage (472128K) : topmetal2_slit has 0 polygons
2026-09-25 16:58:22 +0200: Memory Usage (472128K) : topmetal2_text has 2 polygons
2026-09-25 16:58:22 +0200: Memory Usage (472128K) : topmetal2_noqrc has 0 polygons
2026-09-25 16:58:22 +0200: Memory Usage (472128K) : topmetal2_res has 0 polygons
2026-09-25 16:58:22 +0200: Memory Usage (472128K) : topmetal2_iprobe has 0 polygons
2026-09-25 16:58:22 +0200: Memory Usage (472128K) : topmetal2_diffprb has 0 polygons
2026-09-25 16:58:22 +0200: Memory Usage (472128K) : snsring_drw has 0 polygons
2026-09-25 16:58:22 +0200: Memory Usage (472128K) : sensor_drw has 0 polygons
2026-09-25 16:58:22 +0200: Memory Usage (472128K) : snsarms_drw has 0 polygons
2026-09-25 16:58:22 +0200: Memory Usage (472128K) : snscmosvia_drw has 0 polygons
2026-09-25 16:58:22 +0200: Memory Usage (472128K) : colwind_drw has 0 polygons
2026-09-25 16:58:22 +0200: Memory Usage (472128K) : flm_drw has 0 polygons
2026-09-25 16:58:22 +0200: Memory Usage (472128K) : hafniumox_drw has 0 polygons
2026-09-25 16:58:22 +0200: Memory Usage (472128K) : memvia_drw has 0 polygons
2026-09-25 16:58:22 +0200: Memory Usage (472128K) : thinfilmres_drw has 0 polygons
2026-09-25 16:58:22 +0200: Memory Usage (472128K) : rfmem_drw has 0 polygons
2026-09-25 16:58:22 +0200: Memory Usage (472128K) : norcx_drw has 1 polygons
2026-09-25 16:58:22 +0200: Memory Usage (472128K) : norcx_m2m3 has 0 polygons
2026-09-25 16:58:22 +0200: Memory Usage (472128K) : norcx_m2m4 has 0 polygons
2026-09-25 16:58:22 +0200: Memory Usage (472128K) : norcx_m2m5 has 0 polygons
2026-09-25 16:58:22 +0200: Memory Usage (472128K) : norcx_m2tm1 has 0 polygons
2026-09-25 16:58:22 +0200: Memory Usage (472128K) : norcx_m2tm2 has 0 polygons
2026-09-25 16:58:22 +0200: Memory Usage (472128K) : norcx_m3m4 has 0 polygons
2026-09-25 16:58:22 +0200: Memory Usage (472128K) : norcx_m3m5 has 0 polygons
2026-09-25 16:58:22 +0200: Memory Usage (472128K) : norcx_m3tm1 has 0 polygons
2026-09-25 16:58:22 +0200: Memory Usage (472128K) : norcx_m3tm2 has 0 polygons
2026-09-25 16:58:22 +0200: Memory Usage (472128K) : norcx_m4m5 has 0 polygons
2026-09-25 16:58:22 +0200: Memory Usage (472128K) : norcx_m4tm1 has 0 polygons
2026-09-25 16:58:22 +0200: Memory Usage (472128K) : norcx_m4tm2 has 0 polygons
2026-09-25 16:58:22 +0200: Memory Usage (472128K) : norcx_m5tm1 has 0 polygons
2026-09-25 16:58:22 +0200: Memory Usage (472128K) : norcx_m5tm2 has 0 polygons
2026-09-25 16:58:22 +0200: Memory Usage (472128K) : norcx_tm1tm2 has 0 polygons
2026-09-25 16:58:22 +0200: Memory Usage (472128K) : norcx_m1sub has 0 polygons
2026-09-25 16:58:22 +0200: Memory Usage (472128K) : norcx_m2sub has 0 polygons
2026-09-25 16:58:22 +0200: Memory Usage (472128K) : norcx_m3sub has 0 polygons
2026-09-25 16:58:22 +0200: Memory Usage (472128K) : norcx_m4sub has 0 polygons
2026-09-25 16:58:22 +0200: Memory Usage (472128K) : norcx_m5sub has 0 polygons
2026-09-25 16:58:22 +0200: Memory Usage (472128K) : norcx_tm1sub has 0 polygons
2026-09-25 16:58:22 +0200: Memory Usage (472128K) : norcx_tm2sub has 0 polygons
2026-09-25 16:58:22 +0200: Memory Usage (472128K) : snsbotvia_drw has 0 polygons
2026-09-25 16:58:22 +0200: Memory Usage (472128K) : snstopvia_drw has 0 polygons
2026-09-25 16:58:22 +0200: Memory Usage (472128K) : deepvia_drw has 0 polygons
2026-09-25 16:58:22 +0200: Memory Usage (472128K) : fgetch_drw has 0 polygons
2026-09-25 16:58:22 +0200: Memory Usage (472128K) : ctrgat_drw has 0 polygons
2026-09-25 16:58:22 +0200: Memory Usage (472128K) : fgimp_drw has 0 polygons
2026-09-25 16:58:22 +0200: Memory Usage (472128K) : emwihv_drw has 0 polygons
2026-09-25 16:58:22 +0200: Memory Usage (472128K) : lbe_drw has 0 polygons
2026-09-25 16:58:22 +0200: Memory Usage (472128K) : alcustop_drw has 0 polygons
2026-09-25 16:58:22 +0200: Memory Usage (472128K) : nometfiller_drw has 0 polygons
2026-09-25 16:58:22 +0200: Memory Usage (472128K) : prboundary_drw has 2 polygons
2026-09-25 16:58:22 +0200: Memory Usage (472128K) : exchange0_drw has 0 polygons
2026-09-25 16:58:22 +0200: Memory Usage (472128K) : exchange0_pin has 0 polygons
2026-09-25 16:58:22 +0200: Memory Usage (472128K) : exchange0_text has 0 polygons
2026-09-25 16:58:22 +0200: Memory Usage (472128K) : exchange1_drw has 0 polygons
2026-09-25 16:58:22 +0200: Memory Usage (472128K) : exchange1_pin has 0 polygons
2026-09-25 16:58:22 +0200: Memory Usage (472128K) : exchange1_text has 0 polygons
2026-09-25 16:58:22 +0200: Memory Usage (472128K) : exchange2_drw has 0 polygons
2026-09-25 16:58:22 +0200: Memory Usage (472128K) : exchange2_pin has 0 polygons
2026-09-25 16:58:22 +0200: Memory Usage (472128K) : exchange2_text has 0 polygons
2026-09-25 16:58:22 +0200: Memory Usage (472128K) : exchange3_drw has 0 polygons
2026-09-25 16:58:22 +0200: Memory Usage (472128K) : exchange3_pin has 0 polygons
2026-09-25 16:58:22 +0200: Memory Usage (472128K) : exchange3_text has 0 polygons
2026-09-25 16:58:22 +0200: Memory Usage (472256K) : exchange4_drw has 0 polygons
2026-09-25 16:58:22 +0200: Memory Usage (472256K) : exchange4_pin has 0 polygons
2026-09-25 16:58:22 +0200: Memory Usage (472256K) : exchange4_text has 0 polygons
2026-09-25 16:58:22 +0200: Memory Usage (472384K) : isonwell_drw has 0 polygons
2026-09-25 16:58:22 +0200: Memory Usage (472384K) : Total no. of polygons in the design is 187122
2026-09-25 16:58:22 +0200: Memory Usage (472384K) : Loaded TECH DRC rules values from /foss/pdks/ihp-sg13g2/libs.tech/klayout/python/sg13g2_pycell_lib/sg13g2_tech_mod.json
2026-09-25 16:58:22 +0200: Memory Usage (472384K) : Loaded default DRC rules values from /foss/pdks/ihp-sg13g2/libs.tech/klayout/tech/drc/rule_decks/sg13g2_tech_default.json
2026-09-25 16:58:22 +0200: Memory Usage (472384K) : The following rules values were missing in tech json and default values were used:
2026-09-25 16:58:22 +0200: Memory Usage (472384K) :   - NW_f1_digibnd
2026-09-25 16:58:22 +0200: Memory Usage (472384K) :   - Cnt_c_digibnd
2026-09-25 16:58:22 +0200: Memory Usage (472384K) :   - Cnt_c_sram
2026-09-25 16:58:22 +0200: Memory Usage (472384K) :   - Sdiod_b
2026-09-25 16:58:22 +0200: Memory Usage (472384K) :   - Sdiod_c
2026-09-25 16:58:22 +0200: Memory Usage (473664K) : Total area of the design is 603000.0 um^2.
2026-09-25 16:58:22 +0200: Memory Usage (473664K) : The design dimensions are 900.0 µm * 670.0 µm.
2026-09-25 16:58:22 +0200: Memory Usage (473664K) : Starting general IHP-SG13G2 derivations.
2026-09-25 16:58:22 +0200: Memory Usage (473664K) : Starting Pwell derivations
2026-09-25 16:58:22 +0200: Memory Usage (476352K) : Starting n-Activ derivations
2026-09-25 16:58:22 +0200: Memory Usage (477248K) : Starting p-Activ derivations
2026-09-25 16:58:22 +0200: Memory Usage (477632K) : Starting ptap derivations
2026-09-25 16:58:22 +0200: Memory Usage (477760K) : Starting ntap derivations
2026-09-25 16:58:22 +0200: Memory Usage (478016K) : Starting pact FET derivations
2026-09-25 16:58:22 +0200: Memory Usage (478016K) : Starting nact FET derivations
2026-09-25 16:58:22 +0200: Memory Usage (478144K) : Starting Gate derivations
2026-09-25 16:58:22 +0200: Memory Usage (478400K) : Starting cont/contbar general derivations
2026-09-25 16:58:24 +0200: Memory Usage (536000K) : Starting pad general derivations
2026-09-25 16:58:24 +0200: Memory Usage (536000K) : Starting schottky_nbl general derivations
2026-09-25 16:58:24 +0200: Memory Usage (536128K) : Starting SVaricap general derivations
2026-09-25 16:58:24 +0200: Memory Usage (536252K) : Starting HBT general derivations
2026-09-25 16:58:24 +0200: Memory Usage (536252K) : Starting IHP-SG13G2 DRC connectivity related derivations.
2026-09-25 16:58:24 +0200: Memory Usage (536508K) : Starting IHP-SG13G2 DRC connectivity setup
2026-09-25 16:58:25 +0200: Memory Usage (536764K) : Starting IHP-SG13G2 DRC rules.
2026-09-25 16:58:25 +0200: Memory Usage (536764K) : Running all FEOL rules
2026-09-25 16:58:25 +0200: Memory Usage (536764K) : Running all BEOL rules
2026-09-25 16:58:25 +0200: Memory Usage (536764K) : Running all PIN rules
2026-09-25 16:58:25 +0200: Memory Usage (536764K) : Running all FORBIDDEN rules
2026-09-25 16:58:25 +0200: Memory Usage (536764K) : Starting 5.1 NWell table
2026-09-25 16:58:25 +0200: Memory Usage (536764K) : Executing rule NW.b
2026-09-25 16:58:25 +0200: Memory Usage (537404K) : Executing rule NW.b1
2026-09-25 16:58:25 +0200: Memory Usage (537268K) : Executing rule NW.f1
2026-09-25 16:58:25 +0200: Memory Usage (537396K) : Executing rule NW.f1.digibnd
2026-09-25 16:58:25 +0200: Memory Usage (537396K) : Starting 5.2 PWell:block
2026-09-25 16:58:25 +0200: Memory Usage (537396K) : Executing rule PWB.e
2026-09-25 16:58:25 +0200: Memory Usage (537524K) : Executing rule PWB.e1
2026-09-25 16:58:25 +0200: Memory Usage (537520K) : Executing rule PWB.f
2026-09-25 16:58:25 +0200: Memory Usage (537648K) : Executing rule PWB.f1
2026-09-25 16:58:25 +0200: Memory Usage (537648K) : Starting 5.3 nBuLay table
2026-09-25 16:58:25 +0200: Memory Usage (537648K) : Executing rule NBL.b
2026-09-25 16:58:25 +0200: Memory Usage (537776K) : Executing rule NBL.c
2026-09-25 16:58:25 +0200: Memory Usage (537648K) : Executing rule NBL.d
2026-09-25 16:58:25 +0200: Memory Usage (537648K) : Executing rule NBL.e
2026-09-25 16:58:25 +0200: Memory Usage (537648K) : Executing rule NBL.f
2026-09-25 16:58:25 +0200: Memory Usage (537648K) : Starting 5.5. Activ table
2026-09-25 16:58:25 +0200: Memory Usage (537648K) : Executing rule Act.a
2026-09-25 16:58:25 +0200: Memory Usage (537648K) : Executing rule Act.b
2026-09-25 16:58:25 +0200: Memory Usage (537648K) : Starting 5.6 Activ:filler table
2026-09-25 16:58:25 +0200: Memory Usage (537648K) : Executing rule AFil.c1
2026-09-25 16:58:25 +0200: Memory Usage (537648K) : Executing rule AFil.c
2026-09-25 16:58:25 +0200: Memory Usage (537648K) : Executing rule AFil.d
2026-09-25 16:58:25 +0200: Memory Usage (537648K) : Executing rule AFil.e
2026-09-25 16:58:25 +0200: Memory Usage (537648K) : Executing rule AFil.j
2026-09-25 16:58:25 +0200: Memory Usage (537648K) : Starting 5.7. ThickGateOx table
2026-09-25 16:58:25 +0200: Memory Usage (537648K) : Executing rule TGO.f
2026-09-25 16:58:25 +0200: Memory Usage (537648K) : Starting 5.8. GatPoly table
2026-09-25 16:58:25 +0200: Memory Usage (537648K) : Executing rule Gat.a
2026-09-25 16:58:25 +0200: Memory Usage (537648K) : Executing rule Gat.b
2026-09-25 16:58:26 +0200: Memory Usage (537776K) : Executing rule Gat.d
2026-09-25 16:58:26 +0200: Memory Usage (537904K) : Executing rule Gat.a1
2026-09-25 16:58:26 +0200: Memory Usage (538416K) : Executing rule Gat.a2
2026-09-25 16:58:26 +0200: Memory Usage (538284K) : Executing rule Gat.g
2026-09-25 16:58:26 +0200: Memory Usage (538412K) : Starting 5.9 GatPoly:filler
2026-09-25 16:58:26 +0200: Memory Usage (538668K) : Executing rule GFil.d
2026-09-25 16:58:26 +0200: Memory Usage (538668K) : Executing rule GFil.e
2026-09-25 16:58:26 +0200: Memory Usage (538668K) : Executing rule GFil.i
2026-09-25 16:58:26 +0200: Memory Usage (538668K) : Starting 5.10 pSD table
2026-09-25 16:58:26 +0200: Memory Usage (538668K) : Executing rule pSD.c1
2026-09-25 16:58:26 +0200: Memory Usage (538796K) : Starting 5.14. Cont table
2026-09-25 16:58:26 +0200: Memory Usage (557868K) : Executing rule Cnt.a
2026-09-25 16:58:27 +0200: Memory Usage (559404K) : Executing rule Cnt.b
2026-09-25 16:58:32 +0200: Memory Usage (656812K) : Executing rule Cnt.c
2026-09-25 16:58:35 +0200: Memory Usage (679084K) : Executing rule Cnt.c.digibnd
2026-09-25 16:58:35 +0200: Memory Usage (679084K) : Executing rule Cnt.c.SRAM
2026-09-25 16:58:35 +0200: Memory Usage (679084K) : Executing rule Cnt.d
2026-09-25 16:58:36 +0200: Memory Usage (679852K) : Executing rule Cnt.e
2026-09-25 16:58:37 +0200: Memory Usage (679980K) : Executing rule Cnt.g1
2026-09-25 16:58:37 +0200: Memory Usage (679980K) : Executing rule Cnt.g2
2026-09-25 16:58:41 +0200: Memory Usage (689324K) : Starting 5.15. ContBar table
2026-09-25 16:58:41 +0200: Memory Usage (689324K) : Executing rule CntB.a
2026-09-25 16:58:43 +0200: Memory Usage (697132K) : Executing rule CntB.a1
2026-09-25 16:58:43 +0200: Memory Usage (697132K) : Executing rule CntB.b1
2026-09-25 16:58:43 +0200: Memory Usage (697132K) : Executing rule CntB.h1
2026-09-25 16:58:43 +0200: Memory Usage (697132K) : Starting 6.1.3 NPN Substrate-Tie table
2026-09-25 16:58:43 +0200: Memory Usage (697132K) : Executing rule npn13G2.bR 
2026-09-25 16:58:43 +0200: Memory Usage (697132K) : Executing rule npn13G2L.cR 
2026-09-25 16:58:43 +0200: Memory Usage (697132K) : Executing rule npn13G2V.cR 
2026-09-25 16:58:43 +0200: Memory Usage (697132K) : Starting 6.7 Schottky diode table
2026-09-25 16:58:43 +0200: Memory Usage (697132K) : Executing rule Sdiod.b
2026-09-25 16:58:43 +0200: Memory Usage (697132K) : Executing rule Sdiod.c
2026-09-25 16:58:43 +0200: Memory Usage (697132K) : Executing rule Sdiod.d
2026-09-25 16:58:43 +0200: Memory Usage (697132K) : Executing rule Sdiod.e
2026-09-25 16:58:43 +0200: Memory Usage (697132K) : Starting 7.2 Latch-up table
2026-09-25 16:58:43 +0200: Memory Usage (697132K) : Executing rule LU.b
2026-09-25 16:58:43 +0200: Memory Usage (697260K) : Starting 5.16. Metal1 table
2026-09-25 16:58:43 +0200: Memory Usage (697260K) : Executing rule M1.a
2026-09-25 16:58:43 +0200: Memory Usage (697260K) : Executing rule M1.b
2026-09-25 16:58:43 +0200: Memory Usage (697388K) : Executing rule M1.e
2026-09-25 16:58:43 +0200: Memory Usage (697388K) : Executing rule M1.f
2026-09-25 16:58:43 +0200: Memory Usage (697388K) : Executing rule M1.g
2026-09-25 16:58:43 +0200: Memory Usage (697516K) : Executing rule M1.i
2026-09-25 16:58:43 +0200: Memory Usage (697516K) : Starting 5.17 Metaln table
2026-09-25 16:58:43 +0200: Memory Usage (697516K) : Executing rule M2.a
2026-09-25 16:58:43 +0200: Memory Usage (697516K) : Executing rule M2.b
2026-09-25 16:58:43 +0200: Memory Usage (697644K) : Executing rule M2.e
2026-09-25 16:58:43 +0200: Memory Usage (697644K) : Executing rule M2.f
2026-09-25 16:58:43 +0200: Memory Usage (697644K) : Executing rule M2.g
2026-09-25 16:58:43 +0200: Memory Usage (697644K) : Executing rule M2.i
2026-09-25 16:58:43 +0200: Memory Usage (697644K) : Executing rule M3.a
2026-09-25 16:58:43 +0200: Memory Usage (697644K) : Executing rule M3.b
2026-09-25 16:58:43 +0200: Memory Usage (697644K) : Executing rule M3.e
2026-09-25 16:58:43 +0200: Memory Usage (697644K) : Executing rule M3.f
2026-09-25 16:58:43 +0200: Memory Usage (697644K) : Executing rule M3.g
2026-09-25 16:58:43 +0200: Memory Usage (697644K) : Executing rule M3.i
2026-09-25 16:58:43 +0200: Memory Usage (697644K) : Executing rule M4.a
2026-09-25 16:58:43 +0200: Memory Usage (697644K) : Executing rule M4.b
2026-09-25 16:58:43 +0200: Memory Usage (697644K) : Executing rule M4.e
2026-09-25 16:58:43 +0200: Memory Usage (697644K) : Executing rule M4.f
2026-09-25 16:58:43 +0200: Memory Usage (697644K) : Executing rule M4.g
2026-09-25 16:58:43 +0200: Memory Usage (697644K) : Executing rule M4.i
2026-09-25 16:58:43 +0200: Memory Usage (697644K) : Executing rule M5.a
2026-09-25 16:58:43 +0200: Memory Usage (697644K) : Executing rule M5.b
2026-09-25 16:58:43 +0200: Memory Usage (697644K) : Executing rule M5.e
2026-09-25 16:58:43 +0200: Memory Usage (697644K) : Executing rule M5.f
2026-09-25 16:58:43 +0200: Memory Usage (697516K) : Executing rule M5.g
2026-09-25 16:58:43 +0200: Memory Usage (697516K) : Executing rule M5.i
2026-09-25 16:58:43 +0200: Memory Usage (697644K) : Starting 5.18 Metaln:filler table
2026-09-25 16:58:43 +0200: Memory Usage (697644K) : Executing rule M1Fil.c
2026-09-25 16:58:43 +0200: Memory Usage (697644K) : Executing rule M1Fil.a2
2026-09-25 16:58:43 +0200: Memory Usage (697644K) : Executing rule M2Fil.c
2026-09-25 16:58:43 +0200: Memory Usage (697644K) : Executing rule M2Fil.a2
2026-09-25 16:58:43 +0200: Memory Usage (697644K) : Executing rule M3Fil.c
2026-09-25 16:58:43 +0200: Memory Usage (697644K) : Executing rule M3Fil.a2
2026-09-25 16:58:43 +0200: Memory Usage (697644K) : Executing rule M4Fil.c
2026-09-25 16:58:43 +0200: Memory Usage (697644K) : Executing rule M4Fil.a2
2026-09-25 16:58:43 +0200: Memory Usage (697644K) : Executing rule M5Fil.c
2026-09-25 16:58:43 +0200: Memory Usage (697644K) : Executing rule M5Fil.a2
2026-09-25 16:58:43 +0200: Memory Usage (697644K) : Starting 5.19. Via1 table
2026-09-25 16:58:43 +0200: Memory Usage (697644K) : Starting 5.19. Via1 table derivations
2026-09-25 16:58:43 +0200: Memory Usage (697644K) : Executing rule V1.a
2026-09-25 16:58:43 +0200: Memory Usage (697644K) : Executing rule V1.b
2026-09-25 16:58:43 +0200: Memory Usage (697644K) : Executing rule V1.c
2026-09-25 16:58:44 +0200: Memory Usage (697644K) : Starting 5.20. Vian table
2026-09-25 16:58:44 +0200: Memory Usage (697644K) : Executing rule V2.a
2026-09-25 16:58:44 +0200: Memory Usage (697644K) : Executing rule V2.b
2026-09-25 16:58:44 +0200: Memory Usage (697644K) : Executing rule V2.c
2026-09-25 16:58:44 +0200: Memory Usage (697644K) : Executing rule V3.a
2026-09-25 16:58:44 +0200: Memory Usage (697644K) : Executing rule V3.b
2026-09-25 16:58:44 +0200: Memory Usage (697644K) : Executing rule V3.c
2026-09-25 16:58:44 +0200: Memory Usage (697644K) : Executing rule V4.a
2026-09-25 16:58:44 +0200: Memory Usage (697644K) : Executing rule V4.b
2026-09-25 16:58:44 +0200: Memory Usage (697644K) : Executing rule V4.c
2026-09-25 16:58:44 +0200: Memory Usage (697772K) : Starting 5.21. TopVia1 table
2026-09-25 16:58:44 +0200: Memory Usage (697772K) : Executing rule TV1.a
2026-09-25 16:58:44 +0200: Memory Usage (697772K) : Executing rule TV1.b
2026-09-25 16:58:44 +0200: Memory Usage (697772K) : Executing rule TV1.c
2026-09-25 16:58:44 +0200: Memory Usage (697640K) : Executing rule TV1.d
2026-09-25 16:58:44 +0200: Memory Usage (697640K) : Starting 5.22. TopMetal1 table
2026-09-25 16:58:44 +0200: Memory Usage (697640K) : Executing rule TM1.a
2026-09-25 16:58:44 +0200: Memory Usage (697640K) : Executing rule TM1.b
2026-09-25 16:58:44 +0200: Memory Usage (697640K) : Starting 5.23 TopMetal1:filler table
2026-09-25 16:58:44 +0200: Memory Usage (697640K) : Executing rule TM1Fil.c
2026-09-25 16:58:44 +0200: Memory Usage (697640K) : Executing rule TM1Fil.a1
2026-09-25 16:58:44 +0200: Memory Usage (697640K) : Starting 5.24. TopVia2 table
2026-09-25 16:58:44 +0200: Memory Usage (697640K) : Executing rule TV2.a
2026-09-25 16:58:44 +0200: Memory Usage (697640K) : Executing rule TV2.b
2026-09-25 16:58:44 +0200: Memory Usage (697508K) : Executing rule TV2.c
2026-09-25 16:58:44 +0200: Memory Usage (697636K) : Executing rule TV2.d
2026-09-25 16:58:44 +0200: Memory Usage (697508K) : Starting 5.25. TopMetal2 table
2026-09-25 16:58:44 +0200: Memory Usage (697508K) : Executing rule TM2.a
2026-09-25 16:58:44 +0200: Memory Usage (697508K) : Executing rule TM2.b
2026-09-25 16:58:44 +0200: Memory Usage (697636K) : Executing rule TM2.bR
2026-09-25 16:58:44 +0200: Memory Usage (697636K) : Starting 5.26 TopMetal2:filler table
2026-09-25 16:58:44 +0200: Memory Usage (697636K) : Executing rule TM2Fil.c
2026-09-25 16:58:44 +0200: Memory Usage (697636K) : Executing rule TM2Fil.a1
2026-09-25 16:58:44 +0200: Memory Usage (697636K) : Starting 5.27. Passiv table
2026-09-25 16:58:44 +0200: Memory Usage (697636K) : Executing rule Pas.a
2026-09-25 16:58:44 +0200: Memory Usage (697636K) : Executing rule Pas.b
2026-09-25 16:58:44 +0200: Memory Usage (697636K) : Executing rule Pas.c
2026-09-25 16:58:44 +0200: Memory Usage (697636K) : Starting 6.9.2 Copper Pillar table
2026-09-25 16:58:44 +0200: Memory Usage (697636K) : Executing rule Padc.a
2026-09-25 16:58:44 +0200: Memory Usage (697636K) : Executing rule Padc.b
2026-09-25 16:58:44 +0200: Memory Usage (697636K) : Executing rule Padc.c
2026-09-25 16:58:44 +0200: Memory Usage (697636K) : Executing rule Padb.f
2026-09-25 16:58:44 +0200: Memory Usage (697636K) : Starting 6.9 Pad table
2026-09-25 16:58:44 +0200: Memory Usage (697636K) : Executing rule Pad.m
2026-09-25 16:58:44 +0200: Memory Usage (697636K) : Executing rule Pad.fR_M1
2026-09-25 16:58:44 +0200: Memory Usage (697636K) : Executing rule Pad.fR_M2
2026-09-25 16:58:44 +0200: Memory Usage (697636K) : Executing rule Pad.fR_M3
2026-09-25 16:58:44 +0200: Memory Usage (697636K) : Executing rule Pad.fR_M4
2026-09-25 16:58:44 +0200: Memory Usage (697636K) : Executing rule Pad.fR_M5
2026-09-25 16:58:44 +0200: Memory Usage (697636K) : Executing rule Pad.fR_TM1
2026-09-25 16:58:44 +0200: Memory Usage (697636K) : Executing rule Pad.fR_TM2
2026-09-25 16:58:44 +0200: Memory Usage (697636K) : Executing rule Pad.i
2026-09-25 16:58:44 +0200: Memory Usage (697636K) : Starting 6.9.1 Solder Bump
2026-09-25 16:58:44 +0200: Memory Usage (697636K) : Executing rule Padb.a
2026-09-25 16:58:44 +0200: Memory Usage (697636K) : Executing rule Padb.b
2026-09-25 16:58:44 +0200: Memory Usage (697636K) : Executing rule Padb.c
2026-09-25 16:58:44 +0200: Memory Usage (697636K) : Executing rule Padb.f
2026-09-25 16:58:44 +0200: Memory Usage (697636K) : Executing rule Padb.d
2026-09-25 16:58:44 +0200: Memory Usage (697636K) : Starting 6.10 Sealring table
2026-09-25 16:58:44 +0200: Memory Usage (697636K) : Executing rule Seal.l
2026-09-25 16:58:44 +0200: Memory Usage (697636K) : Executing rule Seal.n
2026-09-25 16:58:44 +0200: Memory Usage (697636K) : Executing rule seal.b_metal1
2026-09-25 16:58:44 +0200: Memory Usage (697636K) : Executing rule seal.b_metal2
2026-09-25 16:58:44 +0200: Memory Usage (697636K) : Executing rule seal.b_metal3
2026-09-25 16:58:44 +0200: Memory Usage (697636K) : Executing rule seal.b_metal4
2026-09-25 16:58:44 +0200: Memory Usage (697636K) : Executing rule seal.b_metal5
2026-09-25 16:58:44 +0200: Memory Usage (697636K) : Executing rule seal.b_topmetal1
2026-09-25 16:58:44 +0200: Memory Usage (697636K) : Executing rule seal.b_topmetal2
2026-09-25 16:58:44 +0200: Memory Usage (697636K) : Executing rule seal.b_activ
2026-09-25 16:58:44 +0200: Memory Usage (697636K) : Executing rule seal.b_psd
2026-09-25 16:58:44 +0200: Memory Usage (697764K) : Executing rule Seal.k
2026-09-25 16:58:44 +0200: Memory Usage (697764K) : Executing rule Seal.m
2026-09-25 16:58:44 +0200: Memory Usage (697764K) : Starting 6.11 MIM table
2026-09-25 16:58:44 +0200: Memory Usage (697764K) : Executing rule MIM.c
2026-09-25 16:58:44 +0200: Memory Usage (697636K) : Executing rule MIM.d
2026-09-25 16:58:44 +0200: Memory Usage (697636K) : Executing rule MIM.gR
2026-09-25 16:58:44 +0200: Memory Usage (697636K) : Starting 7.3 Metal Slits table
2026-09-25 16:58:44 +0200: Memory Usage (697636K) : Executing rule Slt.e1_M1
2026-09-25 16:58:44 +0200: Memory Usage (697636K) : Executing rule Slt.e1_M2
2026-09-25 16:58:44 +0200: Memory Usage (697636K) : Executing rule Slt.e1_M3
2026-09-25 16:58:44 +0200: Memory Usage (697636K) : Executing rule Slt.e1_M4
2026-09-25 16:58:44 +0200: Memory Usage (697636K) : Executing rule Slt.e1_M5
2026-09-25 16:58:44 +0200: Memory Usage (697636K) : Executing rule Slt.e1_TM1
2026-09-25 16:58:44 +0200: Memory Usage (697636K) : Executing rule Slt.e1_TM2
2026-09-25 16:58:44 +0200: Memory Usage (697636K) : Starting 9.1. LBE table
2026-09-25 16:58:44 +0200: Memory Usage (697636K) : Executing rule LBE.a
2026-09-25 16:58:44 +0200: Memory Usage (697636K) : Executing rule LBE.b
2026-09-25 16:58:44 +0200: Memory Usage (697636K) : Executing rule LBE.b1
2026-09-25 16:58:44 +0200: Memory Usage (697636K) : Executing rule LBE.c
2026-09-25 16:58:44 +0200: Memory Usage (697636K) : Executing rule LBE.d
2026-09-25 16:58:44 +0200: Memory Usage (697636K) : Executing rule LBE.h
2026-09-25 16:58:44 +0200: Memory Usage (697636K) : Starting 7.4. PIN table
2026-09-25 16:58:44 +0200: Memory Usage (697636K) : Executing rule Pin.a
2026-09-25 16:58:44 +0200: Memory Usage (697636K) : Executing rule Pin.b
2026-09-25 16:58:44 +0200: Memory Usage (697636K) : Executing rule Pin.e
2026-09-25 16:58:44 +0200: Memory Usage (697636K) : Executing rule Pin.f_M2
2026-09-25 16:58:44 +0200: Memory Usage (697764K) : Executing rule Pin.f_M3
2026-09-25 16:58:44 +0200: Memory Usage (697892K) : Executing rule Pin.f_M4
2026-09-25 16:58:44 +0200: Memory Usage (697892K) : Executing rule Pin.f_M5
2026-09-25 16:58:44 +0200: Memory Usage (697760K) : Executing rule Pin.g
2026-09-25 16:58:44 +0200: Memory Usage (697760K) : Executing rule Pin.h
2026-09-25 16:58:44 +0200: Memory Usage (697760K) : Starting 3.1. offgrid table
2026-09-25 16:58:44 +0200: Memory Usage (697760K) : Executing rule activ_drw_Offgrid
2026-09-25 16:58:44 +0200: Memory Usage (697760K) : Executing rule activ_mask_Offgrid
2026-09-25 16:58:44 +0200: Memory Usage (697760K) : Executing rule activ_filler_Offgrid
2026-09-25 16:58:44 +0200: Memory Usage (697760K) : Executing rule activ_opc_Offgrid
2026-09-25 16:58:44 +0200: Memory Usage (697760K) : Executing rule activ_iopc_Offgrid
2026-09-25 16:58:44 +0200: Memory Usage (697760K) : Executing rule biwind_drw_Offgrid
2026-09-25 16:58:44 +0200: Memory Usage (697760K) : Executing rule biwind_opc_Offgrid
2026-09-25 16:58:44 +0200: Memory Usage (697760K) : Executing rule pemwind_drw_Offgrid
2026-09-25 16:58:44 +0200: Memory Usage (697760K) : Executing rule gatpoly_drw_Offgrid
2026-09-25 16:58:44 +0200: Memory Usage (697760K) : Executing rule gatpoly_filler_Offgrid
2026-09-25 16:58:44 +0200: Memory Usage (697760K) : Executing rule gatpoly_opc_Offgrid
2026-09-25 16:58:44 +0200: Memory Usage (697760K) : Executing rule gatpoly_iopc_Offgrid
2026-09-25 16:58:44 +0200: Memory Usage (697760K) : Executing rule gatpoly_noqrc_Offgrid
2026-09-25 16:58:44 +0200: Memory Usage (697760K) : Executing rule cont_drw_Offgrid
2026-09-25 16:58:47 +0200: Memory Usage (778912K) : Executing rule cont_opc_Offgrid
2026-09-25 16:58:47 +0200: Memory Usage (778912K) : Executing rule nsd_drw_Offgrid
2026-09-25 16:58:47 +0200: Memory Usage (778912K) : Executing rule nsd_block_Offgrid
2026-09-25 16:58:47 +0200: Memory Usage (778912K) : Executing rule metal1_drw_Offgrid
2026-09-25 16:58:47 +0200: Memory Usage (778912K) : Executing rule metal1_mask_Offgrid
2026-09-25 16:58:47 +0200: Memory Usage (778912K) : Executing rule metal1_filler_Offgrid
2026-09-25 16:58:47 +0200: Memory Usage (778912K) : Executing rule metal1_slit_Offgrid
2026-09-25 16:58:47 +0200: Memory Usage (778912K) : Executing rule metal1_opc_Offgrid
2026-09-25 16:58:47 +0200: Memory Usage (778912K) : Executing rule metal1_noqrc_Offgrid
2026-09-25 16:58:47 +0200: Memory Usage (778912K) : Executing rule metal1_res_Offgrid
2026-09-25 16:58:47 +0200: Memory Usage (778912K) : Executing rule metal1_iprobe_Offgrid
2026-09-25 16:58:47 +0200: Memory Usage (778912K) : Executing rule metal1_diffprb_Offgrid
2026-09-25 16:58:47 +0200: Memory Usage (778912K) : Executing rule passiv_drw_Offgrid
2026-09-25 16:58:47 +0200: Memory Usage (778912K) : Executing rule passiv_pillar_Offgrid
2026-09-25 16:58:47 +0200: Memory Usage (778912K) : Executing rule passiv_sbump_Offgrid
2026-09-25 16:58:47 +0200: Memory Usage (778912K) : Executing rule passiv_pdl_Offgrid
2026-09-25 16:58:47 +0200: Memory Usage (778912K) : Executing rule metal2_drw_Offgrid
2026-09-25 16:58:47 +0200: Memory Usage (778912K) : Executing rule metal2_mask_Offgrid
2026-09-25 16:58:47 +0200: Memory Usage (778912K) : Executing rule metal2_filler_Offgrid
2026-09-25 16:58:47 +0200: Memory Usage (778912K) : Executing rule metal2_slit_Offgrid
2026-09-25 16:58:47 +0200: Memory Usage (778912K) : Executing rule metal2_opc_Offgrid
2026-09-25 16:58:48 +0200: Memory Usage (778912K) : Executing rule metal2_noqrc_Offgrid
2026-09-25 16:58:48 +0200: Memory Usage (778912K) : Executing rule metal2_res_Offgrid
2026-09-25 16:58:48 +0200: Memory Usage (778912K) : Executing rule metal2_iprobe_Offgrid
2026-09-25 16:58:48 +0200: Memory Usage (778912K) : Executing rule metal2_diffprb_Offgrid
2026-09-25 16:58:48 +0200: Memory Usage (778912K) : Executing rule baspoly_drw_Offgrid
2026-09-25 16:58:48 +0200: Memory Usage (778912K) : Executing rule psd_drw_Offgrid
2026-09-25 16:58:48 +0200: Memory Usage (778912K) : Executing rule nldb_drw_Offgrid
2026-09-25 16:58:48 +0200: Memory Usage (778912K) : Executing rule via1_drw_Offgrid
2026-09-25 16:58:48 +0200: Memory Usage (778912K) : Executing rule backmetal1_drw_Offgrid
2026-09-25 16:58:48 +0200: Memory Usage (778912K) : Executing rule backmetal1_mask_Offgrid
2026-09-25 16:58:48 +0200: Memory Usage (778912K) : Executing rule backmetal1_filler_Offgrid
2026-09-25 16:58:48 +0200: Memory Usage (778912K) : Executing rule backmetal1_slit_Offgrid
2026-09-25 16:58:48 +0200: Memory Usage (778912K) : Executing rule backmetal1_opc_Offgrid
2026-09-25 16:58:48 +0200: Memory Usage (778912K) : Executing rule backmetal1_noqrc_Offgrid
2026-09-25 16:58:48 +0200: Memory Usage (778912K) : Executing rule backmetal1_res_Offgrid
2026-09-25 16:58:48 +0200: Memory Usage (778912K) : Executing rule backmetal1_iprobe_Offgrid
2026-09-25 16:58:48 +0200: Memory Usage (778912K) : Executing rule backmetal1_diffprb_Offgrid
2026-09-25 16:58:48 +0200: Memory Usage (778912K) : Executing rule backpassiv_drw_Offgrid
2026-09-25 16:58:48 +0200: Memory Usage (778912K) : Executing rule salblock_drw_Offgrid
2026-09-25 16:58:48 +0200: Memory Usage (778912K) : Executing rule via2_drw_Offgrid
2026-09-25 16:58:48 +0200: Memory Usage (778912K) : Executing rule metal3_drw_Offgrid
2026-09-25 16:58:48 +0200: Memory Usage (778912K) : Executing rule metal3_mask_Offgrid
2026-09-25 16:58:48 +0200: Memory Usage (778912K) : Executing rule metal3_filler_Offgrid
2026-09-25 16:58:48 +0200: Memory Usage (778912K) : Executing rule metal3_slit_Offgrid
2026-09-25 16:58:48 +0200: Memory Usage (778912K) : Executing rule metal3_opc_Offgrid
2026-09-25 16:58:48 +0200: Memory Usage (778912K) : Executing rule metal3_noqrc_Offgrid
2026-09-25 16:58:48 +0200: Memory Usage (778912K) : Executing rule metal3_res_Offgrid
2026-09-25 16:58:48 +0200: Memory Usage (778912K) : Executing rule metal3_iprobe_Offgrid
2026-09-25 16:58:48 +0200: Memory Usage (778912K) : Executing rule metal3_diffprb_Offgrid
2026-09-25 16:58:48 +0200: Memory Usage (778912K) : Executing rule nwell_drw_Offgrid
2026-09-25 16:58:48 +0200: Memory Usage (778912K) : Executing rule nbulay_drw_Offgrid
2026-09-25 16:58:48 +0200: Memory Usage (778912K) : Executing rule nbulay_block_Offgrid
2026-09-25 16:58:48 +0200: Memory Usage (778912K) : Executing rule pwell_drw_Offgrid
2026-09-25 16:58:48 +0200: Memory Usage (778912K) : Executing rule pwell_block_Offgrid
2026-09-25 16:58:48 +0200: Memory Usage (778912K) : Executing rule emwind_drw_Offgrid
2026-09-25 16:58:48 +0200: Memory Usage (778912K) : Executing rule emwind_opc_Offgrid
2026-09-25 16:58:48 +0200: Memory Usage (778912K) : Executing rule deepco_drw_Offgrid
2026-09-25 16:58:48 +0200: Memory Usage (778912K) : Executing rule mim_drw_Offgrid
2026-09-25 16:58:48 +0200: Memory Usage (778912K) : Executing rule substrate_drw_Offgrid
2026-09-25 16:58:48 +0200: Memory Usage (775040K) : Executing rule ic_drw_Offgrid
2026-09-25 16:58:48 +0200: Memory Usage (775040K) : Executing rule via3_drw_Offgrid
2026-09-25 16:58:48 +0200: Memory Usage (775040K) : Executing rule pldb_drw_Offgrid
2026-09-25 16:58:48 +0200: Memory Usage (775040K) : Executing rule metal4_drw_Offgrid
2026-09-25 16:58:48 +0200: Memory Usage (775040K) : Executing rule metal4_mask_Offgrid
2026-09-25 16:58:48 +0200: Memory Usage (775040K) : Executing rule metal4_filler_Offgrid
2026-09-25 16:58:48 +0200: Memory Usage (775040K) : Executing rule metal4_slit_Offgrid
2026-09-25 16:58:48 +0200: Memory Usage (775040K) : Executing rule metal4_opc_Offgrid
2026-09-25 16:58:48 +0200: Memory Usage (775040K) : Executing rule metal4_noqrc_Offgrid
2026-09-25 16:58:48 +0200: Memory Usage (775040K) : Executing rule metal4_res_Offgrid
2026-09-25 16:58:48 +0200: Memory Usage (775040K) : Executing rule metal4_iprobe_Offgrid
2026-09-25 16:58:48 +0200: Memory Usage (775040K) : Executing rule metal4_diffprb_Offgrid
2026-09-25 16:58:48 +0200: Memory Usage (775040K) : Executing rule via4_drw_Offgrid
2026-09-25 16:58:48 +0200: Memory Usage (775040K) : Executing rule metal5_drw_Offgrid
2026-09-25 16:58:48 +0200: Memory Usage (775040K) : Executing rule metal5_mask_Offgrid
2026-09-25 16:58:48 +0200: Memory Usage (775040K) : Executing rule metal5_filler_Offgrid
2026-09-25 16:58:48 +0200: Memory Usage (775040K) : Executing rule metal5_slit_Offgrid
2026-09-25 16:58:48 +0200: Memory Usage (775040K) : Executing rule metal5_opc_Offgrid
2026-09-25 16:58:48 +0200: Memory Usage (775040K) : Executing rule metal5_noqrc_Offgrid
2026-09-25 16:58:48 +0200: Memory Usage (775040K) : Executing rule metal5_res_Offgrid
2026-09-25 16:58:48 +0200: Memory Usage (775040K) : Executing rule metal5_iprobe_Offgrid
2026-09-25 16:58:48 +0200: Memory Usage (775040K) : Executing rule metal5_diffprb_Offgrid
2026-09-25 16:58:48 +0200: Memory Usage (775040K) : Executing rule prboundary_drw_Offgrid
2026-09-25 16:58:48 +0200: Memory Usage (775040K) : Executing rule exchange0_drw_Offgrid
2026-09-25 16:58:48 +0200: Memory Usage (775040K) : Executing rule exchange1_drw_Offgrid
2026-09-25 16:58:48 +0200: Memory Usage (775040K) : Executing rule exchange2_drw_Offgrid
2026-09-25 16:58:48 +0200: Memory Usage (775040K) : Executing rule exchange3_drw_Offgrid
2026-09-25 16:58:48 +0200: Memory Usage (775040K) : Executing rule exchange4_drw_Offgrid
2026-09-25 16:58:48 +0200: Memory Usage (775040K) : Executing rule isonwell_drw_Offgrid
2026-09-25 16:58:48 +0200: Memory Usage (775040K) : Executing rule thickgateox_drw_Offgrid
2026-09-25 16:58:48 +0200: Memory Usage (775040K) : Executing rule pempoly_drw_Offgrid
2026-09-25 16:58:48 +0200: Memory Usage (775040K) : Executing rule fbe_drw_Offgrid
2026-09-25 16:58:48 +0200: Memory Usage (775040K) : Executing rule empoly_drw_Offgrid
2026-09-25 16:58:48 +0200: Memory Usage (775040K) : Executing rule ldmos_drw_Offgrid
2026-09-25 16:58:48 +0200: Memory Usage (775040K) : Executing rule pbiwind_drw_Offgrid
2026-09-25 16:58:48 +0200: Memory Usage (775040K) : Executing rule colopen_drw_Offgrid
2026-09-25 16:58:48 +0200: Memory Usage (775040K) : Executing rule extblock_drw_Offgrid
2026-09-25 16:58:48 +0200: Memory Usage (775040K) : Executing rule nldd_drw_Offgrid
2026-09-25 16:58:48 +0200: Memory Usage (775040K) : Executing rule pldd_drw_Offgrid
2026-09-25 16:58:48 +0200: Memory Usage (775040K) : Executing rule next_drw_Offgrid
2026-09-25 16:58:48 +0200: Memory Usage (775040K) : Executing rule pext_drw_Offgrid
2026-09-25 16:58:48 +0200: Memory Usage (775040K) : Executing rule nexthv_drw_Offgrid
2026-09-25 16:58:48 +0200: Memory Usage (775040K) : Executing rule pexthv_drw_Offgrid
2026-09-25 16:58:48 +0200: Memory Usage (775040K) : Executing rule graphgate_drw_Offgrid
2026-09-25 16:58:48 +0200: Memory Usage (775040K) : Executing rule mempad_drw_Offgrid
2026-09-25 16:58:48 +0200: Memory Usage (775040K) : Executing rule topvia1_drw_Offgrid
2026-09-25 16:58:48 +0200: Memory Usage (775040K) : Executing rule topmetal1_drw_Offgrid
2026-09-25 16:58:48 +0200: Memory Usage (775040K) : Executing rule topmetal1_mask_Offgrid
2026-09-25 16:58:48 +0200: Memory Usage (775040K) : Executing rule topmetal1_filler_Offgrid
2026-09-25 16:58:48 +0200: Memory Usage (775040K) : Executing rule topmetal1_slit_Offgrid
2026-09-25 16:58:48 +0200: Memory Usage (775040K) : Executing rule topmetal1_noqrc_Offgrid
2026-09-25 16:58:48 +0200: Memory Usage (772608K) : Executing rule topmetal1_res_Offgrid
2026-09-25 16:58:48 +0200: Memory Usage (772608K) : Executing rule topmetal1_iprobe_Offgrid
2026-09-25 16:58:48 +0200: Memory Usage (772608K) : Executing rule topmetal1_diffprb_Offgrid
2026-09-25 16:58:48 +0200: Memory Usage (772608K) : Executing rule inldpwl_drw_Offgrid
2026-09-25 16:58:48 +0200: Memory Usage (772608K) : Executing rule polyres_drw_Offgrid
2026-09-25 16:58:48 +0200: Memory Usage (772608K) : Executing rule vmim_drw_Offgrid
2026-09-25 16:58:48 +0200: Memory Usage (772608K) : Executing rule nbulaycut_drw_Offgrid
2026-09-25 16:58:48 +0200: Memory Usage (772608K) : Executing rule antmetal1_drw_Offgrid
2026-09-25 16:58:49 +0200: Memory Usage (772608K) : Executing rule topvia2_drw_Offgrid
2026-09-25 16:58:49 +0200: Memory Usage (772608K) : Executing rule topmetal2_drw_Offgrid
2026-09-25 16:58:49 +0200: Memory Usage (772608K) : Executing rule topmetal2_mask_Offgrid
2026-09-25 16:58:49 +0200: Memory Usage (772608K) : Executing rule topmetal2_filler_Offgrid
2026-09-25 16:58:49 +0200: Memory Usage (772608K) : Executing rule topmetal2_slit_Offgrid
2026-09-25 16:58:49 +0200: Memory Usage (772608K) : Executing rule topmetal2_noqrc_Offgrid
2026-09-25 16:58:49 +0200: Memory Usage (772608K) : Executing rule topmetal2_res_Offgrid
2026-09-25 16:58:49 +0200: Memory Usage (772608K) : Executing rule topmetal2_iprobe_Offgrid
2026-09-25 16:58:49 +0200: Memory Usage (772608K) : Executing rule topmetal2_diffprb_Offgrid
2026-09-25 16:58:49 +0200: Memory Usage (772608K) : Executing rule snsring_drw_Offgrid
2026-09-25 16:58:49 +0200: Memory Usage (772608K) : Executing rule sensor_drw_Offgrid
2026-09-25 16:58:49 +0200: Memory Usage (772608K) : Executing rule snsarms_drw_Offgrid
2026-09-25 16:58:49 +0200: Memory Usage (772608K) : Executing rule snscmosvia_drw_Offgrid
2026-09-25 16:58:49 +0200: Memory Usage (772608K) : Executing rule colwind_drw_Offgrid
2026-09-25 16:58:49 +0200: Memory Usage (772608K) : Executing rule flm_drw_Offgrid
2026-09-25 16:58:49 +0200: Memory Usage (772608K) : Executing rule hafniumox_drw_Offgrid
2026-09-25 16:58:49 +0200: Memory Usage (772608K) : Executing rule memvia_drw_Offgrid
2026-09-25 16:58:49 +0200: Memory Usage (772608K) : Executing rule thinfilmres_drw_Offgrid
2026-09-25 16:58:49 +0200: Memory Usage (772608K) : Executing rule rfmem_drw_Offgrid
2026-09-25 16:58:49 +0200: Memory Usage (772608K) : Executing rule snsbotvia_drw_Offgrid
2026-09-25 16:58:49 +0200: Memory Usage (772608K) : Executing rule snstopvia_drw_Offgrid
2026-09-25 16:58:49 +0200: Memory Usage (772608K) : Executing rule deepvia_drw_Offgrid
2026-09-25 16:58:49 +0200: Memory Usage (772608K) : Executing rule fgetch_drw_Offgrid
2026-09-25 16:58:49 +0200: Memory Usage (772608K) : Executing rule ctrgat_drw_Offgrid
2026-09-25 16:58:49 +0200: Memory Usage (772608K) : Executing rule fgimp_drw_Offgrid
2026-09-25 16:58:49 +0200: Memory Usage (772608K) : Executing rule emwihv_drw_Offgrid
2026-09-25 16:58:49 +0200: Memory Usage (772608K) : Executing rule lbe_drw_Offgrid
2026-09-25 16:58:49 +0200: Memory Usage (772608K) : Executing rule alcustop_drw_Offgrid
2026-09-25 16:58:49 +0200: Memory Usage (772608K) : Starting 3.2. angle table
2026-09-25 16:58:49 +0200: Memory Usage (772608K) : Executing rule activ_drw_Acute
2026-09-25 16:58:49 +0200: Memory Usage (772608K) : Executing rule activ_pin_Acute
2026-09-25 16:58:49 +0200: Memory Usage (772608K) : Executing rule activ_mask_Acute
2026-09-25 16:58:49 +0200: Memory Usage (772608K) : Executing rule activ_filler_Acute
2026-09-25 16:58:49 +0200: Memory Usage (772608K) : Executing rule activ_nofill_Acute
2026-09-25 16:58:49 +0200: Memory Usage (772608K) : Executing rule activ_opc_Acute
2026-09-25 16:58:49 +0200: Memory Usage (772608K) : Executing rule activ_iopc_Acute
2026-09-25 16:58:49 +0200: Memory Usage (772608K) : Executing rule activ_noqrc_Acute
2026-09-25 16:58:49 +0200: Memory Usage (772608K) : Executing rule biwind_drw_Acute
2026-09-25 16:58:49 +0200: Memory Usage (772608K) : Executing rule biwind_opc_Acute
2026-09-25 16:58:49 +0200: Memory Usage (772608K) : Executing rule pemwind_drw_Acute
2026-09-25 16:58:49 +0200: Memory Usage (772608K) : Executing rule gatpoly_drw_Acute
2026-09-25 16:58:49 +0200: Memory Usage (772608K) : Executing rule gatpoly_pin_Acute
2026-09-25 16:58:49 +0200: Memory Usage (772608K) : Executing rule gatpoly_filler_Acute
2026-09-25 16:58:49 +0200: Memory Usage (772608K) : Executing rule gatpoly_nofill_Acute
2026-09-25 16:58:49 +0200: Memory Usage (772608K) : Executing rule gatpoly_opc_Acute
2026-09-25 16:58:49 +0200: Memory Usage (772608K) : Executing rule gatpoly_iopc_Acute
2026-09-25 16:58:49 +0200: Memory Usage (772608K) : Executing rule gatpoly_noqrc_Acute
2026-09-25 16:58:49 +0200: Memory Usage (772608K) : Executing rule cont_drw_Acute
2026-09-25 16:58:51 +0200: Memory Usage (778856K) : Executing rule cont_opc_Acute
2026-09-25 16:58:51 +0200: Memory Usage (778856K) : Executing rule nsd_drw_Acute
2026-09-25 16:58:51 +0200: Memory Usage (778856K) : Executing rule nsd_block_Acute
2026-09-25 16:58:51 +0200: Memory Usage (778856K) : Executing rule metal1_drw_Acute
2026-09-25 16:58:51 +0200: Memory Usage (778856K) : Executing rule metal1_pin_Acute
2026-09-25 16:58:51 +0200: Memory Usage (778856K) : Executing rule metal1_mask_Acute
2026-09-25 16:58:51 +0200: Memory Usage (778856K) : Executing rule metal1_filler_Acute
2026-09-25 16:58:51 +0200: Memory Usage (778856K) : Executing rule metal1_nofill_Acute
2026-09-25 16:58:51 +0200: Memory Usage (778856K) : Executing rule metal1_slit_Acute
2026-09-25 16:58:51 +0200: Memory Usage (778856K) : Executing rule metal1_opc_Acute
2026-09-25 16:58:51 +0200: Memory Usage (778856K) : Executing rule metal1_noqrc_Acute
2026-09-25 16:58:51 +0200: Memory Usage (778856K) : Executing rule metal1_res_Acute
2026-09-25 16:58:51 +0200: Memory Usage (778856K) : Executing rule metal1_iprobe_Acute
2026-09-25 16:58:51 +0200: Memory Usage (778856K) : Executing rule metal1_diffprb_Acute
2026-09-25 16:58:51 +0200: Memory Usage (778856K) : Executing rule passiv_drw_Acute
2026-09-25 16:58:51 +0200: Memory Usage (778856K) : Executing rule passiv_pin_Acute
2026-09-25 16:58:51 +0200: Memory Usage (778856K) : Executing rule passiv_pillar_Acute
2026-09-25 16:58:51 +0200: Memory Usage (778856K) : Executing rule passiv_sbump_Acute
2026-09-25 16:58:51 +0200: Memory Usage (778856K) : Executing rule passiv_pdl_Acute
2026-09-25 16:58:51 +0200: Memory Usage (778856K) : Executing rule metal2_drw_Acute
2026-09-25 16:58:51 +0200: Memory Usage (778856K) : Executing rule metal2_pin_Acute
2026-09-25 16:58:51 +0200: Memory Usage (778856K) : Executing rule metal2_mask_Acute
2026-09-25 16:58:51 +0200: Memory Usage (778856K) : Executing rule metal2_filler_Acute
2026-09-25 16:58:51 +0200: Memory Usage (778856K) : Executing rule metal2_nofill_Acute
2026-09-25 16:58:51 +0200: Memory Usage (778856K) : Executing rule metal2_slit_Acute
2026-09-25 16:58:51 +0200: Memory Usage (778856K) : Executing rule metal2_opc_Acute
2026-09-25 16:58:51 +0200: Memory Usage (778856K) : Executing rule metal2_noqrc_Acute
2026-09-25 16:58:51 +0200: Memory Usage (778856K) : Executing rule metal2_res_Acute
2026-09-25 16:58:51 +0200: Memory Usage (778856K) : Executing rule metal2_iprobe_Acute
2026-09-25 16:58:51 +0200: Memory Usage (778856K) : Executing rule metal2_diffprb_Acute
2026-09-25 16:58:51 +0200: Memory Usage (778856K) : Executing rule baspoly_drw_Acute
2026-09-25 16:58:51 +0200: Memory Usage (778856K) : Executing rule baspoly_pin_Acute
2026-09-25 16:58:51 +0200: Memory Usage (778856K) : Executing rule psd_drw_Acute
2026-09-25 16:58:51 +0200: Memory Usage (778856K) : Executing rule nldb_drw_Acute
2026-09-25 16:58:51 +0200: Memory Usage (778856K) : Executing rule via1_drw_Acute
2026-09-25 16:58:51 +0200: Memory Usage (778856K) : Executing rule backmetal1_drw_Acute
2026-09-25 16:58:51 +0200: Memory Usage (778856K) : Executing rule backmetal1_pin_Acute
2026-09-25 16:58:51 +0200: Memory Usage (778856K) : Executing rule backmetal1_mask_Acute
2026-09-25 16:58:51 +0200: Memory Usage (778856K) : Executing rule backmetal1_filler_Acute
2026-09-25 16:58:51 +0200: Memory Usage (778856K) : Executing rule backmetal1_nofill_Acute
2026-09-25 16:58:51 +0200: Memory Usage (778856K) : Executing rule backmetal1_slit_Acute
2026-09-25 16:58:51 +0200: Memory Usage (778856K) : Executing rule backmetal1_opc_Acute
2026-09-25 16:58:51 +0200: Memory Usage (778856K) : Executing rule backmetal1_noqrc_Acute
2026-09-25 16:58:51 +0200: Memory Usage (778856K) : Executing rule backmetal1_res_Acute
2026-09-25 16:58:51 +0200: Memory Usage (778856K) : Executing rule backmetal1_iprobe_Acute
2026-09-25 16:58:51 +0200: Memory Usage (778856K) : Executing rule backmetal1_diffprb_Acute
2026-09-25 16:58:51 +0200: Memory Usage (778856K) : Executing rule backpassiv_drw_Acute
2026-09-25 16:58:51 +0200: Memory Usage (778856K) : Executing rule salblock_drw_Acute
2026-09-25 16:58:51 +0200: Memory Usage (778856K) : Executing rule via2_drw_Acute
2026-09-25 16:58:51 +0200: Memory Usage (778856K) : Executing rule metal3_drw_Acute
2026-09-25 16:58:51 +0200: Memory Usage (778856K) : Executing rule metal3_pin_Acute
2026-09-25 16:58:51 +0200: Memory Usage (778856K) : Executing rule metal3_mask_Acute
2026-09-25 16:58:51 +0200: Memory Usage (778856K) : Executing rule metal3_filler_Acute
2026-09-25 16:58:51 +0200: Memory Usage (778856K) : Executing rule metal3_nofill_Acute
2026-09-25 16:58:51 +0200: Memory Usage (778856K) : Executing rule metal3_slit_Acute
2026-09-25 16:58:51 +0200: Memory Usage (778856K) : Executing rule metal3_opc_Acute
2026-09-25 16:58:51 +0200: Memory Usage (778856K) : Executing rule metal3_noqrc_Acute
2026-09-25 16:58:51 +0200: Memory Usage (778856K) : Executing rule metal3_res_Acute
2026-09-25 16:58:51 +0200: Memory Usage (778856K) : Executing rule metal3_iprobe_Acute
2026-09-25 16:58:51 +0200: Memory Usage (778856K) : Executing rule metal3_diffprb_Acute
2026-09-25 16:58:51 +0200: Memory Usage (778856K) : Executing rule nwell_drw_Acute
2026-09-25 16:58:51 +0200: Memory Usage (774632K) : Executing rule nwell_pin_Acute
2026-09-25 16:58:51 +0200: Memory Usage (774632K) : Executing rule nbulay_drw_Acute
2026-09-25 16:58:51 +0200: Memory Usage (774632K) : Executing rule nbulay_pin_Acute
2026-09-25 16:58:51 +0200: Memory Usage (774632K) : Executing rule nbulay_block_Acute
2026-09-25 16:58:51 +0200: Memory Usage (774632K) : Executing rule pwell_drw_Acute
2026-09-25 16:58:51 +0200: Memory Usage (774632K) : Executing rule pwell_pin_Acute
2026-09-25 16:58:51 +0200: Memory Usage (774632K) : Executing rule pwell_block_Acute
2026-09-25 16:58:51 +0200: Memory Usage (774632K) : Executing rule emwind_drw_Acute
2026-09-25 16:58:51 +0200: Memory Usage (774632K) : Executing rule emwind_opc_Acute
2026-09-25 16:58:51 +0200: Memory Usage (774632K) : Executing rule deepco_drw_Acute
2026-09-25 16:58:51 +0200: Memory Usage (774632K) : Executing rule mim_drw_Acute
2026-09-25 16:58:51 +0200: Memory Usage (774632K) : Executing rule substrate_drw_Acute
2026-09-25 16:58:51 +0200: Memory Usage (774632K) : Executing rule ic_drw_Acute
2026-09-25 16:58:51 +0200: Memory Usage (774632K) : Executing rule via3_drw_Acute
2026-09-25 16:58:51 +0200: Memory Usage (774632K) : Executing rule pldb_drw_Acute
2026-09-25 16:58:51 +0200: Memory Usage (774632K) : Executing rule metal4_drw_Acute
2026-09-25 16:58:51 +0200: Memory Usage (774632K) : Executing rule metal4_pin_Acute
2026-09-25 16:58:51 +0200: Memory Usage (774632K) : Executing rule metal4_mask_Acute
2026-09-25 16:58:51 +0200: Memory Usage (774632K) : Executing rule metal4_filler_Acute
2026-09-25 16:58:51 +0200: Memory Usage (774632K) : Executing rule metal4_nofill_Acute
2026-09-25 16:58:51 +0200: Memory Usage (774632K) : Executing rule metal4_slit_Acute
2026-09-25 16:58:51 +0200: Memory Usage (774632K) : Executing rule metal4_opc_Acute
2026-09-25 16:58:51 +0200: Memory Usage (774632K) : Executing rule metal4_noqrc_Acute
2026-09-25 16:58:52 +0200: Memory Usage (774632K) : Executing rule metal4_res_Acute
2026-09-25 16:58:52 +0200: Memory Usage (774632K) : Executing rule metal4_iprobe_Acute
2026-09-25 16:58:52 +0200: Memory Usage (774632K) : Executing rule metal4_diffprb_Acute
2026-09-25 16:58:52 +0200: Memory Usage (774632K) : Executing rule via4_drw_Acute
2026-09-25 16:58:52 +0200: Memory Usage (774632K) : Executing rule metal5_drw_Acute
2026-09-25 16:58:52 +0200: Memory Usage (774632K) : Executing rule metal5_pin_Acute
2026-09-25 16:58:52 +0200: Memory Usage (774632K) : Executing rule metal5_mask_Acute
2026-09-25 16:58:52 +0200: Memory Usage (774632K) : Executing rule metal5_filler_Acute
2026-09-25 16:58:52 +0200: Memory Usage (774632K) : Executing rule metal5_nofill_Acute
2026-09-25 16:58:52 +0200: Memory Usage (774632K) : Executing rule metal5_slit_Acute
2026-09-25 16:58:52 +0200: Memory Usage (774632K) : Executing rule metal5_opc_Acute
2026-09-25 16:58:52 +0200: Memory Usage (774632K) : Executing rule metal5_noqrc_Acute
2026-09-25 16:58:52 +0200: Memory Usage (774632K) : Executing rule metal5_res_Acute
2026-09-25 16:58:52 +0200: Memory Usage (774632K) : Executing rule metal5_iprobe_Acute
2026-09-25 16:58:52 +0200: Memory Usage (774632K) : Executing rule metal5_diffprb_Acute
2026-09-25 16:58:52 +0200: Memory Usage (774632K) : Executing rule prboundary_drw_Acute
2026-09-25 16:58:52 +0200: Memory Usage (774632K) : Executing rule exchange0_drw_Acute
2026-09-25 16:58:52 +0200: Memory Usage (774632K) : Executing rule exchange0_pin_Acute
2026-09-25 16:58:52 +0200: Memory Usage (774632K) : Executing rule exchange1_drw_Acute
2026-09-25 16:58:52 +0200: Memory Usage (774632K) : Executing rule exchange1_pin_Acute
2026-09-25 16:58:52 +0200: Memory Usage (774632K) : Executing rule exchange2_drw_Acute
2026-09-25 16:58:52 +0200: Memory Usage (774632K) : Executing rule exchange2_pin_Acute
2026-09-25 16:58:52 +0200: Memory Usage (774632K) : Executing rule exchange3_drw_Acute
2026-09-25 16:58:52 +0200: Memory Usage (774632K) : Executing rule exchange3_pin_Acute
2026-09-25 16:58:52 +0200: Memory Usage (774632K) : Executing rule exchange4_drw_Acute
2026-09-25 16:58:52 +0200: Memory Usage (774632K) : Executing rule exchange4_pin_Acute
2026-09-25 16:58:52 +0200: Memory Usage (774632K) : Executing rule isonwell_drw_Acute
2026-09-25 16:58:52 +0200: Memory Usage (774632K) : Executing rule thickgateox_drw_Acute
2026-09-25 16:58:52 +0200: Memory Usage (773736K) : Executing rule pempoly_drw_Acute
2026-09-25 16:58:52 +0200: Memory Usage (773736K) : Executing rule fbe_drw_Acute
2026-09-25 16:58:52 +0200: Memory Usage (773736K) : Executing rule empoly_drw_Acute
2026-09-25 16:58:52 +0200: Memory Usage (773736K) : Executing rule ldmos_drw_Acute
2026-09-25 16:58:52 +0200: Memory Usage (773736K) : Executing rule pbiwind_drw_Acute
2026-09-25 16:58:52 +0200: Memory Usage (773736K) : Executing rule colopen_drw_Acute
2026-09-25 16:58:52 +0200: Memory Usage (773736K) : Executing rule extblock_drw_Acute
2026-09-25 16:58:52 +0200: Memory Usage (773736K) : Executing rule nldd_drw_Acute
2026-09-25 16:58:52 +0200: Memory Usage (773736K) : Executing rule pldd_drw_Acute
2026-09-25 16:58:52 +0200: Memory Usage (773736K) : Executing rule next_drw_Acute
2026-09-25 16:58:52 +0200: Memory Usage (773736K) : Executing rule pext_drw_Acute
2026-09-25 16:58:52 +0200: Memory Usage (773736K) : Executing rule nexthv_drw_Acute
2026-09-25 16:58:52 +0200: Memory Usage (773736K) : Executing rule pexthv_drw_Acute
2026-09-25 16:58:52 +0200: Memory Usage (773736K) : Executing rule graphgate_drw_Acute
2026-09-25 16:58:52 +0200: Memory Usage (773736K) : Executing rule mempad_drw_Acute
2026-09-25 16:58:52 +0200: Memory Usage (773736K) : Executing rule topvia1_drw_Acute
2026-09-25 16:58:52 +0200: Memory Usage (773736K) : Executing rule topmetal1_drw_Acute
2026-09-25 16:58:52 +0200: Memory Usage (773736K) : Executing rule topmetal1_pin_Acute
2026-09-25 16:58:52 +0200: Memory Usage (773736K) : Executing rule topmetal1_mask_Acute
2026-09-25 16:58:52 +0200: Memory Usage (773736K) : Executing rule topmetal1_filler_Acute
2026-09-25 16:58:52 +0200: Memory Usage (773736K) : Executing rule topmetal1_nofill_Acute
2026-09-25 16:58:52 +0200: Memory Usage (773736K) : Executing rule topmetal1_slit_Acute
2026-09-25 16:58:52 +0200: Memory Usage (773736K) : Executing rule topmetal1_noqrc_Acute
2026-09-25 16:58:52 +0200: Memory Usage (773736K) : Executing rule topmetal1_res_Acute
2026-09-25 16:58:52 +0200: Memory Usage (773736K) : Executing rule topmetal1_iprobe_Acute
2026-09-25 16:58:52 +0200: Memory Usage (773736K) : Executing rule topmetal1_diffprb_Acute
2026-09-25 16:58:52 +0200: Memory Usage (773736K) : Executing rule inldpwl_drw_Acute
2026-09-25 16:58:52 +0200: Memory Usage (773736K) : Executing rule polyres_drw_Acute
2026-09-25 16:58:52 +0200: Memory Usage (773736K) : Executing rule polyres_pin_Acute
2026-09-25 16:58:52 +0200: Memory Usage (773736K) : Executing rule vmim_drw_Acute
2026-09-25 16:58:52 +0200: Memory Usage (773736K) : Executing rule nbulaycut_drw_Acute
2026-09-25 16:58:52 +0200: Memory Usage (773736K) : Executing rule antmetal1_drw_Acute
2026-09-25 16:58:52 +0200: Memory Usage (773736K) : Executing rule topvia2_drw_Acute
2026-09-25 16:58:52 +0200: Memory Usage (773736K) : Executing rule topmetal2_drw_Acute
2026-09-25 16:58:52 +0200: Memory Usage (773736K) : Executing rule topmetal2_pin_Acute
2026-09-25 16:58:52 +0200: Memory Usage (773736K) : Executing rule topmetal2_mask_Acute
2026-09-25 16:58:52 +0200: Memory Usage (773736K) : Executing rule topmetal2_filler_Acute
2026-09-25 16:58:52 +0200: Memory Usage (773736K) : Executing rule topmetal2_nofill_Acute
2026-09-25 16:58:52 +0200: Memory Usage (773736K) : Executing rule topmetal2_slit_Acute
2026-09-25 16:58:52 +0200: Memory Usage (773736K) : Executing rule topmetal2_noqrc_Acute
2026-09-25 16:58:52 +0200: Memory Usage (773736K) : Executing rule topmetal2_res_Acute
2026-09-25 16:58:52 +0200: Memory Usage (773736K) : Executing rule topmetal2_iprobe_Acute
2026-09-25 16:58:52 +0200: Memory Usage (773736K) : Executing rule topmetal2_diffprb_Acute
2026-09-25 16:58:52 +0200: Memory Usage (773736K) : Executing rule snsring_drw_Acute
2026-09-25 16:58:52 +0200: Memory Usage (773736K) : Executing rule sensor_drw_Acute
2026-09-25 16:58:52 +0200: Memory Usage (773736K) : Executing rule snsarms_drw_Acute
2026-09-25 16:58:52 +0200: Memory Usage (773736K) : Executing rule snscmosvia_drw_Acute
2026-09-25 16:58:52 +0200: Memory Usage (773736K) : Executing rule colwind_drw_Acute
2026-09-25 16:58:52 +0200: Memory Usage (773736K) : Executing rule flm_drw_Acute
2026-09-25 16:58:52 +0200: Memory Usage (773736K) : Executing rule hafniumox_drw_Acute
2026-09-25 16:58:52 +0200: Memory Usage (773736K) : Executing rule memvia_drw_Acute
2026-09-25 16:58:52 +0200: Memory Usage (773736K) : Executing rule thinfilmres_drw_Acute
2026-09-25 16:58:52 +0200: Memory Usage (773736K) : Executing rule rfmem_drw_Acute
2026-09-25 16:58:52 +0200: Memory Usage (773736K) : Executing rule snsbotvia_drw_Acute
2026-09-25 16:58:52 +0200: Memory Usage (773608K) : Executing rule snstopvia_drw_Acute
2026-09-25 16:58:52 +0200: Memory Usage (773608K) : Executing rule deepvia_drw_Acute
2026-09-25 16:58:52 +0200: Memory Usage (773608K) : Executing rule fgetch_drw_Acute
2026-09-25 16:58:52 +0200: Memory Usage (773608K) : Executing rule ctrgat_drw_Acute
2026-09-25 16:58:52 +0200: Memory Usage (773608K) : Executing rule fgimp_drw_Acute
2026-09-25 16:58:52 +0200: Memory Usage (773608K) : Executing rule emwihv_drw_Acute
2026-09-25 16:58:52 +0200: Memory Usage (773608K) : Executing rule lbe_drw_Acute
2026-09-25 16:58:52 +0200: Memory Usage (773608K) : Executing rule alcustop_drw_Acute
2026-09-25 16:58:52 +0200: Memory Usage (773608K) : Executing rule cont_drw_Angle90
2026-09-25 16:58:57 +0200: Memory Usage (935016K) : Executing rule via1_drw_Angle90
2026-09-25 16:58:57 +0200: Memory Usage (935016K) : Executing rule via2_drw_Angle90
2026-09-25 16:58:57 +0200: Memory Usage (935016K) : Executing rule via3_drw_Angle90
2026-09-25 16:58:57 +0200: Memory Usage (935144K) : Executing rule via4_drw_Angle90
2026-09-25 16:58:57 +0200: Memory Usage (935144K) : Executing rule vmim_drw_Angle90
2026-09-25 16:58:57 +0200: Memory Usage (935012K) : Executing rule topvia1_drw_Angle90
2026-09-25 16:58:57 +0200: Memory Usage (935012K) : Executing rule topvia2_drw_Angle90
2026-09-25 16:58:57 +0200: Memory Usage (935012K) : Executing rule gatpoly_drw_Angle45
2026-09-25 16:58:57 +0200: Memory Usage (935268K) : Executing rule activ_drw_Angle45
2026-09-25 16:58:58 +0200: Memory Usage (935268K) : Executing rule metal1_drw_Angle45
2026-09-25 16:58:58 +0200: Memory Usage (935268K) : Executing rule metal2_drw_Angle45
2026-09-25 16:58:58 +0200: Memory Usage (935524K) : Executing rule metal3_drw_Angle45
2026-09-25 16:58:58 +0200: Memory Usage (935524K) : Executing rule metal4_drw_Angle45
2026-09-25 16:58:58 +0200: Memory Usage (935388K) : Executing rule metal5_drw_Angle45
2026-09-25 16:58:58 +0200: Memory Usage (935516K) : Executing rule topmetal1_drw_Angle45
2026-09-25 16:58:58 +0200: Memory Usage (935516K) : Executing rule topmetal2_drw_Angle45
2026-09-25 16:58:58 +0200: Memory Usage (935516K) : Starting 3.2. FORBIDDEN table
2026-09-25 16:58:58 +0200: Memory Usage (935516K) : Executing rule forbidden.biwind
2026-09-25 16:58:58 +0200: Memory Usage (935516K) : Executing rule forbidden.pemwind
2026-09-25 16:58:58 +0200: Memory Usage (935516K) : Executing rule forbidden.baspoly
2026-09-25 16:58:58 +0200: Memory Usage (935516K) : Executing rule forbidden.deepco
2026-09-25 16:58:58 +0200: Memory Usage (935516K) : Executing rule forbidden.pempoly
2026-09-25 16:58:58 +0200: Memory Usage (935516K) : Executing rule forbidden.empoly
2026-09-25 16:58:58 +0200: Memory Usage (935516K) : Executing rule forbidden.ldmos
2026-09-25 16:58:58 +0200: Memory Usage (935516K) : Executing rule forbidden.pbiwind
2026-09-25 16:58:58 +0200: Memory Usage (935516K) : Executing rule forbidden.nodrc
2026-09-25 16:58:58 +0200: Memory Usage (935516K) : Executing rule forbidden.flash
2026-09-25 16:58:58 +0200: Memory Usage (935516K) : Executing rule forbidden.colwind
2026-09-25 16:58:58 +0200: Memory Usage (935516K) : KLayout DRC run for tables 'main' completed in 36.39 seconds
