# Logfile created on 2026-09-25 16:57:26 +0200 by logger.rb/v1.5.3
2026-09-25 16:57:26 +0200: Memory Usage (457504K) : Starting running IHP-SG13G2 KLayout DRC runset on /foss/designs/unicasss-tools/SG13G2_2.4GHz_LC_VCO_FPLL/gds/blocks/BANDGAP_REF.gds
2026-09-25 16:57:26 +0200: Memory Usage (457504K) : Ruby Version for klayout: 3.2.3
2026-09-25 16:57:26 +0200: Memory Usage (459168K) : Loading database to memory is complete.
2026-09-25 16:57:26 +0200: Memory Usage (459168K) : IHP-SG13G2 KLayout DRC runset output at: /foss/designs/unicasss-tools/SG13G2_2.4GHz_LC_VCO_FPLL/drc/drc_run_BANDGAP_REF/BANDGAP_REF_BANDGAP_REF_main.lyrdb
2026-09-25 16:57:26 +0200: Memory Usage (459168K) : Evaluate switches.
2026-09-25 16:57:26 +0200: Memory Usage (459168K) : tables selected: main
2026-09-25 16:57:26 +0200: Memory Usage (459168K) : KLayout will use 12 thread(s) in tiling mode.
2026-09-25 16:57:26 +0200: Memory Usage (459168K) : deep mode is enabled.
2026-09-25 16:57:26 +0200: Memory Usage (459168K) : FEOL enabled: true
2026-09-25 16:57:26 +0200: Memory Usage (459168K) : BEOL enabled: true
2026-09-25 16:57:26 +0200: Memory Usage (459168K) : OFFGRID enabled: true
2026-09-25 16:57:26 +0200: Memory Usage (459168K) : ANGLE enabled: true
2026-09-25 16:57:26 +0200: Memory Usage (459168K) : PIN enabled: true
2026-09-25 16:57:26 +0200: Memory Usage (459168K) : FORBIDDEN enabled: true
2026-09-25 16:57:26 +0200: Memory Usage (459168K) : RECOMMENDED enabled: true
2026-09-25 16:57:26 +0200: Memory Usage (459168K) : PreCheck DRC enabled: false
2026-09-25 16:57:26 +0200: Memory Usage (459168K) : CONNECTIVITY_RULES enabled: true.
2026-09-25 16:57:26 +0200: Memory Usage (459168K) : Read in polygons from layers.
2026-09-25 16:57:26 +0200: Memory Usage (460704K) : activ_drw has 61 polygons
2026-09-25 16:57:26 +0200: Memory Usage (460704K) : activ_pin has 0 polygons
2026-09-25 16:57:26 +0200: Memory Usage (460832K) : activ_mask has 0 polygons
2026-09-25 16:57:26 +0200: Memory Usage (460832K) : activ_filler has 0 polygons
2026-09-25 16:57:26 +0200: Memory Usage (460960K) : activ_nofill has 0 polygons
2026-09-25 16:57:26 +0200: Memory Usage (460960K) : activ_opc has 0 polygons
2026-09-25 16:57:26 +0200: Memory Usage (460960K) : activ_iopc has 0 polygons
2026-09-25 16:57:26 +0200: Memory Usage (461088K) : activ_noqrc has 0 polygons
2026-09-25 16:57:26 +0200: Memory Usage (461088K) : biwind_drw has 0 polygons
2026-09-25 16:57:26 +0200: Memory Usage (461088K) : biwind_opc has 0 polygons
2026-09-25 16:57:26 +0200: Memory Usage (461088K) : pemwind_drw has 0 polygons
2026-09-25 16:57:26 +0200: Memory Usage (461088K) : gatpoly_drw has 90 polygons
2026-09-25 16:57:26 +0200: Memory Usage (461088K) : gatpoly_pin has 48 polygons
2026-09-25 16:57:26 +0200: Memory Usage (461088K) : gatpoly_filler has 0 polygons
2026-09-25 16:57:26 +0200: Memory Usage (461216K) : gatpoly_nofill has 0 polygons
2026-09-25 16:57:26 +0200: Memory Usage (461216K) : gatpoly_opc has 0 polygons
2026-09-25 16:57:26 +0200: Memory Usage (461216K) : gatpoly_iopc has 0 polygons
2026-09-25 16:57:26 +0200: Memory Usage (461216K) : gatpoly_noqrc has 0 polygons
2026-09-25 16:57:26 +0200: Memory Usage (461344K) : cont_drw has 5077 polygons
2026-09-25 16:57:26 +0200: Memory Usage (461600K) : cont_opc has 0 polygons
2026-09-25 16:57:26 +0200: Memory Usage (461600K) : nsd_drw has 0 polygons
2026-09-25 16:57:26 +0200: Memory Usage (461600K) : nsd_block has 0 polygons
2026-09-25 16:57:26 +0200: Memory Usage (461984K) : metal1_drw has 248 polygons
2026-09-25 16:57:26 +0200: Memory Usage (461984K) : metal1_pin has 99 polygons
2026-09-25 16:57:26 +0200: Memory Usage (462112K) : metal1_mask has 0 polygons
2026-09-25 16:57:26 +0200: Memory Usage (462112K) : metal1_filler has 0 polygons
2026-09-25 16:57:26 +0200: Memory Usage (462240K) : metal1_nofill has 0 polygons
2026-09-25 16:57:26 +0200: Memory Usage (462240K) : metal1_slit has 0 polygons
2026-09-25 16:57:26 +0200: Memory Usage (462496K) : metal1_text has 1 polygons
2026-09-25 16:57:26 +0200: Memory Usage (462496K) : metal1_opc has 0 polygons
2026-09-25 16:57:26 +0200: Memory Usage (462496K) : metal1_noqrc has 0 polygons
2026-09-25 16:57:26 +0200: Memory Usage (462624K) : metal1_res has 0 polygons
2026-09-25 16:57:26 +0200: Memory Usage (462752K) : metal1_iprobe has 0 polygons
2026-09-25 16:57:26 +0200: Memory Usage (462752K) : metal1_diffprb has 0 polygons
2026-09-25 16:57:26 +0200: Memory Usage (462880K) : passiv_drw has 0 polygons
2026-09-25 16:57:26 +0200: Memory Usage (462880K) : passiv_pin has 0 polygons
2026-09-25 16:57:26 +0200: Memory Usage (462880K) : passiv_sbump has 0 polygons
2026-09-25 16:57:26 +0200: Memory Usage (463008K) : passiv_pillar has 0 polygons
2026-09-25 16:57:26 +0200: Memory Usage (463008K) : passiv_pdl has 0 polygons
2026-09-25 16:57:26 +0200: Memory Usage (463136K) : metal2_drw has 118 polygons
2026-09-25 16:57:26 +0200: Memory Usage (463136K) : metal2_pin has 0 polygons
2026-09-25 16:57:26 +0200: Memory Usage (463264K) : metal2_mask has 0 polygons
2026-09-25 16:57:26 +0200: Memory Usage (463264K) : metal2_filler has 0 polygons
2026-09-25 16:57:26 +0200: Memory Usage (463392K) : metal2_nofill has 0 polygons
2026-09-25 16:57:26 +0200: Memory Usage (463392K) : metal2_slit has 0 polygons
2026-09-25 16:57:26 +0200: Memory Usage (463392K) : metal2_text has 0 polygons
2026-09-25 16:57:26 +0200: Memory Usage (463520K) : metal2_opc has 0 polygons
2026-09-25 16:57:26 +0200: Memory Usage (463520K) : metal2_noqrc has 0 polygons
2026-09-25 16:57:26 +0200: Memory Usage (463648K) : metal2_res has 0 polygons
2026-09-25 16:57:26 +0200: Memory Usage (463648K) : metal2_iprobe has 0 polygons
2026-09-25 16:57:26 +0200: Memory Usage (463776K) : metal2_diffprb has 0 polygons
2026-09-25 16:57:26 +0200: Memory Usage (463776K) : baspoly_drw has 0 polygons
2026-09-25 16:57:26 +0200: Memory Usage (463776K) : baspoly_pin has 0 polygons
2026-09-25 16:57:26 +0200: Memory Usage (463904K) : psd_drw has 48 polygons
2026-09-25 16:57:26 +0200: Memory Usage (463904K) : nldb_drw has 0 polygons
2026-09-25 16:57:26 +0200: Memory Usage (464032K) : digibnd_drw has 0 polygons
2026-09-25 16:57:26 +0200: Memory Usage (464288K) : via1_drw has 12013 polygons
2026-09-25 16:57:26 +0200: Memory Usage (464544K) : backmetal1_drw has 0 polygons
2026-09-25 16:57:26 +0200: Memory Usage (464544K) : backmetal1_pin has 0 polygons
2026-09-25 16:57:26 +0200: Memory Usage (464544K) : backmetal1_mask has 0 polygons
2026-09-25 16:57:26 +0200: Memory Usage (464544K) : backmetal1_filler has 0 polygons
2026-09-25 16:57:26 +0200: Memory Usage (464672K) : backmetal1_nofill has 0 polygons
2026-09-25 16:57:26 +0200: Memory Usage (464672K) : backmetal1_slit has 0 polygons
2026-09-25 16:57:26 +0200: Memory Usage (464672K) : backmetal1_text has 0 polygons
2026-09-25 16:57:26 +0200: Memory Usage (464800K) : backmetal1_opc has 0 polygons
2026-09-25 16:57:26 +0200: Memory Usage (464928K) : backmetal1_noqrc has 0 polygons
2026-09-25 16:57:26 +0200: Memory Usage (464928K) : backmetal1_res has 0 polygons
2026-09-25 16:57:26 +0200: Memory Usage (464928K) : backmetal1_iprobe has 0 polygons
2026-09-25 16:57:26 +0200: Memory Usage (465056K) : backmetal1_diffprb has 0 polygons
2026-09-25 16:57:26 +0200: Memory Usage (465056K) : backpassiv_drw has 0 polygons
2026-09-25 16:57:26 +0200: Memory Usage (465184K) : res_drw has 0 polygons
2026-09-25 16:57:26 +0200: Memory Usage (465184K) : sram_drw has 0 polygons
2026-09-25 16:57:26 +0200: Memory Usage (465312K) : trans_drw has 0 polygons
2026-09-25 16:57:26 +0200: Memory Usage (465312K) : ind_drw has 0 polygons
2026-09-25 16:57:26 +0200: Memory Usage (465312K) : ind_pin has 0 polygons
2026-09-25 16:57:26 +0200: Memory Usage (465312K) : ind_text has 0 polygons
2026-09-25 16:57:26 +0200: Memory Usage (465440K) : salblock_drw has 18 polygons
2026-09-25 16:57:26 +0200: Memory Usage (465696K) : via2_drw has 10936 polygons
2026-09-25 16:57:26 +0200: Memory Usage (465696K) : metal3_drw has 117 polygons
2026-09-25 16:57:26 +0200: Memory Usage (465824K) : metal3_pin has 0 polygons
2026-09-25 16:57:26 +0200: Memory Usage (465824K) : metal3_mask has 0 polygons
2026-09-25 16:57:26 +0200: Memory Usage (465824K) : metal3_filler has 0 polygons
2026-09-25 16:57:26 +0200: Memory Usage (465824K) : metal3_nofill has 0 polygons
2026-09-25 16:57:26 +0200: Memory Usage (465952K) : metal3_slit has 0 polygons
2026-09-25 16:57:26 +0200: Memory Usage (465952K) : metal3_text has 0 polygons
2026-09-25 16:57:26 +0200: Memory Usage (465952K) : metal3_opc has 0 polygons
2026-09-25 16:57:26 +0200: Memory Usage (466080K) : metal3_noqrc has 0 polygons
2026-09-25 16:57:26 +0200: Memory Usage (466080K) : metal3_res has 0 polygons
2026-09-25 16:57:26 +0200: Memory Usage (466080K) : metal3_iprobe has 0 polygons
2026-09-25 16:57:26 +0200: Memory Usage (466080K) : metal3_diffprb has 0 polygons
2026-09-25 16:57:26 +0200: Memory Usage (466080K) : nwell_drw has 6 polygons
2026-09-25 16:57:26 +0200: Memory Usage (466208K) : nwell_pin has 0 polygons
2026-09-25 16:57:26 +0200: Memory Usage (466208K) : nbulay_drw has 16 polygons
2026-09-25 16:57:26 +0200: Memory Usage (466336K) : nbulay_pin has 0 polygons
2026-09-25 16:57:26 +0200: Memory Usage (466336K) : nbulay_block has 0 polygons
2026-09-25 16:57:26 +0200: Memory Usage (466464K) : emwind_drw has 0 polygons
2026-09-25 16:57:26 +0200: Memory Usage (466464K) : emwind_opc has 0 polygons
2026-09-25 16:57:26 +0200: Memory Usage (466464K) : deepco_drw has 0 polygons
2026-09-25 16:57:26 +0200: Memory Usage (466592K) : deepco_drw has 0 polygons
2026-09-25 16:57:26 +0200: Memory Usage (466592K) : mim_drw has 17 polygons
2026-09-25 16:57:26 +0200: Memory Usage (466720K) : edgeseal_drw has 0 polygons
2026-09-25 16:57:26 +0200: Memory Usage (466720K) : edgeseal_bound has 0 polygons
2026-09-25 16:57:26 +0200: Memory Usage (466848K) : substrate_drw has 49 polygons
2026-09-25 16:57:26 +0200: Memory Usage (466848K) : substrate_text has 0 polygons
2026-09-25 16:57:26 +0200: Memory Usage (466848K) : dfpad_drw has 0 polygons
2026-09-25 16:57:26 +0200: Memory Usage (466976K) : dfpad_pillar has 0 polygons
2026-09-25 16:57:26 +0200: Memory Usage (466976K) : dfpad_sbump has 0 polygons
2026-09-25 16:57:26 +0200: Memory Usage (467104K) : thickgateox_drw has 0 polygons
2026-09-25 16:57:26 +0200: Memory Usage (467104K) : pldb_drw has 0 polygons
2026-09-25 16:57:26 +0200: Memory Usage (467232K) : pwell_drw has 0 polygons
2026-09-25 16:57:26 +0200: Memory Usage (467232K) : pwell_pin has 0 polygons
2026-09-25 16:57:26 +0200: Memory Usage (467232K) : pwell_block has 0 polygons
2026-09-25 16:57:26 +0200: Memory Usage (467360K) : ic_drw has 0 polygons
2026-09-25 16:57:26 +0200: Memory Usage (467616K) : via3_drw has 11361 polygons
2026-09-25 16:57:26 +0200: Memory Usage (467744K) : metal4_drw has 61 polygons
2026-09-25 16:57:26 +0200: Memory Usage (467744K) : metal4_pin has 1 polygons
2026-09-25 16:57:26 +0200: Memory Usage (467744K) : metal4_mask has 0 polygons
2026-09-25 16:57:26 +0200: Memory Usage (467744K) : metal4_filler has 0 polygons
2026-09-25 16:57:26 +0200: Memory Usage (467872K) : metal4_nofill has 0 polygons
2026-09-25 16:57:26 +0200: Memory Usage (467872K) : metal4_slit has 0 polygons
2026-09-25 16:57:26 +0200: Memory Usage (467872K) : metal4_text has 1 polygons
2026-09-25 16:57:26 +0200: Memory Usage (467872K) : metal4_opc has 0 polygons
2026-09-25 16:57:26 +0200: Memory Usage (467872K) : metal4_noqrc has 0 polygons
2026-09-25 16:57:26 +0200: Memory Usage (468000K) : metal4_res has 0 polygons
2026-09-25 16:57:26 +0200: Memory Usage (468000K) : metal4_iprobe has 0 polygons
2026-09-25 16:57:26 +0200: Memory Usage (468128K) : metal4_diffprb has 0 polygons
2026-09-25 16:57:26 +0200: Memory Usage (468128K) : heattrans_drw has 83 polygons
2026-09-25 16:57:26 +0200: Memory Usage (468256K) : heatres_drw has 18 polygons
2026-09-25 16:57:26 +0200: Memory Usage (468256K) : pempoly_drw has 0 polygons
2026-09-25 16:57:26 +0200: Memory Usage (468256K) : fbe_drw has 0 polygons
2026-09-25 16:57:26 +0200: Memory Usage (468384K) : empoly_drw has 0 polygons
2026-09-25 16:57:26 +0200: Memory Usage (468384K) : ldmos_drw has 0 polygons
2026-09-25 16:57:26 +0200: Memory Usage (468512K) : pbiwind_drw has 0 polygons
2026-09-25 16:57:26 +0200: Memory Usage (468512K) : digisub_drw has 0 polygons
2026-09-25 16:57:26 +0200: Memory Usage (468640K) : nodrc_drw has 0 polygons
2026-09-25 16:57:26 +0200: Memory Usage (468640K) : text_drw has 115 polygons
2026-09-25 16:57:26 +0200: Memory Usage (469024K) : via4_drw has 10591 polygons
2026-09-25 16:57:26 +0200: Memory Usage (469152K) : metal5_drw has 59 polygons
2026-09-25 16:57:26 +0200: Memory Usage (469152K) : metal5_pin has 17 polygons
2026-09-25 16:57:26 +0200: Memory Usage (469152K) : metal5_mask has 0 polygons
2026-09-25 16:57:26 +0200: Memory Usage (469152K) : metal5_filler has 0 polygons
2026-09-25 16:57:26 +0200: Memory Usage (469152K) : metal5_nofill has 0 polygons
2026-09-25 16:57:26 +0200: Memory Usage (469280K) : metal5_slit has 0 polygons
2026-09-25 16:57:26 +0200: Memory Usage (469280K) : metal5_text has 0 polygons
2026-09-25 16:57:26 +0200: Memory Usage (469280K) : metal5_opc has 0 polygons
2026-09-25 16:57:26 +0200: Memory Usage (469408K) : metal5_noqrc has 0 polygons
2026-09-25 16:57:26 +0200: Memory Usage (469408K) : metal5_res has 0 polygons
2026-09-25 16:57:26 +0200: Memory Usage (469536K) : metal5_iprobe has 0 polygons
2026-09-25 16:57:26 +0200: Memory Usage (469536K) : metal5_diffprb has 0 polygons
2026-09-25 16:57:26 +0200: Memory Usage (469664K) : radhard_drw has 0 polygons
2026-09-25 16:57:26 +0200: Memory Usage (469664K) : memcap_drw has 0 polygons
2026-09-25 16:57:26 +0200: Memory Usage (469664K) : varicap_drw has 0 polygons
2026-09-25 16:57:26 +0200: Memory Usage (469664K) : flash_drw has 0 polygons
2026-09-25 16:57:26 +0200: Memory Usage (469792K) : intbondvia_drw has 0 polygons
2026-09-25 16:57:26 +0200: Memory Usage (469792K) : intbondmet_drw has 0 polygons
2026-09-25 16:57:26 +0200: Memory Usage (469792K) : devbondvia_drw has 0 polygons
2026-09-25 16:57:26 +0200: Memory Usage (469920K) : devbondmet_drw has 0 polygons
2026-09-25 16:57:26 +0200: Memory Usage (469920K) : devtrench_drw has 0 polygons
2026-09-25 16:57:26 +0200: Memory Usage (470048K) : redist_drw has 0 polygons
2026-09-25 16:57:26 +0200: Memory Usage (470048K) : graphbot_drw has 0 polygons
2026-09-25 16:57:26 +0200: Memory Usage (470176K) : graphtop_drw has 0 polygons
2026-09-25 16:57:26 +0200: Memory Usage (470176K) : antvia1_drw has 0 polygons
2026-09-25 16:57:26 +0200: Memory Usage (470176K) : antmetal2_drw has 0 polygons
2026-09-25 16:57:26 +0200: Memory Usage (470304K) : graphcont_drw has 0 polygons
2026-09-25 16:57:26 +0200: Memory Usage (470304K) : siwg_drw has 0 polygons
2026-09-25 16:57:26 +0200: Memory Usage (470432K) : siwg_filler has 0 polygons
2026-09-25 16:57:26 +0200: Memory Usage (470432K) : siwg_nofill has 0 polygons
2026-09-25 16:57:26 +0200: Memory Usage (470560K) : sigrating_drw has 0 polygons
2026-09-25 16:57:26 +0200: Memory Usage (470560K) : singrating_drw has 0 polygons
2026-09-25 16:57:26 +0200: Memory Usage (470560K) : graphpas_drw has 0 polygons
2026-09-25 16:57:26 +0200: Memory Usage (470688K) : emwind3_drw has 0 polygons
2026-09-25 16:57:26 +0200: Memory Usage (470688K) : emwihv3_drw has 0 polygons
2026-09-25 16:57:26 +0200: Memory Usage (470816K) : redbulay_drw has 0 polygons
2026-09-25 16:57:26 +0200: Memory Usage (470816K) : smos_drw has 0 polygons
2026-09-25 16:57:26 +0200: Memory Usage (470816K) : graphpad_drw has 0 polygons
2026-09-25 16:57:26 +0200: Memory Usage (470944K) : polimide_drw has 0 polygons
2026-09-25 16:57:26 +0200: Memory Usage (470944K) : polimide_pin has 0 polygons
2026-09-25 16:57:26 +0200: Memory Usage (471072K) : recog_drw has 0 polygons
2026-09-25 16:57:26 +0200: Memory Usage (471072K) : recog_pin has 0 polygons
2026-09-25 16:57:26 +0200: Memory Usage (471200K) : recog_esd has 0 polygons
2026-09-25 16:57:26 +0200: Memory Usage (471200K) : recog_diode has 0 polygons
2026-09-25 16:57:26 +0200: Memory Usage (471200K) : recog_tsv has 0 polygons
2026-09-25 16:57:26 +0200: Memory Usage (471328K) : recog_iprobe has 0 polygons
2026-09-25 16:57:26 +0200: Memory Usage (471328K) : recog_diffprb has 0 polygons
2026-09-25 16:57:26 +0200: Memory Usage (471328K) : recog_pillar has 0 polygons
2026-09-25 16:57:26 +0200: Memory Usage (471328K) : recog_sbump has 0 polygons
2026-09-25 16:57:26 +0200: Memory Usage (471328K) : recog_otp has 0 polygons
2026-09-25 16:57:26 +0200: Memory Usage (471456K) : recog_pdiode has 0 polygons
2026-09-25 16:57:26 +0200: Memory Usage (471456K) : recog_mom has 0 polygons
2026-09-25 16:57:26 +0200: Memory Usage (471584K) : recog_momf has 0 polygons
2026-09-25 16:57:26 +0200: Memory Usage (471584K) : recog_pcm has 0 polygons
2026-09-25 16:57:26 +0200: Memory Usage (471712K) : colopen_drw has 0 polygons
2026-09-25 16:57:26 +0200: Memory Usage (471712K) : graphmetal1_drw has 0 polygons
2026-09-25 16:57:26 +0200: Memory Usage (471712K) : graphmetal1_filler has 0 polygons
2026-09-25 16:57:26 +0200: Memory Usage (471840K) : graphmetal1_nofill has 0 polygons
2026-09-25 16:57:26 +0200: Memory Usage (471840K) : graphmetal1_slit has 0 polygons
2026-09-25 16:57:26 +0200: Memory Usage (471968K) : graphmetal1_opc has 0 polygons
2026-09-25 16:57:26 +0200: Memory Usage (471968K) : graphmet1l_drw has 0 polygons
2026-09-25 16:57:26 +0200: Memory Usage (472096K) : graphmet1l_filler has 0 polygons
2026-09-25 16:57:26 +0200: Memory Usage (472096K) : graphmet1l_nofill has 0 polygons
2026-09-25 16:57:26 +0200: Memory Usage (472096K) : graphmet1l_slit has 0 polygons
2026-09-25 16:57:26 +0200: Memory Usage (472224K) : graphmet1l_opc has 0 polygons
2026-09-25 16:57:26 +0200: Memory Usage (472224K) : extblock_drw has 20 polygons
2026-09-25 16:57:26 +0200: Memory Usage (472352K) : nldd_drw has 0 polygons
2026-09-25 16:57:26 +0200: Memory Usage (472352K) : pldd_drw has 0 polygons
2026-09-25 16:57:26 +0200: Memory Usage (472480K) : next_drw has 0 polygons
2026-09-25 16:57:26 +0200: Memory Usage (472480K) : pext_drw has 0 polygons
2026-09-25 16:57:26 +0200: Memory Usage (472480K) : nexthv_drw has 0 polygons
2026-09-25 16:57:26 +0200: Memory Usage (472608K) : pexthv_drw has 0 polygons
2026-09-25 16:57:26 +0200: Memory Usage (472608K) : graphgate_drw has 0 polygons
2026-09-25 16:57:26 +0200: Memory Usage (472736K) : sinwg_drw has 0 polygons
2026-09-25 16:57:26 +0200: Memory Usage (472736K) : sinwg_filler has 0 polygons
2026-09-25 16:57:26 +0200: Memory Usage (472736K) : sinwg_nofill has 0 polygons
2026-09-25 16:57:26 +0200: Memory Usage (472864K) : mempad_drw has 0 polygons
2026-09-25 16:57:26 +0200: Memory Usage (472864K) : topvia1_drw has 3124 polygons
2026-09-25 16:57:26 +0200: Memory Usage (472992K) : topmetal1_drw has 9 polygons
2026-09-25 16:57:26 +0200: Memory Usage (473120K) : topmetal1_pin has 19 polygons
2026-09-25 16:57:26 +0200: Memory Usage (473120K) : topmetal1_mask has 0 polygons
2026-09-25 16:57:26 +0200: Memory Usage (473120K) : topmetal1_filler has 0 polygons
2026-09-25 16:57:26 +0200: Memory Usage (473120K) : topmetal1_nofill has 0 polygons
2026-09-25 16:57:26 +0200: Memory Usage (473120K) : topmetal1_slit has 0 polygons
2026-09-25 16:57:26 +0200: Memory Usage (473120K) : topmetal1_text has 2 polygons
2026-09-25 16:57:26 +0200: Memory Usage (473120K) : topmetal1_noqrc has 0 polygons
2026-09-25 16:57:26 +0200: Memory Usage (473248K) : topmetal1_res has 0 polygons
2026-09-25 16:57:26 +0200: Memory Usage (473248K) : topmetal1_iprobe has 0 polygons
2026-09-25 16:57:26 +0200: Memory Usage (473376K) : topmetal1_diffprb has 0 polygons
2026-09-25 16:57:26 +0200: Memory Usage (473376K) : inldpwl_drw has 0 polygons
2026-09-25 16:57:26 +0200: Memory Usage (473376K) : polyres_drw has 18 polygons
2026-09-25 16:57:26 +0200: Memory Usage (473504K) : polyres_pin has 0 polygons
2026-09-25 16:57:26 +0200: Memory Usage (473504K) : vmim_drw has 725 polygons
2026-09-25 16:57:26 +0200: Memory Usage (473632K) : nbulaycut_drw has 0 polygons
2026-09-25 16:57:26 +0200: Memory Usage (473632K) : antmetal1_drw has 0 polygons
2026-09-25 16:57:26 +0200: Memory Usage (473760K) : topvia2_drw has 0 polygons
2026-09-25 16:57:26 +0200: Memory Usage (473760K) : topmetal2_drw has 0 polygons
2026-09-25 16:57:26 +0200: Memory Usage (473760K) : topmetal2_pin has 0 polygons
2026-09-25 16:57:26 +0200: Memory Usage (473888K) : topmetal2_mask has 0 polygons
2026-09-25 16:57:26 +0200: Memory Usage (473888K) : topmetal2_filler has 0 polygons
2026-09-25 16:57:26 +0200: Memory Usage (474016K) : topmetal2_nofill has 0 polygons
2026-09-25 16:57:26 +0200: Memory Usage (474016K) : topmetal2_slit has 0 polygons
2026-09-25 16:57:26 +0200: Memory Usage (474144K) : topmetal2_text has 0 polygons
2026-09-25 16:57:26 +0200: Memory Usage (474144K) : topmetal2_noqrc has 0 polygons
2026-09-25 16:57:26 +0200: Memory Usage (474144K) : topmetal2_res has 0 polygons
2026-09-25 16:57:26 +0200: Memory Usage (474272K) : topmetal2_iprobe has 0 polygons
2026-09-25 16:57:26 +0200: Memory Usage (474272K) : topmetal2_diffprb has 0 polygons
2026-09-25 16:57:26 +0200: Memory Usage (474400K) : snsring_drw has 0 polygons
2026-09-25 16:57:26 +0200: Memory Usage (474400K) : sensor_drw has 0 polygons
2026-09-25 16:57:26 +0200: Memory Usage (474400K) : snsarms_drw has 0 polygons
2026-09-25 16:57:26 +0200: Memory Usage (474528K) : snscmosvia_drw has 0 polygons
2026-09-25 16:57:26 +0200: Memory Usage (474528K) : colwind_drw has 0 polygons
2026-09-25 16:57:26 +0200: Memory Usage (474656K) : flm_drw has 0 polygons
2026-09-25 16:57:26 +0200: Memory Usage (474656K) : hafniumox_drw has 0 polygons
2026-09-25 16:57:26 +0200: Memory Usage (474784K) : memvia_drw has 0 polygons
2026-09-25 16:57:26 +0200: Memory Usage (474784K) : thinfilmres_drw has 0 polygons
2026-09-25 16:57:26 +0200: Memory Usage (474784K) : rfmem_drw has 0 polygons
2026-09-25 16:57:26 +0200: Memory Usage (474912K) : norcx_drw has 0 polygons
2026-09-25 16:57:26 +0200: Memory Usage (474912K) : norcx_m2m3 has 0 polygons
2026-09-25 16:57:26 +0200: Memory Usage (475040K) : norcx_m2m4 has 0 polygons
2026-09-25 16:57:26 +0200: Memory Usage (475040K) : norcx_m2m5 has 0 polygons
2026-09-25 16:57:26 +0200: Memory Usage (475168K) : norcx_m2tm1 has 0 polygons
2026-09-25 16:57:26 +0200: Memory Usage (475168K) : norcx_m2tm2 has 0 polygons
2026-09-25 16:57:26 +0200: Memory Usage (475168K) : norcx_m3m4 has 0 polygons
2026-09-25 16:57:26 +0200: Memory Usage (475296K) : norcx_m3m5 has 0 polygons
2026-09-25 16:57:26 +0200: Memory Usage (475296K) : norcx_m3tm1 has 0 polygons
2026-09-25 16:57:26 +0200: Memory Usage (475424K) : norcx_m3tm2 has 0 polygons
2026-09-25 16:57:26 +0200: Memory Usage (475424K) : norcx_m4m5 has 0 polygons
2026-09-25 16:57:26 +0200: Memory Usage (475552K) : norcx_m4tm1 has 0 polygons
2026-09-25 16:57:26 +0200: Memory Usage (475552K) : norcx_m4tm2 has 0 polygons
2026-09-25 16:57:26 +0200: Memory Usage (475552K) : norcx_m5tm1 has 0 polygons
2026-09-25 16:57:26 +0200: Memory Usage (475680K) : norcx_m5tm2 has 0 polygons
2026-09-25 16:57:26 +0200: Memory Usage (475680K) : norcx_tm1tm2 has 0 polygons
2026-09-25 16:57:26 +0200: Memory Usage (475680K) : norcx_m1sub has 0 polygons
2026-09-25 16:57:26 +0200: Memory Usage (475680K) : norcx_m2sub has 0 polygons
2026-09-25 16:57:26 +0200: Memory Usage (475680K) : norcx_m3sub has 0 polygons
2026-09-25 16:57:26 +0200: Memory Usage (475680K) : norcx_m4sub has 0 polygons
2026-09-25 16:57:26 +0200: Memory Usage (475808K) : norcx_m5sub has 0 polygons
2026-09-25 16:57:26 +0200: Memory Usage (475808K) : norcx_tm1sub has 0 polygons
2026-09-25 16:57:26 +0200: Memory Usage (475808K) : norcx_tm2sub has 0 polygons
2026-09-25 16:57:26 +0200: Memory Usage (475808K) : snsbotvia_drw has 0 polygons
2026-09-25 16:57:26 +0200: Memory Usage (475936K) : snstopvia_drw has 0 polygons
2026-09-25 16:57:26 +0200: Memory Usage (475936K) : deepvia_drw has 0 polygons
2026-09-25 16:57:26 +0200: Memory Usage (475936K) : fgetch_drw has 0 polygons
2026-09-25 16:57:26 +0200: Memory Usage (476064K) : ctrgat_drw has 0 polygons
2026-09-25 16:57:26 +0200: Memory Usage (476064K) : fgimp_drw has 0 polygons
2026-09-25 16:57:26 +0200: Memory Usage (476192K) : emwihv_drw has 0 polygons
2026-09-25 16:57:26 +0200: Memory Usage (476192K) : lbe_drw has 0 polygons
2026-09-25 16:57:26 +0200: Memory Usage (476320K) : alcustop_drw has 0 polygons
2026-09-25 16:57:26 +0200: Memory Usage (476320K) : nometfiller_drw has 0 polygons
2026-09-25 16:57:26 +0200: Memory Usage (476320K) : prboundary_drw has 0 polygons
2026-09-25 16:57:26 +0200: Memory Usage (476320K) : exchange0_drw has 0 polygons
2026-09-25 16:57:26 +0200: Memory Usage (476320K) : exchange0_pin has 0 polygons
2026-09-25 16:57:26 +0200: Memory Usage (476320K) : exchange0_text has 0 polygons
2026-09-25 16:57:26 +0200: Memory Usage (476320K) : exchange1_drw has 0 polygons
2026-09-25 16:57:26 +0200: Memory Usage (476320K) : exchange1_pin has 0 polygons
2026-09-25 16:57:26 +0200: Memory Usage (476320K) : exchange1_text has 0 polygons
2026-09-25 16:57:26 +0200: Memory Usage (476320K) : exchange2_drw has 0 polygons
2026-09-25 16:57:26 +0200: Memory Usage (476320K) : exchange2_pin has 0 polygons
2026-09-25 16:57:26 +0200: Memory Usage (476320K) : exchange2_text has 0 polygons
2026-09-25 16:57:26 +0200: Memory Usage (476320K) : exchange3_drw has 0 polygons
2026-09-25 16:57:26 +0200: Memory Usage (476320K) : exchange3_pin has 0 polygons
2026-09-25 16:57:26 +0200: Memory Usage (476320K) : exchange3_text has 0 polygons
2026-09-25 16:57:26 +0200: Memory Usage (476320K) : exchange4_drw has 0 polygons
2026-09-25 16:57:26 +0200: Memory Usage (476320K) : exchange4_pin has 0 polygons
2026-09-25 16:57:26 +0200: Memory Usage (476320K) : exchange4_text has 0 polygons
2026-09-25 16:57:26 +0200: Memory Usage (476320K) : isonwell_drw has 0 polygons
2026-09-25 16:57:26 +0200: Memory Usage (476320K) : Total no. of polygons in the design is 55186
2026-09-25 16:57:26 +0200: Memory Usage (476448K) : Loaded TECH DRC rules values from /foss/pdks/ihp-sg13g2/libs.tech/klayout/python/sg13g2_pycell_lib/sg13g2_tech_mod.json
2026-09-25 16:57:26 +0200: Memory Usage (476448K) : Loaded default DRC rules values from /foss/pdks/ihp-sg13g2/libs.tech/klayout/tech/drc/rule_decks/sg13g2_tech_default.json
2026-09-25 16:57:26 +0200: Memory Usage (476448K) : The following rules values were missing in tech json and default values were used:
2026-09-25 16:57:26 +0200: Memory Usage (476448K) :   - NW_f1_digibnd
2026-09-25 16:57:26 +0200: Memory Usage (476448K) :   - Cnt_c_digibnd
2026-09-25 16:57:26 +0200: Memory Usage (476448K) :   - Cnt_c_sram
2026-09-25 16:57:26 +0200: Memory Usage (476448K) :   - Sdiod_b
2026-09-25 16:57:26 +0200: Memory Usage (476448K) :   - Sdiod_c
2026-09-25 16:57:26 +0200: Memory Usage (477216K) : Total area of the design is 11676.420549999999 um^2.
2026-09-25 16:57:26 +0200: Memory Usage (477216K) : The design dimensions are 108.11 µm * 108.005 µm.
2026-09-25 16:57:26 +0200: Memory Usage (477216K) : Starting general IHP-SG13G2 derivations.
2026-09-25 16:57:26 +0200: Memory Usage (477216K) : Starting Pwell derivations
2026-09-25 16:57:26 +0200: Memory Usage (478752K) : Starting n-Activ derivations
2026-09-25 16:57:26 +0200: Memory Usage (479008K) : Starting p-Activ derivations
2026-09-25 16:57:26 +0200: Memory Usage (479008K) : Starting ptap derivations
2026-09-25 16:57:26 +0200: Memory Usage (479008K) : Starting ntap derivations
2026-09-25 16:57:26 +0200: Memory Usage (479008K) : Starting pact FET derivations
2026-09-25 16:57:26 +0200: Memory Usage (479136K) : Starting nact FET derivations
2026-09-25 16:57:26 +0200: Memory Usage (479136K) : Starting Gate derivations
2026-09-25 16:57:26 +0200: Memory Usage (479264K) : Starting cont/contbar general derivations
2026-09-25 16:57:26 +0200: Memory Usage (482464K) : Starting pad general derivations
2026-09-25 16:57:26 +0200: Memory Usage (482464K) : Starting schottky_nbl general derivations
2026-09-25 16:57:26 +0200: Memory Usage (482464K) : Starting SVaricap general derivations
2026-09-25 16:57:26 +0200: Memory Usage (482464K) : Starting HBT general derivations
2026-09-25 16:57:26 +0200: Memory Usage (482464K) : Starting IHP-SG13G2 DRC connectivity related derivations.
2026-09-25 16:57:26 +0200: Memory Usage (483232K) : Starting IHP-SG13G2 DRC connectivity setup
2026-09-25 16:57:27 +0200: Memory Usage (485664K) : Starting IHP-SG13G2 DRC rules.
2026-09-25 16:57:27 +0200: Memory Usage (485664K) : Running all FEOL rules
2026-09-25 16:57:27 +0200: Memory Usage (485664K) : Running all BEOL rules
2026-09-25 16:57:27 +0200: Memory Usage (485664K) : Running all PIN rules
2026-09-25 16:57:27 +0200: Memory Usage (485664K) : Running all FORBIDDEN rules
2026-09-25 16:57:27 +0200: Memory Usage (485664K) : Starting 5.1 NWell table
2026-09-25 16:57:27 +0200: Memory Usage (485664K) : Executing rule NW.b
2026-09-25 16:57:27 +0200: Memory Usage (486048K) : Executing rule NW.b1
2026-09-25 16:57:27 +0200: Memory Usage (486176K) : Executing rule NW.f1
2026-09-25 16:57:27 +0200: Memory Usage (486176K) : Executing rule NW.f1.digibnd
2026-09-25 16:57:27 +0200: Memory Usage (486176K) : Starting 5.2 PWell:block
2026-09-25 16:57:27 +0200: Memory Usage (486176K) : Executing rule PWB.e
2026-09-25 16:57:27 +0200: Memory Usage (486176K) : Executing rule PWB.e1
2026-09-25 16:57:27 +0200: Memory Usage (486176K) : Executing rule PWB.f
2026-09-25 16:57:27 +0200: Memory Usage (486176K) : Executing rule PWB.f1
2026-09-25 16:57:27 +0200: Memory Usage (486176K) : Starting 5.3 nBuLay table
2026-09-25 16:57:27 +0200: Memory Usage (486176K) : Executing rule NBL.b
2026-09-25 16:57:27 +0200: Memory Usage (486560K) : Executing rule NBL.c
2026-09-25 16:57:27 +0200: Memory Usage (486560K) : Executing rule NBL.d
2026-09-25 16:57:27 +0200: Memory Usage (486688K) : Executing rule NBL.e
2026-09-25 16:57:27 +0200: Memory Usage (486684K) : Executing rule NBL.f
2026-09-25 16:57:27 +0200: Memory Usage (486684K) : Starting 5.5. Activ table
2026-09-25 16:57:27 +0200: Memory Usage (486684K) : Executing rule Act.a
2026-09-25 16:57:27 +0200: Memory Usage (486684K) : Executing rule Act.b
2026-09-25 16:57:27 +0200: Memory Usage (486684K) : Starting 5.6 Activ:filler table
2026-09-25 16:57:27 +0200: Memory Usage (486684K) : Executing rule AFil.c1
2026-09-25 16:57:27 +0200: Memory Usage (486684K) : Executing rule AFil.c
2026-09-25 16:57:27 +0200: Memory Usage (486684K) : Executing rule AFil.d
2026-09-25 16:57:27 +0200: Memory Usage (486684K) : Executing rule AFil.e
2026-09-25 16:57:27 +0200: Memory Usage (486684K) : Executing rule AFil.j
2026-09-25 16:57:27 +0200: Memory Usage (486684K) : Starting 5.7. ThickGateOx table
2026-09-25 16:57:27 +0200: Memory Usage (486684K) : Executing rule TGO.f
2026-09-25 16:57:27 +0200: Memory Usage (486684K) : Starting 5.8. GatPoly table
2026-09-25 16:57:27 +0200: Memory Usage (486684K) : Executing rule Gat.a
2026-09-25 16:57:27 +0200: Memory Usage (486684K) : Executing rule Gat.b
2026-09-25 16:57:27 +0200: Memory Usage (486552K) : Executing rule Gat.d
2026-09-25 16:57:27 +0200: Memory Usage (486552K) : Executing rule Gat.a1
2026-09-25 16:57:27 +0200: Memory Usage (487192K) : Executing rule Gat.a2
2026-09-25 16:57:27 +0200: Memory Usage (487192K) : Executing rule Gat.g
2026-09-25 16:57:27 +0200: Memory Usage (487192K) : Starting 5.9 GatPoly:filler
2026-09-25 16:57:27 +0200: Memory Usage (487192K) : Executing rule GFil.d
2026-09-25 16:57:27 +0200: Memory Usage (487192K) : Executing rule GFil.e
2026-09-25 16:57:27 +0200: Memory Usage (487192K) : Executing rule GFil.i
2026-09-25 16:57:27 +0200: Memory Usage (487192K) : Starting 5.10 pSD table
2026-09-25 16:57:27 +0200: Memory Usage (487192K) : Executing rule pSD.c1
2026-09-25 16:57:27 +0200: Memory Usage (487192K) : Starting 5.14. Cont table
2026-09-25 16:57:27 +0200: Memory Usage (487192K) : Executing rule Cnt.a
2026-09-25 16:57:27 +0200: Memory Usage (487448K) : Executing rule Cnt.b
2026-09-25 16:57:27 +0200: Memory Usage (488728K) : Executing rule Cnt.c
2026-09-25 16:57:27 +0200: Memory Usage (489752K) : Executing rule Cnt.c.digibnd
2026-09-25 16:57:27 +0200: Memory Usage (489752K) : Executing rule Cnt.c.SRAM
2026-09-25 16:57:27 +0200: Memory Usage (489752K) : Executing rule Cnt.d
2026-09-25 16:57:27 +0200: Memory Usage (490136K) : Executing rule Cnt.e
2026-09-25 16:57:27 +0200: Memory Usage (490264K) : Executing rule Cnt.g1
2026-09-25 16:57:27 +0200: Memory Usage (491416K) : Executing rule Cnt.g2
2026-09-25 16:57:27 +0200: Memory Usage (492952K) : Starting 5.15. ContBar table
2026-09-25 16:57:27 +0200: Memory Usage (492952K) : Executing rule CntB.a
2026-09-25 16:57:27 +0200: Memory Usage (492952K) : Executing rule CntB.a1
2026-09-25 16:57:27 +0200: Memory Usage (492952K) : Executing rule CntB.b1
2026-09-25 16:57:27 +0200: Memory Usage (492952K) : Executing rule CntB.h1
2026-09-25 16:57:27 +0200: Memory Usage (492952K) : Starting 6.1.3 NPN Substrate-Tie table
2026-09-25 16:57:27 +0200: Memory Usage (492952K) : Executing rule npn13G2.bR 
2026-09-25 16:57:27 +0200: Memory Usage (492952K) : Executing rule npn13G2L.cR 
2026-09-25 16:57:27 +0200: Memory Usage (492952K) : Executing rule npn13G2V.cR 
2026-09-25 16:57:27 +0200: Memory Usage (492952K) : Starting 6.7 Schottky diode table
2026-09-25 16:57:27 +0200: Memory Usage (492952K) : Executing rule Sdiod.b
2026-09-25 16:57:27 +0200: Memory Usage (492952K) : Executing rule Sdiod.c
2026-09-25 16:57:27 +0200: Memory Usage (492952K) : Executing rule Sdiod.d
2026-09-25 16:57:27 +0200: Memory Usage (492952K) : Executing rule Sdiod.e
2026-09-25 16:57:27 +0200: Memory Usage (492952K) : Starting 7.2 Latch-up table
2026-09-25 16:57:27 +0200: Memory Usage (492952K) : Executing rule LU.b
2026-09-25 16:57:27 +0200: Memory Usage (493080K) : Starting 5.16. Metal1 table
2026-09-25 16:57:27 +0200: Memory Usage (493080K) : Executing rule M1.a
2026-09-25 16:57:27 +0200: Memory Usage (493080K) : Executing rule M1.b
2026-09-25 16:57:27 +0200: Memory Usage (493464K) : Executing rule M1.e
2026-09-25 16:57:27 +0200: Memory Usage (493464K) : Executing rule M1.f
2026-09-25 16:57:27 +0200: Memory Usage (493464K) : Executing rule M1.g
2026-09-25 16:57:27 +0200: Memory Usage (493336K) : Executing rule M1.i
2026-09-25 16:57:27 +0200: Memory Usage (493464K) : Starting 5.17 Metaln table
2026-09-25 16:57:27 +0200: Memory Usage (493464K) : Executing rule M2.a
2026-09-25 16:57:27 +0200: Memory Usage (493464K) : Executing rule M2.b
2026-09-25 16:57:27 +0200: Memory Usage (493336K) : Executing rule M2.e
2026-09-25 16:57:27 +0200: Memory Usage (493336K) : Executing rule M2.f
2026-09-25 16:57:27 +0200: Memory Usage (493464K) : Executing rule M2.g
2026-09-25 16:57:27 +0200: Memory Usage (493464K) : Executing rule M2.i
2026-09-25 16:57:27 +0200: Memory Usage (493592K) : Executing rule M3.a
2026-09-25 16:57:27 +0200: Memory Usage (493592K) : Executing rule M3.b
2026-09-25 16:57:27 +0200: Memory Usage (493460K) : Executing rule M3.e
2026-09-25 16:57:27 +0200: Memory Usage (493588K) : Executing rule M3.f
2026-09-25 16:57:27 +0200: Memory Usage (493588K) : Executing rule M3.g
2026-09-25 16:57:27 +0200: Memory Usage (493328K) : Executing rule M3.i
2026-09-25 16:57:27 +0200: Memory Usage (493456K) : Executing rule M4.a
2026-09-25 16:57:27 +0200: Memory Usage (493456K) : Executing rule M4.b
2026-09-25 16:57:27 +0200: Memory Usage (493456K) : Executing rule M4.e
2026-09-25 16:57:27 +0200: Memory Usage (493456K) : Executing rule M4.f
2026-09-25 16:57:27 +0200: Memory Usage (493456K) : Executing rule M4.g
2026-09-25 16:57:27 +0200: Memory Usage (493584K) : Executing rule M4.i
2026-09-25 16:57:27 +0200: Memory Usage (493584K) : Executing rule M5.a
2026-09-25 16:57:27 +0200: Memory Usage (493584K) : Executing rule M5.b
2026-09-25 16:57:27 +0200: Memory Usage (493584K) : Executing rule M5.e
2026-09-25 16:57:27 +0200: Memory Usage (493324K) : Executing rule M5.f
2026-09-25 16:57:27 +0200: Memory Usage (493324K) : Executing rule M5.g
2026-09-25 16:57:27 +0200: Memory Usage (493196K) : Executing rule M5.i
2026-09-25 16:57:27 +0200: Memory Usage (493324K) : Starting 5.18 Metaln:filler table
2026-09-25 16:57:27 +0200: Memory Usage (493324K) : Executing rule M1Fil.c
2026-09-25 16:57:27 +0200: Memory Usage (493324K) : Executing rule M1Fil.a2
2026-09-25 16:57:27 +0200: Memory Usage (493324K) : Executing rule M2Fil.c
2026-09-25 16:57:27 +0200: Memory Usage (493324K) : Executing rule M2Fil.a2
2026-09-25 16:57:27 +0200: Memory Usage (493324K) : Executing rule M3Fil.c
2026-09-25 16:57:27 +0200: Memory Usage (493324K) : Executing rule M3Fil.a2
2026-09-25 16:57:27 +0200: Memory Usage (493324K) : Executing rule M4Fil.c
2026-09-25 16:57:27 +0200: Memory Usage (493324K) : Executing rule M4Fil.a2
2026-09-25 16:57:27 +0200: Memory Usage (493324K) : Executing rule M5Fil.c
2026-09-25 16:57:27 +0200: Memory Usage (493324K) : Executing rule M5Fil.a2
2026-09-25 16:57:27 +0200: Memory Usage (493324K) : Starting 5.19. Via1 table
2026-09-25 16:57:27 +0200: Memory Usage (493324K) : Starting 5.19. Via1 table derivations
2026-09-25 16:57:27 +0200: Memory Usage (493324K) : Executing rule V1.a
2026-09-25 16:57:28 +0200: Memory Usage (494348K) : Executing rule V1.b
2026-09-25 16:57:28 +0200: Memory Usage (497036K) : Executing rule V1.c
2026-09-25 16:57:28 +0200: Memory Usage (498060K) : Starting 5.20. Vian table
2026-09-25 16:57:28 +0200: Memory Usage (498060K) : Executing rule V2.a
2026-09-25 16:57:28 +0200: Memory Usage (498060K) : Executing rule V2.b
2026-09-25 16:57:28 +0200: Memory Usage (499852K) : Executing rule V2.c
2026-09-25 16:57:28 +0200: Memory Usage (501900K) : Executing rule V3.a
2026-09-25 16:57:28 +0200: Memory Usage (502156K) : Executing rule V3.b
2026-09-25 16:57:28 +0200: Memory Usage (503564K) : Executing rule V3.c
2026-09-25 16:57:28 +0200: Memory Usage (504460K) : Executing rule V4.a
2026-09-25 16:57:28 +0200: Memory Usage (504716K) : Executing rule V4.b
2026-09-25 16:57:28 +0200: Memory Usage (505228K) : Executing rule V4.c
2026-09-25 16:57:28 +0200: Memory Usage (507532K) : Starting 5.21. TopVia1 table
2026-09-25 16:57:28 +0200: Memory Usage (507532K) : Executing rule TV1.a
2026-09-25 16:57:28 +0200: Memory Usage (507532K) : Executing rule TV1.b
2026-09-25 16:57:28 +0200: Memory Usage (507532K) : Executing rule TV1.c
2026-09-25 16:57:28 +0200: Memory Usage (508168K) : Executing rule TV1.d
2026-09-25 16:57:28 +0200: Memory Usage (508296K) : Starting 5.22. TopMetal1 table
2026-09-25 16:57:28 +0200: Memory Usage (508296K) : Executing rule TM1.a
2026-09-25 16:57:28 +0200: Memory Usage (508296K) : Executing rule TM1.b
2026-09-25 16:57:28 +0200: Memory Usage (508296K) : Starting 5.23 TopMetal1:filler table
2026-09-25 16:57:28 +0200: Memory Usage (508296K) : Executing rule TM1Fil.c
2026-09-25 16:57:28 +0200: Memory Usage (508296K) : Executing rule TM1Fil.a1
2026-09-25 16:57:28 +0200: Memory Usage (508296K) : Starting 5.24. TopVia2 table
2026-09-25 16:57:28 +0200: Memory Usage (508296K) : Executing rule TV2.a
2026-09-25 16:57:28 +0200: Memory Usage (508296K) : Executing rule TV2.b
2026-09-25 16:57:28 +0200: Memory Usage (508296K) : Executing rule TV2.c
2026-09-25 16:57:28 +0200: Memory Usage (508296K) : Executing rule TV2.d
2026-09-25 16:57:28 +0200: Memory Usage (508296K) : Starting 5.25. TopMetal2 table
2026-09-25 16:57:28 +0200: Memory Usage (508296K) : Executing rule TM2.a
2026-09-25 16:57:28 +0200: Memory Usage (508296K) : Executing rule TM2.b
2026-09-25 16:57:28 +0200: Memory Usage (508296K) : Executing rule TM2.bR
2026-09-25 16:57:28 +0200: Memory Usage (508296K) : Starting 5.26 TopMetal2:filler table
2026-09-25 16:57:28 +0200: Memory Usage (508296K) : Executing rule TM2Fil.c
2026-09-25 16:57:28 +0200: Memory Usage (508296K) : Executing rule TM2Fil.a1
2026-09-25 16:57:28 +0200: Memory Usage (508296K) : Starting 5.27. Passiv table
2026-09-25 16:57:28 +0200: Memory Usage (508296K) : Executing rule Pas.a
2026-09-25 16:57:28 +0200: Memory Usage (508296K) : Executing rule Pas.b
2026-09-25 16:57:28 +0200: Memory Usage (508296K) : Executing rule Pas.c
2026-09-25 16:57:28 +0200: Memory Usage (508296K) : Starting 6.9.2 Copper Pillar table
2026-09-25 16:57:28 +0200: Memory Usage (508296K) : Executing rule Padc.a
2026-09-25 16:57:28 +0200: Memory Usage (508296K) : Executing rule Padc.b
2026-09-25 16:57:28 +0200: Memory Usage (508296K) : Executing rule Padc.c
2026-09-25 16:57:28 +0200: Memory Usage (508296K) : Executing rule Padb.f
2026-09-25 16:57:28 +0200: Memory Usage (508296K) : Starting 6.9 Pad table
2026-09-25 16:57:28 +0200: Memory Usage (508296K) : Executing rule Pad.m
2026-09-25 16:57:28 +0200: Memory Usage (508296K) : Executing rule Pad.fR_M1
2026-09-25 16:57:28 +0200: Memory Usage (508296K) : Executing rule Pad.fR_M2
2026-09-25 16:57:28 +0200: Memory Usage (508296K) : Executing rule Pad.fR_M3
2026-09-25 16:57:28 +0200: Memory Usage (508296K) : Executing rule Pad.fR_M4
2026-09-25 16:57:28 +0200: Memory Usage (508296K) : Executing rule Pad.fR_M5
2026-09-25 16:57:28 +0200: Memory Usage (508296K) : Executing rule Pad.fR_TM1
2026-09-25 16:57:28 +0200: Memory Usage (508296K) : Executing rule Pad.fR_TM2
2026-09-25 16:57:28 +0200: Memory Usage (508296K) : Executing rule Pad.i
2026-09-25 16:57:28 +0200: Memory Usage (508296K) : Starting 6.9.1 Solder Bump
2026-09-25 16:57:28 +0200: Memory Usage (508296K) : Executing rule Padb.a
2026-09-25 16:57:28 +0200: Memory Usage (508296K) : Executing rule Padb.b
2026-09-25 16:57:28 +0200: Memory Usage (508296K) : Executing rule Padb.c
2026-09-25 16:57:28 +0200: Memory Usage (508296K) : Executing rule Padb.f
2026-09-25 16:57:28 +0200: Memory Usage (508296K) : Executing rule Padb.d
2026-09-25 16:57:28 +0200: Memory Usage (508296K) : Starting 6.10 Sealring table
2026-09-25 16:57:28 +0200: Memory Usage (508296K) : Executing rule Seal.l
2026-09-25 16:57:28 +0200: Memory Usage (508296K) : Executing rule Seal.n
2026-09-25 16:57:28 +0200: Memory Usage (508296K) : Executing rule seal.b_metal1
2026-09-25 16:57:28 +0200: Memory Usage (508296K) : Executing rule seal.b_metal2
2026-09-25 16:57:28 +0200: Memory Usage (508296K) : Executing rule seal.b_metal3
2026-09-25 16:57:28 +0200: Memory Usage (508296K) : Executing rule seal.b_metal4
2026-09-25 16:57:28 +0200: Memory Usage (508296K) : Executing rule seal.b_metal5
2026-09-25 16:57:28 +0200: Memory Usage (508296K) : Executing rule seal.b_topmetal1
2026-09-25 16:57:28 +0200: Memory Usage (508296K) : Executing rule seal.b_topmetal2
2026-09-25 16:57:28 +0200: Memory Usage (508296K) : Executing rule seal.b_activ
2026-09-25 16:57:28 +0200: Memory Usage (508296K) : Executing rule seal.b_psd
2026-09-25 16:57:28 +0200: Memory Usage (508296K) : Executing rule Seal.k
2026-09-25 16:57:28 +0200: Memory Usage (508296K) : Executing rule Seal.m
2026-09-25 16:57:28 +0200: Memory Usage (508296K) : Starting 6.11 MIM table
2026-09-25 16:57:28 +0200: Memory Usage (508296K) : Executing rule MIM.c
2026-09-25 16:57:28 +0200: Memory Usage (508424K) : Executing rule MIM.d
2026-09-25 16:57:28 +0200: Memory Usage (508552K) : Executing rule MIM.gR
2026-09-25 16:57:28 +0200: Memory Usage (508552K) : Starting 7.3 Metal Slits table
2026-09-25 16:57:28 +0200: Memory Usage (508552K) : Executing rule Slt.e1_M1
2026-09-25 16:57:28 +0200: Memory Usage (508552K) : Executing rule Slt.e1_M2
2026-09-25 16:57:28 +0200: Memory Usage (508552K) : Executing rule Slt.e1_M3
2026-09-25 16:57:28 +0200: Memory Usage (508552K) : Executing rule Slt.e1_M4
2026-09-25 16:57:28 +0200: Memory Usage (508552K) : Executing rule Slt.e1_M5
2026-09-25 16:57:28 +0200: Memory Usage (508552K) : Executing rule Slt.e1_TM1
2026-09-25 16:57:28 +0200: Memory Usage (508552K) : Executing rule Slt.e1_TM2
2026-09-25 16:57:28 +0200: Memory Usage (508552K) : Starting 9.1. LBE table
2026-09-25 16:57:28 +0200: Memory Usage (508552K) : Executing rule LBE.a
2026-09-25 16:57:28 +0200: Memory Usage (508552K) : Executing rule LBE.b
2026-09-25 16:57:28 +0200: Memory Usage (508552K) : Executing rule LBE.b1
2026-09-25 16:57:28 +0200: Memory Usage (508552K) : Executing rule LBE.c
2026-09-25 16:57:28 +0200: Memory Usage (508552K) : Executing rule LBE.d
2026-09-25 16:57:28 +0200: Memory Usage (508552K) : Executing rule LBE.h
2026-09-25 16:57:28 +0200: Memory Usage (508552K) : Starting 7.4. PIN table
2026-09-25 16:57:28 +0200: Memory Usage (508552K) : Executing rule Pin.a
2026-09-25 16:57:28 +0200: Memory Usage (508552K) : Executing rule Pin.b
2026-09-25 16:57:28 +0200: Memory Usage (508424K) : Executing rule Pin.e
2026-09-25 16:57:28 +0200: Memory Usage (508552K) : Executing rule Pin.f_M2
2026-09-25 16:57:28 +0200: Memory Usage (508552K) : Executing rule Pin.f_M3
2026-09-25 16:57:28 +0200: Memory Usage (508552K) : Executing rule Pin.f_M4
2026-09-25 16:57:28 +0200: Memory Usage (508424K) : Executing rule Pin.f_M5
2026-09-25 16:57:28 +0200: Memory Usage (508424K) : Executing rule Pin.g
2026-09-25 16:57:28 +0200: Memory Usage (508552K) : Executing rule Pin.h
2026-09-25 16:57:28 +0200: Memory Usage (508552K) : Starting 3.1. offgrid table
2026-09-25 16:57:28 +0200: Memory Usage (508552K) : Executing rule activ_drw_Offgrid
2026-09-25 16:57:28 +0200: Memory Usage (508552K) : Executing rule activ_mask_Offgrid
2026-09-25 16:57:28 +0200: Memory Usage (508552K) : Executing rule activ_filler_Offgrid
2026-09-25 16:57:29 +0200: Memory Usage (508552K) : Executing rule activ_opc_Offgrid
2026-09-25 16:57:29 +0200: Memory Usage (508552K) : Executing rule activ_iopc_Offgrid
2026-09-25 16:57:29 +0200: Memory Usage (508552K) : Executing rule biwind_drw_Offgrid
2026-09-25 16:57:29 +0200: Memory Usage (508552K) : Executing rule biwind_opc_Offgrid
2026-09-25 16:57:29 +0200: Memory Usage (508552K) : Executing rule pemwind_drw_Offgrid
2026-09-25 16:57:29 +0200: Memory Usage (508552K) : Executing rule gatpoly_drw_Offgrid
2026-09-25 16:57:29 +0200: Memory Usage (508552K) : Executing rule gatpoly_filler_Offgrid
2026-09-25 16:57:29 +0200: Memory Usage (508552K) : Executing rule gatpoly_opc_Offgrid
2026-09-25 16:57:29 +0200: Memory Usage (508552K) : Executing rule gatpoly_iopc_Offgrid
2026-09-25 16:57:29 +0200: Memory Usage (508552K) : Executing rule gatpoly_noqrc_Offgrid
2026-09-25 16:57:29 +0200: Memory Usage (508680K) : Executing rule cont_drw_Offgrid
2026-09-25 16:57:29 +0200: Memory Usage (509576K) : Executing rule cont_opc_Offgrid
2026-09-25 16:57:29 +0200: Memory Usage (509576K) : Executing rule nsd_drw_Offgrid
2026-09-25 16:57:29 +0200: Memory Usage (509576K) : Executing rule nsd_block_Offgrid
2026-09-25 16:57:29 +0200: Memory Usage (509704K) : Executing rule metal1_drw_Offgrid
2026-09-25 16:57:29 +0200: Memory Usage (509704K) : Executing rule metal1_mask_Offgrid
2026-09-25 16:57:29 +0200: Memory Usage (509704K) : Executing rule metal1_filler_Offgrid
2026-09-25 16:57:29 +0200: Memory Usage (509704K) : Executing rule metal1_slit_Offgrid
2026-09-25 16:57:29 +0200: Memory Usage (509704K) : Executing rule metal1_opc_Offgrid
2026-09-25 16:57:29 +0200: Memory Usage (509704K) : Executing rule metal1_noqrc_Offgrid
2026-09-25 16:57:29 +0200: Memory Usage (509704K) : Executing rule metal1_res_Offgrid
2026-09-25 16:57:29 +0200: Memory Usage (509704K) : Executing rule metal1_iprobe_Offgrid
2026-09-25 16:57:29 +0200: Memory Usage (509704K) : Executing rule metal1_diffprb_Offgrid
2026-09-25 16:57:29 +0200: Memory Usage (509704K) : Executing rule passiv_drw_Offgrid
2026-09-25 16:57:29 +0200: Memory Usage (509704K) : Executing rule passiv_pillar_Offgrid
2026-09-25 16:57:29 +0200: Memory Usage (509704K) : Executing rule passiv_sbump_Offgrid
2026-09-25 16:57:29 +0200: Memory Usage (509704K) : Executing rule passiv_pdl_Offgrid
2026-09-25 16:57:29 +0200: Memory Usage (509704K) : Executing rule metal2_drw_Offgrid
2026-09-25 16:57:29 +0200: Memory Usage (509704K) : Executing rule metal2_mask_Offgrid
2026-09-25 16:57:29 +0200: Memory Usage (509704K) : Executing rule metal2_filler_Offgrid
2026-09-25 16:57:29 +0200: Memory Usage (509704K) : Executing rule metal2_slit_Offgrid
2026-09-25 16:57:29 +0200: Memory Usage (509704K) : Executing rule metal2_opc_Offgrid
2026-09-25 16:57:29 +0200: Memory Usage (509704K) : Executing rule metal2_noqrc_Offgrid
2026-09-25 16:57:29 +0200: Memory Usage (509704K) : Executing rule metal2_res_Offgrid
2026-09-25 16:57:29 +0200: Memory Usage (509704K) : Executing rule metal2_iprobe_Offgrid
2026-09-25 16:57:29 +0200: Memory Usage (509704K) : Executing rule metal2_diffprb_Offgrid
2026-09-25 16:57:29 +0200: Memory Usage (509704K) : Executing rule baspoly_drw_Offgrid
2026-09-25 16:57:29 +0200: Memory Usage (509704K) : Executing rule psd_drw_Offgrid
2026-09-25 16:57:29 +0200: Memory Usage (509704K) : Executing rule nldb_drw_Offgrid
2026-09-25 16:57:29 +0200: Memory Usage (509704K) : Executing rule via1_drw_Offgrid
2026-09-25 16:57:29 +0200: Memory Usage (515208K) : Executing rule backmetal1_drw_Offgrid
2026-09-25 16:57:29 +0200: Memory Usage (515208K) : Executing rule backmetal1_mask_Offgrid
2026-09-25 16:57:29 +0200: Memory Usage (515208K) : Executing rule backmetal1_filler_Offgrid
2026-09-25 16:57:29 +0200: Memory Usage (515208K) : Executing rule backmetal1_slit_Offgrid
2026-09-25 16:57:29 +0200: Memory Usage (515208K) : Executing rule backmetal1_opc_Offgrid
2026-09-25 16:57:29 +0200: Memory Usage (515208K) : Executing rule backmetal1_noqrc_Offgrid
2026-09-25 16:57:29 +0200: Memory Usage (515208K) : Executing rule backmetal1_res_Offgrid
2026-09-25 16:57:29 +0200: Memory Usage (515208K) : Executing rule backmetal1_iprobe_Offgrid
2026-09-25 16:57:29 +0200: Memory Usage (515208K) : Executing rule backmetal1_diffprb_Offgrid
2026-09-25 16:57:29 +0200: Memory Usage (515208K) : Executing rule backpassiv_drw_Offgrid
2026-09-25 16:57:29 +0200: Memory Usage (515208K) : Executing rule salblock_drw_Offgrid
2026-09-25 16:57:29 +0200: Memory Usage (515208K) : Executing rule via2_drw_Offgrid
2026-09-25 16:57:29 +0200: Memory Usage (516616K) : Executing rule metal3_drw_Offgrid
2026-09-25 16:57:29 +0200: Memory Usage (516616K) : Executing rule metal3_mask_Offgrid
2026-09-25 16:57:29 +0200: Memory Usage (516616K) : Executing rule metal3_filler_Offgrid
2026-09-25 16:57:29 +0200: Memory Usage (516616K) : Executing rule metal3_slit_Offgrid
2026-09-25 16:57:29 +0200: Memory Usage (516744K) : Executing rule metal3_opc_Offgrid
2026-09-25 16:57:29 +0200: Memory Usage (516744K) : Executing rule metal3_noqrc_Offgrid
2026-09-25 16:57:29 +0200: Memory Usage (516744K) : Executing rule metal3_res_Offgrid
2026-09-25 16:57:29 +0200: Memory Usage (516744K) : Executing rule metal3_iprobe_Offgrid
2026-09-25 16:57:29 +0200: Memory Usage (516872K) : Executing rule metal3_diffprb_Offgrid
2026-09-25 16:57:29 +0200: Memory Usage (516872K) : Executing rule nwell_drw_Offgrid
2026-09-25 16:57:29 +0200: Memory Usage (516872K) : Executing rule nbulay_drw_Offgrid
2026-09-25 16:57:29 +0200: Memory Usage (516872K) : Executing rule nbulay_block_Offgrid
2026-09-25 16:57:29 +0200: Memory Usage (516872K) : Executing rule pwell_drw_Offgrid
2026-09-25 16:57:29 +0200: Memory Usage (517000K) : Executing rule pwell_block_Offgrid
2026-09-25 16:57:29 +0200: Memory Usage (517000K) : Executing rule emwind_drw_Offgrid
2026-09-25 16:57:29 +0200: Memory Usage (517384K) : Executing rule emwind_opc_Offgrid
2026-09-25 16:57:29 +0200: Memory Usage (517768K) : Executing rule deepco_drw_Offgrid
2026-09-25 16:57:29 +0200: Memory Usage (518408K) : Executing rule mim_drw_Offgrid
2026-09-25 16:57:29 +0200: Memory Usage (518792K) : Executing rule substrate_drw_Offgrid
2026-09-25 16:57:29 +0200: Memory Usage (519304K) : Executing rule ic_drw_Offgrid
2026-09-25 16:57:29 +0200: Memory Usage (519944K) : Executing rule via3_drw_Offgrid
2026-09-25 16:57:29 +0200: Memory Usage (535560K) : Executing rule pldb_drw_Offgrid
2026-09-25 16:57:29 +0200: Memory Usage (535560K) : Executing rule metal4_drw_Offgrid
2026-09-25 16:57:29 +0200: Memory Usage (535560K) : Executing rule metal4_mask_Offgrid
2026-09-25 16:57:29 +0200: Memory Usage (535560K) : Executing rule metal4_filler_Offgrid
2026-09-25 16:57:29 +0200: Memory Usage (535560K) : Executing rule metal4_slit_Offgrid
2026-09-25 16:57:29 +0200: Memory Usage (535560K) : Executing rule metal4_opc_Offgrid
2026-09-25 16:57:29 +0200: Memory Usage (535560K) : Executing rule metal4_noqrc_Offgrid
2026-09-25 16:57:29 +0200: Memory Usage (535560K) : Executing rule metal4_res_Offgrid
2026-09-25 16:57:29 +0200: Memory Usage (535560K) : Executing rule metal4_iprobe_Offgrid
2026-09-25 16:57:29 +0200: Memory Usage (535560K) : Executing rule metal4_diffprb_Offgrid
2026-09-25 16:57:29 +0200: Memory Usage (535560K) : Executing rule via4_drw_Offgrid
2026-09-25 16:57:30 +0200: Memory Usage (535688K) : Executing rule metal5_drw_Offgrid
2026-09-25 16:57:30 +0200: Memory Usage (535688K) : Executing rule metal5_mask_Offgrid
2026-09-25 16:57:30 +0200: Memory Usage (535688K) : Executing rule metal5_filler_Offgrid
2026-09-25 16:57:30 +0200: Memory Usage (535688K) : Executing rule metal5_slit_Offgrid
2026-09-25 16:57:30 +0200: Memory Usage (535688K) : Executing rule metal5_opc_Offgrid
2026-09-25 16:57:30 +0200: Memory Usage (535688K) : Executing rule metal5_noqrc_Offgrid
2026-09-25 16:57:30 +0200: Memory Usage (535688K) : Executing rule metal5_res_Offgrid
2026-09-25 16:57:30 +0200: Memory Usage (535688K) : Executing rule metal5_iprobe_Offgrid
2026-09-25 16:57:30 +0200: Memory Usage (535688K) : Executing rule metal5_diffprb_Offgrid
2026-09-25 16:57:30 +0200: Memory Usage (535688K) : Executing rule prboundary_drw_Offgrid
2026-09-25 16:57:30 +0200: Memory Usage (535688K) : Executing rule exchange0_drw_Offgrid
2026-09-25 16:57:30 +0200: Memory Usage (535688K) : Executing rule exchange1_drw_Offgrid
2026-09-25 16:57:30 +0200: Memory Usage (535688K) : Executing rule exchange2_drw_Offgrid
2026-09-25 16:57:30 +0200: Memory Usage (535688K) : Executing rule exchange3_drw_Offgrid
2026-09-25 16:57:30 +0200: Memory Usage (535816K) : Executing rule exchange4_drw_Offgrid
2026-09-25 16:57:30 +0200: Memory Usage (535816K) : Executing rule isonwell_drw_Offgrid
2026-09-25 16:57:30 +0200: Memory Usage (535816K) : Executing rule thickgateox_drw_Offgrid
2026-09-25 16:57:30 +0200: Memory Usage (535816K) : Executing rule pempoly_drw_Offgrid
2026-09-25 16:57:30 +0200: Memory Usage (535944K) : Executing rule fbe_drw_Offgrid
2026-09-25 16:57:30 +0200: Memory Usage (535944K) : Executing rule empoly_drw_Offgrid
2026-09-25 16:57:30 +0200: Memory Usage (535944K) : Executing rule ldmos_drw_Offgrid
2026-09-25 16:57:30 +0200: Memory Usage (535944K) : Executing rule pbiwind_drw_Offgrid
2026-09-25 16:57:30 +0200: Memory Usage (536072K) : Executing rule colopen_drw_Offgrid
2026-09-25 16:57:30 +0200: Memory Usage (536072K) : Executing rule extblock_drw_Offgrid
2026-09-25 16:57:30 +0200: Memory Usage (536072K) : Executing rule nldd_drw_Offgrid
2026-09-25 16:57:30 +0200: Memory Usage (536072K) : Executing rule pldd_drw_Offgrid
2026-09-25 16:57:30 +0200: Memory Usage (536072K) : Executing rule next_drw_Offgrid
2026-09-25 16:57:30 +0200: Memory Usage (536200K) : Executing rule pext_drw_Offgrid
2026-09-25 16:57:30 +0200: Memory Usage (536200K) : Executing rule nexthv_drw_Offgrid
2026-09-25 16:57:30 +0200: Memory Usage (536200K) : Executing rule pexthv_drw_Offgrid
2026-09-25 16:57:30 +0200: Memory Usage (536200K) : Executing rule graphgate_drw_Offgrid
2026-09-25 16:57:30 +0200: Memory Usage (536328K) : Executing rule mempad_drw_Offgrid
2026-09-25 16:57:30 +0200: Memory Usage (536328K) : Executing rule topvia1_drw_Offgrid
2026-09-25 16:57:30 +0200: Memory Usage (536584K) : Executing rule topmetal1_drw_Offgrid
2026-09-25 16:57:30 +0200: Memory Usage (536584K) : Executing rule topmetal1_mask_Offgrid
2026-09-25 16:57:30 +0200: Memory Usage (536712K) : Executing rule topmetal1_filler_Offgrid
2026-09-25 16:57:30 +0200: Memory Usage (536712K) : Executing rule topmetal1_slit_Offgrid
2026-09-25 16:57:30 +0200: Memory Usage (536712K) : Executing rule topmetal1_noqrc_Offgrid
2026-09-25 16:57:30 +0200: Memory Usage (536712K) : Executing rule topmetal1_res_Offgrid
2026-09-25 16:57:30 +0200: Memory Usage (536840K) : Executing rule topmetal1_iprobe_Offgrid
2026-09-25 16:57:30 +0200: Memory Usage (536840K) : Executing rule topmetal1_diffprb_Offgrid
2026-09-25 16:57:30 +0200: Memory Usage (536840K) : Executing rule inldpwl_drw_Offgrid
2026-09-25 16:57:30 +0200: Memory Usage (536840K) : Executing rule polyres_drw_Offgrid
2026-09-25 16:57:30 +0200: Memory Usage (536840K) : Executing rule vmim_drw_Offgrid
2026-09-25 16:57:30 +0200: Memory Usage (536840K) : Executing rule nbulaycut_drw_Offgrid
2026-09-25 16:57:30 +0200: Memory Usage (536840K) : Executing rule antmetal1_drw_Offgrid
2026-09-25 16:57:30 +0200: Memory Usage (536840K) : Executing rule topvia2_drw_Offgrid
2026-09-25 16:57:30 +0200: Memory Usage (536840K) : Executing rule topmetal2_drw_Offgrid
2026-09-25 16:57:30 +0200: Memory Usage (536840K) : Executing rule topmetal2_mask_Offgrid
2026-09-25 16:57:30 +0200: Memory Usage (536840K) : Executing rule topmetal2_filler_Offgrid
2026-09-25 16:57:30 +0200: Memory Usage (536840K) : Executing rule topmetal2_slit_Offgrid
2026-09-25 16:57:30 +0200: Memory Usage (536840K) : Executing rule topmetal2_noqrc_Offgrid
2026-09-25 16:57:30 +0200: Memory Usage (536840K) : Executing rule topmetal2_res_Offgrid
2026-09-25 16:57:30 +0200: Memory Usage (536840K) : Executing rule topmetal2_iprobe_Offgrid
2026-09-25 16:57:30 +0200: Memory Usage (536840K) : Executing rule topmetal2_diffprb_Offgrid
2026-09-25 16:57:30 +0200: Memory Usage (536840K) : Executing rule snsring_drw_Offgrid
2026-09-25 16:57:30 +0200: Memory Usage (536840K) : Executing rule sensor_drw_Offgrid
2026-09-25 16:57:30 +0200: Memory Usage (536840K) : Executing rule snsarms_drw_Offgrid
2026-09-25 16:57:30 +0200: Memory Usage (536840K) : Executing rule snscmosvia_drw_Offgrid
2026-09-25 16:57:30 +0200: Memory Usage (536840K) : Executing rule colwind_drw_Offgrid
2026-09-25 16:57:30 +0200: Memory Usage (536840K) : Executing rule flm_drw_Offgrid
2026-09-25 16:57:30 +0200: Memory Usage (536840K) : Executing rule hafniumox_drw_Offgrid
2026-09-25 16:57:30 +0200: Memory Usage (536840K) : Executing rule memvia_drw_Offgrid
2026-09-25 16:57:30 +0200: Memory Usage (536840K) : Executing rule thinfilmres_drw_Offgrid
2026-09-25 16:57:30 +0200: Memory Usage (536840K) : Executing rule rfmem_drw_Offgrid
2026-09-25 16:57:30 +0200: Memory Usage (536840K) : Executing rule snsbotvia_drw_Offgrid
2026-09-25 16:57:30 +0200: Memory Usage (536840K) : Executing rule snstopvia_drw_Offgrid
2026-09-25 16:57:30 +0200: Memory Usage (536840K) : Executing rule deepvia_drw_Offgrid
2026-09-25 16:57:30 +0200: Memory Usage (536840K) : Executing rule fgetch_drw_Offgrid
2026-09-25 16:57:30 +0200: Memory Usage (536840K) : Executing rule ctrgat_drw_Offgrid
2026-09-25 16:57:30 +0200: Memory Usage (536840K) : Executing rule fgimp_drw_Offgrid
2026-09-25 16:57:30 +0200: Memory Usage (536840K) : Executing rule emwihv_drw_Offgrid
2026-09-25 16:57:30 +0200: Memory Usage (536840K) : Executing rule lbe_drw_Offgrid
2026-09-25 16:57:30 +0200: Memory Usage (536840K) : Executing rule alcustop_drw_Offgrid
2026-09-25 16:57:30 +0200: Memory Usage (536840K) : Starting 3.2. angle table
2026-09-25 16:57:30 +0200: Memory Usage (536840K) : Executing rule activ_drw_Acute
2026-09-25 16:57:30 +0200: Memory Usage (536840K) : Executing rule activ_pin_Acute
2026-09-25 16:57:30 +0200: Memory Usage (536840K) : Executing rule activ_mask_Acute
2026-09-25 16:57:30 +0200: Memory Usage (536840K) : Executing rule activ_filler_Acute
2026-09-25 16:57:30 +0200: Memory Usage (536840K) : Executing rule activ_nofill_Acute
2026-09-25 16:57:30 +0200: Memory Usage (536840K) : Executing rule activ_opc_Acute
2026-09-25 16:57:30 +0200: Memory Usage (536840K) : Executing rule activ_iopc_Acute
2026-09-25 16:57:30 +0200: Memory Usage (536840K) : Executing rule activ_noqrc_Acute
2026-09-25 16:57:30 +0200: Memory Usage (536840K) : Executing rule biwind_drw_Acute
2026-09-25 16:57:30 +0200: Memory Usage (536840K) : Executing rule biwind_opc_Acute
2026-09-25 16:57:30 +0200: Memory Usage (536840K) : Executing rule pemwind_drw_Acute
2026-09-25 16:57:30 +0200: Memory Usage (536840K) : Executing rule gatpoly_drw_Acute
2026-09-25 16:57:30 +0200: Memory Usage (536840K) : Executing rule gatpoly_pin_Acute
2026-09-25 16:57:30 +0200: Memory Usage (536840K) : Executing rule gatpoly_filler_Acute
2026-09-25 16:57:30 +0200: Memory Usage (536840K) : Executing rule gatpoly_nofill_Acute
2026-09-25 16:57:30 +0200: Memory Usage (536840K) : Executing rule gatpoly_opc_Acute
2026-09-25 16:57:30 +0200: Memory Usage (536840K) : Executing rule gatpoly_iopc_Acute
2026-09-25 16:57:30 +0200: Memory Usage (536840K) : Executing rule gatpoly_noqrc_Acute
2026-09-25 16:57:30 +0200: Memory Usage (536840K) : Executing rule cont_drw_Acute
2026-09-25 16:57:30 +0200: Memory Usage (536840K) : Executing rule cont_opc_Acute
2026-09-25 16:57:30 +0200: Memory Usage (536840K) : Executing rule nsd_drw_Acute
2026-09-25 16:57:30 +0200: Memory Usage (536840K) : Executing rule nsd_block_Acute
2026-09-25 16:57:30 +0200: Memory Usage (536840K) : Executing rule metal1_drw_Acute
2026-09-25 16:57:30 +0200: Memory Usage (536840K) : Executing rule metal1_pin_Acute
2026-09-25 16:57:30 +0200: Memory Usage (536840K) : Executing rule metal1_mask_Acute
2026-09-25 16:57:30 +0200: Memory Usage (536840K) : Executing rule metal1_filler_Acute
2026-09-25 16:57:30 +0200: Memory Usage (536840K) : Executing rule metal1_nofill_Acute
2026-09-25 16:57:30 +0200: Memory Usage (536840K) : Executing rule metal1_slit_Acute
2026-09-25 16:57:30 +0200: Memory Usage (536968K) : Executing rule metal1_opc_Acute
2026-09-25 16:57:30 +0200: Memory Usage (536968K) : Executing rule metal1_noqrc_Acute
2026-09-25 16:57:30 +0200: Memory Usage (536968K) : Executing rule metal1_res_Acute
2026-09-25 16:57:30 +0200: Memory Usage (536968K) : Executing rule metal1_iprobe_Acute
2026-09-25 16:57:30 +0200: Memory Usage (536968K) : Executing rule metal1_diffprb_Acute
2026-09-25 16:57:30 +0200: Memory Usage (536968K) : Executing rule passiv_drw_Acute
2026-09-25 16:57:30 +0200: Memory Usage (536968K) : Executing rule passiv_pin_Acute
2026-09-25 16:57:30 +0200: Memory Usage (536968K) : Executing rule passiv_pillar_Acute
2026-09-25 16:57:30 +0200: Memory Usage (536968K) : Executing rule passiv_sbump_Acute
2026-09-25 16:57:30 +0200: Memory Usage (536968K) : Executing rule passiv_pdl_Acute
2026-09-25 16:57:30 +0200: Memory Usage (536968K) : Executing rule metal2_drw_Acute
2026-09-25 16:57:30 +0200: Memory Usage (536968K) : Executing rule metal2_pin_Acute
2026-09-25 16:57:30 +0200: Memory Usage (536968K) : Executing rule metal2_mask_Acute
2026-09-25 16:57:30 +0200: Memory Usage (536968K) : Executing rule metal2_filler_Acute
2026-09-25 16:57:30 +0200: Memory Usage (536968K) : Executing rule metal2_nofill_Acute
2026-09-25 16:57:30 +0200: Memory Usage (536968K) : Executing rule metal2_slit_Acute
2026-09-25 16:57:30 +0200: Memory Usage (536968K) : Executing rule metal2_opc_Acute
2026-09-25 16:57:30 +0200: Memory Usage (536968K) : Executing rule metal2_noqrc_Acute
2026-09-25 16:57:30 +0200: Memory Usage (536968K) : Executing rule metal2_res_Acute
2026-09-25 16:57:30 +0200: Memory Usage (536968K) : Executing rule metal2_iprobe_Acute
2026-09-25 16:57:30 +0200: Memory Usage (536968K) : Executing rule metal2_diffprb_Acute
2026-09-25 16:57:30 +0200: Memory Usage (536968K) : Executing rule baspoly_drw_Acute
2026-09-25 16:57:30 +0200: Memory Usage (536968K) : Executing rule baspoly_pin_Acute
2026-09-25 16:57:30 +0200: Memory Usage (536968K) : Executing rule psd_drw_Acute
2026-09-25 16:57:30 +0200: Memory Usage (536968K) : Executing rule nldb_drw_Acute
2026-09-25 16:57:30 +0200: Memory Usage (536968K) : Executing rule via1_drw_Acute
2026-09-25 16:57:31 +0200: Memory Usage (536968K) : Executing rule backmetal1_drw_Acute
2026-09-25 16:57:31 +0200: Memory Usage (536968K) : Executing rule backmetal1_pin_Acute
2026-09-25 16:57:31 +0200: Memory Usage (536968K) : Executing rule backmetal1_mask_Acute
2026-09-25 16:57:31 +0200: Memory Usage (536968K) : Executing rule backmetal1_filler_Acute
2026-09-25 16:57:31 +0200: Memory Usage (536968K) : Executing rule backmetal1_nofill_Acute
2026-09-25 16:57:31 +0200: Memory Usage (536968K) : Executing rule backmetal1_slit_Acute
2026-09-25 16:57:31 +0200: Memory Usage (536968K) : Executing rule backmetal1_opc_Acute
2026-09-25 16:57:31 +0200: Memory Usage (536968K) : Executing rule backmetal1_noqrc_Acute
2026-09-25 16:57:31 +0200: Memory Usage (536968K) : Executing rule backmetal1_res_Acute
2026-09-25 16:57:31 +0200: Memory Usage (536968K) : Executing rule backmetal1_iprobe_Acute
2026-09-25 16:57:31 +0200: Memory Usage (536968K) : Executing rule backmetal1_diffprb_Acute
2026-09-25 16:57:31 +0200: Memory Usage (536968K) : Executing rule backpassiv_drw_Acute
2026-09-25 16:57:31 +0200: Memory Usage (536968K) : Executing rule salblock_drw_Acute
2026-09-25 16:57:31 +0200: Memory Usage (536968K) : Executing rule via2_drw_Acute
2026-09-25 16:57:31 +0200: Memory Usage (536968K) : Executing rule metal3_drw_Acute
2026-09-25 16:57:31 +0200: Memory Usage (536968K) : Executing rule metal3_pin_Acute
2026-09-25 16:57:31 +0200: Memory Usage (536968K) : Executing rule metal3_mask_Acute
2026-09-25 16:57:31 +0200: Memory Usage (536968K) : Executing rule metal3_filler_Acute
2026-09-25 16:57:31 +0200: Memory Usage (536968K) : Executing rule metal3_nofill_Acute
2026-09-25 16:57:31 +0200: Memory Usage (536968K) : Executing rule metal3_slit_Acute
2026-09-25 16:57:31 +0200: Memory Usage (536968K) : Executing rule metal3_opc_Acute
2026-09-25 16:57:31 +0200: Memory Usage (536968K) : Executing rule metal3_noqrc_Acute
2026-09-25 16:57:31 +0200: Memory Usage (536968K) : Executing rule metal3_res_Acute
2026-09-25 16:57:31 +0200: Memory Usage (536968K) : Executing rule metal3_iprobe_Acute
2026-09-25 16:57:31 +0200: Memory Usage (536968K) : Executing rule metal3_diffprb_Acute
2026-09-25 16:57:31 +0200: Memory Usage (536968K) : Executing rule nwell_drw_Acute
2026-09-25 16:57:31 +0200: Memory Usage (536968K) : Executing rule nwell_pin_Acute
2026-09-25 16:57:31 +0200: Memory Usage (536968K) : Executing rule nbulay_drw_Acute
2026-09-25 16:57:31 +0200: Memory Usage (536968K) : Executing rule nbulay_pin_Acute
2026-09-25 16:57:31 +0200: Memory Usage (536968K) : Executing rule nbulay_block_Acute
2026-09-25 16:57:31 +0200: Memory Usage (536968K) : Executing rule pwell_drw_Acute
2026-09-25 16:57:31 +0200: Memory Usage (536968K) : Executing rule pwell_pin_Acute
2026-09-25 16:57:31 +0200: Memory Usage (536968K) : Executing rule pwell_block_Acute
2026-09-25 16:57:31 +0200: Memory Usage (536968K) : Executing rule emwind_drw_Acute
2026-09-25 16:57:31 +0200: Memory Usage (536968K) : Executing rule emwind_opc_Acute
2026-09-25 16:57:31 +0200: Memory Usage (536968K) : Executing rule deepco_drw_Acute
2026-09-25 16:57:31 +0200: Memory Usage (536968K) : Executing rule mim_drw_Acute
2026-09-25 16:57:31 +0200: Memory Usage (536968K) : Executing rule substrate_drw_Acute
2026-09-25 16:57:31 +0200: Memory Usage (536968K) : Executing rule ic_drw_Acute
2026-09-25 16:57:31 +0200: Memory Usage (536968K) : Executing rule via3_drw_Acute
2026-09-25 16:57:31 +0200: Memory Usage (536968K) : Executing rule pldb_drw_Acute
2026-09-25 16:57:31 +0200: Memory Usage (536968K) : Executing rule metal4_drw_Acute
2026-09-25 16:57:31 +0200: Memory Usage (536968K) : Executing rule metal4_pin_Acute
2026-09-25 16:57:31 +0200: Memory Usage (536968K) : Executing rule metal4_mask_Acute
2026-09-25 16:57:31 +0200: Memory Usage (536968K) : Executing rule metal4_filler_Acute
2026-09-25 16:57:31 +0200: Memory Usage (536968K) : Executing rule metal4_nofill_Acute
2026-09-25 16:57:31 +0200: Memory Usage (536968K) : Executing rule metal4_slit_Acute
2026-09-25 16:57:31 +0200: Memory Usage (536968K) : Executing rule metal4_opc_Acute
2026-09-25 16:57:31 +0200: Memory Usage (536968K) : Executing rule metal4_noqrc_Acute
2026-09-25 16:57:31 +0200: Memory Usage (536968K) : Executing rule metal4_res_Acute
2026-09-25 16:57:31 +0200: Memory Usage (536968K) : Executing rule metal4_iprobe_Acute
2026-09-25 16:57:31 +0200: Memory Usage (536968K) : Executing rule metal4_diffprb_Acute
2026-09-25 16:57:31 +0200: Memory Usage (536968K) : Executing rule via4_drw_Acute
2026-09-25 16:57:31 +0200: Memory Usage (536968K) : Executing rule metal5_drw_Acute
2026-09-25 16:57:31 +0200: Memory Usage (536968K) : Executing rule metal5_pin_Acute
2026-09-25 16:57:31 +0200: Memory Usage (536968K) : Executing rule metal5_mask_Acute
2026-09-25 16:57:31 +0200: Memory Usage (536968K) : Executing rule metal5_filler_Acute
2026-09-25 16:57:31 +0200: Memory Usage (536968K) : Executing rule metal5_nofill_Acute
2026-09-25 16:57:31 +0200: Memory Usage (536968K) : Executing rule metal5_slit_Acute
2026-09-25 16:57:31 +0200: Memory Usage (536968K) : Executing rule metal5_opc_Acute
2026-09-25 16:57:31 +0200: Memory Usage (536968K) : Executing rule metal5_noqrc_Acute
2026-09-25 16:57:31 +0200: Memory Usage (536968K) : Executing rule metal5_res_Acute
2026-09-25 16:57:31 +0200: Memory Usage (536968K) : Executing rule metal5_iprobe_Acute
2026-09-25 16:57:31 +0200: Memory Usage (536968K) : Executing rule metal5_diffprb_Acute
2026-09-25 16:57:31 +0200: Memory Usage (536968K) : Executing rule prboundary_drw_Acute
2026-09-25 16:57:31 +0200: Memory Usage (536968K) : Executing rule exchange0_drw_Acute
2026-09-25 16:57:31 +0200: Memory Usage (536968K) : Executing rule exchange0_pin_Acute
2026-09-25 16:57:31 +0200: Memory Usage (536968K) : Executing rule exchange1_drw_Acute
2026-09-25 16:57:31 +0200: Memory Usage (536968K) : Executing rule exchange1_pin_Acute
2026-09-25 16:57:31 +0200: Memory Usage (536968K) : Executing rule exchange2_drw_Acute
2026-09-25 16:57:31 +0200: Memory Usage (536968K) : Executing rule exchange2_pin_Acute
2026-09-25 16:57:31 +0200: Memory Usage (536968K) : Executing rule exchange3_drw_Acute
2026-09-25 16:57:31 +0200: Memory Usage (536968K) : Executing rule exchange3_pin_Acute
2026-09-25 16:57:31 +0200: Memory Usage (536968K) : Executing rule exchange4_drw_Acute
2026-09-25 16:57:31 +0200: Memory Usage (536968K) : Executing rule exchange4_pin_Acute
2026-09-25 16:57:31 +0200: Memory Usage (536968K) : Executing rule isonwell_drw_Acute
2026-09-25 16:57:31 +0200: Memory Usage (536968K) : Executing rule thickgateox_drw_Acute
2026-09-25 16:57:31 +0200: Memory Usage (536968K) : Executing rule pempoly_drw_Acute
2026-09-25 16:57:31 +0200: Memory Usage (536968K) : Executing rule fbe_drw_Acute
2026-09-25 16:57:31 +0200: Memory Usage (536968K) : Executing rule empoly_drw_Acute
2026-09-25 16:57:31 +0200: Memory Usage (536968K) : Executing rule ldmos_drw_Acute
2026-09-25 16:57:31 +0200: Memory Usage (536968K) : Executing rule pbiwind_drw_Acute
2026-09-25 16:57:31 +0200: Memory Usage (536968K) : Executing rule colopen_drw_Acute
2026-09-25 16:57:31 +0200: Memory Usage (536968K) : Executing rule extblock_drw_Acute
2026-09-25 16:57:31 +0200: Memory Usage (536968K) : Executing rule nldd_drw_Acute
2026-09-25 16:57:31 +0200: Memory Usage (536968K) : Executing rule pldd_drw_Acute
2026-09-25 16:57:31 +0200: Memory Usage (536968K) : Executing rule next_drw_Acute
2026-09-25 16:57:31 +0200: Memory Usage (536968K) : Executing rule pext_drw_Acute
2026-09-25 16:57:31 +0200: Memory Usage (536968K) : Executing rule nexthv_drw_Acute
2026-09-25 16:57:31 +0200: Memory Usage (536968K) : Executing rule pexthv_drw_Acute
2026-09-25 16:57:31 +0200: Memory Usage (536968K) : Executing rule graphgate_drw_Acute
2026-09-25 16:57:31 +0200: Memory Usage (536968K) : Executing rule mempad_drw_Acute
2026-09-25 16:57:31 +0200: Memory Usage (536968K) : Executing rule topvia1_drw_Acute
2026-09-25 16:57:31 +0200: Memory Usage (536968K) : Executing rule topmetal1_drw_Acute
2026-09-25 16:57:31 +0200: Memory Usage (536968K) : Executing rule topmetal1_pin_Acute
2026-09-25 16:57:31 +0200: Memory Usage (536968K) : Executing rule topmetal1_mask_Acute
2026-09-25 16:57:31 +0200: Memory Usage (536968K) : Executing rule topmetal1_filler_Acute
2026-09-25 16:57:31 +0200: Memory Usage (536968K) : Executing rule topmetal1_nofill_Acute
2026-09-25 16:57:31 +0200: Memory Usage (536968K) : Executing rule topmetal1_slit_Acute
2026-09-25 16:57:31 +0200: Memory Usage (536968K) : Executing rule topmetal1_noqrc_Acute
2026-09-25 16:57:31 +0200: Memory Usage (536968K) : Executing rule topmetal1_res_Acute
2026-09-25 16:57:31 +0200: Memory Usage (536968K) : Executing rule topmetal1_iprobe_Acute
2026-09-25 16:57:31 +0200: Memory Usage (536968K) : Executing rule topmetal1_diffprb_Acute
2026-09-25 16:57:31 +0200: Memory Usage (536968K) : Executing rule inldpwl_drw_Acute
2026-09-25 16:57:31 +0200: Memory Usage (536968K) : Executing rule polyres_drw_Acute
2026-09-25 16:57:31 +0200: Memory Usage (536968K) : Executing rule polyres_pin_Acute
2026-09-25 16:57:31 +0200: Memory Usage (536968K) : Executing rule vmim_drw_Acute
2026-09-25 16:57:31 +0200: Memory Usage (536968K) : Executing rule nbulaycut_drw_Acute
2026-09-25 16:57:31 +0200: Memory Usage (536968K) : Executing rule antmetal1_drw_Acute
2026-09-25 16:57:31 +0200: Memory Usage (536968K) : Executing rule topvia2_drw_Acute
2026-09-25 16:57:31 +0200: Memory Usage (536968K) : Executing rule topmetal2_drw_Acute
2026-09-25 16:57:31 +0200: Memory Usage (536968K) : Executing rule topmetal2_pin_Acute
2026-09-25 16:57:32 +0200: Memory Usage (536968K) : Executing rule topmetal2_mask_Acute
2026-09-25 16:57:32 +0200: Memory Usage (536968K) : Executing rule topmetal2_filler_Acute
2026-09-25 16:57:32 +0200: Memory Usage (536968K) : Executing rule topmetal2_nofill_Acute
2026-09-25 16:57:32 +0200: Memory Usage (536968K) : Executing rule topmetal2_slit_Acute
2026-09-25 16:57:32 +0200: Memory Usage (536968K) : Executing rule topmetal2_noqrc_Acute
2026-09-25 16:57:32 +0200: Memory Usage (536968K) : Executing rule topmetal2_res_Acute
2026-09-25 16:57:32 +0200: Memory Usage (536968K) : Executing rule topmetal2_iprobe_Acute
2026-09-25 16:57:32 +0200: Memory Usage (536968K) : Executing rule topmetal2_diffprb_Acute
2026-09-25 16:57:32 +0200: Memory Usage (536968K) : Executing rule snsring_drw_Acute
2026-09-25 16:57:32 +0200: Memory Usage (536968K) : Executing rule sensor_drw_Acute
2026-09-25 16:57:32 +0200: Memory Usage (536968K) : Executing rule snsarms_drw_Acute
2026-09-25 16:57:32 +0200: Memory Usage (536968K) : Executing rule snscmosvia_drw_Acute
2026-09-25 16:57:32 +0200: Memory Usage (536968K) : Executing rule colwind_drw_Acute
2026-09-25 16:57:32 +0200: Memory Usage (536968K) : Executing rule flm_drw_Acute
2026-09-25 16:57:32 +0200: Memory Usage (536968K) : Executing rule hafniumox_drw_Acute
2026-09-25 16:57:32 +0200: Memory Usage (536968K) : Executing rule memvia_drw_Acute
2026-09-25 16:57:32 +0200: Memory Usage (536968K) : Executing rule thinfilmres_drw_Acute
2026-09-25 16:57:32 +0200: Memory Usage (536968K) : Executing rule rfmem_drw_Acute
2026-09-25 16:57:32 +0200: Memory Usage (536968K) : Executing rule snsbotvia_drw_Acute
2026-09-25 16:57:32 +0200: Memory Usage (536968K) : Executing rule snstopvia_drw_Acute
2026-09-25 16:57:32 +0200: Memory Usage (536968K) : Executing rule deepvia_drw_Acute
2026-09-25 16:57:32 +0200: Memory Usage (536968K) : Executing rule fgetch_drw_Acute
2026-09-25 16:57:32 +0200: Memory Usage (536968K) : Executing rule ctrgat_drw_Acute
2026-09-25 16:57:32 +0200: Memory Usage (536968K) : Executing rule fgimp_drw_Acute
2026-09-25 16:57:32 +0200: Memory Usage (536968K) : Executing rule emwihv_drw_Acute
2026-09-25 16:57:32 +0200: Memory Usage (536968K) : Executing rule lbe_drw_Acute
2026-09-25 16:57:32 +0200: Memory Usage (536968K) : Executing rule alcustop_drw_Acute
2026-09-25 16:57:32 +0200: Memory Usage (536968K) : Executing rule cont_drw_Angle90
2026-09-25 16:57:32 +0200: Memory Usage (541320K) : Executing rule via1_drw_Angle90
2026-09-25 16:57:32 +0200: Memory Usage (551500K) : Executing rule via2_drw_Angle90
2026-09-25 16:57:32 +0200: Memory Usage (545664K) : Executing rule via3_drw_Angle90
2026-09-25 16:57:32 +0200: Memory Usage (547300K) : Executing rule via4_drw_Angle90
2026-09-25 16:57:32 +0200: Memory Usage (568672K) : Executing rule vmim_drw_Angle90
2026-09-25 16:57:32 +0200: Memory Usage (568672K) : Executing rule topvia1_drw_Angle90
2026-09-25 16:57:32 +0200: Memory Usage (569056K) : Executing rule topvia2_drw_Angle90
2026-09-25 16:57:32 +0200: Memory Usage (569056K) : Executing rule gatpoly_drw_Angle45
2026-09-25 16:57:32 +0200: Memory Usage (569056K) : Executing rule activ_drw_Angle45
2026-09-25 16:57:32 +0200: Memory Usage (569184K) : Executing rule metal1_drw_Angle45
2026-09-25 16:57:32 +0200: Memory Usage (569568K) : Executing rule metal2_drw_Angle45
2026-09-25 16:57:32 +0200: Memory Usage (569568K) : Executing rule metal3_drw_Angle45
2026-09-25 16:57:32 +0200: Memory Usage (569568K) : Executing rule metal4_drw_Angle45
2026-09-25 16:57:32 +0200: Memory Usage (569696K) : Executing rule metal5_drw_Angle45
2026-09-25 16:57:32 +0200: Memory Usage (569696K) : Executing rule topmetal1_drw_Angle45
2026-09-25 16:57:33 +0200: Memory Usage (569696K) : Executing rule topmetal2_drw_Angle45
2026-09-25 16:57:33 +0200: Memory Usage (569696K) : Starting 3.2. FORBIDDEN table
2026-09-25 16:57:33 +0200: Memory Usage (569696K) : Executing rule forbidden.biwind
2026-09-25 16:57:33 +0200: Memory Usage (569696K) : Executing rule forbidden.pemwind
2026-09-25 16:57:33 +0200: Memory Usage (569696K) : Executing rule forbidden.baspoly
2026-09-25 16:57:33 +0200: Memory Usage (569696K) : Executing rule forbidden.deepco
2026-09-25 16:57:33 +0200: Memory Usage (550308K) : Executing rule forbidden.pempoly
2026-09-25 16:57:33 +0200: Memory Usage (550308K) : Executing rule forbidden.empoly
2026-09-25 16:57:33 +0200: Memory Usage (550308K) : Executing rule forbidden.ldmos
2026-09-25 16:57:33 +0200: Memory Usage (550308K) : Executing rule forbidden.pbiwind
2026-09-25 16:57:33 +0200: Memory Usage (550308K) : Executing rule forbidden.nodrc
2026-09-25 16:57:33 +0200: Memory Usage (550308K) : Executing rule forbidden.flash
2026-09-25 16:57:33 +0200: Memory Usage (550308K) : Executing rule forbidden.colwind
2026-09-25 16:57:33 +0200: Memory Usage (550308K) : KLayout DRC run for tables 'main' completed in 6.86 seconds
