# Logfile created on 2026-09-25 16:53:05 +0200 by logger.rb/v1.5.3
2026-09-25 16:53:05 +0200: Memory Usage (457012K) : Starting running SG13G2 Klayout LVS runset on /foss/designs/unicasss-tools/SG13G2_2.4GHz_LC_VCO_FPLL/gds/blocks/DSM_N_FREQ_DIV.gds
2026-09-25 16:53:05 +0200: Memory Usage (457012K) : Ruby Version for klayout: 3.2.3
2026-09-25 16:53:05 +0200: Memory Usage (457908K) : Loading database to memory is complete.
2026-09-25 16:53:05 +0200: Memory Usage (457908K) : SG13G2 Klayout LVS runset output at: /foss/designs/unicasss-tools/SG13G2_2.4GHz_LC_VCO_FPLL/lvs/lvs_run_DSM_N_FREQ_DIV/DSM_N_FREQ_DIV.lvsdb
2026-09-25 16:53:05 +0200: Memory Usage (457908K) : Evaluate switches.
2026-09-25 16:53:05 +0200: Memory Usage (457908K) : Extracted netlist with net names: true
2026-09-25 16:53:05 +0200: Memory Usage (457908K) : Extracted netlist with comments in details: false
2026-09-25 16:53:05 +0200: Memory Usage (457908K) : Selected NET_ONLY option: false
2026-09-25 16:53:05 +0200: Memory Usage (457908K) : Selected LAYOUT_NETLIST option: (none)
2026-09-25 16:53:05 +0200: Memory Usage (457908K) : Selected IGNORE_TOP_PORTS_MISMATCH option: 
2026-09-25 16:53:05 +0200: Memory Usage (457908K) : Selected IMPLICIT_NETS option: (none)
2026-09-25 16:53:05 +0200: Memory Usage (457908K) : Selected TOP_LVL_PINS option: false
2026-09-25 16:53:05 +0200: Memory Usage (457908K) : Selected COMBINE DEVICES option: false
2026-09-25 16:53:05 +0200: Memory Usage (457908K) : Selected PURGE option: false
2026-09-25 16:53:05 +0200: Memory Usage (457908K) : Selected PURGE_NETS option: false
2026-09-25 16:53:05 +0200: Memory Usage (457908K) : Selected SIMPLIFY option: true
2026-09-25 16:53:05 +0200: Memory Usage (457908K) : Selected SERIES_RES option: true
2026-09-25 16:53:05 +0200: Memory Usage (457908K) : Selected PARALLEL_RES option: true
2026-09-25 16:53:05 +0200: Memory Usage (457908K) : Selected DISABLE_TAP_EXTRACTION option: false
2026-09-25 16:53:05 +0200: Memory Usage (457908K) : deep  mode is enabled.
2026-09-25 16:53:05 +0200: Memory Usage (460724K) : Netlist file: /foss/designs/unicasss-tools/SG13G2_2.4GHz_LC_VCO_FPLL/spice/DSM_N_FREQ_DIV.spice
2026-09-25 16:53:05 +0200: Memory Usage (460724K) : LVS extracted netlist at: /foss/designs/unicasss-tools/SG13G2_2.4GHz_LC_VCO_FPLL/lvs/lvs_run_DSM_N_FREQ_DIV/DSM_N_FREQ_DIV_extracted.cir
2026-09-25 16:53:05 +0200: Memory Usage (460724K) : Applying SRAM integration support.
2026-09-25 16:53:05 +0200: Memory Usage (460724K) : Starting SG13G2 LVS runset
2026-09-25 16:53:05 +0200: Memory Usage (460724K) : Read in polygons from layers.
2026-09-25 16:53:05 +0200: Memory Usage (462388K) : activ_drw has 2432 polygons
2026-09-25 16:53:05 +0200: Memory Usage (462388K) : activ_filler has 0 polygons
2026-09-25 16:53:05 +0200: Memory Usage (462516K) : activ has 2432 polygons
2026-09-25 16:53:05 +0200: Memory Usage (462644K) : activ_pin has 0 polygons
2026-09-25 16:53:05 +0200: Memory Usage (462644K) : activ_mask has 0 polygons
2026-09-25 16:53:05 +0200: Memory Usage (462772K) : activ_nofill has 0 polygons
2026-09-25 16:53:05 +0200: Memory Usage (462900K) : activ_OPC has 0 polygons
2026-09-25 16:53:05 +0200: Memory Usage (462900K) : activ_iOPC has 0 polygons
2026-09-25 16:53:05 +0200: Memory Usage (463028K) : activ_noqrc has 0 polygons
2026-09-25 16:53:05 +0200: Memory Usage (463028K) : biwind_drw has 0 polygons
2026-09-25 16:53:05 +0200: Memory Usage (463156K) : biwind_OPC has 0 polygons
2026-09-25 16:53:05 +0200: Memory Usage (463156K) : gatpoly_drw has 2259 polygons
2026-09-25 16:53:05 +0200: Memory Usage (463284K) : gatpoly_filler has 0 polygons
2026-09-25 16:53:05 +0200: Memory Usage (463284K) : gatpoly has 2259 polygons
2026-09-25 16:53:05 +0200: Memory Usage (463412K) : gatpoly_pin has 0 polygons
2026-09-25 16:53:05 +0200: Memory Usage (463412K) : gatpoly_nofill has 0 polygons
2026-09-25 16:53:05 +0200: Memory Usage (463540K) : gatpoly_OPC has 0 polygons
2026-09-25 16:53:05 +0200: Memory Usage (463540K) : gatpoly_iOPC has 0 polygons
2026-09-25 16:53:05 +0200: Memory Usage (463668K) : gatpoly_noqrc has 0 polygons
2026-09-25 16:53:05 +0200: Memory Usage (463924K) : cont_drw has 16832 polygons
2026-09-25 16:53:05 +0200: Memory Usage (463924K) : cont_OPC has 0 polygons
2026-09-25 16:53:05 +0200: Memory Usage (464052K) : nsd_drw has 0 polygons
2026-09-25 16:53:05 +0200: Memory Usage (464052K) : nsd_block has 0 polygons
2026-09-25 16:53:05 +0200: Memory Usage (464180K) : metal1_drw has 3926 polygons
2026-09-25 16:53:05 +0200: Memory Usage (464308K) : metal1_filler has 0 polygons
2026-09-25 16:53:05 +0200: Memory Usage (464308K) : metal1_slit has 0 polygons
2026-09-25 16:53:05 +0200: Memory Usage (464436K) : metal1 has 3926 polygons
2026-09-25 16:53:05 +0200: Memory Usage (464564K) : metal1_pin has 1616 polygons
2026-09-25 16:53:05 +0200: Memory Usage (464692K) : metal1_mask has 0 polygons
2026-09-25 16:53:05 +0200: Memory Usage (464820K) : metal1_nofill has 0 polygons
2026-09-25 16:53:05 +0200: Memory Usage (465076K) : metal1_text has 1605 polygons
2026-09-25 16:53:05 +0200: Memory Usage (465204K) : metal1_OPC has 0 polygons
2026-09-25 16:53:05 +0200: Memory Usage (465204K) : metal1_noqrc has 0 polygons
2026-09-25 16:53:05 +0200: Memory Usage (465332K) : metal1_res has 0 polygons
2026-09-25 16:53:05 +0200: Memory Usage (465332K) : metal1_iprobe has 0 polygons
2026-09-25 16:53:05 +0200: Memory Usage (465460K) : metal1_diffprb has 0 polygons
2026-09-25 16:53:05 +0200: Memory Usage (465460K) : passiv_drw has 0 polygons
2026-09-25 16:53:05 +0200: Memory Usage (465588K) : passiv_pin has 0 polygons
2026-09-25 16:53:05 +0200: Memory Usage (465716K) : passiv_sbump has 0 polygons
2026-09-25 16:53:05 +0200: Memory Usage (465716K) : passiv_pillar has 0 polygons
2026-09-25 16:53:05 +0200: Memory Usage (465844K) : passiv_pdl has 0 polygons
2026-09-25 16:53:05 +0200: Memory Usage (465844K) : metal2_drw has 617 polygons
2026-09-25 16:53:05 +0200: Memory Usage (465972K) : metal2_filler has 0 polygons
2026-09-25 16:53:05 +0200: Memory Usage (466100K) : metal2_slit has 0 polygons
2026-09-25 16:53:05 +0200: Memory Usage (466228K) : metal2 has 617 polygons
2026-09-25 16:53:05 +0200: Memory Usage (466228K) : metal2_pin has 1 polygons
2026-09-25 16:53:05 +0200: Memory Usage (466356K) : metal2_mask has 0 polygons
2026-09-25 16:53:05 +0200: Memory Usage (466356K) : metal2_nofill has 0 polygons
2026-09-25 16:53:05 +0200: Memory Usage (466484K) : metal2_text has 1 polygons
2026-09-25 16:53:05 +0200: Memory Usage (466484K) : metal2_OPC has 0 polygons
2026-09-25 16:53:05 +0200: Memory Usage (466612K) : metal2_noqrc has 0 polygons
2026-09-25 16:53:05 +0200: Memory Usage (466612K) : metal2_res has 0 polygons
2026-09-25 16:53:05 +0200: Memory Usage (466740K) : metal2_iprobe has 0 polygons
2026-09-25 16:53:05 +0200: Memory Usage (466868K) : metal2_diffprb has 0 polygons
2026-09-25 16:53:05 +0200: Memory Usage (466868K) : baspoly_drw has 0 polygons
2026-09-25 16:53:05 +0200: Memory Usage (466996K) : baspoly_pin has 0 polygons
2026-09-25 16:53:05 +0200: Memory Usage (467124K) : psd_drw has 1089 polygons
2026-09-25 16:53:05 +0200: Memory Usage (467124K) : nldb_drw has 0 polygons
2026-09-25 16:53:05 +0200: Memory Usage (467252K) : digibnd_drw has 0 polygons
2026-09-25 16:53:05 +0200: Memory Usage (467252K) : via1_drw has 637 polygons
2026-09-25 16:53:05 +0200: Memory Usage (467380K) : backmetal1_drw has 0 polygons
2026-09-25 16:53:05 +0200: Memory Usage (467380K) : backmetal1_pin has 0 polygons
2026-09-25 16:53:05 +0200: Memory Usage (467508K) : backmetal1_mask has 0 polygons
2026-09-25 16:53:05 +0200: Memory Usage (467508K) : backmetal1_filler has 0 polygons
2026-09-25 16:53:05 +0200: Memory Usage (467636K) : backmetal1_nofill has 0 polygons
2026-09-25 16:53:05 +0200: Memory Usage (467764K) : backmetal1_slit has 0 polygons
2026-09-25 16:53:05 +0200: Memory Usage (467764K) : backmetal1_text has 0 polygons
2026-09-25 16:53:05 +0200: Memory Usage (467892K) : backmetal1_OPC has 0 polygons
2026-09-25 16:53:05 +0200: Memory Usage (467892K) : backmetal1_noqrc has 0 polygons
2026-09-25 16:53:05 +0200: Memory Usage (468020K) : backmetal1_res has 0 polygons
2026-09-25 16:53:05 +0200: Memory Usage (468020K) : backmetal1_iprobe has 0 polygons
2026-09-25 16:53:05 +0200: Memory Usage (468148K) : backmetal1_diffprb has 0 polygons
2026-09-25 16:53:05 +0200: Memory Usage (468148K) : backpassiv_drw has 0 polygons
2026-09-25 16:53:05 +0200: Memory Usage (468276K) : res_drw has 0 polygons
2026-09-25 16:53:05 +0200: Memory Usage (468276K) : sram_drw has 0 polygons
2026-09-25 16:53:05 +0200: Memory Usage (468404K) : trans_drw has 0 polygons
2026-09-25 16:53:05 +0200: Memory Usage (468404K) : ind_drw has 0 polygons
2026-09-25 16:53:05 +0200: Memory Usage (468532K) : ind_pin has 0 polygons
2026-09-25 16:53:05 +0200: Memory Usage (468660K) : ind_text has 0 polygons
2026-09-25 16:53:05 +0200: Memory Usage (468788K) : salblock_drw has 0 polygons
2026-09-25 16:53:05 +0200: Memory Usage (468788K) : via2_drw has 440 polygons
2026-09-25 16:53:05 +0200: Memory Usage (468916K) : metal3_drw has 179 polygons
2026-09-25 16:53:05 +0200: Memory Usage (468916K) : metal3_filler has 0 polygons
2026-09-25 16:53:05 +0200: Memory Usage (469044K) : metal3_slit has 0 polygons
2026-09-25 16:53:05 +0200: Memory Usage (469172K) : metal3 has 179 polygons
2026-09-25 16:53:05 +0200: Memory Usage (469172K) : metal3_pin has 5 polygons
2026-09-25 16:53:05 +0200: Memory Usage (469300K) : metal3_mask has 0 polygons
2026-09-25 16:53:05 +0200: Memory Usage (469300K) : metal3_nofill has 0 polygons
2026-09-25 16:53:05 +0200: Memory Usage (469428K) : metal3_text has 5 polygons
2026-09-25 16:53:05 +0200: Memory Usage (469428K) : metal3_OPC has 0 polygons
2026-09-25 16:53:05 +0200: Memory Usage (469556K) : metal3_noqrc has 0 polygons
2026-09-25 16:53:05 +0200: Memory Usage (469556K) : metal3_res has 0 polygons
2026-09-25 16:53:05 +0200: Memory Usage (469684K) : metal3_iprobe has 0 polygons
2026-09-25 16:53:05 +0200: Memory Usage (469684K) : metal3_diffprb has 0 polygons
2026-09-25 16:53:05 +0200: Memory Usage (469812K) : nwell_drw has 542 polygons
2026-09-25 16:53:05 +0200: Memory Usage (469940K) : nwell_pin has 0 polygons
2026-09-25 16:53:05 +0200: Memory Usage (469940K) : nwell_text has 0 polygons
2026-09-25 16:53:05 +0200: Memory Usage (470068K) : nbulay_drw has 0 polygons
2026-09-25 16:53:05 +0200: Memory Usage (470068K) : nbulay_pin has 0 polygons
2026-09-25 16:53:05 +0200: Memory Usage (470196K) : nbulay_block has 0 polygons
2026-09-25 16:53:05 +0200: Memory Usage (470196K) : emwind_drw has 0 polygons
2026-09-25 16:53:05 +0200: Memory Usage (470324K) : emwind_OPC has 0 polygons
2026-09-25 16:53:05 +0200: Memory Usage (470324K) : deepco_drw has 0 polygons
2026-09-25 16:53:05 +0200: Memory Usage (470452K) : mim_drw has 0 polygons
2026-09-25 16:53:05 +0200: Memory Usage (470580K) : edgeseal_drw has 0 polygons
2026-09-25 16:53:05 +0200: Memory Usage (470580K) : substrate_drw has 0 polygons
2026-09-25 16:53:05 +0200: Memory Usage (470708K) : substrate_text has 0 polygons
2026-09-25 16:53:05 +0200: Memory Usage (470708K) : dfpad_drw has 0 polygons
2026-09-25 16:53:05 +0200: Memory Usage (470836K) : dfpad_pillar has 0 polygons
2026-09-25 16:53:05 +0200: Memory Usage (470836K) : dfpad_sbump has 0 polygons
2026-09-25 16:53:05 +0200: Memory Usage (470964K) : thickgateox_drw has 0 polygons
2026-09-25 16:53:05 +0200: Memory Usage (471092K) : pldb_drw has 0 polygons
2026-09-25 16:53:05 +0200: Memory Usage (471092K) : pwell_drw has 0 polygons
2026-09-25 16:53:05 +0200: Memory Usage (471220K) : pwell_pin has 0 polygons
2026-09-25 16:53:05 +0200: Memory Usage (471220K) : pwell_block has 0 polygons
2026-09-25 16:53:05 +0200: Memory Usage (471348K) : ic_drw has 0 polygons
2026-09-25 16:53:05 +0200: Memory Usage (471348K) : via3_drw has 112 polygons
2026-09-25 16:53:05 +0200: Memory Usage (471476K) : metal4_drw has 23 polygons
2026-09-25 16:53:05 +0200: Memory Usage (471476K) : metal4_filler has 0 polygons
2026-09-25 16:53:05 +0200: Memory Usage (471604K) : metal4_slit has 0 polygons
2026-09-25 16:53:05 +0200: Memory Usage (471732K) : metal4 has 23 polygons
2026-09-25 16:53:05 +0200: Memory Usage (471732K) : metal4_pin has 0 polygons
2026-09-25 16:53:05 +0200: Memory Usage (471860K) : metal4_mask has 0 polygons
2026-09-25 16:53:05 +0200: Memory Usage (471860K) : metal4_nofill has 0 polygons
2026-09-25 16:53:05 +0200: Memory Usage (471988K) : metal4_text has 0 polygons
2026-09-25 16:53:05 +0200: Memory Usage (472116K) : metal4_OPC has 0 polygons
2026-09-25 16:53:05 +0200: Memory Usage (472116K) : metal4_noqrc has 0 polygons
2026-09-25 16:53:05 +0200: Memory Usage (472244K) : metal4_res has 0 polygons
2026-09-25 16:53:05 +0200: Memory Usage (472244K) : metal4_iprobe has 0 polygons
2026-09-25 16:53:05 +0200: Memory Usage (472372K) : metal4_diffprb has 0 polygons
2026-09-25 16:53:05 +0200: Memory Usage (472500K) : heattrans_drw has 0 polygons
2026-09-25 16:53:05 +0200: Memory Usage (472500K) : heatres_drw has 0 polygons
2026-09-25 16:53:05 +0200: Memory Usage (472628K) : fbe_drw has 0 polygons
2026-09-25 16:53:05 +0200: Memory Usage (472756K) : empoly_drw has 0 polygons
2026-09-25 16:53:05 +0200: Memory Usage (472756K) : digisub_drw has 0 polygons
2026-09-25 16:53:05 +0200: Memory Usage (472884K) : text_drw has 0 polygons
2026-09-25 16:53:05 +0200: Memory Usage (472884K) : via4_drw has 110 polygons
2026-09-25 16:53:05 +0200: Memory Usage (473012K) : metal5_drw has 22 polygons
2026-09-25 16:53:05 +0200: Memory Usage (473012K) : metal5_filler has 0 polygons
2026-09-25 16:53:05 +0200: Memory Usage (473140K) : metal5_slit has 0 polygons
2026-09-25 16:53:05 +0200: Memory Usage (473268K) : metal5 has 22 polygons
2026-09-25 16:53:05 +0200: Memory Usage (473268K) : metal5_pin has 0 polygons
2026-09-25 16:53:05 +0200: Memory Usage (473396K) : metal5_mask has 0 polygons
2026-09-25 16:53:05 +0200: Memory Usage (473524K) : metal5_nofill has 0 polygons
2026-09-25 16:53:05 +0200: Memory Usage (473524K) : metal5_text has 0 polygons
2026-09-25 16:53:05 +0200: Memory Usage (473652K) : metal5_OPC has 0 polygons
2026-09-25 16:53:05 +0200: Memory Usage (473652K) : metal5_noqrc has 0 polygons
2026-09-25 16:53:05 +0200: Memory Usage (473780K) : metal5_res has 0 polygons
2026-09-25 16:53:05 +0200: Memory Usage (473780K) : metal5_iprobe has 0 polygons
2026-09-25 16:53:05 +0200: Memory Usage (473908K) : metal5_diffprb has 0 polygons
2026-09-25 16:53:05 +0200: Memory Usage (474036K) : radhard_drw has 0 polygons
2026-09-25 16:53:05 +0200: Memory Usage (474036K) : memcap_drw has 0 polygons
2026-09-25 16:53:05 +0200: Memory Usage (474164K) : varicap_drw has 0 polygons
2026-09-25 16:53:05 +0200: Memory Usage (474164K) : intbondvia_drw has 0 polygons
2026-09-25 16:53:05 +0200: Memory Usage (474292K) : intbondmet_drw has 0 polygons
2026-09-25 16:53:05 +0200: Memory Usage (474420K) : devbondvia_drw has 0 polygons
2026-09-25 16:53:05 +0200: Memory Usage (474548K) : devbondmet_drw has 0 polygons
2026-09-25 16:53:05 +0200: Memory Usage (474548K) : devtrench_drw has 0 polygons
2026-09-25 16:53:05 +0200: Memory Usage (474676K) : redist_drw has 0 polygons
2026-09-25 16:53:05 +0200: Memory Usage (474676K) : graphbot_drw has 0 polygons
2026-09-25 16:53:05 +0200: Memory Usage (474804K) : graphtop_drw has 0 polygons
2026-09-25 16:53:05 +0200: Memory Usage (474804K) : antvia1_drw has 0 polygons
2026-09-25 16:53:05 +0200: Memory Usage (474932K) : antmetal2_drw has 0 polygons
2026-09-25 16:53:05 +0200: Memory Usage (474932K) : graphcont_drw has 0 polygons
2026-09-25 16:53:05 +0200: Memory Usage (475060K) : siwg_drw has 0 polygons
2026-09-25 16:53:05 +0200: Memory Usage (475060K) : siwg_filler has 0 polygons
2026-09-25 16:53:05 +0200: Memory Usage (475188K) : siwg_nofill has 0 polygons
2026-09-25 16:53:05 +0200: Memory Usage (475316K) : sigrating_drw has 0 polygons
2026-09-25 16:53:05 +0200: Memory Usage (475444K) : singrating_drw has 0 polygons
2026-09-25 16:53:05 +0200: Memory Usage (475444K) : graphpas_drw has 0 polygons
2026-09-25 16:53:05 +0200: Memory Usage (475572K) : emwind3_drw has 0 polygons
2026-09-25 16:53:05 +0200: Memory Usage (475572K) : emwihv3_drw has 0 polygons
2026-09-25 16:53:05 +0200: Memory Usage (475700K) : redbulay_drw has 0 polygons
2026-09-25 16:53:05 +0200: Memory Usage (475700K) : smos_drw has 0 polygons
2026-09-25 16:53:05 +0200: Memory Usage (475828K) : graphpad_drw has 0 polygons
2026-09-25 16:53:05 +0200: Memory Usage (475828K) : polimide_drw has 0 polygons
2026-09-25 16:53:05 +0200: Memory Usage (475956K) : polimide_pin has 0 polygons
2026-09-25 16:53:05 +0200: Memory Usage (476084K) : recog_drw has 0 polygons
2026-09-25 16:53:05 +0200: Memory Usage (476084K) : recog_pin has 0 polygons
2026-09-25 16:53:05 +0200: Memory Usage (476212K) : recog_esd has 0 polygons
2026-09-25 16:53:05 +0200: Memory Usage (476212K) : recog_diode has 0 polygons
2026-09-25 16:53:05 +0200: Memory Usage (476340K) : recog_tsv has 0 polygons
2026-09-25 16:53:05 +0200: Memory Usage (476468K) : recog_iprobe has 0 polygons
2026-09-25 16:53:05 +0200: Memory Usage (476468K) : recog_diffprb has 0 polygons
2026-09-25 16:53:05 +0200: Memory Usage (476596K) : recog_pillar has 0 polygons
2026-09-25 16:53:05 +0200: Memory Usage (476724K) : recog_sbump has 0 polygons
2026-09-25 16:53:05 +0200: Memory Usage (476724K) : recog_otp has 0 polygons
2026-09-25 16:53:05 +0200: Memory Usage (476852K) : recog_pdiode has 0 polygons
2026-09-25 16:53:05 +0200: Memory Usage (476980K) : recog_mom has 0 polygons
2026-09-25 16:53:05 +0200: Memory Usage (476980K) : recog_momf has 0 polygons
2026-09-25 16:53:05 +0200: Memory Usage (477108K) : recog_pcm has 0 polygons
2026-09-25 16:53:05 +0200: Memory Usage (477108K) : colopen_drw has 0 polygons
2026-09-25 16:53:05 +0200: Memory Usage (477236K) : graphmetal1_drw has 0 polygons
2026-09-25 16:53:05 +0200: Memory Usage (477236K) : graphmetal1_filler has 0 polygons
2026-09-25 16:53:05 +0200: Memory Usage (477364K) : graphmetal1_nofill has 0 polygons
2026-09-25 16:53:05 +0200: Memory Usage (477364K) : graphmetal1_slit has 0 polygons
2026-09-25 16:53:05 +0200: Memory Usage (477492K) : graphmetal1_OPC has 0 polygons
2026-09-25 16:53:05 +0200: Memory Usage (477492K) : graphmet1l_drw has 0 polygons
2026-09-25 16:53:05 +0200: Memory Usage (477620K) : graphmet1l_filler has 0 polygons
2026-09-25 16:53:05 +0200: Memory Usage (477748K) : graphmet1l_nofill has 0 polygons
2026-09-25 16:53:05 +0200: Memory Usage (477748K) : graphmet1l_slit has 0 polygons
2026-09-25 16:53:05 +0200: Memory Usage (477876K) : graphmet1l_OPC has 0 polygons
2026-09-25 16:53:05 +0200: Memory Usage (477876K) : extblock_drw has 0 polygons
2026-09-25 16:53:05 +0200: Memory Usage (478004K) : nldd_drw has 0 polygons
2026-09-25 16:53:05 +0200: Memory Usage (478132K) : pldd_drw has 0 polygons
2026-09-25 16:53:05 +0200: Memory Usage (478132K) : next_drw has 0 polygons
2026-09-25 16:53:05 +0200: Memory Usage (478260K) : pext_drw has 0 polygons
2026-09-25 16:53:05 +0200: Memory Usage (478388K) : nexthv_drw has 0 polygons
2026-09-25 16:53:05 +0200: Memory Usage (478388K) : pexthv_drw has 0 polygons
2026-09-25 16:53:05 +0200: Memory Usage (478516K) : graphgate_drw has 0 polygons
2026-09-25 16:53:05 +0200: Memory Usage (478644K) : sinwg_drw has 0 polygons
2026-09-25 16:53:05 +0200: Memory Usage (478644K) : sinwg_filler has 0 polygons
2026-09-25 16:53:05 +0200: Memory Usage (478772K) : sinwg_nofill has 0 polygons
2026-09-25 16:53:05 +0200: Memory Usage (478772K) : mempad_drw has 0 polygons
2026-09-25 16:53:05 +0200: Memory Usage (478900K) : topvia1_drw has 44 polygons
2026-09-25 16:53:05 +0200: Memory Usage (478900K) : topmetal1_drw has 2 polygons
2026-09-25 16:53:05 +0200: Memory Usage (479028K) : topmetal1_filler has 0 polygons
2026-09-25 16:53:05 +0200: Memory Usage (479028K) : topmetal1_slit has 0 polygons
2026-09-25 16:53:05 +0200: Memory Usage (479156K) : topmetal1 has 2 polygons
2026-09-25 16:53:05 +0200: Memory Usage (479284K) : topmetal1_pin has 2 polygons
2026-09-25 16:53:05 +0200: Memory Usage (479412K) : topmetal1_mask has 0 polygons
2026-09-25 16:53:05 +0200: Memory Usage (479412K) : topmetal1_nofill has 0 polygons
2026-09-25 16:53:05 +0200: Memory Usage (479540K) : topmetal1_text has 2 polygons
2026-09-25 16:53:05 +0200: Memory Usage (479540K) : topmetal1_noqrc has 0 polygons
2026-09-25 16:53:05 +0200: Memory Usage (479668K) : topmetal1_res has 0 polygons
2026-09-25 16:53:05 +0200: Memory Usage (479796K) : topmetal1_iprobe has 0 polygons
2026-09-25 16:53:05 +0200: Memory Usage (479796K) : topmetal1_diffprb has 0 polygons
2026-09-25 16:53:05 +0200: Memory Usage (479924K) : inldpwl_drw has 0 polygons
2026-09-25 16:53:05 +0200: Memory Usage (479924K) : polyres_drw has 0 polygons
2026-09-25 16:53:05 +0200: Memory Usage (480052K) : polyres_pin has 0 polygons
2026-09-25 16:53:05 +0200: Memory Usage (480052K) : vmim_drw has 0 polygons
2026-09-25 16:53:05 +0200: Memory Usage (480180K) : nbulaycut_drw has 0 polygons
2026-09-25 16:53:05 +0200: Memory Usage (480308K) : antmetal1_drw has 0 polygons
2026-09-25 16:53:05 +0200: Memory Usage (480308K) : topvia2_drw has 2 polygons
2026-09-25 16:53:05 +0200: Memory Usage (480436K) : topmetal2_drw has 2 polygons
2026-09-25 16:53:05 +0200: Memory Usage (480436K) : topmetal2_filler has 0 polygons
2026-09-25 16:53:05 +0200: Memory Usage (480564K) : topmetal2_slit has 0 polygons
2026-09-25 16:53:05 +0200: Memory Usage (480692K) : topmetal2 has 2 polygons
2026-09-25 16:53:05 +0200: Memory Usage (480820K) : topmetal2_pin has 2 polygons
2026-09-25 16:53:05 +0200: Memory Usage (480948K) : topmetal2_mask has 0 polygons
2026-09-25 16:53:05 +0200: Memory Usage (480948K) : topmetal2_nofill has 0 polygons
2026-09-25 16:53:05 +0200: Memory Usage (481076K) : topmetal2_text has 2 polygons
2026-09-25 16:53:05 +0200: Memory Usage (481076K) : topmetal2_noqrc has 0 polygons
2026-09-25 16:53:05 +0200: Memory Usage (481204K) : topmetal2_res has 0 polygons
2026-09-25 16:53:05 +0200: Memory Usage (481204K) : topmetal2_iprobe has 0 polygons
2026-09-25 16:53:05 +0200: Memory Usage (481332K) : topmetal2_diffprb has 0 polygons
2026-09-25 16:53:05 +0200: Memory Usage (481332K) : snsring_drw has 0 polygons
2026-09-25 16:53:05 +0200: Memory Usage (481460K) : sensor_drw has 0 polygons
2026-09-25 16:53:05 +0200: Memory Usage (481460K) : snsarms_drw has 0 polygons
2026-09-25 16:53:05 +0200: Memory Usage (481588K) : snscmosvia_drw has 0 polygons
2026-09-25 16:53:05 +0200: Memory Usage (481588K) : colwind_drw has 0 polygons
2026-09-25 16:53:05 +0200: Memory Usage (481716K) : flm_drw has 0 polygons
2026-09-25 16:53:05 +0200: Memory Usage (481716K) : hafniumox_drw has 0 polygons
2026-09-25 16:53:05 +0200: Memory Usage (481716K) : memvia_drw has 0 polygons
2026-09-25 16:53:05 +0200: Memory Usage (481844K) : thinfilmres_drw has 0 polygons
2026-09-25 16:53:05 +0200: Memory Usage (481844K) : rfmem_drw has 0 polygons
2026-09-25 16:53:05 +0200: Memory Usage (481844K) : norcx_drw has 0 polygons
2026-09-25 16:53:05 +0200: Memory Usage (481972K) : norcx_m2m3 has 0 polygons
2026-09-25 16:53:05 +0200: Memory Usage (481972K) : norcx_m2m4 has 0 polygons
2026-09-25 16:53:05 +0200: Memory Usage (481972K) : norcx_m2m5 has 0 polygons
2026-09-25 16:53:05 +0200: Memory Usage (481972K) : norcx_m2tm1 has 0 polygons
2026-09-25 16:53:05 +0200: Memory Usage (482100K) : norcx_m2tm2 has 0 polygons
2026-09-25 16:53:05 +0200: Memory Usage (482100K) : norcx_m3m4 has 0 polygons
2026-09-25 16:53:05 +0200: Memory Usage (482100K) : norcx_m3m5 has 0 polygons
2026-09-25 16:53:05 +0200: Memory Usage (482228K) : norcx_m3tm1 has 0 polygons
2026-09-25 16:53:05 +0200: Memory Usage (482228K) : norcx_m3tm2 has 0 polygons
2026-09-25 16:53:05 +0200: Memory Usage (482228K) : norcx_m4m5 has 0 polygons
2026-09-25 16:53:05 +0200: Memory Usage (482356K) : norcx_m4tm1 has 0 polygons
2026-09-25 16:53:05 +0200: Memory Usage (482356K) : norcx_m4tm2 has 0 polygons
2026-09-25 16:53:05 +0200: Memory Usage (482356K) : norcx_m5tm1 has 0 polygons
2026-09-25 16:53:05 +0200: Memory Usage (482356K) : norcx_m5tm2 has 0 polygons
2026-09-25 16:53:05 +0200: Memory Usage (482484K) : norcx_tm1tm2 has 0 polygons
2026-09-25 16:53:05 +0200: Memory Usage (482484K) : norcx_m1sub has 0 polygons
2026-09-25 16:53:05 +0200: Memory Usage (482484K) : norcx_m2sub has 0 polygons
2026-09-25 16:53:05 +0200: Memory Usage (482612K) : norcx_m3sub has 0 polygons
2026-09-25 16:53:05 +0200: Memory Usage (482612K) : norcx_m4sub has 0 polygons
2026-09-25 16:53:05 +0200: Memory Usage (482740K) : norcx_m5sub has 0 polygons
2026-09-25 16:53:05 +0200: Memory Usage (482740K) : norcx_tm1sub has 0 polygons
2026-09-25 16:53:05 +0200: Memory Usage (482868K) : norcx_tm2sub has 0 polygons
2026-09-25 16:53:05 +0200: Memory Usage (482868K) : snsbotvia_drw has 0 polygons
2026-09-25 16:53:05 +0200: Memory Usage (482996K) : snstopvia_drw has 0 polygons
2026-09-25 16:53:05 +0200: Memory Usage (482996K) : deepvia_drw has 0 polygons
2026-09-25 16:53:05 +0200: Memory Usage (483124K) : fgetch_drw has 0 polygons
2026-09-25 16:53:05 +0200: Memory Usage (483252K) : ctrgat_drw has 0 polygons
2026-09-25 16:53:05 +0200: Memory Usage (483252K) : fgimp_drw has 0 polygons
2026-09-25 16:53:05 +0200: Memory Usage (483380K) : emwihv_drw has 0 polygons
2026-09-25 16:53:05 +0200: Memory Usage (483380K) : lbe_drw has 0 polygons
2026-09-25 16:53:05 +0200: Memory Usage (483380K) : alcustop_drw has 0 polygons
2026-09-25 16:53:05 +0200: Memory Usage (483508K) : nometfiller_drw has 0 polygons
2026-09-25 16:53:05 +0200: Memory Usage (483508K) : prboundary_drw has 0 polygons
2026-09-25 16:53:05 +0200: Memory Usage (483508K) : exchange0_drw has 0 polygons
2026-09-25 16:53:05 +0200: Memory Usage (483636K) : exchange0_pin has 0 polygons
2026-09-25 16:53:05 +0200: Memory Usage (483636K) : exchange0_text has 0 polygons
2026-09-25 16:53:05 +0200: Memory Usage (483636K) : exchange1_drw has 0 polygons
2026-09-25 16:53:05 +0200: Memory Usage (483636K) : exchange1_pin has 0 polygons
2026-09-25 16:53:05 +0200: Memory Usage (483764K) : exchange1_text has 0 polygons
2026-09-25 16:53:05 +0200: Memory Usage (483764K) : exchange2_drw has 0 polygons
2026-09-25 16:53:05 +0200: Memory Usage (483764K) : exchange2_pin has 0 polygons
2026-09-25 16:53:05 +0200: Memory Usage (483892K) : exchange2_text has 0 polygons
2026-09-25 16:53:05 +0200: Memory Usage (483892K) : exchange3_drw has 0 polygons
2026-09-25 16:53:05 +0200: Memory Usage (483892K) : exchange3_pin has 0 polygons
2026-09-25 16:53:05 +0200: Memory Usage (484020K) : exchange3_text has 0 polygons
2026-09-25 16:53:05 +0200: Memory Usage (484020K) : exchange4_drw has 0 polygons
2026-09-25 16:53:05 +0200: Memory Usage (484020K) : exchange4_pin has 0 polygons
2026-09-25 16:53:05 +0200: Memory Usage (484148K) : exchange4_text has 0 polygons
2026-09-25 16:53:05 +0200: Memory Usage (484148K) : isonwell_drw has 0 polygons
2026-09-25 16:53:05 +0200: Memory Usage (484148K) : Total no. of polygons in the design is 32511
2026-09-25 16:53:05 +0200: Memory Usage (484148K) : Starting base layers derivations
2026-09-25 16:53:05 +0200: Memory Usage (484148K) : Starting general LVS derivations
2026-09-25 16:53:06 +0200: Memory Usage (490292K) : Starting MOSFET DERIVATIONS
2026-09-25 16:53:06 +0200: Memory Usage (490292K) : Starting NMOS DERIVATIONS
2026-09-25 16:53:06 +0200: Memory Usage (490292K) : Starting PMOS DERIVATIONS
2026-09-25 16:53:06 +0200: Memory Usage (490292K) : Starting RF-MOSFET DERIVATIONS
2026-09-25 16:53:06 +0200: Memory Usage (490292K) : Starting RF-NMOS DERIVATIONS
2026-09-25 16:53:06 +0200: Memory Usage (490292K) : Starting RF-PMOS DERIVATIONS
2026-09-25 16:53:06 +0200: Memory Usage (490292K) : Starting BJT DERIVATIONS
2026-09-25 16:53:06 +0200: Memory Usage (490292K) : Starting NPN-BJT DERIVATIONS
2026-09-25 16:53:06 +0200: Memory Usage (490292K) : Starting PNP-BJT DERIVATIONS
2026-09-25 16:53:06 +0200: Memory Usage (490292K) : Starting DIODE DERIVATIONS
2026-09-25 16:53:06 +0200: Memory Usage (490292K) : Starting RESISTOR DERIVATIONS
2026-09-25 16:53:06 +0200: Memory Usage (490292K) : Starting CAP DERIVATIONS
2026-09-25 16:53:07 +0200: Memory Usage (490292K) : Starting CAP_CMOM DERIVATIONS
2026-09-25 16:53:07 +0200: Memory Usage (490292K) : Starting CAP_CMOMF DERIVATIONS
2026-09-25 16:53:07 +0200: Memory Usage (490292K) : Starting ESD DERIVATIONS
2026-09-25 16:53:07 +0200: Memory Usage (490292K) : Starting Inductor DERIVATIONS
2026-09-25 16:53:07 +0200: Memory Usage (490292K) : Starting Taps DERIVATIONS
2026-09-25 16:53:07 +0200: Memory Usage (490292K) : Starting SG13G2 LVS connectivity setup
2026-09-25 16:53:07 +0200: Memory Usage (490292K) : Starting SG13G2 LVS connectivity setup (Inter-layer)
2026-09-25 16:53:07 +0200: Memory Usage (490420K) : Starting SG13G2 LVS connectivity setup (Global)
2026-09-25 16:53:07 +0200: Memory Usage (490420K) : Starting LVS MOSFET CONNECTIONS
2026-09-25 16:53:07 +0200: Memory Usage (490420K) : Starting LVS RF-MOSFET CONNECTIONS
2026-09-25 16:53:07 +0200: Memory Usage (490420K) : Starting LVS BJT CONNECTIONS
2026-09-25 16:53:07 +0200: Memory Usage (490420K) : Starting LVS DIODE CONNECTIONS
2026-09-25 16:53:07 +0200: Memory Usage (490420K) : Starting RESISTOR CONNECTIONS
2026-09-25 16:53:07 +0200: Memory Usage (490420K) : Starting LVS CAP CONNECTIONS
2026-09-25 16:53:07 +0200: Memory Usage (490420K) : Starting CAP_CMOM CONNECTIONS
2026-09-25 16:53:07 +0200: Memory Usage (490420K) : Starting CAP_CMOMF CONNECTIONS
2026-09-25 16:53:07 +0200: Memory Usage (490420K) : Starting ESD CONNECTIONS
2026-09-25 16:53:07 +0200: Memory Usage (490420K) : Starting Inductor CONNECTIONS
2026-09-25 16:53:07 +0200: Memory Usage (490420K) : Starting LVS Taps CONNECTIONS
2026-09-25 16:53:07 +0200: Memory Usage (490420K) : Starting SG13G2 LVS DEVICES EXTRACTION
2026-09-25 16:53:07 +0200: Memory Usage (490420K) : Starting MOSFET EXTRACTION
2026-09-25 16:53:07 +0200: Memory Usage (490420K) : Starting NMOS EXTRACTION
2026-09-25 16:53:07 +0200: Memory Usage (490420K) : Extraction of NMOS-LV transistor
2026-09-25 16:53:07 +0200: Memory Usage (490548K) : Extraction of NMOS-HV transistor
2026-09-25 16:53:07 +0200: Memory Usage (490548K) : Starting PMOS EXTRACTION
2026-09-25 16:53:07 +0200: Memory Usage (490548K) : Extraction of PMOS-LV transistor
2026-09-25 16:53:07 +0200: Memory Usage (490548K) : Extraction of PMOS-HV transistor
2026-09-25 16:53:08 +0200: Memory Usage (490548K) : Starting RF-MOSFET EXTRACTION
2026-09-25 16:53:08 +0200: Memory Usage (490548K) : Extraction of RF-NMOS-LV transistor
2026-09-25 16:53:08 +0200: Memory Usage (490548K) : Extraction of RF-NMOS-HV transistor
2026-09-25 16:53:08 +0200: Memory Usage (490548K) : Extraction of RF-PMOS-LV transistor
2026-09-25 16:53:08 +0200: Memory Usage (490548K) : Extraction of RF-PMOS-HV transistor
2026-09-25 16:53:08 +0200: Memory Usage (490548K) : Starting BJT EXTRACTION
2026-09-25 16:53:08 +0200: Memory Usage (490548K) : Starting NPN-BJT EXTRACTION
2026-09-25 16:53:08 +0200: Memory Usage (490548K) : Extraction of npn13G2 BJT transistor
2026-09-25 16:53:08 +0200: Memory Usage (490548K) : Extraction of npn13G2L BJT transistor
2026-09-25 16:53:08 +0200: Memory Usage (490548K) : Extraction of npn13G2V BJT transistor
2026-09-25 16:53:08 +0200: Memory Usage (490548K) : Starting PNP-BJT EXTRACTION
2026-09-25 16:53:08 +0200: Memory Usage (490548K) : Extracting pnpMPA BJT
2026-09-25 16:53:08 +0200: Memory Usage (490548K) : Starting DIODE EXTRACTION
2026-09-25 16:53:08 +0200: Memory Usage (490548K) : Extracting dantenna diode
2026-09-25 16:53:08 +0200: Memory Usage (490548K) : Extracting dpantenna diode
2026-09-25 16:53:08 +0200: Memory Usage (490548K) : Extracting schottky_nbl1 diode
2026-09-25 16:53:08 +0200: Memory Usage (490548K) : Extracting isolbox diode
2026-09-25 16:53:08 +0200: Memory Usage (490548K) : Starting RESISTOR EXTRACTION
2026-09-25 16:53:08 +0200: Memory Usage (490548K) : Extracting rsil resistor
2026-09-25 16:53:08 +0200: Memory Usage (490548K) : Extracting rppd resistor
2026-09-25 16:53:08 +0200: Memory Usage (490548K) : Extracting rhigh resistor
2026-09-25 16:53:08 +0200: Memory Usage (490548K) : Extracting res_metal1 resistor
2026-09-25 16:53:08 +0200: Memory Usage (490548K) : Extracting res_metal2 resistor
2026-09-25 16:53:08 +0200: Memory Usage (490548K) : Extracting res_metal3 resistor
2026-09-25 16:53:08 +0200: Memory Usage (490548K) : Extracting res_metal4 resistor
2026-09-25 16:53:08 +0200: Memory Usage (490548K) : Extracting res_metal5 resistor
2026-09-25 16:53:08 +0200: Memory Usage (490548K) : Extracting res_topmetal1 resistor
2026-09-25 16:53:08 +0200: Memory Usage (490548K) : Extracting res_topmetal2 resistor
2026-09-25 16:53:08 +0200: Memory Usage (490548K) : Starting CAP EXTRACTION
2026-09-25 16:53:08 +0200: Memory Usage (490548K) : Extracting cap_cmim device
2026-09-25 16:53:08 +0200: Memory Usage (490548K) : Extracting rfcmim device
2026-09-25 16:53:08 +0200: Memory Usage (490548K) : Extracting sg13_hv_svaricap varactor
2026-09-25 16:53:08 +0200: Memory Usage (490548K) : Extracting cap_cmomi device
2026-09-25 16:53:08 +0200: Memory Usage (490548K) : Extracting cap_cmomf device
2026-09-25 16:53:08 +0200: Memory Usage (490548K) : Extracting sg13_moscap_n capacitor
2026-09-25 16:53:08 +0200: Memory Usage (490548K) : Extracting sg13_moscap_p capacitor
2026-09-25 16:53:08 +0200: Memory Usage (490548K) : Starting ESD EXTRACTION
2026-09-25 16:53:08 +0200: Memory Usage (490548K) : Extracting diodevdd_2kv ESD device
2026-09-25 16:53:08 +0200: Memory Usage (490548K) : Extracting diodevdd_4kv ESD device
2026-09-25 16:53:08 +0200: Memory Usage (490548K) : Extracting diodevss_2kv ESD device
2026-09-25 16:53:08 +0200: Memory Usage (490548K) : Extracting diodevss_4kv ESD device
2026-09-25 16:53:08 +0200: Memory Usage (490548K) : Extracting idiodevdd_2kv ESD device
2026-09-25 16:53:08 +0200: Memory Usage (490548K) : Extracting idiodevdd_4kv ESD device
2026-09-25 16:53:08 +0200: Memory Usage (490548K) : Extracting idiodevss_2kv ESD device
2026-09-25 16:53:08 +0200: Memory Usage (490548K) : Extracting idiodevss_4kv ESD device
2026-09-25 16:53:08 +0200: Memory Usage (490548K) : Extracting nmoscl_2 ESD device
2026-09-25 16:53:08 +0200: Memory Usage (490548K) : Extracting nmoscl_4 ESD device
2026-09-25 16:53:08 +0200: Memory Usage (490548K) : Starting Inductor EXTRACTION
2026-09-25 16:53:08 +0200: Memory Usage (490548K) : Extracting Inductor2 device
2026-09-25 16:53:08 +0200: Memory Usage (490548K) : Extracting Inductor3 device
2026-09-25 16:53:08 +0200: Memory Usage (490548K) : Starting Taps EXTRACTION
2026-09-25 16:53:08 +0200: Memory Usage (490548K) : Extracting ntap1 device
2026-09-25 16:53:08 +0200: Memory Usage (490548K) : Extracting ptap1 device
2026-09-25 16:53:08 +0200: Memory Usage (490548K) : Starting SG13G2 LVS RF MOS Model Mapping
2026-09-25 16:53:08 +0200: Memory Usage (490548K) : [layout_netlist] Apply RF MOS model mapping and rfmode parameter.
2026-09-25 16:53:08 +0200: Memory Usage (490548K) : Starting SG13G2 LVS Options Preparations
2026-09-25 16:53:08 +0200: Memory Usage (490548K) : SG13G2 LVS flow: extraction -> alignment -> option preparation -> comparison.
2026-09-25 16:53:08 +0200: Memory Usage (490548K) : Starting SG13G2 LVS Alignment
2026-09-25 16:53:08 +0200: Memory Usage (490548K) : Starting SG13G2 LVS Simplification
2026-09-25 16:53:08 +0200: Memory Usage (490548K) : [layout_netlist] simplify: ENABLED
2026-09-25 16:53:08 +0200: Memory Usage (490548K) : [layout_netlist] make_top_level_pins: SKIPPED
2026-09-25 16:53:08 +0200: Memory Usage (490548K) : [layout_netlist] combine_devices: SKIPPED
2026-09-25 16:53:08 +0200: Memory Usage (490548K) : [layout_netlist] purge: SKIPPED
2026-09-25 16:53:08 +0200: Memory Usage (490548K) : [layout_netlist] purge_nets: SKIPPED
2026-09-25 16:53:08 +0200: Memory Usage (490548K) : [schematic_netlist] simplify: ENABLED
2026-09-25 16:53:08 +0200: Memory Usage (490548K) : [schematic_netlist] make_top_level_pins: SKIPPED
2026-09-25 16:53:08 +0200: Memory Usage (490548K) : [schematic_netlist] combine_devices: SKIPPED
2026-09-25 16:53:08 +0200: Memory Usage (490548K) : [schematic_netlist] purge: SKIPPED
2026-09-25 16:53:08 +0200: Memory Usage (490548K) : [schematic_netlist] purge_nets: SKIPPED
2026-09-25 16:53:08 +0200: Memory Usage (490548K) : Starting SG13G2 LVS Comparison in strict port mode.
2026-09-25 16:53:08 +0200: Memory Usage (490548K) : flag_missing_ports enabled: missing/mislabeled top-level ports are treated as errors.
2026-09-25 16:53:08 +0200: Memory Usage (490676K) : ==========================================
2026-09-25 16:53:08 +0200: Memory Usage (490676K) : INFO : Congratulations! Netlists match.
2026-09-25 16:53:08 +0200: Memory Usage (490676K) : ==========================================
2026-09-25 16:53:08 +0200: Memory Usage (490676K) : LVS Total Run time 3.023734 seconds
