# Logfile created on 2026-09-25 16:56:45 +0200 by logger.rb/v1.5.3
2026-09-25 16:56:45 +0200: Memory Usage (456628K) : Starting running IHP-SG13G2 KLayout DRC runset on /foss/designs/unicasss-tools/SG13G2_2.4GHz_LC_VCO_FPLL/gds/blocks/LOOP_FILTER.gds
2026-09-25 16:56:45 +0200: Memory Usage (456628K) : Ruby Version for klayout: 3.2.3
2026-09-25 16:56:45 +0200: Memory Usage (457524K) : Loading database to memory is complete.
2026-09-25 16:56:45 +0200: Memory Usage (457524K) : IHP-SG13G2 KLayout DRC runset output at: /foss/designs/unicasss-tools/SG13G2_2.4GHz_LC_VCO_FPLL/drc/drc_run_LOOP_FILTER/LOOP_FILTER_LOOP_FILTER_main.lyrdb
2026-09-25 16:56:45 +0200: Memory Usage (457524K) : Evaluate switches.
2026-09-25 16:56:45 +0200: Memory Usage (457524K) : tables selected: main
2026-09-25 16:56:45 +0200: Memory Usage (457524K) : KLayout will use 12 thread(s) in tiling mode.
2026-09-25 16:56:45 +0200: Memory Usage (457524K) : deep mode is enabled.
2026-09-25 16:56:45 +0200: Memory Usage (457524K) : FEOL enabled: true
2026-09-25 16:56:45 +0200: Memory Usage (457524K) : BEOL enabled: true
2026-09-25 16:56:45 +0200: Memory Usage (457524K) : OFFGRID enabled: true
2026-09-25 16:56:45 +0200: Memory Usage (457524K) : ANGLE enabled: true
2026-09-25 16:56:45 +0200: Memory Usage (457524K) : PIN enabled: true
2026-09-25 16:56:45 +0200: Memory Usage (457524K) : FORBIDDEN enabled: true
2026-09-25 16:56:45 +0200: Memory Usage (457524K) : RECOMMENDED enabled: true
2026-09-25 16:56:45 +0200: Memory Usage (457524K) : PreCheck DRC enabled: false
2026-09-25 16:56:45 +0200: Memory Usage (457524K) : CONNECTIVITY_RULES enabled: true.
2026-09-25 16:56:45 +0200: Memory Usage (457524K) : Read in polygons from layers.
2026-09-25 16:56:45 +0200: Memory Usage (458804K) : activ_drw has 15 polygons
2026-09-25 16:56:45 +0200: Memory Usage (458804K) : activ_pin has 0 polygons
2026-09-25 16:56:45 +0200: Memory Usage (458932K) : activ_mask has 0 polygons
2026-09-25 16:56:45 +0200: Memory Usage (458932K) : activ_filler has 0 polygons
2026-09-25 16:56:45 +0200: Memory Usage (458932K) : activ_nofill has 0 polygons
2026-09-25 16:56:45 +0200: Memory Usage (458932K) : activ_opc has 0 polygons
2026-09-25 16:56:45 +0200: Memory Usage (458932K) : activ_iopc has 0 polygons
2026-09-25 16:56:45 +0200: Memory Usage (459060K) : activ_noqrc has 0 polygons
2026-09-25 16:56:45 +0200: Memory Usage (459188K) : biwind_drw has 0 polygons
2026-09-25 16:56:45 +0200: Memory Usage (459188K) : biwind_opc has 0 polygons
2026-09-25 16:56:45 +0200: Memory Usage (459316K) : pemwind_drw has 0 polygons
2026-09-25 16:56:45 +0200: Memory Usage (459316K) : gatpoly_drw has 80 polygons
2026-09-25 16:56:45 +0200: Memory Usage (459444K) : gatpoly_pin has 0 polygons
2026-09-25 16:56:45 +0200: Memory Usage (459444K) : gatpoly_filler has 0 polygons
2026-09-25 16:56:45 +0200: Memory Usage (459444K) : gatpoly_nofill has 0 polygons
2026-09-25 16:56:45 +0200: Memory Usage (459572K) : gatpoly_opc has 0 polygons
2026-09-25 16:56:45 +0200: Memory Usage (459572K) : gatpoly_iopc has 0 polygons
2026-09-25 16:56:45 +0200: Memory Usage (459700K) : gatpoly_noqrc has 0 polygons
2026-09-25 16:56:45 +0200: Memory Usage (459828K) : cont_drw has 953 polygons
2026-09-25 16:56:45 +0200: Memory Usage (459956K) : cont_opc has 0 polygons
2026-09-25 16:56:45 +0200: Memory Usage (459956K) : nsd_drw has 0 polygons
2026-09-25 16:56:45 +0200: Memory Usage (459956K) : nsd_block has 0 polygons
2026-09-25 16:56:45 +0200: Memory Usage (459956K) : metal1_drw has 147 polygons
2026-09-25 16:56:45 +0200: Memory Usage (459956K) : metal1_pin has 40 polygons
2026-09-25 16:56:45 +0200: Memory Usage (459956K) : metal1_mask has 0 polygons
2026-09-25 16:56:45 +0200: Memory Usage (459956K) : metal1_filler has 0 polygons
2026-09-25 16:56:45 +0200: Memory Usage (459956K) : metal1_nofill has 0 polygons
2026-09-25 16:56:45 +0200: Memory Usage (459956K) : metal1_slit has 0 polygons
2026-09-25 16:56:45 +0200: Memory Usage (460084K) : metal1_text has 1 polygons
2026-09-25 16:56:45 +0200: Memory Usage (460340K) : metal1_opc has 0 polygons
2026-09-25 16:56:45 +0200: Memory Usage (460340K) : metal1_noqrc has 0 polygons
2026-09-25 16:56:45 +0200: Memory Usage (460340K) : metal1_res has 0 polygons
2026-09-25 16:56:45 +0200: Memory Usage (460340K) : metal1_iprobe has 0 polygons
2026-09-25 16:56:45 +0200: Memory Usage (460468K) : metal1_diffprb has 0 polygons
2026-09-25 16:56:45 +0200: Memory Usage (460468K) : passiv_drw has 0 polygons
2026-09-25 16:56:45 +0200: Memory Usage (460468K) : passiv_pin has 0 polygons
2026-09-25 16:56:45 +0200: Memory Usage (460468K) : passiv_sbump has 0 polygons
2026-09-25 16:56:45 +0200: Memory Usage (460596K) : passiv_pillar has 0 polygons
2026-09-25 16:56:45 +0200: Memory Usage (460596K) : passiv_pdl has 0 polygons
2026-09-25 16:56:45 +0200: Memory Usage (460724K) : metal2_drw has 16 polygons
2026-09-25 16:56:45 +0200: Memory Usage (460724K) : metal2_pin has 1 polygons
2026-09-25 16:56:45 +0200: Memory Usage (460852K) : metal2_mask has 0 polygons
2026-09-25 16:56:45 +0200: Memory Usage (460852K) : metal2_filler has 0 polygons
2026-09-25 16:56:45 +0200: Memory Usage (460980K) : metal2_nofill has 0 polygons
2026-09-25 16:56:45 +0200: Memory Usage (460980K) : metal2_slit has 0 polygons
2026-09-25 16:56:45 +0200: Memory Usage (460980K) : metal2_text has 1 polygons
2026-09-25 16:56:45 +0200: Memory Usage (461108K) : metal2_opc has 0 polygons
2026-09-25 16:56:45 +0200: Memory Usage (461108K) : metal2_noqrc has 0 polygons
2026-09-25 16:56:45 +0200: Memory Usage (461236K) : metal2_res has 0 polygons
2026-09-25 16:56:45 +0200: Memory Usage (461236K) : metal2_iprobe has 0 polygons
2026-09-25 16:56:45 +0200: Memory Usage (461236K) : metal2_diffprb has 0 polygons
2026-09-25 16:56:45 +0200: Memory Usage (461364K) : baspoly_drw has 0 polygons
2026-09-25 16:56:45 +0200: Memory Usage (461364K) : baspoly_pin has 0 polygons
2026-09-25 16:56:45 +0200: Memory Usage (461492K) : psd_drw has 75 polygons
2026-09-25 16:56:45 +0200: Memory Usage (461492K) : nldb_drw has 0 polygons
2026-09-25 16:56:45 +0200: Memory Usage (461620K) : digibnd_drw has 0 polygons
2026-09-25 16:56:45 +0200: Memory Usage (461620K) : via1_drw has 6360 polygons
2026-09-25 16:56:45 +0200: Memory Usage (461748K) : backmetal1_drw has 0 polygons
2026-09-25 16:56:45 +0200: Memory Usage (462004K) : backmetal1_pin has 0 polygons
2026-09-25 16:56:45 +0200: Memory Usage (462004K) : backmetal1_mask has 0 polygons
2026-09-25 16:56:45 +0200: Memory Usage (462004K) : backmetal1_filler has 0 polygons
2026-09-25 16:56:45 +0200: Memory Usage (462132K) : backmetal1_nofill has 0 polygons
2026-09-25 16:56:45 +0200: Memory Usage (462132K) : backmetal1_slit has 0 polygons
2026-09-25 16:56:45 +0200: Memory Usage (462260K) : backmetal1_text has 0 polygons
2026-09-25 16:56:45 +0200: Memory Usage (462260K) : backmetal1_opc has 0 polygons
2026-09-25 16:56:45 +0200: Memory Usage (462388K) : backmetal1_noqrc has 0 polygons
2026-09-25 16:56:45 +0200: Memory Usage (462388K) : backmetal1_res has 0 polygons
2026-09-25 16:56:45 +0200: Memory Usage (462516K) : backmetal1_iprobe has 0 polygons
2026-09-25 16:56:45 +0200: Memory Usage (462516K) : backmetal1_diffprb has 0 polygons
2026-09-25 16:56:45 +0200: Memory Usage (462644K) : backpassiv_drw has 0 polygons
2026-09-25 16:56:45 +0200: Memory Usage (462644K) : res_drw has 0 polygons
2026-09-25 16:56:45 +0200: Memory Usage (462772K) : sram_drw has 0 polygons
2026-09-25 16:56:45 +0200: Memory Usage (462772K) : trans_drw has 0 polygons
2026-09-25 16:56:45 +0200: Memory Usage (462772K) : ind_drw has 0 polygons
2026-09-25 16:56:45 +0200: Memory Usage (462772K) : ind_pin has 0 polygons
2026-09-25 16:56:45 +0200: Memory Usage (462900K) : ind_text has 0 polygons
2026-09-25 16:56:45 +0200: Memory Usage (462900K) : salblock_drw has 20 polygons
2026-09-25 16:56:45 +0200: Memory Usage (462900K) : via2_drw has 6360 polygons
2026-09-25 16:56:45 +0200: Memory Usage (463156K) : metal3_drw has 17 polygons
2026-09-25 16:56:45 +0200: Memory Usage (463156K) : metal3_pin has 1 polygons
2026-09-25 16:56:45 +0200: Memory Usage (463156K) : metal3_mask has 0 polygons
2026-09-25 16:56:45 +0200: Memory Usage (463284K) : metal3_filler has 0 polygons
2026-09-25 16:56:45 +0200: Memory Usage (463284K) : metal3_nofill has 0 polygons
2026-09-25 16:56:45 +0200: Memory Usage (463284K) : metal3_slit has 0 polygons
2026-09-25 16:56:45 +0200: Memory Usage (463412K) : metal3_text has 1 polygons
2026-09-25 16:56:45 +0200: Memory Usage (463412K) : metal3_opc has 0 polygons
2026-09-25 16:56:45 +0200: Memory Usage (463412K) : metal3_noqrc has 0 polygons
2026-09-25 16:56:45 +0200: Memory Usage (463412K) : metal3_res has 0 polygons
2026-09-25 16:56:45 +0200: Memory Usage (463540K) : metal3_iprobe has 0 polygons
2026-09-25 16:56:45 +0200: Memory Usage (463540K) : metal3_diffprb has 0 polygons
2026-09-25 16:56:45 +0200: Memory Usage (463540K) : nwell_drw has 0 polygons
2026-09-25 16:56:45 +0200: Memory Usage (463668K) : nwell_pin has 0 polygons
2026-09-25 16:56:45 +0200: Memory Usage (463668K) : nbulay_drw has 0 polygons
2026-09-25 16:56:45 +0200: Memory Usage (463796K) : nbulay_pin has 0 polygons
2026-09-25 16:56:45 +0200: Memory Usage (463796K) : nbulay_block has 0 polygons
2026-09-25 16:56:45 +0200: Memory Usage (463796K) : emwind_drw has 0 polygons
2026-09-25 16:56:45 +0200: Memory Usage (463924K) : emwind_opc has 0 polygons
2026-09-25 16:56:45 +0200: Memory Usage (463924K) : deepco_drw has 0 polygons
2026-09-25 16:56:45 +0200: Memory Usage (464052K) : deepco_drw has 0 polygons
2026-09-25 16:56:45 +0200: Memory Usage (464052K) : mim_drw has 20 polygons
2026-09-25 16:56:45 +0200: Memory Usage (464180K) : edgeseal_drw has 0 polygons
2026-09-25 16:56:45 +0200: Memory Usage (464180K) : edgeseal_bound has 0 polygons
2026-09-25 16:56:45 +0200: Memory Usage (464308K) : substrate_drw has 14 polygons
2026-09-25 16:56:45 +0200: Memory Usage (464308K) : substrate_text has 0 polygons
2026-09-25 16:56:45 +0200: Memory Usage (464308K) : dfpad_drw has 0 polygons
2026-09-25 16:56:45 +0200: Memory Usage (464436K) : dfpad_pillar has 0 polygons
2026-09-25 16:56:45 +0200: Memory Usage (464436K) : dfpad_sbump has 0 polygons
2026-09-25 16:56:45 +0200: Memory Usage (464564K) : thickgateox_drw has 0 polygons
2026-09-25 16:56:45 +0200: Memory Usage (464564K) : pldb_drw has 0 polygons
2026-09-25 16:56:45 +0200: Memory Usage (464692K) : pwell_drw has 0 polygons
2026-09-25 16:56:45 +0200: Memory Usage (464692K) : pwell_pin has 0 polygons
2026-09-25 16:56:45 +0200: Memory Usage (464692K) : pwell_block has 0 polygons
2026-09-25 16:56:45 +0200: Memory Usage (464820K) : ic_drw has 0 polygons
2026-09-25 16:56:45 +0200: Memory Usage (464820K) : via3_drw has 6312 polygons
2026-09-25 16:56:45 +0200: Memory Usage (464948K) : metal4_drw has 12 polygons
2026-09-25 16:56:45 +0200: Memory Usage (464948K) : metal4_pin has 0 polygons
2026-09-25 16:56:45 +0200: Memory Usage (465076K) : metal4_mask has 0 polygons
2026-09-25 16:56:45 +0200: Memory Usage (465076K) : metal4_filler has 0 polygons
2026-09-25 16:56:45 +0200: Memory Usage (465076K) : metal4_nofill has 0 polygons
2026-09-25 16:56:45 +0200: Memory Usage (465204K) : metal4_slit has 0 polygons
2026-09-25 16:56:45 +0200: Memory Usage (465204K) : metal4_text has 0 polygons
2026-09-25 16:56:45 +0200: Memory Usage (465332K) : metal4_opc has 0 polygons
2026-09-25 16:56:45 +0200: Memory Usage (465332K) : metal4_noqrc has 0 polygons
2026-09-25 16:56:45 +0200: Memory Usage (465332K) : metal4_res has 0 polygons
2026-09-25 16:56:45 +0200: Memory Usage (465460K) : metal4_iprobe has 0 polygons
2026-09-25 16:56:45 +0200: Memory Usage (465460K) : metal4_diffprb has 0 polygons
2026-09-25 16:56:45 +0200: Memory Usage (465588K) : heattrans_drw has 0 polygons
2026-09-25 16:56:45 +0200: Memory Usage (465588K) : heatres_drw has 20 polygons
2026-09-25 16:56:45 +0200: Memory Usage (465716K) : pempoly_drw has 0 polygons
2026-09-25 16:56:45 +0200: Memory Usage (465716K) : fbe_drw has 0 polygons
2026-09-25 16:56:45 +0200: Memory Usage (465716K) : empoly_drw has 0 polygons
2026-09-25 16:56:45 +0200: Memory Usage (465844K) : ldmos_drw has 0 polygons
2026-09-25 16:56:45 +0200: Memory Usage (465844K) : pbiwind_drw has 0 polygons
2026-09-25 16:56:45 +0200: Memory Usage (465972K) : digisub_drw has 0 polygons
2026-09-25 16:56:45 +0200: Memory Usage (465972K) : nodrc_drw has 0 polygons
2026-09-25 16:56:45 +0200: Memory Usage (466100K) : text_drw has 22 polygons
2026-09-25 16:56:45 +0200: Memory Usage (466100K) : via4_drw has 6312 polygons
2026-09-25 16:56:45 +0200: Memory Usage (466228K) : metal5_drw has 62 polygons
2026-09-25 16:56:45 +0200: Memory Usage (466356K) : metal5_pin has 1 polygons
2026-09-25 16:56:45 +0200: Memory Usage (466356K) : metal5_mask has 0 polygons
2026-09-25 16:56:45 +0200: Memory Usage (466484K) : metal5_filler has 0 polygons
2026-09-25 16:56:45 +0200: Memory Usage (466484K) : metal5_nofill has 0 polygons
2026-09-25 16:56:45 +0200: Memory Usage (466612K) : metal5_slit has 0 polygons
2026-09-25 16:56:45 +0200: Memory Usage (466612K) : metal5_text has 1 polygons
2026-09-25 16:56:45 +0200: Memory Usage (466740K) : metal5_opc has 0 polygons
2026-09-25 16:56:45 +0200: Memory Usage (466740K) : metal5_noqrc has 0 polygons
2026-09-25 16:56:45 +0200: Memory Usage (466740K) : metal5_res has 0 polygons
2026-09-25 16:56:45 +0200: Memory Usage (466868K) : metal5_iprobe has 0 polygons
2026-09-25 16:56:45 +0200: Memory Usage (466868K) : metal5_diffprb has 0 polygons
2026-09-25 16:56:45 +0200: Memory Usage (466996K) : radhard_drw has 0 polygons
2026-09-25 16:56:45 +0200: Memory Usage (466996K) : memcap_drw has 0 polygons
2026-09-25 16:56:45 +0200: Memory Usage (466996K) : varicap_drw has 0 polygons
2026-09-25 16:56:45 +0200: Memory Usage (467124K) : flash_drw has 0 polygons
2026-09-25 16:56:45 +0200: Memory Usage (467124K) : intbondvia_drw has 0 polygons
2026-09-25 16:56:45 +0200: Memory Usage (467124K) : intbondmet_drw has 0 polygons
2026-09-25 16:56:45 +0200: Memory Usage (467124K) : devbondvia_drw has 0 polygons
2026-09-25 16:56:45 +0200: Memory Usage (467252K) : devbondmet_drw has 0 polygons
2026-09-25 16:56:45 +0200: Memory Usage (467252K) : devtrench_drw has 0 polygons
2026-09-25 16:56:45 +0200: Memory Usage (467380K) : redist_drw has 0 polygons
2026-09-25 16:56:45 +0200: Memory Usage (467380K) : graphbot_drw has 0 polygons
2026-09-25 16:56:45 +0200: Memory Usage (467508K) : graphtop_drw has 0 polygons
2026-09-25 16:56:45 +0200: Memory Usage (467508K) : antvia1_drw has 0 polygons
2026-09-25 16:56:45 +0200: Memory Usage (467508K) : antmetal2_drw has 0 polygons
2026-09-25 16:56:45 +0200: Memory Usage (467636K) : graphcont_drw has 0 polygons
2026-09-25 16:56:45 +0200: Memory Usage (467636K) : siwg_drw has 0 polygons
2026-09-25 16:56:45 +0200: Memory Usage (467764K) : siwg_filler has 0 polygons
2026-09-25 16:56:45 +0200: Memory Usage (467764K) : siwg_nofill has 0 polygons
2026-09-25 16:56:45 +0200: Memory Usage (467892K) : sigrating_drw has 0 polygons
2026-09-25 16:56:45 +0200: Memory Usage (467892K) : singrating_drw has 0 polygons
2026-09-25 16:56:45 +0200: Memory Usage (467892K) : graphpas_drw has 0 polygons
2026-09-25 16:56:45 +0200: Memory Usage (468020K) : emwind3_drw has 0 polygons
2026-09-25 16:56:45 +0200: Memory Usage (468020K) : emwihv3_drw has 0 polygons
2026-09-25 16:56:45 +0200: Memory Usage (468148K) : redbulay_drw has 0 polygons
2026-09-25 16:56:45 +0200: Memory Usage (468148K) : smos_drw has 0 polygons
2026-09-25 16:56:45 +0200: Memory Usage (468276K) : graphpad_drw has 0 polygons
2026-09-25 16:56:45 +0200: Memory Usage (468276K) : polimide_drw has 0 polygons
2026-09-25 16:56:45 +0200: Memory Usage (468276K) : polimide_pin has 0 polygons
2026-09-25 16:56:45 +0200: Memory Usage (468404K) : recog_drw has 0 polygons
2026-09-25 16:56:45 +0200: Memory Usage (468404K) : recog_pin has 0 polygons
2026-09-25 16:56:45 +0200: Memory Usage (468532K) : recog_esd has 0 polygons
2026-09-25 16:56:45 +0200: Memory Usage (468532K) : recog_diode has 0 polygons
2026-09-25 16:56:45 +0200: Memory Usage (468660K) : recog_tsv has 0 polygons
2026-09-25 16:56:45 +0200: Memory Usage (468660K) : recog_iprobe has 0 polygons
2026-09-25 16:56:45 +0200: Memory Usage (468660K) : recog_diffprb has 0 polygons
2026-09-25 16:56:45 +0200: Memory Usage (468660K) : recog_pillar has 0 polygons
2026-09-25 16:56:45 +0200: Memory Usage (468788K) : recog_sbump has 0 polygons
2026-09-25 16:56:45 +0200: Memory Usage (468788K) : recog_otp has 0 polygons
2026-09-25 16:56:45 +0200: Memory Usage (468788K) : recog_pdiode has 0 polygons
2026-09-25 16:56:45 +0200: Memory Usage (468788K) : recog_mom has 0 polygons
2026-09-25 16:56:45 +0200: Memory Usage (468916K) : recog_momf has 0 polygons
2026-09-25 16:56:45 +0200: Memory Usage (468916K) : recog_pcm has 0 polygons
2026-09-25 16:56:45 +0200: Memory Usage (469044K) : colopen_drw has 0 polygons
2026-09-25 16:56:45 +0200: Memory Usage (469044K) : graphmetal1_drw has 0 polygons
2026-09-25 16:56:45 +0200: Memory Usage (469044K) : graphmetal1_filler has 0 polygons
2026-09-25 16:56:45 +0200: Memory Usage (469172K) : graphmetal1_nofill has 0 polygons
2026-09-25 16:56:45 +0200: Memory Usage (469172K) : graphmetal1_slit has 0 polygons
2026-09-25 16:56:45 +0200: Memory Usage (469300K) : graphmetal1_opc has 0 polygons
2026-09-25 16:56:45 +0200: Memory Usage (469300K) : graphmet1l_drw has 0 polygons
2026-09-25 16:56:45 +0200: Memory Usage (469428K) : graphmet1l_filler has 0 polygons
2026-09-25 16:56:45 +0200: Memory Usage (469428K) : graphmet1l_nofill has 0 polygons
2026-09-25 16:56:45 +0200: Memory Usage (469428K) : graphmet1l_slit has 0 polygons
2026-09-25 16:56:45 +0200: Memory Usage (469556K) : graphmet1l_opc has 0 polygons
2026-09-25 16:56:45 +0200: Memory Usage (469556K) : extblock_drw has 60 polygons
2026-09-25 16:56:45 +0200: Memory Usage (469684K) : nldd_drw has 0 polygons
2026-09-25 16:56:45 +0200: Memory Usage (469684K) : pldd_drw has 0 polygons
2026-09-25 16:56:45 +0200: Memory Usage (469812K) : next_drw has 0 polygons
2026-09-25 16:56:45 +0200: Memory Usage (469812K) : pext_drw has 0 polygons
2026-09-25 16:56:45 +0200: Memory Usage (469812K) : nexthv_drw has 0 polygons
2026-09-25 16:56:45 +0200: Memory Usage (469940K) : pexthv_drw has 0 polygons
2026-09-25 16:56:45 +0200: Memory Usage (469940K) : graphgate_drw has 0 polygons
2026-09-25 16:56:45 +0200: Memory Usage (470068K) : sinwg_drw has 0 polygons
2026-09-25 16:56:46 +0200: Memory Usage (470068K) : sinwg_filler has 0 polygons
2026-09-25 16:56:46 +0200: Memory Usage (470196K) : sinwg_nofill has 0 polygons
2026-09-25 16:56:46 +0200: Memory Usage (470196K) : mempad_drw has 0 polygons
2026-09-25 16:56:46 +0200: Memory Usage (470196K) : topvia1_drw has 1804 polygons
2026-09-25 16:56:46 +0200: Memory Usage (470324K) : topmetal1_drw has 44 polygons
2026-09-25 16:56:46 +0200: Memory Usage (470324K) : topmetal1_pin has 0 polygons
2026-09-25 16:56:46 +0200: Memory Usage (470452K) : topmetal1_mask has 0 polygons
2026-09-25 16:56:46 +0200: Memory Usage (470452K) : topmetal1_filler has 0 polygons
2026-09-25 16:56:46 +0200: Memory Usage (470452K) : topmetal1_nofill has 0 polygons
2026-09-25 16:56:46 +0200: Memory Usage (470452K) : topmetal1_slit has 0 polygons
2026-09-25 16:56:46 +0200: Memory Usage (470452K) : topmetal1_text has 0 polygons
2026-09-25 16:56:46 +0200: Memory Usage (470452K) : topmetal1_noqrc has 0 polygons
2026-09-25 16:56:46 +0200: Memory Usage (470452K) : topmetal1_res has 0 polygons
2026-09-25 16:56:46 +0200: Memory Usage (470580K) : topmetal1_iprobe has 0 polygons
2026-09-25 16:56:46 +0200: Memory Usage (470580K) : topmetal1_diffprb has 0 polygons
2026-09-25 16:56:46 +0200: Memory Usage (470708K) : inldpwl_drw has 0 polygons
2026-09-25 16:56:46 +0200: Memory Usage (470708K) : polyres_drw has 20 polygons
2026-09-25 16:56:46 +0200: Memory Usage (470708K) : polyres_pin has 0 polygons
2026-09-25 16:56:46 +0200: Memory Usage (470836K) : vmim_drw has 23888 polygons
2026-09-25 16:56:46 +0200: Memory Usage (470964K) : nbulaycut_drw has 0 polygons
2026-09-25 16:56:46 +0200: Memory Usage (470964K) : antmetal1_drw has 0 polygons
2026-09-25 16:56:46 +0200: Memory Usage (470964K) : topvia2_drw has 0 polygons
2026-09-25 16:56:46 +0200: Memory Usage (471092K) : topmetal2_drw has 0 polygons
2026-09-25 16:56:46 +0200: Memory Usage (471092K) : topmetal2_pin has 0 polygons
2026-09-25 16:56:46 +0200: Memory Usage (471220K) : topmetal2_mask has 0 polygons
2026-09-25 16:56:46 +0200: Memory Usage (471220K) : topmetal2_filler has 0 polygons
2026-09-25 16:56:46 +0200: Memory Usage (471348K) : topmetal2_nofill has 0 polygons
2026-09-25 16:56:46 +0200: Memory Usage (471348K) : topmetal2_slit has 0 polygons
2026-09-25 16:56:46 +0200: Memory Usage (471348K) : topmetal2_text has 0 polygons
2026-09-25 16:56:46 +0200: Memory Usage (471476K) : topmetal2_noqrc has 0 polygons
2026-09-25 16:56:46 +0200: Memory Usage (471476K) : topmetal2_res has 0 polygons
2026-09-25 16:56:46 +0200: Memory Usage (471604K) : topmetal2_iprobe has 0 polygons
2026-09-25 16:56:46 +0200: Memory Usage (471604K) : topmetal2_diffprb has 0 polygons
2026-09-25 16:56:46 +0200: Memory Usage (471732K) : snsring_drw has 0 polygons
2026-09-25 16:56:46 +0200: Memory Usage (471732K) : sensor_drw has 0 polygons
2026-09-25 16:56:46 +0200: Memory Usage (471732K) : snsarms_drw has 0 polygons
2026-09-25 16:56:46 +0200: Memory Usage (471860K) : snscmosvia_drw has 0 polygons
2026-09-25 16:56:46 +0200: Memory Usage (471860K) : colwind_drw has 0 polygons
2026-09-25 16:56:46 +0200: Memory Usage (471988K) : flm_drw has 0 polygons
2026-09-25 16:56:46 +0200: Memory Usage (471988K) : hafniumox_drw has 0 polygons
2026-09-25 16:56:46 +0200: Memory Usage (471988K) : memvia_drw has 0 polygons
2026-09-25 16:56:46 +0200: Memory Usage (472116K) : thinfilmres_drw has 0 polygons
2026-09-25 16:56:46 +0200: Memory Usage (472116K) : rfmem_drw has 0 polygons
2026-09-25 16:56:46 +0200: Memory Usage (472244K) : norcx_drw has 0 polygons
2026-09-25 16:56:46 +0200: Memory Usage (472244K) : norcx_m2m3 has 0 polygons
2026-09-25 16:56:46 +0200: Memory Usage (472372K) : norcx_m2m4 has 0 polygons
2026-09-25 16:56:46 +0200: Memory Usage (472372K) : norcx_m2m5 has 0 polygons
2026-09-25 16:56:46 +0200: Memory Usage (472372K) : norcx_m2tm1 has 0 polygons
2026-09-25 16:56:46 +0200: Memory Usage (472500K) : norcx_m2tm2 has 0 polygons
2026-09-25 16:56:46 +0200: Memory Usage (472500K) : norcx_m3m4 has 0 polygons
2026-09-25 16:56:46 +0200: Memory Usage (472628K) : norcx_m3m5 has 0 polygons
2026-09-25 16:56:46 +0200: Memory Usage (472628K) : norcx_m3tm1 has 0 polygons
2026-09-25 16:56:46 +0200: Memory Usage (472756K) : norcx_m3tm2 has 0 polygons
2026-09-25 16:56:46 +0200: Memory Usage (472756K) : norcx_m4m5 has 0 polygons
2026-09-25 16:56:46 +0200: Memory Usage (472756K) : norcx_m4tm1 has 0 polygons
2026-09-25 16:56:46 +0200: Memory Usage (472884K) : norcx_m4tm2 has 0 polygons
2026-09-25 16:56:46 +0200: Memory Usage (472884K) : norcx_m5tm1 has 0 polygons
2026-09-25 16:56:46 +0200: Memory Usage (473012K) : norcx_m5tm2 has 0 polygons
2026-09-25 16:56:46 +0200: Memory Usage (473012K) : norcx_tm1tm2 has 0 polygons
2026-09-25 16:56:46 +0200: Memory Usage (473012K) : norcx_m1sub has 0 polygons
2026-09-25 16:56:46 +0200: Memory Usage (473012K) : norcx_m2sub has 0 polygons
2026-09-25 16:56:46 +0200: Memory Usage (473012K) : norcx_m3sub has 0 polygons
2026-09-25 16:56:46 +0200: Memory Usage (473012K) : norcx_m4sub has 0 polygons
2026-09-25 16:56:46 +0200: Memory Usage (473012K) : norcx_m5sub has 0 polygons
2026-09-25 16:56:46 +0200: Memory Usage (473012K) : norcx_tm1sub has 0 polygons
2026-09-25 16:56:46 +0200: Memory Usage (473140K) : norcx_tm2sub has 0 polygons
2026-09-25 16:56:46 +0200: Memory Usage (473140K) : snsbotvia_drw has 0 polygons
2026-09-25 16:56:46 +0200: Memory Usage (473140K) : snstopvia_drw has 0 polygons
2026-09-25 16:56:46 +0200: Memory Usage (473268K) : deepvia_drw has 0 polygons
2026-09-25 16:56:46 +0200: Memory Usage (473268K) : fgetch_drw has 0 polygons
2026-09-25 16:56:46 +0200: Memory Usage (473396K) : ctrgat_drw has 0 polygons
2026-09-25 16:56:46 +0200: Memory Usage (473396K) : fgimp_drw has 0 polygons
2026-09-25 16:56:46 +0200: Memory Usage (473524K) : emwihv_drw has 0 polygons
2026-09-25 16:56:46 +0200: Memory Usage (473524K) : lbe_drw has 0 polygons
2026-09-25 16:56:46 +0200: Memory Usage (473524K) : alcustop_drw has 0 polygons
2026-09-25 16:56:46 +0200: Memory Usage (473652K) : nometfiller_drw has 0 polygons
2026-09-25 16:56:46 +0200: Memory Usage (473652K) : prboundary_drw has 0 polygons
2026-09-25 16:56:46 +0200: Memory Usage (473652K) : exchange0_drw has 0 polygons
2026-09-25 16:56:46 +0200: Memory Usage (473652K) : exchange0_pin has 0 polygons
2026-09-25 16:56:46 +0200: Memory Usage (473652K) : exchange0_text has 0 polygons
2026-09-25 16:56:46 +0200: Memory Usage (473652K) : exchange1_drw has 0 polygons
2026-09-25 16:56:46 +0200: Memory Usage (473652K) : exchange1_pin has 0 polygons
2026-09-25 16:56:46 +0200: Memory Usage (473652K) : exchange1_text has 0 polygons
2026-09-25 16:56:46 +0200: Memory Usage (473652K) : exchange2_drw has 0 polygons
2026-09-25 16:56:46 +0200: Memory Usage (473652K) : exchange2_pin has 0 polygons
2026-09-25 16:56:46 +0200: Memory Usage (473652K) : exchange2_text has 0 polygons
2026-09-25 16:56:46 +0200: Memory Usage (473652K) : exchange3_drw has 0 polygons
2026-09-25 16:56:46 +0200: Memory Usage (473652K) : exchange3_pin has 0 polygons
2026-09-25 16:56:46 +0200: Memory Usage (473652K) : exchange3_text has 0 polygons
2026-09-25 16:56:46 +0200: Memory Usage (473652K) : exchange4_drw has 0 polygons
2026-09-25 16:56:46 +0200: Memory Usage (473652K) : exchange4_pin has 0 polygons
2026-09-25 16:56:46 +0200: Memory Usage (473652K) : exchange4_text has 0 polygons
2026-09-25 16:56:46 +0200: Memory Usage (473652K) : isonwell_drw has 0 polygons
2026-09-25 16:56:46 +0200: Memory Usage (473652K) : Total no. of polygons in the design is 52680
2026-09-25 16:56:46 +0200: Memory Usage (473780K) : Loaded TECH DRC rules values from /foss/pdks/ihp-sg13g2/libs.tech/klayout/python/sg13g2_pycell_lib/sg13g2_tech_mod.json
2026-09-25 16:56:46 +0200: Memory Usage (473780K) : Loaded default DRC rules values from /foss/pdks/ihp-sg13g2/libs.tech/klayout/tech/drc/rule_decks/sg13g2_tech_default.json
2026-09-25 16:56:46 +0200: Memory Usage (473780K) : The following rules values were missing in tech json and default values were used:
2026-09-25 16:56:46 +0200: Memory Usage (473780K) :   - NW_f1_digibnd
2026-09-25 16:56:46 +0200: Memory Usage (473780K) :   - Cnt_c_digibnd
2026-09-25 16:56:46 +0200: Memory Usage (473780K) :   - Cnt_c_sram
2026-09-25 16:56:46 +0200: Memory Usage (473780K) :   - Sdiod_b
2026-09-25 16:56:46 +0200: Memory Usage (473780K) :   - Sdiod_c
2026-09-25 16:56:46 +0200: Memory Usage (474932K) : Total area of the design is 56822.7737 um^2.
2026-09-25 16:56:46 +0200: Memory Usage (474932K) : The design dimensions are 262.57 µm * 216.41000000000003 µm.
2026-09-25 16:56:46 +0200: Memory Usage (474932K) : Starting general IHP-SG13G2 derivations.
2026-09-25 16:56:46 +0200: Memory Usage (474932K) : Starting Pwell derivations
2026-09-25 16:56:46 +0200: Memory Usage (474932K) : Starting n-Activ derivations
2026-09-25 16:56:46 +0200: Memory Usage (476596K) : Starting p-Activ derivations
2026-09-25 16:56:46 +0200: Memory Usage (476596K) : Starting ptap derivations
2026-09-25 16:56:46 +0200: Memory Usage (476596K) : Starting ntap derivations
2026-09-25 16:56:46 +0200: Memory Usage (476596K) : Starting pact FET derivations
2026-09-25 16:56:46 +0200: Memory Usage (476596K) : Starting nact FET derivations
2026-09-25 16:56:46 +0200: Memory Usage (476596K) : Starting Gate derivations
2026-09-25 16:56:46 +0200: Memory Usage (476596K) : Starting cont/contbar general derivations
2026-09-25 16:56:46 +0200: Memory Usage (476724K) : Starting pad general derivations
2026-09-25 16:56:46 +0200: Memory Usage (476724K) : Starting schottky_nbl general derivations
2026-09-25 16:56:46 +0200: Memory Usage (476724K) : Starting SVaricap general derivations
2026-09-25 16:56:46 +0200: Memory Usage (476724K) : Starting HBT general derivations
2026-09-25 16:56:46 +0200: Memory Usage (476724K) : Starting IHP-SG13G2 DRC connectivity related derivations.
2026-09-25 16:56:46 +0200: Memory Usage (478004K) : Starting IHP-SG13G2 DRC connectivity setup
2026-09-25 16:56:46 +0200: Memory Usage (478388K) : Starting IHP-SG13G2 DRC rules.
2026-09-25 16:56:46 +0200: Memory Usage (478388K) : Running all FEOL rules
2026-09-25 16:56:46 +0200: Memory Usage (478388K) : Running all BEOL rules
2026-09-25 16:56:46 +0200: Memory Usage (478388K) : Running all PIN rules
2026-09-25 16:56:46 +0200: Memory Usage (478388K) : Running all FORBIDDEN rules
2026-09-25 16:56:46 +0200: Memory Usage (478388K) : Starting 5.1 NWell table
2026-09-25 16:56:46 +0200: Memory Usage (478388K) : Executing rule NW.b
2026-09-25 16:56:46 +0200: Memory Usage (478516K) : Executing rule NW.b1
2026-09-25 16:56:46 +0200: Memory Usage (478516K) : Executing rule NW.f1
2026-09-25 16:56:46 +0200: Memory Usage (478516K) : Executing rule NW.f1.digibnd
2026-09-25 16:56:46 +0200: Memory Usage (478516K) : Starting 5.2 PWell:block
2026-09-25 16:56:46 +0200: Memory Usage (478516K) : Executing rule PWB.e
2026-09-25 16:56:46 +0200: Memory Usage (478516K) : Executing rule PWB.e1
2026-09-25 16:56:46 +0200: Memory Usage (478516K) : Executing rule PWB.f
2026-09-25 16:56:46 +0200: Memory Usage (478516K) : Executing rule PWB.f1
2026-09-25 16:56:46 +0200: Memory Usage (478516K) : Starting 5.3 nBuLay table
2026-09-25 16:56:46 +0200: Memory Usage (478516K) : Executing rule NBL.b
2026-09-25 16:56:46 +0200: Memory Usage (478516K) : Executing rule NBL.c
2026-09-25 16:56:46 +0200: Memory Usage (478516K) : Executing rule NBL.d
2026-09-25 16:56:46 +0200: Memory Usage (478516K) : Executing rule NBL.e
2026-09-25 16:56:46 +0200: Memory Usage (478516K) : Executing rule NBL.f
2026-09-25 16:56:46 +0200: Memory Usage (478516K) : Starting 5.5. Activ table
2026-09-25 16:56:46 +0200: Memory Usage (478516K) : Executing rule Act.a
2026-09-25 16:56:46 +0200: Memory Usage (478516K) : Executing rule Act.b
2026-09-25 16:56:46 +0200: Memory Usage (479028K) : Starting 5.6 Activ:filler table
2026-09-25 16:56:46 +0200: Memory Usage (479028K) : Executing rule AFil.c1
2026-09-25 16:56:46 +0200: Memory Usage (479028K) : Executing rule AFil.c
2026-09-25 16:56:46 +0200: Memory Usage (479028K) : Executing rule AFil.d
2026-09-25 16:56:46 +0200: Memory Usage (479028K) : Executing rule AFil.e
2026-09-25 16:56:46 +0200: Memory Usage (479028K) : Executing rule AFil.j
2026-09-25 16:56:46 +0200: Memory Usage (479028K) : Starting 5.7. ThickGateOx table
2026-09-25 16:56:46 +0200: Memory Usage (479028K) : Executing rule TGO.f
2026-09-25 16:56:46 +0200: Memory Usage (479028K) : Starting 5.8. GatPoly table
2026-09-25 16:56:46 +0200: Memory Usage (479028K) : Executing rule Gat.a
2026-09-25 16:56:46 +0200: Memory Usage (479028K) : Executing rule Gat.b
2026-09-25 16:56:46 +0200: Memory Usage (479028K) : Executing rule Gat.d
2026-09-25 16:56:46 +0200: Memory Usage (479284K) : Executing rule Gat.a1
2026-09-25 16:56:46 +0200: Memory Usage (479412K) : Executing rule Gat.a2
2026-09-25 16:56:46 +0200: Memory Usage (479284K) : Executing rule Gat.g
2026-09-25 16:56:46 +0200: Memory Usage (479412K) : Starting 5.9 GatPoly:filler
2026-09-25 16:56:46 +0200: Memory Usage (479412K) : Executing rule GFil.d
2026-09-25 16:56:46 +0200: Memory Usage (479412K) : Executing rule GFil.e
2026-09-25 16:56:46 +0200: Memory Usage (479412K) : Executing rule GFil.i
2026-09-25 16:56:46 +0200: Memory Usage (479412K) : Starting 5.10 pSD table
2026-09-25 16:56:46 +0200: Memory Usage (479412K) : Executing rule pSD.c1
2026-09-25 16:56:46 +0200: Memory Usage (479668K) : Starting 5.14. Cont table
2026-09-25 16:56:46 +0200: Memory Usage (479668K) : Executing rule Cnt.a
2026-09-25 16:56:46 +0200: Memory Usage (479668K) : Executing rule Cnt.b
2026-09-25 16:56:46 +0200: Memory Usage (479924K) : Executing rule Cnt.c
2026-09-25 16:56:46 +0200: Memory Usage (479924K) : Executing rule Cnt.c.digibnd
2026-09-25 16:56:46 +0200: Memory Usage (479924K) : Executing rule Cnt.c.SRAM
2026-09-25 16:56:46 +0200: Memory Usage (479924K) : Executing rule Cnt.d
2026-09-25 16:56:46 +0200: Memory Usage (480052K) : Executing rule Cnt.e
2026-09-25 16:56:46 +0200: Memory Usage (480180K) : Executing rule Cnt.g1
2026-09-25 16:56:46 +0200: Memory Usage (480180K) : Executing rule Cnt.g2
2026-09-25 16:56:46 +0200: Memory Usage (480308K) : Starting 5.15. ContBar table
2026-09-25 16:56:46 +0200: Memory Usage (480308K) : Executing rule CntB.a
2026-09-25 16:56:46 +0200: Memory Usage (480308K) : Executing rule CntB.a1
2026-09-25 16:56:46 +0200: Memory Usage (480308K) : Executing rule CntB.b1
2026-09-25 16:56:46 +0200: Memory Usage (480436K) : Executing rule CntB.h1
2026-09-25 16:56:46 +0200: Memory Usage (480436K) : Starting 6.1.3 NPN Substrate-Tie table
2026-09-25 16:56:46 +0200: Memory Usage (480436K) : Executing rule npn13G2.bR 
2026-09-25 16:56:46 +0200: Memory Usage (480436K) : Executing rule npn13G2L.cR 
2026-09-25 16:56:46 +0200: Memory Usage (480436K) : Executing rule npn13G2V.cR 
2026-09-25 16:56:46 +0200: Memory Usage (480436K) : Starting 6.7 Schottky diode table
2026-09-25 16:56:46 +0200: Memory Usage (480436K) : Executing rule Sdiod.b
2026-09-25 16:56:46 +0200: Memory Usage (480436K) : Executing rule Sdiod.c
2026-09-25 16:56:46 +0200: Memory Usage (480436K) : Executing rule Sdiod.d
2026-09-25 16:56:46 +0200: Memory Usage (480436K) : Executing rule Sdiod.e
2026-09-25 16:56:46 +0200: Memory Usage (480436K) : Starting 7.2 Latch-up table
2026-09-25 16:56:46 +0200: Memory Usage (480436K) : Executing rule LU.b
2026-09-25 16:56:46 +0200: Memory Usage (480436K) : Starting 5.16. Metal1 table
2026-09-25 16:56:46 +0200: Memory Usage (480436K) : Executing rule M1.a
2026-09-25 16:56:46 +0200: Memory Usage (480436K) : Executing rule M1.b
2026-09-25 16:56:46 +0200: Memory Usage (480436K) : Executing rule M1.e
2026-09-25 16:56:46 +0200: Memory Usage (480436K) : Executing rule M1.f
2026-09-25 16:56:46 +0200: Memory Usage (480436K) : Executing rule M1.g
2026-09-25 16:56:46 +0200: Memory Usage (480436K) : Executing rule M1.i
2026-09-25 16:56:46 +0200: Memory Usage (480564K) : Starting 5.17 Metaln table
2026-09-25 16:56:46 +0200: Memory Usage (480564K) : Executing rule M2.a
2026-09-25 16:56:46 +0200: Memory Usage (480564K) : Executing rule M2.b
2026-09-25 16:56:46 +0200: Memory Usage (480564K) : Executing rule M2.e
2026-09-25 16:56:46 +0200: Memory Usage (480564K) : Executing rule M2.f
2026-09-25 16:56:46 +0200: Memory Usage (480564K) : Executing rule M2.g
2026-09-25 16:56:46 +0200: Memory Usage (480564K) : Executing rule M2.i
2026-09-25 16:56:46 +0200: Memory Usage (480564K) : Executing rule M3.a
2026-09-25 16:56:46 +0200: Memory Usage (480564K) : Executing rule M3.b
2026-09-25 16:56:46 +0200: Memory Usage (480564K) : Executing rule M3.e
2026-09-25 16:56:46 +0200: Memory Usage (480564K) : Executing rule M3.f
2026-09-25 16:56:46 +0200: Memory Usage (480564K) : Executing rule M3.g
2026-09-25 16:56:46 +0200: Memory Usage (480692K) : Executing rule M3.i
2026-09-25 16:56:46 +0200: Memory Usage (480692K) : Executing rule M4.a
2026-09-25 16:56:46 +0200: Memory Usage (480692K) : Executing rule M4.b
2026-09-25 16:56:46 +0200: Memory Usage (480820K) : Executing rule M4.e
2026-09-25 16:56:46 +0200: Memory Usage (480692K) : Executing rule M4.f
2026-09-25 16:56:46 +0200: Memory Usage (480692K) : Executing rule M4.g
2026-09-25 16:56:46 +0200: Memory Usage (480692K) : Executing rule M4.i
2026-09-25 16:56:46 +0200: Memory Usage (480692K) : Executing rule M5.a
2026-09-25 16:56:46 +0200: Memory Usage (480692K) : Executing rule M5.b
2026-09-25 16:56:46 +0200: Memory Usage (480692K) : Executing rule M5.e
2026-09-25 16:56:46 +0200: Memory Usage (480564K) : Executing rule M5.f
2026-09-25 16:56:46 +0200: Memory Usage (480692K) : Executing rule M5.g
2026-09-25 16:56:46 +0200: Memory Usage (480820K) : Executing rule M5.i
2026-09-25 16:56:46 +0200: Memory Usage (480820K) : Starting 5.18 Metaln:filler table
2026-09-25 16:56:46 +0200: Memory Usage (480820K) : Executing rule M1Fil.c
2026-09-25 16:56:46 +0200: Memory Usage (480820K) : Executing rule M1Fil.a2
2026-09-25 16:56:46 +0200: Memory Usage (480820K) : Executing rule M2Fil.c
2026-09-25 16:56:46 +0200: Memory Usage (480820K) : Executing rule M2Fil.a2
2026-09-25 16:56:46 +0200: Memory Usage (480820K) : Executing rule M3Fil.c
2026-09-25 16:56:46 +0200: Memory Usage (480820K) : Executing rule M3Fil.a2
2026-09-25 16:56:46 +0200: Memory Usage (480820K) : Executing rule M4Fil.c
2026-09-25 16:56:46 +0200: Memory Usage (480820K) : Executing rule M4Fil.a2
2026-09-25 16:56:47 +0200: Memory Usage (480820K) : Executing rule M5Fil.c
2026-09-25 16:56:47 +0200: Memory Usage (480820K) : Executing rule M5Fil.a2
2026-09-25 16:56:47 +0200: Memory Usage (480820K) : Starting 5.19. Via1 table
2026-09-25 16:56:47 +0200: Memory Usage (480820K) : Starting 5.19. Via1 table derivations
2026-09-25 16:56:47 +0200: Memory Usage (480820K) : Executing rule V1.a
2026-09-25 16:56:47 +0200: Memory Usage (481076K) : Executing rule V1.b
2026-09-25 16:56:47 +0200: Memory Usage (481460K) : Executing rule V1.c
2026-09-25 16:56:47 +0200: Memory Usage (481972K) : Starting 5.20. Vian table
2026-09-25 16:56:47 +0200: Memory Usage (481972K) : Executing rule V2.a
2026-09-25 16:56:47 +0200: Memory Usage (481972K) : Executing rule V2.b
2026-09-25 16:56:47 +0200: Memory Usage (482612K) : Executing rule V2.c
2026-09-25 16:56:47 +0200: Memory Usage (482740K) : Executing rule V3.a
2026-09-25 16:56:47 +0200: Memory Usage (482740K) : Executing rule V3.b
2026-09-25 16:56:47 +0200: Memory Usage (483764K) : Executing rule V3.c
2026-09-25 16:56:47 +0200: Memory Usage (484148K) : Executing rule V4.a
2026-09-25 16:56:47 +0200: Memory Usage (484148K) : Executing rule V4.b
2026-09-25 16:56:47 +0200: Memory Usage (484788K) : Executing rule V4.c
2026-09-25 16:56:47 +0200: Memory Usage (484788K) : Starting 5.21. TopVia1 table
2026-09-25 16:56:47 +0200: Memory Usage (484788K) : Executing rule TV1.a
2026-09-25 16:56:47 +0200: Memory Usage (484788K) : Executing rule TV1.b
2026-09-25 16:56:47 +0200: Memory Usage (484784K) : Executing rule TV1.c
2026-09-25 16:56:47 +0200: Memory Usage (484912K) : Executing rule TV1.d
2026-09-25 16:56:47 +0200: Memory Usage (484912K) : Starting 5.22. TopMetal1 table
2026-09-25 16:56:47 +0200: Memory Usage (484912K) : Executing rule TM1.a
2026-09-25 16:56:47 +0200: Memory Usage (484912K) : Executing rule TM1.b
2026-09-25 16:56:47 +0200: Memory Usage (484912K) : Starting 5.23 TopMetal1:filler table
2026-09-25 16:56:47 +0200: Memory Usage (484912K) : Executing rule TM1Fil.c
2026-09-25 16:56:47 +0200: Memory Usage (484912K) : Executing rule TM1Fil.a1
2026-09-25 16:56:47 +0200: Memory Usage (484912K) : Starting 5.24. TopVia2 table
2026-09-25 16:56:47 +0200: Memory Usage (484912K) : Executing rule TV2.a
2026-09-25 16:56:47 +0200: Memory Usage (484912K) : Executing rule TV2.b
2026-09-25 16:56:47 +0200: Memory Usage (484912K) : Executing rule TV2.c
2026-09-25 16:56:47 +0200: Memory Usage (484912K) : Executing rule TV2.d
2026-09-25 16:56:47 +0200: Memory Usage (484912K) : Starting 5.25. TopMetal2 table
2026-09-25 16:56:47 +0200: Memory Usage (484912K) : Executing rule TM2.a
2026-09-25 16:56:47 +0200: Memory Usage (484912K) : Executing rule TM2.b
2026-09-25 16:56:47 +0200: Memory Usage (484912K) : Executing rule TM2.bR
2026-09-25 16:56:47 +0200: Memory Usage (484912K) : Starting 5.26 TopMetal2:filler table
2026-09-25 16:56:47 +0200: Memory Usage (484912K) : Executing rule TM2Fil.c
2026-09-25 16:56:47 +0200: Memory Usage (484912K) : Executing rule TM2Fil.a1
2026-09-25 16:56:47 +0200: Memory Usage (484912K) : Starting 5.27. Passiv table
2026-09-25 16:56:47 +0200: Memory Usage (484912K) : Executing rule Pas.a
2026-09-25 16:56:47 +0200: Memory Usage (484912K) : Executing rule Pas.b
2026-09-25 16:56:47 +0200: Memory Usage (484912K) : Executing rule Pas.c
2026-09-25 16:56:47 +0200: Memory Usage (484912K) : Starting 6.9.2 Copper Pillar table
2026-09-25 16:56:47 +0200: Memory Usage (484912K) : Executing rule Padc.a
2026-09-25 16:56:47 +0200: Memory Usage (484912K) : Executing rule Padc.b
2026-09-25 16:56:47 +0200: Memory Usage (484912K) : Executing rule Padc.c
2026-09-25 16:56:47 +0200: Memory Usage (484912K) : Executing rule Padb.f
2026-09-25 16:56:47 +0200: Memory Usage (484912K) : Starting 6.9 Pad table
2026-09-25 16:56:47 +0200: Memory Usage (484912K) : Executing rule Pad.m
2026-09-25 16:56:47 +0200: Memory Usage (484912K) : Executing rule Pad.fR_M1
2026-09-25 16:56:47 +0200: Memory Usage (484912K) : Executing rule Pad.fR_M2
2026-09-25 16:56:47 +0200: Memory Usage (484912K) : Executing rule Pad.fR_M3
2026-09-25 16:56:47 +0200: Memory Usage (484912K) : Executing rule Pad.fR_M4
2026-09-25 16:56:47 +0200: Memory Usage (484912K) : Executing rule Pad.fR_M5
2026-09-25 16:56:47 +0200: Memory Usage (484912K) : Executing rule Pad.fR_TM1
2026-09-25 16:56:47 +0200: Memory Usage (484912K) : Executing rule Pad.fR_TM2
2026-09-25 16:56:47 +0200: Memory Usage (484912K) : Executing rule Pad.i
2026-09-25 16:56:47 +0200: Memory Usage (484912K) : Starting 6.9.1 Solder Bump
2026-09-25 16:56:47 +0200: Memory Usage (484912K) : Executing rule Padb.a
2026-09-25 16:56:47 +0200: Memory Usage (484912K) : Executing rule Padb.b
2026-09-25 16:56:47 +0200: Memory Usage (484912K) : Executing rule Padb.c
2026-09-25 16:56:47 +0200: Memory Usage (484912K) : Executing rule Padb.f
2026-09-25 16:56:47 +0200: Memory Usage (484912K) : Executing rule Padb.d
2026-09-25 16:56:47 +0200: Memory Usage (484912K) : Starting 6.10 Sealring table
2026-09-25 16:56:47 +0200: Memory Usage (484912K) : Executing rule Seal.l
2026-09-25 16:56:47 +0200: Memory Usage (484912K) : Executing rule Seal.n
2026-09-25 16:56:47 +0200: Memory Usage (484912K) : Executing rule seal.b_metal1
2026-09-25 16:56:47 +0200: Memory Usage (484912K) : Executing rule seal.b_metal2
2026-09-25 16:56:47 +0200: Memory Usage (484912K) : Executing rule seal.b_metal3
2026-09-25 16:56:47 +0200: Memory Usage (484912K) : Executing rule seal.b_metal4
2026-09-25 16:56:47 +0200: Memory Usage (484912K) : Executing rule seal.b_metal5
2026-09-25 16:56:47 +0200: Memory Usage (484912K) : Executing rule seal.b_topmetal1
2026-09-25 16:56:47 +0200: Memory Usage (484912K) : Executing rule seal.b_topmetal2
2026-09-25 16:56:47 +0200: Memory Usage (484912K) : Executing rule seal.b_activ
2026-09-25 16:56:47 +0200: Memory Usage (484912K) : Executing rule seal.b_psd
2026-09-25 16:56:47 +0200: Memory Usage (484912K) : Executing rule Seal.k
2026-09-25 16:56:47 +0200: Memory Usage (484912K) : Executing rule Seal.m
2026-09-25 16:56:47 +0200: Memory Usage (484912K) : Starting 6.11 MIM table
2026-09-25 16:56:47 +0200: Memory Usage (484912K) : Executing rule MIM.c
2026-09-25 16:56:47 +0200: Memory Usage (485040K) : Executing rule MIM.d
2026-09-25 16:56:47 +0200: Memory Usage (485168K) : Executing rule MIM.gR
2026-09-25 16:56:47 +0200: Memory Usage (485168K) : Starting 7.3 Metal Slits table
2026-09-25 16:56:47 +0200: Memory Usage (485168K) : Executing rule Slt.e1_M1
2026-09-25 16:56:47 +0200: Memory Usage (485168K) : Executing rule Slt.e1_M2
2026-09-25 16:56:47 +0200: Memory Usage (485168K) : Executing rule Slt.e1_M3
2026-09-25 16:56:47 +0200: Memory Usage (485168K) : Executing rule Slt.e1_M4
2026-09-25 16:56:47 +0200: Memory Usage (485168K) : Executing rule Slt.e1_M5
2026-09-25 16:56:47 +0200: Memory Usage (485168K) : Executing rule Slt.e1_TM1
2026-09-25 16:56:47 +0200: Memory Usage (485168K) : Executing rule Slt.e1_TM2
2026-09-25 16:56:47 +0200: Memory Usage (485168K) : Starting 9.1. LBE table
2026-09-25 16:56:47 +0200: Memory Usage (485168K) : Executing rule LBE.a
2026-09-25 16:56:47 +0200: Memory Usage (485168K) : Executing rule LBE.b
2026-09-25 16:56:47 +0200: Memory Usage (485168K) : Executing rule LBE.b1
2026-09-25 16:56:47 +0200: Memory Usage (485168K) : Executing rule LBE.c
2026-09-25 16:56:47 +0200: Memory Usage (485168K) : Executing rule LBE.d
2026-09-25 16:56:47 +0200: Memory Usage (485168K) : Executing rule LBE.h
2026-09-25 16:56:47 +0200: Memory Usage (485168K) : Starting 7.4. PIN table
2026-09-25 16:56:47 +0200: Memory Usage (485168K) : Executing rule Pin.a
2026-09-25 16:56:47 +0200: Memory Usage (485168K) : Executing rule Pin.b
2026-09-25 16:56:47 +0200: Memory Usage (485168K) : Executing rule Pin.e
2026-09-25 16:56:47 +0200: Memory Usage (485168K) : Executing rule Pin.f_M2
2026-09-25 16:56:47 +0200: Memory Usage (485296K) : Executing rule Pin.f_M3
2026-09-25 16:56:47 +0200: Memory Usage (485296K) : Executing rule Pin.f_M4
2026-09-25 16:56:47 +0200: Memory Usage (485296K) : Executing rule Pin.f_M5
2026-09-25 16:56:47 +0200: Memory Usage (485424K) : Executing rule Pin.g
2026-09-25 16:56:47 +0200: Memory Usage (485424K) : Executing rule Pin.h
2026-09-25 16:56:47 +0200: Memory Usage (485424K) : Starting 3.1. offgrid table
2026-09-25 16:56:47 +0200: Memory Usage (485424K) : Executing rule activ_drw_Offgrid
2026-09-25 16:56:47 +0200: Memory Usage (485680K) : Executing rule activ_mask_Offgrid
2026-09-25 16:56:47 +0200: Memory Usage (486192K) : Executing rule activ_filler_Offgrid
2026-09-25 16:56:47 +0200: Memory Usage (486704K) : Executing rule activ_opc_Offgrid
2026-09-25 16:56:47 +0200: Memory Usage (487088K) : Executing rule activ_iopc_Offgrid
2026-09-25 16:56:47 +0200: Memory Usage (487728K) : Executing rule biwind_drw_Offgrid
2026-09-25 16:56:47 +0200: Memory Usage (488112K) : Executing rule biwind_opc_Offgrid
2026-09-25 16:56:47 +0200: Memory Usage (488112K) : Executing rule pemwind_drw_Offgrid
2026-09-25 16:56:47 +0200: Memory Usage (488112K) : Executing rule gatpoly_drw_Offgrid
2026-09-25 16:56:47 +0200: Memory Usage (488112K) : Executing rule gatpoly_filler_Offgrid
2026-09-25 16:56:47 +0200: Memory Usage (488368K) : Executing rule gatpoly_opc_Offgrid
2026-09-25 16:56:47 +0200: Memory Usage (488624K) : Executing rule gatpoly_iopc_Offgrid
2026-09-25 16:56:47 +0200: Memory Usage (488624K) : Executing rule gatpoly_noqrc_Offgrid
2026-09-25 16:56:47 +0200: Memory Usage (488624K) : Executing rule cont_drw_Offgrid
2026-09-25 16:56:47 +0200: Memory Usage (488624K) : Executing rule cont_opc_Offgrid
2026-09-25 16:56:47 +0200: Memory Usage (488624K) : Executing rule nsd_drw_Offgrid
2026-09-25 16:56:47 +0200: Memory Usage (488624K) : Executing rule nsd_block_Offgrid
2026-09-25 16:56:47 +0200: Memory Usage (488624K) : Executing rule metal1_drw_Offgrid
2026-09-25 16:56:47 +0200: Memory Usage (488624K) : Executing rule metal1_mask_Offgrid
2026-09-25 16:56:47 +0200: Memory Usage (488624K) : Executing rule metal1_filler_Offgrid
2026-09-25 16:56:47 +0200: Memory Usage (488624K) : Executing rule metal1_slit_Offgrid
2026-09-25 16:56:47 +0200: Memory Usage (488624K) : Executing rule metal1_opc_Offgrid
2026-09-25 16:56:47 +0200: Memory Usage (488624K) : Executing rule metal1_noqrc_Offgrid
2026-09-25 16:56:47 +0200: Memory Usage (488624K) : Executing rule metal1_res_Offgrid
2026-09-25 16:56:47 +0200: Memory Usage (488624K) : Executing rule metal1_iprobe_Offgrid
2026-09-25 16:56:47 +0200: Memory Usage (488624K) : Executing rule metal1_diffprb_Offgrid
2026-09-25 16:56:47 +0200: Memory Usage (488624K) : Executing rule passiv_drw_Offgrid
2026-09-25 16:56:47 +0200: Memory Usage (488624K) : Executing rule passiv_pillar_Offgrid
2026-09-25 16:56:47 +0200: Memory Usage (488624K) : Executing rule passiv_sbump_Offgrid
2026-09-25 16:56:47 +0200: Memory Usage (488624K) : Executing rule passiv_pdl_Offgrid
2026-09-25 16:56:47 +0200: Memory Usage (488624K) : Executing rule metal2_drw_Offgrid
2026-09-25 16:56:47 +0200: Memory Usage (488624K) : Executing rule metal2_mask_Offgrid
2026-09-25 16:56:47 +0200: Memory Usage (488624K) : Executing rule metal2_filler_Offgrid
2026-09-25 16:56:47 +0200: Memory Usage (488624K) : Executing rule metal2_slit_Offgrid
2026-09-25 16:56:47 +0200: Memory Usage (488624K) : Executing rule metal2_opc_Offgrid
2026-09-25 16:56:47 +0200: Memory Usage (488624K) : Executing rule metal2_noqrc_Offgrid
2026-09-25 16:56:47 +0200: Memory Usage (488624K) : Executing rule metal2_res_Offgrid
2026-09-25 16:56:47 +0200: Memory Usage (488624K) : Executing rule metal2_iprobe_Offgrid
2026-09-25 16:56:47 +0200: Memory Usage (488624K) : Executing rule metal2_diffprb_Offgrid
2026-09-25 16:56:47 +0200: Memory Usage (488624K) : Executing rule baspoly_drw_Offgrid
2026-09-25 16:56:47 +0200: Memory Usage (488624K) : Executing rule psd_drw_Offgrid
2026-09-25 16:56:47 +0200: Memory Usage (488624K) : Executing rule nldb_drw_Offgrid
2026-09-25 16:56:47 +0200: Memory Usage (488624K) : Executing rule via1_drw_Offgrid
2026-09-25 16:56:47 +0200: Memory Usage (488880K) : Executing rule backmetal1_drw_Offgrid
2026-09-25 16:56:47 +0200: Memory Usage (488880K) : Executing rule backmetal1_mask_Offgrid
2026-09-25 16:56:47 +0200: Memory Usage (488880K) : Executing rule backmetal1_filler_Offgrid
2026-09-25 16:56:47 +0200: Memory Usage (488880K) : Executing rule backmetal1_slit_Offgrid
2026-09-25 16:56:47 +0200: Memory Usage (488880K) : Executing rule backmetal1_opc_Offgrid
2026-09-25 16:56:47 +0200: Memory Usage (488880K) : Executing rule backmetal1_noqrc_Offgrid
2026-09-25 16:56:47 +0200: Memory Usage (488880K) : Executing rule backmetal1_res_Offgrid
2026-09-25 16:56:47 +0200: Memory Usage (488880K) : Executing rule backmetal1_iprobe_Offgrid
2026-09-25 16:56:47 +0200: Memory Usage (488880K) : Executing rule backmetal1_diffprb_Offgrid
2026-09-25 16:56:47 +0200: Memory Usage (488880K) : Executing rule backpassiv_drw_Offgrid
2026-09-25 16:56:47 +0200: Memory Usage (489008K) : Executing rule salblock_drw_Offgrid
2026-09-25 16:56:47 +0200: Memory Usage (489392K) : Executing rule via2_drw_Offgrid
2026-09-25 16:56:48 +0200: Memory Usage (496560K) : Executing rule metal3_drw_Offgrid
2026-09-25 16:56:48 +0200: Memory Usage (496688K) : Executing rule metal3_mask_Offgrid
2026-09-25 16:56:48 +0200: Memory Usage (496688K) : Executing rule metal3_filler_Offgrid
2026-09-25 16:56:48 +0200: Memory Usage (496816K) : Executing rule metal3_slit_Offgrid
2026-09-25 16:56:48 +0200: Memory Usage (496816K) : Executing rule metal3_opc_Offgrid
2026-09-25 16:56:48 +0200: Memory Usage (497072K) : Executing rule metal3_noqrc_Offgrid
2026-09-25 16:56:48 +0200: Memory Usage (497584K) : Executing rule metal3_res_Offgrid
2026-09-25 16:56:48 +0200: Memory Usage (498096K) : Executing rule metal3_iprobe_Offgrid
2026-09-25 16:56:48 +0200: Memory Usage (498608K) : Executing rule metal3_diffprb_Offgrid
2026-09-25 16:56:48 +0200: Memory Usage (499120K) : Executing rule nwell_drw_Offgrid
2026-09-25 16:56:48 +0200: Memory Usage (499632K) : Executing rule nbulay_drw_Offgrid
2026-09-25 16:56:48 +0200: Memory Usage (500144K) : Executing rule nbulay_block_Offgrid
2026-09-25 16:56:48 +0200: Memory Usage (500656K) : Executing rule pwell_drw_Offgrid
2026-09-25 16:56:48 +0200: Memory Usage (501168K) : Executing rule pwell_block_Offgrid
2026-09-25 16:56:48 +0200: Memory Usage (501680K) : Executing rule emwind_drw_Offgrid
2026-09-25 16:56:48 +0200: Memory Usage (502192K) : Executing rule emwind_opc_Offgrid
2026-09-25 16:56:48 +0200: Memory Usage (502704K) : Executing rule deepco_drw_Offgrid
2026-09-25 16:56:48 +0200: Memory Usage (503216K) : Executing rule mim_drw_Offgrid
2026-09-25 16:56:48 +0200: Memory Usage (503600K) : Executing rule substrate_drw_Offgrid
2026-09-25 16:56:48 +0200: Memory Usage (503600K) : Executing rule ic_drw_Offgrid
2026-09-25 16:56:48 +0200: Memory Usage (503600K) : Executing rule via3_drw_Offgrid
2026-09-25 16:56:48 +0200: Memory Usage (504240K) : Executing rule pldb_drw_Offgrid
2026-09-25 16:56:48 +0200: Memory Usage (504240K) : Executing rule metal4_drw_Offgrid
2026-09-25 16:56:48 +0200: Memory Usage (504240K) : Executing rule metal4_mask_Offgrid
2026-09-25 16:56:48 +0200: Memory Usage (504240K) : Executing rule metal4_filler_Offgrid
2026-09-25 16:56:48 +0200: Memory Usage (504240K) : Executing rule metal4_slit_Offgrid
2026-09-25 16:56:48 +0200: Memory Usage (504240K) : Executing rule metal4_opc_Offgrid
2026-09-25 16:56:48 +0200: Memory Usage (504240K) : Executing rule metal4_noqrc_Offgrid
2026-09-25 16:56:48 +0200: Memory Usage (504240K) : Executing rule metal4_res_Offgrid
2026-09-25 16:56:48 +0200: Memory Usage (504240K) : Executing rule metal4_iprobe_Offgrid
2026-09-25 16:56:48 +0200: Memory Usage (504240K) : Executing rule metal4_diffprb_Offgrid
2026-09-25 16:56:48 +0200: Memory Usage (504240K) : Executing rule via4_drw_Offgrid
2026-09-25 16:56:48 +0200: Memory Usage (504240K) : Executing rule metal5_drw_Offgrid
2026-09-25 16:56:48 +0200: Memory Usage (504240K) : Executing rule metal5_mask_Offgrid
2026-09-25 16:56:48 +0200: Memory Usage (504240K) : Executing rule metal5_filler_Offgrid
2026-09-25 16:56:48 +0200: Memory Usage (504240K) : Executing rule metal5_slit_Offgrid
2026-09-25 16:56:48 +0200: Memory Usage (504240K) : Executing rule metal5_opc_Offgrid
2026-09-25 16:56:48 +0200: Memory Usage (504240K) : Executing rule metal5_noqrc_Offgrid
2026-09-25 16:56:48 +0200: Memory Usage (504240K) : Executing rule metal5_res_Offgrid
2026-09-25 16:56:48 +0200: Memory Usage (504240K) : Executing rule metal5_iprobe_Offgrid
2026-09-25 16:56:48 +0200: Memory Usage (504240K) : Executing rule metal5_diffprb_Offgrid
2026-09-25 16:56:48 +0200: Memory Usage (504240K) : Executing rule prboundary_drw_Offgrid
2026-09-25 16:56:48 +0200: Memory Usage (504240K) : Executing rule exchange0_drw_Offgrid
2026-09-25 16:56:48 +0200: Memory Usage (504240K) : Executing rule exchange1_drw_Offgrid
2026-09-25 16:56:48 +0200: Memory Usage (504240K) : Executing rule exchange2_drw_Offgrid
2026-09-25 16:56:48 +0200: Memory Usage (504240K) : Executing rule exchange3_drw_Offgrid
2026-09-25 16:56:48 +0200: Memory Usage (504240K) : Executing rule exchange4_drw_Offgrid
2026-09-25 16:56:48 +0200: Memory Usage (504240K) : Executing rule isonwell_drw_Offgrid
2026-09-25 16:56:48 +0200: Memory Usage (504240K) : Executing rule thickgateox_drw_Offgrid
2026-09-25 16:56:48 +0200: Memory Usage (504240K) : Executing rule pempoly_drw_Offgrid
2026-09-25 16:56:48 +0200: Memory Usage (504240K) : Executing rule fbe_drw_Offgrid
2026-09-25 16:56:48 +0200: Memory Usage (504240K) : Executing rule empoly_drw_Offgrid
2026-09-25 16:56:48 +0200: Memory Usage (504240K) : Executing rule ldmos_drw_Offgrid
2026-09-25 16:56:48 +0200: Memory Usage (504240K) : Executing rule pbiwind_drw_Offgrid
2026-09-25 16:56:48 +0200: Memory Usage (504240K) : Executing rule colopen_drw_Offgrid
2026-09-25 16:56:48 +0200: Memory Usage (504240K) : Executing rule extblock_drw_Offgrid
2026-09-25 16:56:48 +0200: Memory Usage (504240K) : Executing rule nldd_drw_Offgrid
2026-09-25 16:56:48 +0200: Memory Usage (504240K) : Executing rule pldd_drw_Offgrid
2026-09-25 16:56:48 +0200: Memory Usage (504240K) : Executing rule next_drw_Offgrid
2026-09-25 16:56:48 +0200: Memory Usage (504368K) : Executing rule pext_drw_Offgrid
2026-09-25 16:56:48 +0200: Memory Usage (504368K) : Executing rule nexthv_drw_Offgrid
2026-09-25 16:56:48 +0200: Memory Usage (504368K) : Executing rule pexthv_drw_Offgrid
2026-09-25 16:56:48 +0200: Memory Usage (504368K) : Executing rule graphgate_drw_Offgrid
2026-09-25 16:56:48 +0200: Memory Usage (504496K) : Executing rule mempad_drw_Offgrid
2026-09-25 16:56:48 +0200: Memory Usage (504496K) : Executing rule topvia1_drw_Offgrid
2026-09-25 16:56:48 +0200: Memory Usage (504624K) : Executing rule topmetal1_drw_Offgrid
2026-09-25 16:56:48 +0200: Memory Usage (504624K) : Executing rule topmetal1_mask_Offgrid
2026-09-25 16:56:48 +0200: Memory Usage (504752K) : Executing rule topmetal1_filler_Offgrid
2026-09-25 16:56:48 +0200: Memory Usage (504752K) : Executing rule topmetal1_slit_Offgrid
2026-09-25 16:56:48 +0200: Memory Usage (504880K) : Executing rule topmetal1_noqrc_Offgrid
2026-09-25 16:56:48 +0200: Memory Usage (505008K) : Executing rule topmetal1_res_Offgrid
2026-09-25 16:56:48 +0200: Memory Usage (505520K) : Executing rule topmetal1_iprobe_Offgrid
2026-09-25 16:56:48 +0200: Memory Usage (506032K) : Executing rule topmetal1_diffprb_Offgrid
2026-09-25 16:56:48 +0200: Memory Usage (506672K) : Executing rule inldpwl_drw_Offgrid
2026-09-25 16:56:48 +0200: Memory Usage (507184K) : Executing rule polyres_drw_Offgrid
2026-09-25 16:56:48 +0200: Memory Usage (507696K) : Executing rule vmim_drw_Offgrid
2026-09-25 16:56:48 +0200: Memory Usage (523696K) : Executing rule nbulaycut_drw_Offgrid
2026-09-25 16:56:48 +0200: Memory Usage (523696K) : Executing rule antmetal1_drw_Offgrid
2026-09-25 16:56:48 +0200: Memory Usage (523696K) : Executing rule topvia2_drw_Offgrid
2026-09-25 16:56:48 +0200: Memory Usage (523696K) : Executing rule topmetal2_drw_Offgrid
2026-09-25 16:56:48 +0200: Memory Usage (523696K) : Executing rule topmetal2_mask_Offgrid
2026-09-25 16:56:48 +0200: Memory Usage (523696K) : Executing rule topmetal2_filler_Offgrid
2026-09-25 16:56:48 +0200: Memory Usage (523696K) : Executing rule topmetal2_slit_Offgrid
2026-09-25 16:56:48 +0200: Memory Usage (523696K) : Executing rule topmetal2_noqrc_Offgrid
2026-09-25 16:56:48 +0200: Memory Usage (523696K) : Executing rule topmetal2_res_Offgrid
2026-09-25 16:56:48 +0200: Memory Usage (523696K) : Executing rule topmetal2_iprobe_Offgrid
2026-09-25 16:56:48 +0200: Memory Usage (523696K) : Executing rule topmetal2_diffprb_Offgrid
2026-09-25 16:56:48 +0200: Memory Usage (523696K) : Executing rule snsring_drw_Offgrid
2026-09-25 16:56:48 +0200: Memory Usage (523696K) : Executing rule sensor_drw_Offgrid
2026-09-25 16:56:48 +0200: Memory Usage (523696K) : Executing rule snsarms_drw_Offgrid
2026-09-25 16:56:48 +0200: Memory Usage (523696K) : Executing rule snscmosvia_drw_Offgrid
2026-09-25 16:56:48 +0200: Memory Usage (523696K) : Executing rule colwind_drw_Offgrid
2026-09-25 16:56:48 +0200: Memory Usage (523696K) : Executing rule flm_drw_Offgrid
2026-09-25 16:56:48 +0200: Memory Usage (523696K) : Executing rule hafniumox_drw_Offgrid
2026-09-25 16:56:48 +0200: Memory Usage (523696K) : Executing rule memvia_drw_Offgrid
2026-09-25 16:56:48 +0200: Memory Usage (523696K) : Executing rule thinfilmres_drw_Offgrid
2026-09-25 16:56:48 +0200: Memory Usage (523696K) : Executing rule rfmem_drw_Offgrid
2026-09-25 16:56:48 +0200: Memory Usage (523696K) : Executing rule snsbotvia_drw_Offgrid
2026-09-25 16:56:48 +0200: Memory Usage (523696K) : Executing rule snstopvia_drw_Offgrid
2026-09-25 16:56:48 +0200: Memory Usage (523696K) : Executing rule deepvia_drw_Offgrid
2026-09-25 16:56:48 +0200: Memory Usage (523696K) : Executing rule fgetch_drw_Offgrid
2026-09-25 16:56:48 +0200: Memory Usage (523696K) : Executing rule ctrgat_drw_Offgrid
2026-09-25 16:56:48 +0200: Memory Usage (523696K) : Executing rule fgimp_drw_Offgrid
2026-09-25 16:56:48 +0200: Memory Usage (523696K) : Executing rule emwihv_drw_Offgrid
2026-09-25 16:56:48 +0200: Memory Usage (523696K) : Executing rule lbe_drw_Offgrid
2026-09-25 16:56:48 +0200: Memory Usage (523696K) : Executing rule alcustop_drw_Offgrid
2026-09-25 16:56:48 +0200: Memory Usage (523696K) : Starting 3.2. angle table
2026-09-25 16:56:48 +0200: Memory Usage (523696K) : Executing rule activ_drw_Acute
2026-09-25 16:56:48 +0200: Memory Usage (523696K) : Executing rule activ_pin_Acute
2026-09-25 16:56:49 +0200: Memory Usage (523696K) : Executing rule activ_mask_Acute
2026-09-25 16:56:49 +0200: Memory Usage (523696K) : Executing rule activ_filler_Acute
2026-09-25 16:56:49 +0200: Memory Usage (523696K) : Executing rule activ_nofill_Acute
2026-09-25 16:56:49 +0200: Memory Usage (523696K) : Executing rule activ_opc_Acute
2026-09-25 16:56:49 +0200: Memory Usage (523696K) : Executing rule activ_iopc_Acute
2026-09-25 16:56:49 +0200: Memory Usage (523696K) : Executing rule activ_noqrc_Acute
2026-09-25 16:56:49 +0200: Memory Usage (523696K) : Executing rule biwind_drw_Acute
2026-09-25 16:56:49 +0200: Memory Usage (523696K) : Executing rule biwind_opc_Acute
2026-09-25 16:56:49 +0200: Memory Usage (523696K) : Executing rule pemwind_drw_Acute
2026-09-25 16:56:49 +0200: Memory Usage (523696K) : Executing rule gatpoly_drw_Acute
2026-09-25 16:56:49 +0200: Memory Usage (523696K) : Executing rule gatpoly_pin_Acute
2026-09-25 16:56:49 +0200: Memory Usage (523696K) : Executing rule gatpoly_filler_Acute
2026-09-25 16:56:49 +0200: Memory Usage (523696K) : Executing rule gatpoly_nofill_Acute
2026-09-25 16:56:49 +0200: Memory Usage (523696K) : Executing rule gatpoly_opc_Acute
2026-09-25 16:56:49 +0200: Memory Usage (523696K) : Executing rule gatpoly_iopc_Acute
2026-09-25 16:56:49 +0200: Memory Usage (523696K) : Executing rule gatpoly_noqrc_Acute
2026-09-25 16:56:49 +0200: Memory Usage (523696K) : Executing rule cont_drw_Acute
2026-09-25 16:56:49 +0200: Memory Usage (523696K) : Executing rule cont_opc_Acute
2026-09-25 16:56:46 +0200: Memory Usage (523696K) : Executing rule nsd_drw_Acute
2026-09-25 16:56:46 +0200: Memory Usage (523696K) : Executing rule nsd_block_Acute
2026-09-25 16:56:46 +0200: Memory Usage (523824K) : Executing rule metal1_drw_Acute
2026-09-25 16:56:46 +0200: Memory Usage (523824K) : Executing rule metal1_pin_Acute
2026-09-25 16:56:46 +0200: Memory Usage (523824K) : Executing rule metal1_mask_Acute
2026-09-25 16:56:46 +0200: Memory Usage (523824K) : Executing rule metal1_filler_Acute
2026-09-25 16:56:46 +0200: Memory Usage (523824K) : Executing rule metal1_nofill_Acute
2026-09-25 16:56:46 +0200: Memory Usage (523824K) : Executing rule metal1_slit_Acute
2026-09-25 16:56:46 +0200: Memory Usage (523824K) : Executing rule metal1_opc_Acute
2026-09-25 16:56:46 +0200: Memory Usage (523824K) : Executing rule metal1_noqrc_Acute
2026-09-25 16:56:46 +0200: Memory Usage (523824K) : Executing rule metal1_res_Acute
2026-09-25 16:56:46 +0200: Memory Usage (523824K) : Executing rule metal1_iprobe_Acute
2026-09-25 16:56:46 +0200: Memory Usage (523824K) : Executing rule metal1_diffprb_Acute
2026-09-25 16:56:46 +0200: Memory Usage (523824K) : Executing rule passiv_drw_Acute
2026-09-25 16:56:46 +0200: Memory Usage (523824K) : Executing rule passiv_pin_Acute
2026-09-25 16:56:46 +0200: Memory Usage (523824K) : Executing rule passiv_pillar_Acute
2026-09-25 16:56:46 +0200: Memory Usage (523824K) : Executing rule passiv_sbump_Acute
2026-09-25 16:56:46 +0200: Memory Usage (523824K) : Executing rule passiv_pdl_Acute
2026-09-25 16:56:46 +0200: Memory Usage (523824K) : Executing rule metal2_drw_Acute
2026-09-25 16:56:46 +0200: Memory Usage (523824K) : Executing rule metal2_pin_Acute
2026-09-25 16:56:46 +0200: Memory Usage (523824K) : Executing rule metal2_mask_Acute
2026-09-25 16:56:46 +0200: Memory Usage (523824K) : Executing rule metal2_filler_Acute
2026-09-25 16:56:46 +0200: Memory Usage (523824K) : Executing rule metal2_nofill_Acute
2026-09-25 16:56:46 +0200: Memory Usage (523824K) : Executing rule metal2_slit_Acute
2026-09-25 16:56:46 +0200: Memory Usage (523824K) : Executing rule metal2_opc_Acute
2026-09-25 16:56:46 +0200: Memory Usage (523824K) : Executing rule metal2_noqrc_Acute
2026-09-25 16:56:46 +0200: Memory Usage (523824K) : Executing rule metal2_res_Acute
2026-09-25 16:56:46 +0200: Memory Usage (523824K) : Executing rule metal2_iprobe_Acute
2026-09-25 16:56:46 +0200: Memory Usage (523824K) : Executing rule metal2_diffprb_Acute
2026-09-25 16:56:46 +0200: Memory Usage (523824K) : Executing rule baspoly_drw_Acute
2026-09-25 16:56:46 +0200: Memory Usage (523824K) : Executing rule baspoly_pin_Acute
2026-09-25 16:56:46 +0200: Memory Usage (523824K) : Executing rule psd_drw_Acute
2026-09-25 16:56:46 +0200: Memory Usage (523824K) : Executing rule nldb_drw_Acute
2026-09-25 16:56:46 +0200: Memory Usage (523824K) : Executing rule via1_drw_Acute
2026-09-25 16:56:52 +0200: Memory Usage (523824K) : Executing rule backmetal1_drw_Acute
2026-09-25 16:56:52 +0200: Memory Usage (523824K) : Executing rule backmetal1_pin_Acute
2026-09-25 16:56:52 +0200: Memory Usage (523824K) : Executing rule backmetal1_mask_Acute
2026-09-25 16:56:52 +0200: Memory Usage (523824K) : Executing rule backmetal1_filler_Acute
2026-09-25 16:56:52 +0200: Memory Usage (523824K) : Executing rule backmetal1_nofill_Acute
2026-09-25 16:56:52 +0200: Memory Usage (523824K) : Executing rule backmetal1_slit_Acute
2026-09-25 16:56:52 +0200: Memory Usage (523824K) : Executing rule backmetal1_opc_Acute
2026-09-25 16:56:52 +0200: Memory Usage (523824K) : Executing rule backmetal1_noqrc_Acute
2026-09-25 16:56:52 +0200: Memory Usage (523824K) : Executing rule backmetal1_res_Acute
2026-09-25 16:56:52 +0200: Memory Usage (523824K) : Executing rule backmetal1_iprobe_Acute
2026-09-25 16:56:52 +0200: Memory Usage (523824K) : Executing rule backmetal1_diffprb_Acute
2026-09-25 16:56:52 +0200: Memory Usage (523824K) : Executing rule backpassiv_drw_Acute
2026-09-25 16:56:52 +0200: Memory Usage (523824K) : Executing rule salblock_drw_Acute
2026-09-25 16:56:52 +0200: Memory Usage (523824K) : Executing rule via2_drw_Acute
2026-09-25 16:56:52 +0200: Memory Usage (523824K) : Executing rule metal3_drw_Acute
2026-09-25 16:56:52 +0200: Memory Usage (523824K) : Executing rule metal3_pin_Acute
2026-09-25 16:56:52 +0200: Memory Usage (523824K) : Executing rule metal3_mask_Acute
2026-09-25 16:56:52 +0200: Memory Usage (523824K) : Executing rule metal3_filler_Acute
2026-09-25 16:56:52 +0200: Memory Usage (523824K) : Executing rule metal3_nofill_Acute
2026-09-25 16:56:52 +0200: Memory Usage (523824K) : Executing rule metal3_slit_Acute
2026-09-25 16:56:52 +0200: Memory Usage (523824K) : Executing rule metal3_opc_Acute
2026-09-25 16:56:52 +0200: Memory Usage (523824K) : Executing rule metal3_noqrc_Acute
2026-09-25 16:56:52 +0200: Memory Usage (523824K) : Executing rule metal3_res_Acute
2026-09-25 16:56:52 +0200: Memory Usage (523824K) : Executing rule metal3_iprobe_Acute
2026-09-25 16:56:52 +0200: Memory Usage (523824K) : Executing rule metal3_diffprb_Acute
2026-09-25 16:56:52 +0200: Memory Usage (523824K) : Executing rule nwell_drw_Acute
2026-09-25 16:56:52 +0200: Memory Usage (523824K) : Executing rule nwell_pin_Acute
2026-09-25 16:56:53 +0200: Memory Usage (523824K) : Executing rule nbulay_drw_Acute
2026-09-25 16:56:53 +0200: Memory Usage (523824K) : Executing rule nbulay_pin_Acute
2026-09-25 16:56:53 +0200: Memory Usage (523824K) : Executing rule nbulay_block_Acute
2026-09-25 16:56:53 +0200: Memory Usage (523824K) : Executing rule pwell_drw_Acute
2026-09-25 16:56:53 +0200: Memory Usage (523824K) : Executing rule pwell_pin_Acute
2026-09-25 16:56:53 +0200: Memory Usage (523824K) : Executing rule pwell_block_Acute
2026-09-25 16:56:53 +0200: Memory Usage (523824K) : Executing rule emwind_drw_Acute
2026-09-25 16:56:53 +0200: Memory Usage (523824K) : Executing rule emwind_opc_Acute
2026-09-25 16:56:53 +0200: Memory Usage (523824K) : Executing rule deepco_drw_Acute
2026-09-25 16:56:53 +0200: Memory Usage (523824K) : Executing rule mim_drw_Acute
2026-09-25 16:56:53 +0200: Memory Usage (523824K) : Executing rule substrate_drw_Acute
2026-09-25 16:56:53 +0200: Memory Usage (523824K) : Executing rule ic_drw_Acute
2026-09-25 16:56:53 +0200: Memory Usage (523824K) : Executing rule via3_drw_Acute
2026-09-25 16:56:53 +0200: Memory Usage (523824K) : Executing rule pldb_drw_Acute
2026-09-25 16:56:53 +0200: Memory Usage (523824K) : Executing rule metal4_drw_Acute
2026-09-25 16:56:53 +0200: Memory Usage (523824K) : Executing rule metal4_pin_Acute
2026-09-25 16:56:53 +0200: Memory Usage (523824K) : Executing rule metal4_mask_Acute
2026-09-25 16:56:53 +0200: Memory Usage (523824K) : Executing rule metal4_filler_Acute
2026-09-25 16:56:53 +0200: Memory Usage (523824K) : Executing rule metal4_nofill_Acute
2026-09-25 16:56:53 +0200: Memory Usage (523824K) : Executing rule metal4_slit_Acute
2026-09-25 16:56:53 +0200: Memory Usage (523824K) : Executing rule metal4_opc_Acute
2026-09-25 16:56:53 +0200: Memory Usage (523824K) : Executing rule metal4_noqrc_Acute
2026-09-25 16:56:53 +0200: Memory Usage (523824K) : Executing rule metal4_res_Acute
2026-09-25 16:56:53 +0200: Memory Usage (523824K) : Executing rule metal4_iprobe_Acute
2026-09-25 16:56:53 +0200: Memory Usage (523824K) : Executing rule metal4_diffprb_Acute
2026-09-25 16:56:53 +0200: Memory Usage (523824K) : Executing rule via4_drw_Acute
2026-09-25 16:56:53 +0200: Memory Usage (523824K) : Executing rule metal5_drw_Acute
2026-09-25 16:56:53 +0200: Memory Usage (523824K) : Executing rule metal5_pin_Acute
2026-09-25 16:56:53 +0200: Memory Usage (523824K) : Executing rule metal5_mask_Acute
2026-09-25 16:56:53 +0200: Memory Usage (523824K) : Executing rule metal5_filler_Acute
2026-09-25 16:56:53 +0200: Memory Usage (523824K) : Executing rule metal5_nofill_Acute
2026-09-25 16:56:53 +0200: Memory Usage (523824K) : Executing rule metal5_slit_Acute
2026-09-25 16:56:53 +0200: Memory Usage (523824K) : Executing rule metal5_opc_Acute
2026-09-25 16:56:53 +0200: Memory Usage (523824K) : Executing rule metal5_noqrc_Acute
2026-09-25 16:56:53 +0200: Memory Usage (523824K) : Executing rule metal5_res_Acute
2026-09-25 16:56:53 +0200: Memory Usage (523824K) : Executing rule metal5_iprobe_Acute
2026-09-25 16:56:53 +0200: Memory Usage (523824K) : Executing rule metal5_diffprb_Acute
2026-09-25 16:56:53 +0200: Memory Usage (523824K) : Executing rule prboundary_drw_Acute
2026-09-25 16:56:53 +0200: Memory Usage (523824K) : Executing rule exchange0_drw_Acute
2026-09-25 16:56:53 +0200: Memory Usage (523824K) : Executing rule exchange0_pin_Acute
2026-09-25 16:56:53 +0200: Memory Usage (523824K) : Executing rule exchange1_drw_Acute
2026-09-25 16:56:53 +0200: Memory Usage (523824K) : Executing rule exchange1_pin_Acute
2026-09-25 16:56:53 +0200: Memory Usage (523824K) : Executing rule exchange2_drw_Acute
2026-09-25 16:56:53 +0200: Memory Usage (523824K) : Executing rule exchange2_pin_Acute
2026-09-25 16:56:53 +0200: Memory Usage (523824K) : Executing rule exchange3_drw_Acute
2026-09-25 16:56:53 +0200: Memory Usage (523824K) : Executing rule exchange3_pin_Acute
2026-09-25 16:56:53 +0200: Memory Usage (523824K) : Executing rule exchange4_drw_Acute
2026-09-25 16:56:53 +0200: Memory Usage (523824K) : Executing rule exchange4_pin_Acute
2026-09-25 16:56:53 +0200: Memory Usage (523824K) : Executing rule isonwell_drw_Acute
2026-09-25 16:56:53 +0200: Memory Usage (523824K) : Executing rule thickgateox_drw_Acute
2026-09-25 16:56:53 +0200: Memory Usage (523824K) : Executing rule pempoly_drw_Acute
2026-09-25 16:56:53 +0200: Memory Usage (523824K) : Executing rule fbe_drw_Acute
2026-09-25 16:56:53 +0200: Memory Usage (523824K) : Executing rule empoly_drw_Acute
2026-09-25 16:56:53 +0200: Memory Usage (523824K) : Executing rule ldmos_drw_Acute
2026-09-25 16:56:53 +0200: Memory Usage (523824K) : Executing rule pbiwind_drw_Acute
2026-09-25 16:56:53 +0200: Memory Usage (523824K) : Executing rule colopen_drw_Acute
2026-09-25 16:56:53 +0200: Memory Usage (523824K) : Executing rule extblock_drw_Acute
2026-09-25 16:56:53 +0200: Memory Usage (523824K) : Executing rule nldd_drw_Acute
2026-09-25 16:56:53 +0200: Memory Usage (523824K) : Executing rule pldd_drw_Acute
2026-09-25 16:56:53 +0200: Memory Usage (523824K) : Executing rule next_drw_Acute
2026-09-25 16:56:53 +0200: Memory Usage (523824K) : Executing rule pext_drw_Acute
2026-09-25 16:56:53 +0200: Memory Usage (523824K) : Executing rule nexthv_drw_Acute
2026-09-25 16:56:53 +0200: Memory Usage (523824K) : Executing rule pexthv_drw_Acute
2026-09-25 16:56:53 +0200: Memory Usage (523824K) : Executing rule graphgate_drw_Acute
2026-09-25 16:56:53 +0200: Memory Usage (523824K) : Executing rule mempad_drw_Acute
2026-09-25 16:56:53 +0200: Memory Usage (523824K) : Executing rule topvia1_drw_Acute
2026-09-25 16:56:53 +0200: Memory Usage (523824K) : Executing rule topmetal1_drw_Acute
2026-09-25 16:56:53 +0200: Memory Usage (523824K) : Executing rule topmetal1_pin_Acute
2026-09-25 16:56:53 +0200: Memory Usage (523824K) : Executing rule topmetal1_mask_Acute
2026-09-25 16:56:53 +0200: Memory Usage (523824K) : Executing rule topmetal1_filler_Acute
2026-09-25 16:56:53 +0200: Memory Usage (523824K) : Executing rule topmetal1_nofill_Acute
2026-09-25 16:56:53 +0200: Memory Usage (523824K) : Executing rule topmetal1_slit_Acute
2026-09-25 16:56:53 +0200: Memory Usage (523824K) : Executing rule topmetal1_noqrc_Acute
2026-09-25 16:56:53 +0200: Memory Usage (523824K) : Executing rule topmetal1_res_Acute
2026-09-25 16:56:53 +0200: Memory Usage (523824K) : Executing rule topmetal1_iprobe_Acute
2026-09-25 16:56:53 +0200: Memory Usage (523824K) : Executing rule topmetal1_diffprb_Acute
2026-09-25 16:56:53 +0200: Memory Usage (523824K) : Executing rule inldpwl_drw_Acute
2026-09-25 16:56:53 +0200: Memory Usage (523824K) : Executing rule polyres_drw_Acute
2026-09-25 16:56:53 +0200: Memory Usage (523824K) : Executing rule polyres_pin_Acute
2026-09-25 16:56:53 +0200: Memory Usage (523824K) : Executing rule vmim_drw_Acute
2026-09-25 16:56:53 +0200: Memory Usage (523824K) : Executing rule nbulaycut_drw_Acute
2026-09-25 16:56:53 +0200: Memory Usage (523824K) : Executing rule antmetal1_drw_Acute
2026-09-25 16:56:53 +0200: Memory Usage (523824K) : Executing rule topvia2_drw_Acute
2026-09-25 16:56:53 +0200: Memory Usage (523824K) : Executing rule topmetal2_drw_Acute
2026-09-25 16:56:53 +0200: Memory Usage (523824K) : Executing rule topmetal2_pin_Acute
2026-09-25 16:56:53 +0200: Memory Usage (523824K) : Executing rule topmetal2_mask_Acute
2026-09-25 16:56:53 +0200: Memory Usage (523824K) : Executing rule topmetal2_filler_Acute
2026-09-25 16:56:53 +0200: Memory Usage (523824K) : Executing rule topmetal2_nofill_Acute
2026-09-25 16:56:53 +0200: Memory Usage (523824K) : Executing rule topmetal2_slit_Acute
2026-09-25 16:56:53 +0200: Memory Usage (523824K) : Executing rule topmetal2_noqrc_Acute
2026-09-25 16:56:53 +0200: Memory Usage (523824K) : Executing rule topmetal2_res_Acute
2026-09-25 16:56:53 +0200: Memory Usage (523824K) : Executing rule topmetal2_iprobe_Acute
2026-09-25 16:56:53 +0200: Memory Usage (523824K) : Executing rule topmetal2_diffprb_Acute
2026-09-25 16:56:53 +0200: Memory Usage (523824K) : Executing rule snsring_drw_Acute
2026-09-25 16:56:53 +0200: Memory Usage (523824K) : Executing rule sensor_drw_Acute
2026-09-25 16:56:53 +0200: Memory Usage (523824K) : Executing rule snsarms_drw_Acute
2026-09-25 16:56:53 +0200: Memory Usage (523824K) : Executing rule snscmosvia_drw_Acute
2026-09-25 16:56:53 +0200: Memory Usage (523824K) : Executing rule colwind_drw_Acute
2026-09-25 16:56:53 +0200: Memory Usage (523824K) : Executing rule flm_drw_Acute
2026-09-25 16:56:53 +0200: Memory Usage (523824K) : Executing rule hafniumox_drw_Acute
2026-09-25 16:56:53 +0200: Memory Usage (523824K) : Executing rule memvia_drw_Acute
2026-09-25 16:56:53 +0200: Memory Usage (523824K) : Executing rule thinfilmres_drw_Acute
2026-09-25 16:56:53 +0200: Memory Usage (523824K) : Executing rule rfmem_drw_Acute
2026-09-25 16:56:53 +0200: Memory Usage (523824K) : Executing rule snsbotvia_drw_Acute
2026-09-25 16:56:53 +0200: Memory Usage (523824K) : Executing rule snstopvia_drw_Acute
2026-09-25 16:56:53 +0200: Memory Usage (523824K) : Executing rule deepvia_drw_Acute
2026-09-25 16:56:53 +0200: Memory Usage (523824K) : Executing rule fgetch_drw_Acute
2026-09-25 16:56:53 +0200: Memory Usage (523824K) : Executing rule ctrgat_drw_Acute
2026-09-25 16:56:53 +0200: Memory Usage (523824K) : Executing rule fgimp_drw_Acute
2026-09-25 16:56:53 +0200: Memory Usage (523824K) : Executing rule emwihv_drw_Acute
2026-09-25 16:56:53 +0200: Memory Usage (523824K) : Executing rule lbe_drw_Acute
2026-09-25 16:56:53 +0200: Memory Usage (523824K) : Executing rule alcustop_drw_Acute
2026-09-25 16:56:53 +0200: Memory Usage (523824K) : Executing rule cont_drw_Angle90
2026-09-25 16:56:53 +0200: Memory Usage (524080K) : Executing rule via1_drw_Angle90
2026-09-25 16:56:54 +0200: Memory Usage (528428K) : Executing rule via2_drw_Angle90
2026-09-25 16:56:54 +0200: Memory Usage (528684K) : Executing rule via3_drw_Angle90
2026-09-25 16:56:54 +0200: Memory Usage (528940K) : Executing rule via4_drw_Angle90
2026-09-25 16:56:54 +0200: Memory Usage (529324K) : Executing rule vmim_drw_Angle90
2026-09-25 16:56:54 +0200: Memory Usage (529452K) : Executing rule topvia1_drw_Angle90
2026-09-25 16:56:54 +0200: Memory Usage (529452K) : Executing rule topvia2_drw_Angle90
2026-09-25 16:56:54 +0200: Memory Usage (529452K) : Executing rule gatpoly_drw_Angle45
2026-09-25 16:56:54 +0200: Memory Usage (529452K) : Executing rule activ_drw_Angle45
2026-09-25 16:56:54 +0200: Memory Usage (529452K) : Executing rule metal1_drw_Angle45
2026-09-25 16:56:54 +0200: Memory Usage (529708K) : Executing rule metal2_drw_Angle45
2026-09-25 16:56:54 +0200: Memory Usage (529708K) : Executing rule metal3_drw_Angle45
2026-09-25 16:56:54 +0200: Memory Usage (529576K) : Executing rule metal4_drw_Angle45
2026-09-25 16:56:54 +0200: Memory Usage (529704K) : Executing rule metal5_drw_Angle45
2026-09-25 16:56:54 +0200: Memory Usage (529704K) : Executing rule topmetal1_drw_Angle45
2026-09-25 16:56:54 +0200: Memory Usage (529832K) : Executing rule topmetal2_drw_Angle45
2026-09-25 16:56:54 +0200: Memory Usage (529832K) : Starting 3.2. FORBIDDEN table
2026-09-25 16:56:54 +0200: Memory Usage (529832K) : Executing rule forbidden.biwind
2026-09-25 16:56:54 +0200: Memory Usage (529832K) : Executing rule forbidden.pemwind
2026-09-25 16:56:54 +0200: Memory Usage (529832K) : Executing rule forbidden.baspoly
2026-09-25 16:56:54 +0200: Memory Usage (529832K) : Executing rule forbidden.deepco
2026-09-25 16:56:54 +0200: Memory Usage (529832K) : Executing rule forbidden.pempoly
2026-09-25 16:56:54 +0200: Memory Usage (529832K) : Executing rule forbidden.empoly
2026-09-25 16:56:54 +0200: Memory Usage (529832K) : Executing rule forbidden.ldmos
2026-09-25 16:56:54 +0200: Memory Usage (529832K) : Executing rule forbidden.pbiwind
2026-09-25 16:56:54 +0200: Memory Usage (529832K) : Executing rule forbidden.nodrc
2026-09-25 16:56:54 +0200: Memory Usage (529832K) : Executing rule forbidden.flash
2026-09-25 16:56:54 +0200: Memory Usage (529832K) : Executing rule forbidden.colwind
2026-09-25 16:56:54 +0200: Memory Usage (529832K) : KLayout DRC run for tables 'main' completed in 8.9 seconds
